Archive member included to satisfy reference by file (symbol)

e:/program files (x86)/gnu arm embedded toolchain/10 2021.10/bin/../lib/gcc/arm-none-eabi/10.3.1/../../../../arm-none-eabi/lib/thumb/v6-m/nofp\libc_nano.a(lib_a-errno.o)
                              build/syscalls.o (__errno)
e:/program files (x86)/gnu arm embedded toolchain/10 2021.10/bin/../lib/gcc/arm-none-eabi/10.3.1/../../../../arm-none-eabi/lib/thumb/v6-m/nofp\libc_nano.a(lib_a-exit.o)
                              e:/program files (x86)/gnu arm embedded toolchain/10 2021.10/bin/../lib/gcc/arm-none-eabi/10.3.1/../../../../arm-none-eabi/lib/thumb/v6-m/nofp/crt0.o (exit)
e:/program files (x86)/gnu arm embedded toolchain/10 2021.10/bin/../lib/gcc/arm-none-eabi/10.3.1/../../../../arm-none-eabi/lib/thumb/v6-m/nofp\libc_nano.a(lib_a-impure.o)
                              e:/program files (x86)/gnu arm embedded toolchain/10 2021.10/bin/../lib/gcc/arm-none-eabi/10.3.1/../../../../arm-none-eabi/lib/thumb/v6-m/nofp\libc_nano.a(lib_a-exit.o) (_global_impure_ptr)
e:/program files (x86)/gnu arm embedded toolchain/10 2021.10/bin/../lib/gcc/arm-none-eabi/10.3.1/../../../../arm-none-eabi/lib/thumb/v6-m/nofp\libc_nano.a(lib_a-init.o)
                              e:/program files (x86)/gnu arm embedded toolchain/10 2021.10/bin/../lib/gcc/arm-none-eabi/10.3.1/../../../../arm-none-eabi/lib/thumb/v6-m/nofp/crt0.o (__libc_init_array)
e:/program files (x86)/gnu arm embedded toolchain/10 2021.10/bin/../lib/gcc/arm-none-eabi/10.3.1/../../../../arm-none-eabi/lib/thumb/v6-m/nofp\libc_nano.a(lib_a-memcpy-stub.o)
                              build/random_flash_utils.o (memcpy)
e:/program files (x86)/gnu arm embedded toolchain/10 2021.10/bin/../lib/gcc/arm-none-eabi/10.3.1/../../../../arm-none-eabi/lib/thumb/v6-m/nofp\libc_nano.a(lib_a-memset.o)
                              e:/program files (x86)/gnu arm embedded toolchain/10 2021.10/bin/../lib/gcc/arm-none-eabi/10.3.1/../../../../arm-none-eabi/lib/thumb/v6-m/nofp/crt0.o (memset)
e:/program files (x86)/gnu arm embedded toolchain/10 2021.10/bin/../lib/gcc/arm-none-eabi/10.3.1/thumb/v6-m/nofp\libgcc.a(_udivsi3.o)
                              build/system_stm32f0xx.o (__aeabi_uidiv)
e:/program files (x86)/gnu arm embedded toolchain/10 2021.10/bin/../lib/gcc/arm-none-eabi/10.3.1/thumb/v6-m/nofp\libgcc.a(_dvmd_tls.o)
                              e:/program files (x86)/gnu arm embedded toolchain/10 2021.10/bin/../lib/gcc/arm-none-eabi/10.3.1/thumb/v6-m/nofp\libgcc.a(_udivsi3.o) (__aeabi_idiv0)
e:/program files (x86)/gnu arm embedded toolchain/10 2021.10/bin/../lib/gcc/arm-none-eabi/10.3.1/thumb/v6-m/nofp\libgcc.a(_arm_cmpsf2.o)
                              build/motor.o (__aeabi_fcmplt)
e:/program files (x86)/gnu arm embedded toolchain/10 2021.10/bin/../lib/gcc/arm-none-eabi/10.3.1/thumb/v6-m/nofp\libgcc.a(addsf3.o)
                              build/user.o (__aeabi_fadd)
e:/program files (x86)/gnu arm embedded toolchain/10 2021.10/bin/../lib/gcc/arm-none-eabi/10.3.1/thumb/v6-m/nofp\libgcc.a(divsf3.o)
                              build/user.o (__aeabi_fdiv)
e:/program files (x86)/gnu arm embedded toolchain/10 2021.10/bin/../lib/gcc/arm-none-eabi/10.3.1/thumb/v6-m/nofp\libgcc.a(eqsf2.o)
                              e:/program files (x86)/gnu arm embedded toolchain/10 2021.10/bin/../lib/gcc/arm-none-eabi/10.3.1/thumb/v6-m/nofp\libgcc.a(_arm_cmpsf2.o) (__eqsf2)
e:/program files (x86)/gnu arm embedded toolchain/10 2021.10/bin/../lib/gcc/arm-none-eabi/10.3.1/thumb/v6-m/nofp\libgcc.a(gesf2.o)
                              e:/program files (x86)/gnu arm embedded toolchain/10 2021.10/bin/../lib/gcc/arm-none-eabi/10.3.1/thumb/v6-m/nofp\libgcc.a(_arm_cmpsf2.o) (__gesf2)
e:/program files (x86)/gnu arm embedded toolchain/10 2021.10/bin/../lib/gcc/arm-none-eabi/10.3.1/thumb/v6-m/nofp\libgcc.a(lesf2.o)
                              e:/program files (x86)/gnu arm embedded toolchain/10 2021.10/bin/../lib/gcc/arm-none-eabi/10.3.1/thumb/v6-m/nofp\libgcc.a(_arm_cmpsf2.o) (__lesf2)
e:/program files (x86)/gnu arm embedded toolchain/10 2021.10/bin/../lib/gcc/arm-none-eabi/10.3.1/thumb/v6-m/nofp\libgcc.a(mulsf3.o)
                              build/user.o (__aeabi_fmul)
e:/program files (x86)/gnu arm embedded toolchain/10 2021.10/bin/../lib/gcc/arm-none-eabi/10.3.1/thumb/v6-m/nofp\libgcc.a(subsf3.o)
                              build/user.o (__aeabi_fsub)
e:/program files (x86)/gnu arm embedded toolchain/10 2021.10/bin/../lib/gcc/arm-none-eabi/10.3.1/thumb/v6-m/nofp\libgcc.a(fixsfsi.o)
                              build/user.o (__aeabi_f2iz)
e:/program files (x86)/gnu arm embedded toolchain/10 2021.10/bin/../lib/gcc/arm-none-eabi/10.3.1/thumb/v6-m/nofp\libgcc.a(floatunsisf.o)
                              build/user.o (__aeabi_ui2f)
e:/program files (x86)/gnu arm embedded toolchain/10 2021.10/bin/../lib/gcc/arm-none-eabi/10.3.1/thumb/v6-m/nofp\libgcc.a(unwind-arm.o)
                              build/user.o (__aeabi_unwind_cpp_pr0)
[...]
Memory Configuration

Name             Origin             Length             Attributes
RAM              0x20000000         0x00001000         xrw
FLASH            0x08000000         0x00004000         xr
*default*        0x00000000         0xffffffff

Linker script and memory map

LOAD e:/program files (x86)/gnu arm embedded toolchain/10 2021.10/bin/../lib/gcc/arm-none-eabi/10.3.1/thumb/v6-m/nofp/crti.o
LOAD e:/program files (x86)/gnu arm embedded toolchain/10 2021.10/bin/../lib/gcc/arm-none-eabi/10.3.1/thumb/v6-m/nofp/crtbegin.o
LOAD e:/program files (x86)/gnu arm embedded toolchain/10 2021.10/bin/../lib/gcc/arm-none-eabi/10.3.1/../../../../arm-none-eabi/lib/thumb/v6-m/nofp/crt0.o
LOAD build/main.o
LOAD build/gpio.o
LOAD build/usart.o
LOAD build/stm32f0xx_it.o
LOAD build/system_stm32f0xx.o
LOAD build/tim.o
LOAD build/adc.o
LOAD build/dma.o
LOAD build/i2c.o
LOAD build/syscalls.o
LOAD build/stm32f0xx_ll_flash.o
LOAD build/stm32f0xx_ll_gpio.o
LOAD build/stm32f0xx_ll_adc.o
LOAD build/stm32f0xx_ll_dma.o
LOAD build/stm32f0xx_ll_rcc.o
LOAD build/stm32f0xx_ll_utils.o
LOAD build/stm32f0xx_ll_exti.o
LOAD build/stm32f0xx_ll_i2c.o
LOAD build/stm32f0xx_ll_pwr.o
LOAD build/stm32f0xx_ll_tim.o
LOAD build/stm32f0xx_ll_usart.o
LOAD build/user.o
LOAD build/motor.o
LOAD build/random_flash_utils.o
LOAD build/startup_stm32f030x6.o
LOAD e:/program files (x86)/gnu arm embedded toolchain/10 2021.10/bin/../lib/gcc/arm-none-eabi/10.3.1/../../../../arm-none-eabi/lib/thumb/v6-m/nofp\libc_nano.a
LOAD e:/program files (x86)/gnu arm embedded toolchain/10 2021.10/bin/../lib/gcc/arm-none-eabi/10.3.1/../../../../arm-none-eabi/lib/thumb/v6-m/nofp\libm.a
LOAD e:/program files (x86)/gnu arm embedded toolchain/10 2021.10/bin/../lib/gcc/arm-none-eabi/10.3.1/../../../../arm-none-eabi/lib/thumb/v6-m/nofp\libnosys.a
START GROUP
LOAD e:/program files (x86)/gnu arm embedded toolchain/10 2021.10/bin/../lib/gcc/arm-none-eabi/10.3.1/thumb/v6-m/nofp\libgcc.a
LOAD e:/program files (x86)/gnu arm embedded toolchain/10 2021.10/bin/../lib/gcc/arm-none-eabi/10.3.1/../../../../arm-none-eabi/lib/thumb/v6-m/nofp\libc_nano.a
END GROUP
START GROUP
LOAD e:/program files (x86)/gnu arm embedded toolchain/10 2021.10/bin/../lib/gcc/arm-none-eabi/10.3.1/thumb/v6-m/nofp\libgcc.a
LOAD e:/program files (x86)/gnu arm embedded toolchain/10 2021.10/bin/../lib/gcc/arm-none-eabi/10.3.1/../../../../arm-none-eabi/lib/thumb/v6-m/nofp\libc_nano.a
END GROUP
LOAD e:/program files (x86)/gnu arm embedded toolchain/10 2021.10/bin/../lib/gcc/arm-none-eabi/10.3.1/thumb/v6-m/nofp/crtend.o
LOAD e:/program files (x86)/gnu arm embedded toolchain/10 2021.10/bin/../lib/gcc/arm-none-eabi/10.3.1/thumb/v6-m/nofp/crtn.o
                0x20001000                _estack = (ORIGIN (RAM) + LENGTH (RAM))
                0x00000200                _Min_Heap_Size = 0x200
                0x00000400                _Min_Stack_Size = 0x400

.isr_vector     0x08000000       0xc0
                0x08000000                . = ALIGN (0x4)
 *(.isr_vector)
 .isr_vector    0x08000000       0xc0 build/startup_stm32f030x6.o
                0x08000000                g_pfnVectors
                0x080000c0                . = ALIGN (0x4)

.text           0x080000c0     0x3650
                0x080000c0                . = ALIGN (0x4)
 *(.text)
 .text          0x080000c0       0x48 e:/program files (x86)/gnu arm embedded toolchain/10 2021.10/bin/../lib/gcc/arm-none-eabi/10.3.1/thumb/v6-m/nofp/crtbegin.o
 .text          0x08000108      0x114 e:/program files (x86)/gnu arm embedded toolchain/10 2021.10/bin/../lib/gcc/arm-none-eabi/10.3.1/thumb/v6-m/nofp\libgcc.a(_udivsi3.o)
                0x08000108                __aeabi_uidiv
                0x08000108                __udivsi3
                0x08000214                __aeabi_uidivmod
 .text          0x0800021c        0x4 e:/program files (x86)/gnu arm embedded toolchain/10 2021.10/bin/../lib/gcc/arm-none-eabi/10.3.1/thumb/v6-m/nofp\libgcc.a(_dvmd_tls.o)
                0x0800021c                __aeabi_idiv0
                0x0800021c                __aeabi_ldiv0
 .text          0x08000220       0x74 e:/program files (x86)/gnu arm embedded toolchain/10 2021.10/bin/../lib/gcc/arm-none-eabi/10.3.1/thumb/v6-m/nofp\libgcc.a(_arm_cmpsf2.o)
                0x08000220                __aeabi_cfrcmple
                0x08000228                __aeabi_cfcmpeq
                0x08000228                __aeabi_cfcmple
                0x08000238                __aeabi_fcmpeq
                0x08000244                __aeabi_fcmplt
                0x08000258                __aeabi_fcmple
                0x0800026c                __aeabi_fcmpgt
                0x08000280                __aeabi_fcmpge
 .text          0x08000294      0x33c e:/program files (x86)/gnu arm embedded toolchain/10 2021.10/bin/../lib/gcc/arm-none-eabi/10.3.1/thumb/v6-m/nofp\libgcc.a(addsf3.o)
                0x08000294                __aeabi_fadd
 .text          0x080005d0      0x230 e:/program files (x86)/gnu arm embedded toolchain/10 2021.10/bin/../lib/gcc/arm-none-eabi/10.3.1/thumb/v6-m/nofp\libgcc.a(divsf3.o)
                0x080005d0                __aeabi_fdiv
 .text          0x08000800       0x4c e:/program files (x86)/gnu arm embedded toolchain/10 2021.10/bin/../lib/gcc/arm-none-eabi/10.3.1/thumb/v6-m/nofp\libgcc.a(eqsf2.o)
                0x08000800                __eqsf2
                0x08000800                __nesf2
 .text          0x0800084c       0x8c e:/program files (x86)/gnu arm embedded toolchain/10 2021.10/bin/../lib/gcc/arm-none-eabi/10.3.1/thumb/v6-m/nofp\libgcc.a(gesf2.o)
                0x0800084c                __gesf2
                0x0800084c                __gtsf2
 .text          0x080008d8       0x88 e:/program files (x86)/gnu arm embedded toolchain/10 2021.10/bin/../lib/gcc/arm-none-eabi/10.3.1/thumb/v6-m/nofp\libgcc.a(lesf2.o)
                0x080008d8                __ltsf2
                0x080008d8                __lesf2
 .text          0x08000960      0x24c e:/program files (x86)/gnu arm embedded toolchain/10 2021.10/bin/../lib/gcc/arm-none-eabi/10.3.1/thumb/v6-m/nofp\libgcc.a(mulsf3.o)
                0x08000960                __aeabi_fmul
 .text          0x08000bac      0x35c e:/program files (x86)/gnu arm embedded toolchain/10 2021.10/bin/../lib/gcc/arm-none-eabi/10.3.1/thumb/v6-m/nofp\libgcc.a(subsf3.o)
                0x08000bac                __aeabi_fsub
 .text          0x08000f08       0x40 e:/program files (x86)/gnu arm embedded toolchain/10 2021.10/bin/../lib/gcc/arm-none-eabi/10.3.1/thumb/v6-m/nofp\libgcc.a(fixsfsi.o)
                0x08000f08                __aeabi_f2iz
 .text          0x08000f48       0x84 e:/program files (x86)/gnu arm embedded toolchain/10 2021.10/bin/../lib/gcc/arm-none-eabi/10.3.1/thumb/v6-m/nofp\libgcc.a(floatunsisf.o)
                0x08000f48                __aeabi_ui2f
 .text          0x08000fcc      0xa30 e:/program files (x86)/gnu arm embedded toolchain/10 2021.10/bin/../lib/gcc/arm-none-eabi/10.3.1/thumb/v6-m/nofp\libgcc.a(unwind-arm.o)
                0x08001298                _Unwind_GetCFA
                0x0800129c                __gnu_Unwind_RaiseException
                0x080012f0                __gnu_Unwind_ForcedUnwind
                0x08001304                __gnu_Unwind_Resume
                0x0800134c                __gnu_Unwind_Resume_or_Rethrow
                0x08001368                _Unwind_Complete
                0x0800136c                _Unwind_DeleteException
                0x0800137c                _Unwind_VRS_Get
                0x080013c8                _Unwind_VRS_Set
                0x08001414                __gnu_Unwind_Backtrace
                0x08001770                __aeabi_unwind_cpp_pr0
                0x0800177c                __aeabi_unwind_cpp_pr1
                0x08001788                __aeabi_unwind_cpp_pr2
                0x08001794                _Unwind_VRS_Pop
 .text          0x080019fc      0x144 e:/program files (x86)/gnu arm embedded toolchain/10 2021.10/bin/../lib/gcc/arm-none-eabi/10.3.1/thumb/v6-m/nofp\libgcc.a(libunwind.o)
                0x080019fc                __restore_core_regs
                0x080019fc                restore_core_regs
                0x08001a28                __gnu_Unwind_Restore_VFP
                0x08001a2c                __gnu_Unwind_Save_VFP
                0x08001a30                __gnu_Unwind_Restore_VFP_D
                0x08001a34                __gnu_Unwind_Save_VFP_D
                0x08001a38                __gnu_Unwind_Restore_VFP_D_16_to_31
                0x08001a3c                __gnu_Unwind_Save_VFP_D_16_to_31
                0x08001a40                __gnu_Unwind_Restore_WMMXD
                0x08001a44                __gnu_Unwind_Save_WMMXD
                0x08001a48                __gnu_Unwind_Restore_WMMXC
                0x08001a4c                __gnu_Unwind_Save_WMMXC
                0x08001a50                ___Unwind_RaiseException
                0x08001a50                _Unwind_RaiseException
                0x08001a80                _Unwind_Resume
                0x08001a80                ___Unwind_Resume
                0x08001ab0                _Unwind_Resume_or_Rethrow
                0x08001ab0                ___Unwind_Resume_or_Rethrow
                0x08001ae0                _Unwind_ForcedUnwind
                0x08001ae0                ___Unwind_ForcedUnwind
                0x08001b10                ___Unwind_Backtrace
                0x08001b10                _Unwind_Backtrace
 .text          0x08001b40      0x38c e:/program files (x86)/gnu arm embedded toolchain/10 2021.10/bin/../lib/gcc/arm-none-eabi/10.3.1/thumb/v6-m/nofp\libgcc.a(pr-support.o)
                0x08001b94                __gnu_unwind_execute
                0x08001e84                __gnu_unwind_frame
                0x08001eac                _Unwind_GetRegionStart
                0x08001eb8                _Unwind_GetLanguageSpecificData
 .text          0x08001ecc       0x3c e:/program files (x86)/gnu arm embedded toolchain/10 2021.10/bin/../lib/gcc/arm-none-eabi/10.3.1/thumb/v6-m/nofp\libgcc.a(_clzsi2.o)
                0x08001ecc                __clzsi2
 *(.text*)
 .text.SystemClock_Config
                0x08001f08       0xe4 build/main.o
                0x08001f08                SystemClock_Config
 .text.main     0x08001fec       0x64 build/main.o
                0x08001fec                main
 .text.MX_GPIO_Init
                0x08002050       0x20 build/gpio.o
                0x08002050                MX_GPIO_Init
 .text.MX_USART1_UART_Init
                0x08002070       0xd8 build/usart.o
                0x08002070                MX_USART1_UART_Init
 .text.NMI_Handler
                0x08002148        0x2 build/stm32f0xx_it.o
                0x08002148                NMI_Handler
 .text.HardFault_Handler
                0x0800214a        0x2 build/stm32f0xx_it.o
                0x0800214a                HardFault_Handler
 .text.SVC_Handler
                0x0800214c        0x2 build/stm32f0xx_it.o
                0x0800214c                SVC_Handler
 .text.PendSV_Handler
                0x0800214e        0x2 build/stm32f0xx_it.o
                0x0800214e                PendSV_Handler
 .text.SysTick_Handler
                0x08002150        0x2 build/stm32f0xx_it.o
                0x08002150                SysTick_Handler
 *fill*         0x08002152        0x2 
 .text.DMA1_Channel1_IRQHandler
                0x08002154        0xc build/stm32f0xx_it.o
                0x08002154                DMA1_Channel1_IRQHandler
 .text.DMA1_Channel2_3_IRQHandler
                0x08002160       0x38 build/stm32f0xx_it.o
                0x08002160                DMA1_Channel2_3_IRQHandler
 .text.TIM14_IRQHandler
                0x08002198       0x14 build/stm32f0xx_it.o
                0x08002198                TIM14_IRQHandler
 .text.I2C1_IRQHandler
                0x080021ac       0x30 build/stm32f0xx_it.o
                0x080021ac                I2C1_IRQHandler
 .text.SystemInit
                0x080021dc        0x2 build/system_stm32f0xx.o
                0x080021dc                SystemInit
 *fill*         0x080021de        0x2 
 .text.MX_TIM3_Init
                0x080021e0      0x110 build/tim.o
                0x080021e0                MX_TIM3_Init
 .text.MX_TIM14_Init
                0x080022f0       0x70 build/tim.o
                0x080022f0                MX_TIM14_Init
 .text.MX_ADC_Init
                0x08002360      0x13c build/adc.o
                0x08002360                MX_ADC_Init
 .text.MX_DMA_Init
                0x0800249c       0x48 build/dma.o
                0x0800249c                MX_DMA_Init
 .text.MY_I2C1_Init
                0x080024e4      0x1a0 build/i2c.o
                0x080024e4                MY_I2C1_Init
 .text.Set_ID   0x08002684       0x28 build/i2c.o
                0x08002684                Set_ID
 .text.Slave_Transmit
                0x080026ac       0x74 build/i2c.o
                0x080026ac                Slave_Transmit
 .text._getpid  0x08002720        0x4 build/syscalls.o
                0x08002720                _getpid
 .text._kill    0x08002724       0x10 build/syscalls.o
                0x08002724                _kill
 .text._exit    0x08002734        0xc build/syscalls.o
                0x08002734                _exit
 .text.LL_FLASH_Program_TwoBtye
                0x08002740       0x14 build/stm32f0xx_ll_flash.o
 .text.LL_Flash_Unlock
                0x08002754       0x2c build/stm32f0xx_ll_flash.o
                0x08002754                LL_Flash_Unlock
 .text.LL_Flash_PageErase
                0x08002780       0x64 build/stm32f0xx_ll_flash.o
                0x08002780                LL_Flash_PageErase
 .text.LL_FLASH_Program
                0x080027e4       0x88 build/stm32f0xx_ll_flash.o
                0x080027e4                LL_FLASH_Program
 .text.LL_GPIO_Init
                0x0800286c       0xb0 build/stm32f0xx_ll_gpio.o
                0x0800286c                LL_GPIO_Init
 .text.LL_ADC_Init
                0x0800291c       0x34 build/stm32f0xx_ll_adc.o
                0x0800291c                LL_ADC_Init
 .text.LL_ADC_REG_Init
                0x08002950       0x30 build/stm32f0xx_ll_adc.o
                0x08002950                LL_ADC_REG_Init
 .text.RCC_GetHCLKClockFreq
                0x08002980       0x1c build/stm32f0xx_ll_rcc.o
                0x08002980                RCC_GetHCLKClockFreq
 .text.RCC_GetPCLK1ClockFreq
                0x0800299c       0x1c build/stm32f0xx_ll_rcc.o
                0x0800299c                RCC_GetPCLK1ClockFreq
 .text.RCC_PLL_GetFreqDomain_SYS
                0x080029b8       0x3c build/stm32f0xx_ll_rcc.o
                0x080029b8                RCC_PLL_GetFreqDomain_SYS
 .text.RCC_GetSystemClockFreq
                0x080029f4       0x20 build/stm32f0xx_ll_rcc.o
                0x080029f4                RCC_GetSystemClockFreq
 .text.LL_RCC_GetUSARTClockFreq
                0x08002a14       0x68 build/stm32f0xx_ll_rcc.o
                0x08002a14                LL_RCC_GetUSARTClockFreq
 .text.LL_Init1msTick
                0x08002a7c       0x20 build/stm32f0xx_ll_utils.o
                0x08002a7c                LL_Init1msTick
 .text.LL_mDelay
                0x08002a9c       0x28 build/stm32f0xx_ll_utils.o
                0x08002a9c                LL_mDelay
 .text.LL_SetSystemCoreClock
                0x08002ac4        0xc build/stm32f0xx_ll_utils.o
                0x08002ac4                LL_SetSystemCoreClock
 .text.LL_I2C_Init
                0x08002ad0       0x78 build/stm32f0xx_ll_i2c.o
                0x08002ad0                LL_I2C_Init
 .text.OC1Config
                0x08002b48       0x80 build/stm32f0xx_ll_tim.o
 .text.OC2Config
                0x08002bc8       0x8c build/stm32f0xx_ll_tim.o
 .text.OC3Config
                0x08002c54       0x98 build/stm32f0xx_ll_tim.o
 .text.OC4Config
                0x08002cec       0x74 build/stm32f0xx_ll_tim.o
 .text.LL_TIM_Init
                0x08002d60       0x80 build/stm32f0xx_ll_tim.o
                0x08002d60                LL_TIM_Init
 .text.LL_TIM_OC_Init
                0x08002de0       0x40 build/stm32f0xx_ll_tim.o
                0x08002de0                LL_TIM_OC_Init
 .text.LL_USART_Init
                0x08002e20       0xb0 build/stm32f0xx_ll_usart.o
                0x08002e20                LL_USART_Init
 .text._Z41__static_initialization_and_destruction_0ii
                0x08002ed0       0x20 build/user.o
 .text.I2C_SlaveDMARxCpltCallback
                0x08002ef0      0x1f8 build/user.o
                0x08002ef0                I2C_SlaveDMARxCpltCallback
 .text.TIM14_PeriodElapsedCallback
                0x080030e8       0x94 build/user.o
                0x080030e8                TIM14_PeriodElapsedCallback
 .text._ZN6EEPROM3putI8Config_tEERKT_iS4_
                0x0800317c       0x58 build/user.o
                0x0800317c                Config_t const& EEPROM::put<Config_t>(int, Config_t const&)
 .text.Main     0x080031d4      0x174 build/user.o
                0x080031d4                Main
 .text._GLOBAL__sub_I_motor
                0x08003348       0x10 build/user.o
 .text._ZN5Motor13CalcDceOutputEff
                0x08003358      0x10a build/motor.o
                0x08003358                Motor::CalcDceOutput(float, float)
 *fill*         0x08003462        0x2 
 .text._ZN5Motor6SetPwmEs
                0x08003464       0x50 build/motor.o
                0x08003464                Motor::SetPwm(short)
 .text._ZN5Motor14SetTorqueLimitEf
                0x080034b4       0x38 build/motor.o
                0x080034b4                Motor::SetTorqueLimit(float)
 .text._ZN5Motor9SetEnableEb
                0x080034ec        0x6 build/motor.o
                0x080034ec                Motor::SetEnable(bool)
 *fill*         0x080034f2        0x2 
 .text.eeprom_buffered_read_byte
                0x080034f4        0xc build/random_flash_utils.o
                0x080034f4                eeprom_buffered_read_byte
 .text.eeprom_buffered_write_byte
                0x08003500        0xc build/random_flash_utils.o
                0x08003500                eeprom_buffered_write_byte
 .text.eeprom_buffer_fill
                0x0800350c       0x18 build/random_flash_utils.o
                0x0800350c                eeprom_buffer_fill
 .text.eeprom_buffer_flush
                0x08003524       0x68 build/random_flash_utils.o
                0x08003524                eeprom_buffer_flush
 .text.Reset_Handler
                0x0800358c       0x50 build/startup_stm32f030x6.o
                0x0800358c                Reset_Handler
 .text.Default_Handler
                0x080035dc        0x2 build/startup_stm32f030x6.o
                0x080035dc                TIM1_CC_IRQHandler
                0x080035dc                SPI1_IRQHandler
                0x080035dc                EXTI2_3_IRQHandler
                0x080035dc                ADC1_IRQHandler
                0x080035dc                TIM17_IRQHandler
                0x080035dc                RTC_IRQHandler
                0x080035dc                TIM16_IRQHandler
                0x080035dc                TIM3_IRQHandler
                0x080035dc                EXTI4_15_IRQHandler
                0x080035dc                RCC_IRQHandler
                0x080035dc                Default_Handler
                0x080035dc                DMA1_Channel4_5_IRQHandler
                0x080035dc                EXTI0_1_IRQHandler
                0x080035dc                WWDG_IRQHandler
                0x080035dc                FLASH_IRQHandler
                0x080035dc                USART1_IRQHandler
                0x080035dc                TIM1_BRK_UP_TRG_COM_IRQHandler
 *fill*         0x080035de        0x2 
 .text.__errno  0x080035e0        0xc e:/program files (x86)/gnu arm embedded toolchain/10 2021.10/bin/../lib/gcc/arm-none-eabi/10.3.1/../../../../arm-none-eabi/lib/thumb/v6-m/nofp\libc_nano.a(lib_a-errno.o)
                0x080035e0                __errno
 .text.__libc_init_array
                0x080035ec       0x48 e:/program files (x86)/gnu arm embedded toolchain/10 2021.10/bin/../lib/gcc/arm-none-eabi/10.3.1/../../../../arm-none-eabi/lib/thumb/v6-m/nofp\libc_nano.a(lib_a-init.o)
                0x080035ec                __libc_init_array
 .text.memcpy   0x08003634       0x12 e:/program files (x86)/gnu arm embedded toolchain/10 2021.10/bin/../lib/gcc/arm-none-eabi/10.3.1/../../../../arm-none-eabi/lib/thumb/v6-m/nofp\libc_nano.a(lib_a-memcpy-stub.o)
                0x08003634                memcpy
 .text.memset   0x08003646       0x10 e:/program files (x86)/gnu arm embedded toolchain/10 2021.10/bin/../lib/gcc/arm-none-eabi/10.3.1/../../../../arm-none-eabi/lib/thumb/v6-m/nofp\libc_nano.a(lib_a-memset.o)
                0x08003646                memset
 .text.abort    0x08003656        0xe e:/program files (x86)/gnu arm embedded toolchain/10 2021.10/bin/../lib/gcc/arm-none-eabi/10.3.1/../../../../arm-none-eabi/lib/thumb/v6-m/nofp\libc_nano.a(lib_a-abort.o)
                0x08003656                abort
 .text._raise_r
                0x08003664       0x54 e:/program files (x86)/gnu arm embedded toolchain/10 2021.10/bin/../lib/gcc/arm-none-eabi/10.3.1/../../../../arm-none-eabi/lib/thumb/v6-m/nofp\libc_nano.a(lib_a-signal.o)
                0x08003664                _raise_r
 .text.raise    0x080036b8       0x14 e:/program files (x86)/gnu arm embedded toolchain/10 2021.10/bin/../lib/gcc/arm-none-eabi/10.3.1/../../../../arm-none-eabi/lib/thumb/v6-m/nofp\libc_nano.a(lib_a-signal.o)
                0x080036b8                raise
 .text._kill_r  0x080036cc       0x24 e:/program files (x86)/gnu arm embedded toolchain/10 2021.10/bin/../lib/gcc/arm-none-eabi/10.3.1/../../../../arm-none-eabi/lib/thumb/v6-m/nofp\libc_nano.a(lib_a-signalr.o)
                0x080036cc                _kill_r
 .text._getpid_r
                0x080036f0        0x8 e:/program files (x86)/gnu arm embedded toolchain/10 2021.10/bin/../lib/gcc/arm-none-eabi/10.3.1/../../../../arm-none-eabi/lib/thumb/v6-m/nofp\libc_nano.a(lib_a-signalr.o)
                0x080036f0                _getpid_r
 *(.glue_7)
 .glue_7        0x080036f8        0x0 linker stubs
 *(.glue_7t)
 .glue_7t       0x080036f8        0x0 linker stubs
 *(.eh_frame)
 .eh_frame      0x080036f8        0x0 e:/program files (x86)/gnu arm embedded toolchain/10 2021.10/bin/../lib/gcc/arm-none-eabi/10.3.1/thumb/v6-m/nofp/crtbegin.o
 *(.init)
 .init          0x080036f8        0x4 e:/program files (x86)/gnu arm embedded toolchain/10 2021.10/bin/../lib/gcc/arm-none-eabi/10.3.1/thumb/v6-m/nofp/crti.o
                0x080036f8                _init
 .init          0x080036fc        0x8 e:/program files (x86)/gnu arm embedded toolchain/10 2021.10/bin/../lib/gcc/arm-none-eabi/10.3.1/thumb/v6-m/nofp/crtn.o
 *(.fini)
 .fini          0x08003704        0x4 e:/program files (x86)/gnu arm embedded toolchain/10 2021.10/bin/../lib/gcc/arm-none-eabi/10.3.1/thumb/v6-m/nofp/crti.o
                0x08003704                _fini
 .fini          0x08003708        0x8 e:/program files (x86)/gnu arm embedded toolchain/10 2021.10/bin/../lib/gcc/arm-none-eabi/10.3.1/thumb/v6-m/nofp/crtn.o
                0x08003710                . = ALIGN (0x4)
                0x08003710                _etext = .

.vfp11_veneer   0x08003710        0x0
 .vfp11_veneer  0x08003710        0x0 linker stubs

.v4_bx          0x08003710        0x0
 .v4_bx         0x08003710        0x0 linker stubs

.iplt           0x08003710        0x0
 .iplt          0x08003710        0x0 e:/program files (x86)/gnu arm embedded toolchain/10 2021.10/bin/../lib/gcc/arm-none-eabi/10.3.1/thumb/v6-m/nofp/crtbegin.o

.rodata         0x08003710      0x1a8
                0x08003710                . = ALIGN (0x4)
 *(.rodata)
 .rodata        0x08003710       0x30 build/user.o
 .rodata        0x08003740       0x80 e:/program files (x86)/gnu arm embedded toolchain/10 2021.10/bin/../lib/gcc/arm-none-eabi/10.3.1/thumb/v6-m/nofp\libgcc.a(divsf3.o)
 .rodata        0x080037c0       0x40 e:/program files (x86)/gnu arm embedded toolchain/10 2021.10/bin/../lib/gcc/arm-none-eabi/10.3.1/thumb/v6-m/nofp\libgcc.a(mulsf3.o)
 *(.rodata*)
 .rodata.AHBPrescTable
                0x08003800       0x10 build/system_stm32f0xx.o
                0x08003800                AHBPrescTable
 .rodata.APBPrescTable
                0x08003810        0x8 build/system_stm32f0xx.o
                0x08003810                APBPrescTable
 .rodata.I2C_SlaveDMARxCpltCallback
                0x08003818       0xa0 build/user.o
                0x080038b8                . = ALIGN (0x4)

.ARM.extab      0x080038b8       0x30
 *(.ARM.extab* .gnu.linkonce.armextab.*)
 .ARM.extab.text._ZN6EEPROM3putI8Config_tEERKT_iS4_
                0x080038b8        0x0 build/user.o
 .ARM.extab     0x080038b8       0x24 e:/program files (x86)/gnu arm embedded toolchain/10 2021.10/bin/../lib/gcc/arm-none-eabi/10.3.1/thumb/v6-m/nofp\libgcc.a(unwind-arm.o)
 .ARM.extab     0x080038dc        0xc e:/program files (x86)/gnu arm embedded toolchain/10 2021.10/bin/../lib/gcc/arm-none-eabi/10.3.1/thumb/v6-m/nofp\libgcc.a(pr-support.o)

.ARM            0x080038e8       0xf8
                0x080038e8                __exidx_start = .
 *(.ARM.exidx*)
 .ARM.exidx.text._Z41__static_initialization_and_destruction_0ii
                0x080039b0        0x0 build/user.o
                                  0x8 (size before relaxing)
 .ARM.exidx.text.I2C_SlaveDMARxCpltCallback
                0x080039b0        0x8 build/user.o
 .ARM.exidx.text.TIM14_PeriodElapsedCallback
                0x080039b8        0x8 build/user.o
 .ARM.exidx.text._ZN6EEPROM3putI8Config_tEERKT_iS4_
                0x080039c0        0x8 build/user.o
 .ARM.exidx.text.Main
                0x080039c8        0x0 build/user.o
                                  0x8 (size before relaxing)
 .ARM.exidx.text._GLOBAL__sub_I_motor
                0x080039c8        0x8 build/user.o
 .ARM.exidx.text._ZN5Motor13CalcDceOutputEff
                0x080039d0        0x0 build/motor.o
                                  0x8 (size before relaxing)
 .ARM.exidx.text._ZN5Motor6SetPwmEs
                0x080039d0        0x0 build/motor.o
                                  0x8 (size before relaxing)
 .ARM.exidx.text._ZN5Motor14SetTorqueLimitEf
                0x080039d0        0x0 build/motor.o
                                  0x8 (size before relaxing)
 .ARM.exidx.text._ZN5Motor9SetEnableEb
                0x080039d0        0x0 build/motor.o
                                  0x8 (size before relaxing)
 .ARM.exidx.text.eeprom_buffered_read_byte
                0x080039d0        0x0 build/random_flash_utils.o
                                  0x8 (size before relaxing)
 .ARM.exidx.text.eeprom_buffered_write_byte
                0x080039d0        0x0 build/random_flash_utils.o
                                  0x8 (size before relaxing)
 .ARM.exidx.text.eeprom_buffer_fill
                0x080039d0        0x0 build/random_flash_utils.o
                                  0x8 (size before relaxing)
 .ARM.exidx.text.eeprom_buffer_flush
                0x080039d0       0x10 build/random_flash_utils.o
                                  0x8 (size before relaxing)
 .ARM.exidx     0x080038e8       0x98 e:/program files (x86)/gnu arm embedded toolchain/10 2021.10/bin/../lib/gcc/arm-none-eabi/10.3.1/thumb/v6-m/nofp\libgcc.a(unwind-arm.o)
                                 0xd8 (size before relaxing)
 .ARM.exidx     0x08003980       0x30 e:/program files (x86)/gnu arm embedded toolchain/10 2021.10/bin/../lib/gcc/arm-none-eabi/10.3.1/thumb/v6-m/nofp\libgcc.a(pr-support.o)
                                 0x38 (size before relaxing)
                0x080039e0                __exidx_end = .

.rel.dyn        0x080039e0        0x0
 .rel.iplt      0x080039e0        0x0 e:/program files (x86)/gnu arm embedded toolchain/10 2021.10/bin/../lib/gcc/arm-none-eabi/10.3.1/thumb/v6-m/nofp/crtbegin.o

.preinit_array  0x080039e0        0x0
                0x080039e0                PROVIDE (__preinit_array_start = .)
 *(.preinit_array*)
                0x080039e0                PROVIDE (__preinit_array_end = .)

.init_array     0x080039e0        0x8
                0x080039e0                PROVIDE (__init_array_start = .)
 *(SORT_BY_NAME(.init_array.*))
 *(.init_array*)
 .init_array    0x080039e0        0x4 e:/program files (x86)/gnu arm embedded toolchain/10 2021.10/bin/../lib/gcc/arm-none-eabi/10.3.1/thumb/v6-m/nofp/crtbegin.o
 .init_array    0x080039e4        0x4 build/user.o
                0x080039e8                PROVIDE (__init_array_end = .)

.fini_array     0x080039e8        0x4
                [!provide]                PROVIDE (__fini_array_start = .)
 *(SORT_BY_NAME(.fini_array.*))
 *(.fini_array*)
 .fini_array    0x080039e8        0x4 e:/program files (x86)/gnu arm embedded toolchain/10 2021.10/bin/../lib/gcc/arm-none-eabi/10.3.1/thumb/v6-m/nofp/crtbegin.o
                [!provide]                PROVIDE (__fini_array_end = .)
                0x080039ec                _sidata = LOADADDR (.data)

.data           0x20000000       0x68 load address 0x080039ec
                0x20000000                . = ALIGN (0x4)
                0x20000000                _sdata = .
 *(.data)
 *(.data*)
 .data.SystemCoreClock
                0x20000000        0x4 build/system_stm32f0xx.o
                0x20000000                SystemCoreClock
 .data._impure_ptr
                0x20000004        0x4 e:/program files (x86)/gnu arm embedded toolchain/10 2021.10/bin/../lib/gcc/arm-none-eabi/10.3.1/../../../../arm-none-eabi/lib/thumb/v6-m/nofp\libc_nano.a(lib_a-impure.o)
                0x20000004                _impure_ptr
 .data.impure_data
                0x20000008       0x60 e:/program files (x86)/gnu arm embedded toolchain/10 2021.10/bin/../lib/gcc/arm-none-eabi/10.3.1/../../../../arm-none-eabi/lib/thumb/v6-m/nofp\libc_nano.a(lib_a-impure.o)
                0x20000068                . = ALIGN (0x4)
                0x20000068                _edata = .

.igot.plt       0x20000068        0x0 load address 0x08003a54
 .igot.plt      0x20000068        0x0 e:/program files (x86)/gnu arm embedded toolchain/10 2021.10/bin/../lib/gcc/arm-none-eabi/10.3.1/thumb/v6-m/nofp/crtbegin.o
                0x20000068                . = ALIGN (0x4)

.bss            0x20000068      0x4c4 load address 0x08003a54
                0x20000068                _sbss = .
                0x20000068                __bss_start__ = _sbss
 *(.bss)
 .bss           0x20000068       0x1c e:/program files (x86)/gnu arm embedded toolchain/10 2021.10/bin/../lib/gcc/arm-none-eabi/10.3.1/thumb/v6-m/nofp/crtbegin.o
 *(.bss*)
 .bss.adcData   0x20000084        0x8 build/adc.o
                0x20000084                adcData
 .bss.i2cDataRx
                0x2000008c        0x8 build/i2c.o
                0x2000008c                i2cDataRx
 .bss.i2cDataTx
                0x20000094        0x8 build/i2c.o
                0x20000094                i2cDataTx
 .bss.boardConfig
                0x2000009c       0x30 build/user.o
                0x2000009c                boardConfig
 .bss.motor     0x200000cc       0x58 build/user.o
                0x200000cc                motor
 *fill*         0x20000124        0x4 
 .bss._ZL13eeprom_buffer
                0x20000128      0x400 build/random_flash_utils.o
 .bss.errno     0x20000528        0x4 e:/program files (x86)/gnu arm embedded toolchain/10 2021.10/bin/../lib/gcc/arm-none-eabi/10.3.1/../../../../arm-none-eabi/lib/thumb/v6-m/nofp\libc_nano.a(lib_a-reent.o)
                0x20000528                errno
 *(COMMON)
                0x2000052c                . = ALIGN (0x4)
                0x2000052c                _ebss = .
                0x2000052c                __bss_end__ = _ebss

._user_heap_stack
                0x2000052c      0x604 load address 0x08003a54
                0x20000530                . = ALIGN (0x8)
 *fill*         0x2000052c        0x4 
                0x20000530                PROVIDE (end = .)
                [!provide]                PROVIDE (_end = .)
                0x20000730                . = (. + _Min_Heap_Size)
 *fill*         0x20000530      0x200 
                0x20000b30                . = (. + _Min_Stack_Size)
 *fill*         0x20000730      0x400 
                0x20000b30                . = ALIGN (0x8)

/DISCARD/
 libc.a(*)
 libm.a(*)
 libgcc.a(*)

.ARM.attributes
                0x00000000       0x28
 *(.ARM.attributes)
 .ARM.attributes
                0x00000000       0x1e e:/program files (x86)/gnu arm embedded toolchain/10 2021.10/bin/../lib/gcc/arm-none-eabi/10.3.1/thumb/v6-m/nofp/crti.o
 .ARM.attributes
                0x0000001e       0x2c e:/program files (x86)/gnu arm embedded toolchain/10 2021.10/bin/../lib/gcc/arm-none-eabi/10.3.1/thumb/v6-m/nofp/crtbegin.o
 .ARM.attributes
                0x0000004a       0x2c build/main.o
 .ARM.attributes
                0x00000076       0x2c build/gpio.o
 .ARM.attributes
                0x000000a2       0x2c build/usart.o
 .ARM.attributes
                0x000000ce       0x2c build/stm32f0xx_it.o
 .ARM.attributes
                0x000000fa       0x2c build/system_stm32f0xx.o
 .ARM.attributes
                0x00000126       0x2c build/tim.o
 .ARM.attributes
                0x00000152       0x2c build/adc.o
 .ARM.attributes
                0x0000017e       0x2c build/dma.o
 .ARM.attributes
                0x000001aa       0x2c build/i2c.o
 .ARM.attributes
                0x000001d6       0x2c build/syscalls.o
 .ARM.attributes
                0x00000202       0x2c build/stm32f0xx_ll_flash.o
 .ARM.attributes
                0x0000022e       0x2c build/stm32f0xx_ll_gpio.o
 .ARM.attributes
                0x0000025a       0x2c build/stm32f0xx_ll_adc.o
 .ARM.attributes
                0x00000286       0x2c build/stm32f0xx_ll_rcc.o
 .ARM.attributes
                0x000002b2       0x2c build/stm32f0xx_ll_utils.o
 .ARM.attributes
                0x000002de       0x2c build/stm32f0xx_ll_i2c.o
 .ARM.attributes
                0x0000030a       0x2c build/stm32f0xx_ll_tim.o
 .ARM.attributes
                0x00000336       0x2c build/stm32f0xx_ll_usart.o
 .ARM.attributes
                0x00000362       0x2c build/user.o
 .ARM.attributes
                0x0000038e       0x2c build/motor.o
 .ARM.attributes
                0x000003ba       0x2c build/random_flash_utils.o
 .ARM.attributes
                0x000003e6       0x21 build/startup_stm32f030x6.o
 .ARM.attributes
                0x00000407       0x2c e:/program files (x86)/gnu arm embedded toolchain/10 2021.10/bin/../lib/gcc/arm-none-eabi/10.3.1/../../../../arm-none-eabi/lib/thumb/v6-m/nofp\libc_nano.a(lib_a-errno.o)
 .ARM.attributes
                0x00000433       0x2c e:/program files (x86)/gnu arm embedded toolchain/10 2021.10/bin/../lib/gcc/arm-none-eabi/10.3.1/../../../../arm-none-eabi/lib/thumb/v6-m/nofp\libc_nano.a(lib_a-impure.o)
 .ARM.attributes
                0x0000045f       0x2c e:/program files (x86)/gnu arm embedded toolchain/10 2021.10/bin/../lib/gcc/arm-none-eabi/10.3.1/../../../../arm-none-eabi/lib/thumb/v6-m/nofp\libc_nano.a(lib_a-init.o)
 .ARM.attributes
                0x0000048b       0x2c e:/program files (x86)/gnu arm embedded toolchain/10 2021.10/bin/../lib/gcc/arm-none-eabi/10.3.1/../../../../arm-none-eabi/lib/thumb/v6-m/nofp\libc_nano.a(lib_a-memcpy-stub.o)
 .ARM.attributes
                0x000004b7       0x2c e:/program files (x86)/gnu arm embedded toolchain/10 2021.10/bin/../lib/gcc/arm-none-eabi/10.3.1/../../../../arm-none-eabi/lib/thumb/v6-m/nofp\libc_nano.a(lib_a-memset.o)
 .ARM.attributes
                0x000004e3       0x1e e:/program files (x86)/gnu arm embedded toolchain/10 2021.10/bin/../lib/gcc/arm-none-eabi/10.3.1/thumb/v6-m/nofp\libgcc.a(_udivsi3.o)
 .ARM.attributes
                0x00000501       0x1e e:/program files (x86)/gnu arm embedded toolchain/10 2021.10/bin/../lib/gcc/arm-none-eabi/10.3.1/thumb/v6-m/nofp\libgcc.a(_dvmd_tls.o)
 .ARM.attributes
                0x0000051f       0x1e e:/program files (x86)/gnu arm embedded toolchain/10 2021.10/bin/../lib/gcc/arm-none-eabi/10.3.1/thumb/v6-m/nofp\libgcc.a(_arm_cmpsf2.o)
 .ARM.attributes
                0x0000053d       0x2c e:/program files (x86)/gnu arm embedded toolchain/10 2021.10/bin/../lib/gcc/arm-none-eabi/10.3.1/thumb/v6-m/nofp\libgcc.a(addsf3.o)
 .ARM.attributes
                0x00000569       0x2c e:/program files (x86)/gnu arm embedded toolchain/10 2021.10/bin/../lib/gcc/arm-none-eabi/10.3.1/thumb/v6-m/nofp\libgcc.a(divsf3.o)
 .ARM.attributes
                0x00000595       0x2c e:/program files (x86)/gnu arm embedded toolchain/10 2021.10/bin/../lib/gcc/arm-none-eabi/10.3.1/thumb/v6-m/nofp\libgcc.a(eqsf2.o)
 .ARM.attributes
                0x000005c1       0x2c e:/program files (x86)/gnu arm embedded toolchain/10 2021.10/bin/../lib/gcc/arm-none-eabi/10.3.1/thumb/v6-m/nofp\libgcc.a(gesf2.o)
 .ARM.attributes
                0x000005ed       0x2c e:/program files (x86)/gnu arm embedded toolchain/10 2021.10/bin/../lib/gcc/arm-none-eabi/10.3.1/thumb/v6-m/nofp\libgcc.a(lesf2.o)
 .ARM.attributes
                0x00000619       0x2c e:/program files (x86)/gnu arm embedded toolchain/10 2021.10/bin/../lib/gcc/arm-none-eabi/10.3.1/thumb/v6-m/nofp\libgcc.a(mulsf3.o)
 .ARM.attributes
                0x00000645       0x2c e:/program files (x86)/gnu arm embedded toolchain/10 2021.10/bin/../lib/gcc/arm-none-eabi/10.3.1/thumb/v6-m/nofp\libgcc.a(subsf3.o)
 .ARM.attributes
                0x00000671       0x2c e:/program files (x86)/gnu arm embedded toolchain/10 2021.10/bin/../lib/gcc/arm-none-eabi/10.3.1/thumb/v6-m/nofp\libgcc.a(fixsfsi.o)
 .ARM.attributes
                0x0000069d       0x2c e:/program files (x86)/gnu arm embedded toolchain/10 2021.10/bin/../lib/gcc/arm-none-eabi/10.3.1/thumb/v6-m/nofp\libgcc.a(floatunsisf.o)
 .ARM.attributes
                0x000006c9       0x2c e:/program files (x86)/gnu arm embedded toolchain/10 2021.10/bin/../lib/gcc/arm-none-eabi/10.3.1/thumb/v6-m/nofp\libgcc.a(unwind-arm.o)
 .ARM.attributes
                0x000006f5       0x1e e:/program files (x86)/gnu arm embedded toolchain/10 2021.10/bin/../lib/gcc/arm-none-eabi/10.3.1/thumb/v6-m/nofp\libgcc.a(libunwind.o)
 .ARM.attributes
                0x00000713       0x2c e:/program files (x86)/gnu arm embedded toolchain/10 2021.10/bin/../lib/gcc/arm-none-eabi/10.3.1/thumb/v6-m/nofp\libgcc.a(pr-support.o)
 .ARM.attributes
                0x0000073f       0x1e e:/program files (x86)/gnu arm embedded toolchain/10 2021.10/bin/../lib/gcc/arm-none-eabi/10.3.1/thumb/v6-m/nofp\libgcc.a(_clzsi2.o)
 .ARM.attributes
                0x0000075d       0x2c e:/program files (x86)/gnu arm embedded toolchain/10 2021.10/bin/../lib/gcc/arm-none-eabi/10.3.1/../../../../arm-none-eabi/lib/thumb/v6-m/nofp\libc_nano.a(lib_a-abort.o)
 .ARM.attributes
                0x00000789       0x2c e:/program files (x86)/gnu arm embedded toolchain/10 2021.10/bin/../lib/gcc/arm-none-eabi/10.3.1/../../../../arm-none-eabi/lib/thumb/v6-m/nofp\libc_nano.a(lib_a-signal.o)
 .ARM.attributes
                0x000007b5       0x2c e:/program files (x86)/gnu arm embedded toolchain/10 2021.10/bin/../lib/gcc/arm-none-eabi/10.3.1/../../../../arm-none-eabi/lib/thumb/v6-m/nofp\libc_nano.a(lib_a-signalr.o)
 .ARM.attributes
                0x000007e1       0x2c e:/program files (x86)/gnu arm embedded toolchain/10 2021.10/bin/../lib/gcc/arm-none-eabi/10.3.1/../../../../arm-none-eabi/lib/thumb/v6-m/nofp\libc_nano.a(lib_a-reent.o)
 .ARM.attributes
                0x0000080d       0x1e e:/program files (x86)/gnu arm embedded toolchain/10 2021.10/bin/../lib/gcc/arm-none-eabi/10.3.1/thumb/v6-m/nofp/crtn.o
OUTPUT(build/ServoDrive.elf elf32-littlearm)
LOAD linker stubs
LOAD e:/program files (x86)/gnu arm embedded toolchain/10 2021.10/bin/../lib/gcc/arm-none-eabi/10.3.1/../../../../arm-none-eabi/lib/thumb/v6-m/nofp\libc.a
LOAD e:/program files (x86)/gnu arm embedded toolchain/10 2021.10/bin/../lib/gcc/arm-none-eabi/10.3.1/../../../../arm-none-eabi/lib/thumb/v6-m/nofp\libm.a
LOAD e:/program files (x86)/gnu arm embedded toolchain/10 2021.10/bin/../lib/gcc/arm-none-eabi/10.3.1/thumb/v6-m/nofp\libgcc.a

.debug_info     0x00000000     0xddb6
 .debug_info    0x00000000      0xb99 build/main.o
 .debug_info    0x00000b99      0x2ab build/gpio.o
 .debug_info    0x00000e44      0x840 build/usart.o
 .debug_info    0x00001684      0x82e build/stm32f0xx_it.o
 .debug_info    0x00001eb2      0x2b5 build/system_stm32f0xx.o
 .debug_info    0x00002167      0xe5f build/tim.o
 .debug_info    0x00002fc6      0xed7 build/adc.o
 .debug_info    0x00003e9d      0x63d build/dma.o
 .debug_info    0x000044da     0x1625 build/i2c.o
 .debug_info    0x00005aff      0x7ce build/syscalls.o
 .debug_info    0x000062cd      0x83a build/stm32f0xx_ll_flash.o
 .debug_info    0x00006b07      0x82a build/stm32f0xx_ll_gpio.o
 .debug_info    0x00007331      0x813 build/stm32f0xx_ll_adc.o
 .debug_info    0x00007b44      0x7df build/stm32f0xx_ll_rcc.o
 .debug_info    0x00008323      0xb09 build/stm32f0xx_ll_utils.o
 .debug_info    0x00008e2c      0x744 build/stm32f0xx_ll_i2c.o
 .debug_info    0x00009570     0x1373 build/stm32f0xx_ll_tim.o
 .debug_info    0x0000a8e3      0x7e9 build/stm32f0xx_ll_usart.o
 .debug_info    0x0000b0cc     0x1b0c build/user.o
 .debug_info    0x0000cbd8      0xc5c build/motor.o
 .debug_info    0x0000d834      0x560 build/random_flash_utils.o
 .debug_info    0x0000dd94       0x22 build/startup_stm32f030x6.o

.debug_abbrev   0x00000000     0x317d
 .debug_abbrev  0x00000000      0x253 build/main.o
 .debug_abbrev  0x00000253      0x122 build/gpio.o
 .debug_abbrev  0x00000375      0x261 build/usart.o
 .debug_abbrev  0x000005d6      0x1c8 build/stm32f0xx_it.o
 .debug_abbrev  0x0000079e      0x134 build/system_stm32f0xx.o
 .debug_abbrev  0x000008d2      0x235 build/tim.o
 .debug_abbrev  0x00000b07      0x223 build/adc.o
 .debug_abbrev  0x00000d2a      0x1a3 build/dma.o
 .debug_abbrev  0x00000ecd      0x33a build/i2c.o
 .debug_abbrev  0x00001207      0x1fc build/syscalls.o
 .debug_abbrev  0x00001403      0x20b build/stm32f0xx_ll_flash.o
 .debug_abbrev  0x0000160e      0x231 build/stm32f0xx_ll_gpio.o
 .debug_abbrev  0x0000183f      0x26a build/stm32f0xx_ll_adc.o
 .debug_abbrev  0x00001aa9      0x2a6 build/stm32f0xx_ll_rcc.o
 .debug_abbrev  0x00001d4f      0x32f build/stm32f0xx_ll_utils.o
 .debug_abbrev  0x0000207e      0x1e2 build/stm32f0xx_ll_i2c.o
 .debug_abbrev  0x00002260      0x2c0 build/stm32f0xx_ll_tim.o
 .debug_abbrev  0x00002520      0x2be build/stm32f0xx_ll_usart.o
 .debug_abbrev  0x000027de      0x4b4 build/user.o
 .debug_abbrev  0x00002c92      0x294 build/motor.o
 .debug_abbrev  0x00002f26      0x245 build/random_flash_utils.o
 .debug_abbrev  0x0000316b       0x12 build/startup_stm32f030x6.o

.debug_loc      0x00000000     0x589e
 .debug_loc     0x00000000      0x185 build/main.o
 .debug_loc     0x00000185       0x38 build/gpio.o
 .debug_loc     0x000001bd      0x10c build/usart.o
 .debug_loc     0x000002c9      0x19c build/stm32f0xx_it.o
 .debug_loc     0x00000465      0x187 build/system_stm32f0xx.o
 .debug_loc     0x000005ec      0x293 build/tim.o
 .debug_loc     0x0000087f      0x434 build/adc.o
 .debug_loc     0x00000cb3       0xba build/dma.o
 .debug_loc     0x00000d6d      0x743 build/i2c.o
 .debug_loc     0x000014b0      0x50d build/syscalls.o
 .debug_loc     0x000019bd      0x3fc build/stm32f0xx_ll_flash.o
 .debug_loc     0x00001db9      0x3f6 build/stm32f0xx_ll_gpio.o
 .debug_loc     0x000021af      0x348 build/stm32f0xx_ll_adc.o
 .debug_loc     0x000024f7      0x385 build/stm32f0xx_ll_rcc.o
 .debug_loc     0x0000287c      0x6fc build/stm32f0xx_ll_utils.o
 .debug_loc     0x00002f78      0x25c build/stm32f0xx_ll_i2c.o
 .debug_loc     0x000031d4     0x11de build/stm32f0xx_ll_tim.o
 .debug_loc     0x000043b2      0x477 build/stm32f0xx_ll_usart.o
 .debug_loc     0x00004829      0xb10 build/user.o
 .debug_loc     0x00005339      0x3ee build/motor.o
 .debug_loc     0x00005727      0x177 build/random_flash_utils.o

.debug_aranges  0x00000000      0x5b0
 .debug_aranges
                0x00000000       0x30 build/main.o
 .debug_aranges
                0x00000030       0x20 build/gpio.o
 .debug_aranges
                0x00000050       0x20 build/usart.o
 .debug_aranges
                0x00000070       0x60 build/stm32f0xx_it.o
 .debug_aranges
                0x000000d0       0x28 build/system_stm32f0xx.o
 .debug_aranges
                0x000000f8       0x28 build/tim.o
 .debug_aranges
                0x00000120       0x20 build/adc.o
 .debug_aranges
                0x00000140       0x20 build/dma.o
 .debug_aranges
                0x00000160       0x30 build/i2c.o
 .debug_aranges
                0x00000190       0x90 build/syscalls.o
 .debug_aranges
                0x00000220       0x38 build/stm32f0xx_ll_flash.o
 .debug_aranges
                0x00000258       0x30 build/stm32f0xx_ll_gpio.o
 .debug_aranges
                0x00000288       0x48 build/stm32f0xx_ll_adc.o
 .debug_aranges
                0x000002d0       0x58 build/stm32f0xx_ll_rcc.o
 .debug_aranges
                0x00000328       0x60 build/stm32f0xx_ll_utils.o
 .debug_aranges
                0x00000388       0x30 build/stm32f0xx_ll_i2c.o
 .debug_aranges
                0x000003b8       0xc0 build/stm32f0xx_ll_tim.o
 .debug_aranges
                0x00000478       0x40 build/stm32f0xx_ll_usart.o
 .debug_aranges
                0x000004b8       0x48 build/user.o
 .debug_aranges
                0x00000500       0x40 build/motor.o
 .debug_aranges
                0x00000540       0x48 build/random_flash_utils.o
 .debug_aranges
                0x00000588       0x28 build/startup_stm32f030x6.o

.debug_ranges   0x00000000      0x5f0
 .debug_ranges  0x00000000       0x20 build/main.o
 .debug_ranges  0x00000020       0x10 build/gpio.o
 .debug_ranges  0x00000030       0x28 build/usart.o
 .debug_ranges  0x00000058       0x50 build/stm32f0xx_it.o
 .debug_ranges  0x000000a8       0x18 build/system_stm32f0xx.o
 .debug_ranges  0x000000c0       0x18 build/tim.o
 .debug_ranges  0x000000d8       0x10 build/adc.o
 .debug_ranges  0x000000e8       0x10 build/dma.o
 .debug_ranges  0x000000f8       0x20 build/i2c.o
 .debug_ranges  0x00000118       0x80 build/syscalls.o
 .debug_ranges  0x00000198       0x28 build/stm32f0xx_ll_flash.o
 .debug_ranges  0x000001c0       0x80 build/stm32f0xx_ll_gpio.o
 .debug_ranges  0x00000240       0x38 build/stm32f0xx_ll_adc.o
 .debug_ranges  0x00000278       0x48 build/stm32f0xx_ll_rcc.o
 .debug_ranges  0x000002c0       0x50 build/stm32f0xx_ll_utils.o
 .debug_ranges  0x00000310       0x38 build/stm32f0xx_ll_i2c.o
 .debug_ranges  0x00000348      0x110 build/stm32f0xx_ll_tim.o
 .debug_ranges  0x00000458       0x78 build/stm32f0xx_ll_usart.o
 .debug_ranges  0x000004d0       0x98 build/user.o
 .debug_ranges  0x00000568       0x30 build/motor.o
 .debug_ranges  0x00000598       0x38 build/random_flash_utils.o
 .debug_ranges  0x000005d0       0x20 build/startup_stm32f030x6.o

.debug_line     0x00000000     0x679a
 .debug_line    0x00000000      0x54c build/main.o
 .debug_line    0x0000054c      0x1d2 build/gpio.o
 .debug_line    0x0000071e      0x375 build/usart.o
 .debug_line    0x00000a93      0x386 build/stm32f0xx_it.o
 .debug_line    0x00000e19      0x222 build/system_stm32f0xx.o
 .debug_line    0x0000103b      0x43d build/tim.o
 .debug_line    0x00001478      0x400 build/adc.o
 .debug_line    0x00001878      0x26f build/dma.o
 .debug_line    0x00001ae7      0x68d build/i2c.o
 .debug_line    0x00002174      0x414 build/syscalls.o
 .debug_line    0x00002588      0x4a5 build/stm32f0xx_ll_flash.o
 .debug_line    0x00002a2d      0x475 build/stm32f0xx_ll_gpio.o
 .debug_line    0x00002ea2      0x45f build/stm32f0xx_ll_adc.o
 .debug_line    0x00003301      0x5a8 build/stm32f0xx_ll_rcc.o
 .debug_line    0x000038a9      0x716 build/stm32f0xx_ll_utils.o
 .debug_line    0x00003fbf      0x34c build/stm32f0xx_ll_i2c.o
 .debug_line    0x0000430b      0xb0b build/stm32f0xx_ll_tim.o
 .debug_line    0x00004e16      0x45a build/stm32f0xx_ll_usart.o
 .debug_line    0x00005270      0xca0 build/user.o
 .debug_line    0x00005f10      0x568 build/motor.o
 .debug_line    0x00006478      0x2ab build/random_flash_utils.o
 .debug_line    0x00006723       0x77 build/startup_stm32f030x6.o

.debug_str      0x00000000     0x2e3e
 .debug_str     0x00000000      0x699 build/main.o
                                0x734 (size before relaxing)
 .debug_str     0x00000699       0x24 build/gpio.o
                                0x268 (size before relaxing)
 .debug_str     0x000006bd      0x196 build/usart.o
                                0x46d (size before relaxing)
 .debug_str     0x00000853      0x287 build/stm32f0xx_it.o
                                0x470 (size before relaxing)
 .debug_str     0x00000ada       0x81 build/system_stm32f0xx.o
                                0x259 (size before relaxing)
 .debug_str     0x00000b5b      0x19a build/tim.o
                                0x742 (size before relaxing)
 .debug_str     0x00000cf5      0x2ec build/adc.o
                                0x6f8 (size before relaxing)
 .debug_str     0x00000fe1        0xa build/dma.o
                                0x479 (size before relaxing)
 .debug_str     0x00000feb      0x26e build/i2c.o
                                0xa31 (size before relaxing)
 .debug_str     0x00001259      0x237 build/syscalls.o
                                0x3eb (size before relaxing)
 .debug_str     0x00001490      0x235 build/stm32f0xx_ll_flash.o
                                0x4c6 (size before relaxing)
 .debug_str     0x000016c5      0x127 build/stm32f0xx_ll_gpio.o
                                0x38e (size before relaxing)
 .debug_str     0x000017ec      0x193 build/stm32f0xx_ll_adc.o
                                0x493 (size before relaxing)
 .debug_str     0x0000197f      0x271 build/stm32f0xx_ll_rcc.o
                                0x562 (size before relaxing)
 .debug_str     0x00001bf0      0x201 build/stm32f0xx_ll_utils.o
                                0x5f4 (size before relaxing)
 .debug_str     0x00001df1       0xe5 build/stm32f0xx_ll_i2c.o
                                0x3dd (size before relaxing)
 .debug_str     0x00001ed6      0x446 build/stm32f0xx_ll_tim.o
                                0x860 (size before relaxing)
 .debug_str     0x0000231c      0x187 build/stm32f0xx_ll_usart.o
                                0x490 (size before relaxing)
 .debug_str     0x000024a3      0x7ea build/user.o
                                0xc84 (size before relaxing)
 .debug_str     0x00002c8d       0x71 build/motor.o
                                0x70f (size before relaxing)
 .debug_str     0x00002cfe      0x11c build/random_flash_utils.o
                                0x4b1 (size before relaxing)
 .debug_str     0x00002e1a       0x24 build/startup_stm32f030x6.o
                                 0x5f (size before relaxing)

.comment        0x00000000       0x49
 .comment       0x00000000       0x49 build/main.o
                                 0x4a (size before relaxing)
 .comment       0x00000049       0x4a build/gpio.o
 .comment       0x00000049       0x4a build/usart.o
 .comment       0x00000049       0x4a build/stm32f0xx_it.o
 .comment       0x00000049       0x4a build/system_stm32f0xx.o
 .comment       0x00000049       0x4a build/tim.o
 .comment       0x00000049       0x4a build/adc.o
 .comment       0x00000049       0x4a build/dma.o
 .comment       0x00000049       0x4a build/i2c.o
 .comment       0x00000049       0x4a build/syscalls.o
 .comment       0x00000049       0x4a build/stm32f0xx_ll_flash.o
 .comment       0x00000049       0x4a build/stm32f0xx_ll_gpio.o
 .comment       0x00000049       0x4a build/stm32f0xx_ll_adc.o
 .comment       0x00000049       0x4a build/stm32f0xx_ll_rcc.o
 .comment       0x00000049       0x4a build/stm32f0xx_ll_utils.o
 .comment       0x00000049       0x4a build/stm32f0xx_ll_i2c.o
 .comment       0x00000049       0x4a build/stm32f0xx_ll_tim.o
 .comment       0x00000049       0x4a build/stm32f0xx_ll_usart.o
 .comment       0x00000049       0x4a build/user.o
 .comment       0x00000049       0x4a build/motor.o
 .comment       0x00000049       0x4a build/random_flash_utils.o

.debug_frame    0x00000000     0x130c
 .debug_frame   0x00000000       0x50 build/main.o
 .debug_frame   0x00000050       0x24 build/gpio.o
 .debug_frame   0x00000074       0x38 build/usart.o
 .debug_frame   0x000000ac       0xb0 build/stm32f0xx_it.o
 .debug_frame   0x0000015c       0x38 build/system_stm32f0xx.o
 .debug_frame   0x00000194       0x54 build/tim.o
 .debug_frame   0x000001e8       0x30 build/adc.o
 .debug_frame   0x00000218       0x24 build/dma.o
 .debug_frame   0x0000023c       0x68 build/i2c.o
 .debug_frame   0x000002a4      0x15c build/syscalls.o
 .debug_frame   0x00000400       0x78 build/stm32f0xx_ll_flash.o
 .debug_frame   0x00000478       0x50 build/stm32f0xx_ll_gpio.o
 .debug_frame   0x000004c8       0x8c build/stm32f0xx_ll_adc.o
 .debug_frame   0x00000554       0xc0 build/stm32f0xx_ll_rcc.o
 .debug_frame   0x00000614       0xe0 build/stm32f0xx_ll_utils.o
 .debug_frame   0x000006f4       0x4c build/stm32f0xx_ll_i2c.o
 .debug_frame   0x00000740      0x1e4 build/stm32f0xx_ll_tim.o
 .debug_frame   0x00000924       0x74 build/stm32f0xx_ll_usart.o
 .debug_frame   0x00000998       0xb4 build/user.o
 .debug_frame   0x00000a4c       0x90 build/motor.o
 .debug_frame   0x00000adc       0x94 build/random_flash_utils.o
 .debug_frame   0x00000b70       0x20 e:/program files (x86)/gnu arm embedded toolchain/10 2021.10/bin/../lib/gcc/arm-none-eabi/10.3.1/../../../../arm-none-eabi/lib/thumb/v6-m/nofp\libc_nano.a(lib_a-errno.o)
 .debug_frame   0x00000b90       0x2c e:/program files (x86)/gnu arm embedded toolchain/10 2021.10/bin/../lib/gcc/arm-none-eabi/10.3.1/../../../../arm-none-eabi/lib/thumb/v6-m/nofp\libc_nano.a(lib_a-init.o)
 .debug_frame   0x00000bbc       0x28 e:/program files (x86)/gnu arm embedded toolchain/10 2021.10/bin/../lib/gcc/arm-none-eabi/10.3.1/../../../../arm-none-eabi/lib/thumb/v6-m/nofp\libc_nano.a(lib_a-memcpy-stub.o)
 .debug_frame   0x00000be4       0x20 e:/program files (x86)/gnu arm embedded toolchain/10 2021.10/bin/../lib/gcc/arm-none-eabi/10.3.1/../../../../arm-none-eabi/lib/thumb/v6-m/nofp\libc_nano.a(lib_a-memset.o)
 .debug_frame   0x00000c04       0x20 e:/program files (x86)/gnu arm embedded toolchain/10 2021.10/bin/../lib/gcc/arm-none-eabi/10.3.1/thumb/v6-m/nofp\libgcc.a(_udivsi3.o)
 .debug_frame   0x00000c24       0x34 e:/program files (x86)/gnu arm embedded toolchain/10 2021.10/bin/../lib/gcc/arm-none-eabi/10.3.1/thumb/v6-m/nofp\libgcc.a(addsf3.o)
 .debug_frame   0x00000c58       0x38 e:/program files (x86)/gnu arm embedded toolchain/10 2021.10/bin/../lib/gcc/arm-none-eabi/10.3.1/thumb/v6-m/nofp\libgcc.a(divsf3.o)
 .debug_frame   0x00000c90       0x2c e:/program files (x86)/gnu arm embedded toolchain/10 2021.10/bin/../lib/gcc/arm-none-eabi/10.3.1/thumb/v6-m/nofp\libgcc.a(eqsf2.o)
 .debug_frame   0x00000cbc       0x2c e:/program files (x86)/gnu arm embedded toolchain/10 2021.10/bin/../lib/gcc/arm-none-eabi/10.3.1/thumb/v6-m/nofp\libgcc.a(gesf2.o)
 .debug_frame   0x00000ce8       0x2c e:/program files (x86)/gnu arm embedded toolchain/10 2021.10/bin/../lib/gcc/arm-none-eabi/10.3.1/thumb/v6-m/nofp\libgcc.a(lesf2.o)
 .debug_frame   0x00000d14       0x38 e:/program files (x86)/gnu arm embedded toolchain/10 2021.10/bin/../lib/gcc/arm-none-eabi/10.3.1/thumb/v6-m/nofp\libgcc.a(mulsf3.o)
 .debug_frame   0x00000d4c       0x38 e:/program files (x86)/gnu arm embedded toolchain/10 2021.10/bin/../lib/gcc/arm-none-eabi/10.3.1/thumb/v6-m/nofp\libgcc.a(subsf3.o)
 .debug_frame   0x00000d84       0x20 e:/program files (x86)/gnu arm embedded toolchain/10 2021.10/bin/../lib/gcc/arm-none-eabi/10.3.1/thumb/v6-m/nofp\libgcc.a(fixsfsi.o)
 .debug_frame   0x00000da4       0x2c e:/program files (x86)/gnu arm embedded toolchain/10 2021.10/bin/../lib/gcc/arm-none-eabi/10.3.1/thumb/v6-m/nofp\libgcc.a(floatunsisf.o)
 .debug_frame   0x00000dd0      0x2b4 e:/program files (x86)/gnu arm embedded toolchain/10 2021.10/bin/../lib/gcc/arm-none-eabi/10.3.1/thumb/v6-m/nofp\libgcc.a(unwind-arm.o)
 .debug_frame   0x00001084       0xf4 e:/program files (x86)/gnu arm embedded toolchain/10 2021.10/bin/../lib/gcc/arm-none-eabi/10.3.1/thumb/v6-m/nofp\libgcc.a(pr-support.o)
 .debug_frame   0x00001178       0x28 e:/program files (x86)/gnu arm embedded toolchain/10 2021.10/bin/../lib/gcc/arm-none-eabi/10.3.1/../../../../arm-none-eabi/lib/thumb/v6-m/nofp\libc_nano.a(lib_a-abort.o)
 .debug_frame   0x000011a0       0xe0 e:/program files (x86)/gnu arm embedded toolchain/10 2021.10/bin/../lib/gcc/arm-none-eabi/10.3.1/../../../../arm-none-eabi/lib/thumb/v6-m/nofp\libc_nano.a(lib_a-signal.o)
 .debug_frame   0x00001280       0x44 e:/program files (x86)/gnu arm embedded toolchain/10 2021.10/bin/../lib/gcc/arm-none-eabi/10.3.1/../../../../arm-none-eabi/lib/thumb/v6-m/nofp\libc_nano.a(lib_a-signalr.o)
 .debug_frame   0x000012c4       0x48 e:/program files (x86)/gnu arm embedded toolchain/10 2021.10/bin/../lib/gcc/arm-none-eabi/10.3.1/../../../../arm-none-eabi/lib/thumb/v6-m/nofp\libc_nano.a(lib_a-reent.o)

Cross Reference Table

Symbol                                            File
ADC1_IRQHandler                                   build/startup_stm32f030x6.o
AHBPrescTable                                     build/system_stm32f0xx.o
                                                  build/stm32f0xx_ll_utils.o
                                                  build/stm32f0xx_ll_rcc.o
APBPrescTable                                     build/system_stm32f0xx.o
                                                  build/stm32f0xx_ll_rcc.o
Config_t const& EEPROM::put<Config_t>(int, Config_t const&) build/user.o
DMA1_Channel1_IRQHandler                          build/stm32f0xx_it.o
DMA1_Channel2_3_IRQHandler                        build/stm32f0xx_it.o
DMA1_Channel4_5_IRQHandler                        build/startup_stm32f030x6.o
Default_Handler                                   build/startup_stm32f030x6.o
EXTI0_1_IRQHandler                                build/startup_stm32f030x6.o
EXTI2_3_IRQHandler                                build/startup_stm32f030x6.o
EXTI4_15_IRQHandler                               build/startup_stm32f030x6.o
Error_Handler                                     build/main.o
FLASH_IRQHandler                                  build/startup_stm32f030x6.o
HardFault_Handler                                 build/stm32f0xx_it.o
I2C1_IRQHandler                                   build/stm32f0xx_it.o
I2C_SlaveDMARxCpltCallback                        build/user.o
                                                  build/stm32f0xx_it.o
LL_ADC_CommonDeInit                               build/stm32f0xx_ll_adc.o
LL_ADC_DeInit                                     build/stm32f0xx_ll_adc.o
LL_ADC_Init                                       build/stm32f0xx_ll_adc.o
                                                  build/adc.o
LL_ADC_REG_Init                                   build/stm32f0xx_ll_adc.o
                                                  build/adc.o
LL_ADC_REG_StructInit                             build/stm32f0xx_ll_adc.o
LL_ADC_StructInit                                 build/stm32f0xx_ll_adc.o
LL_DMA_DeInit                                     build/stm32f0xx_ll_dma.o
LL_DMA_Init                                       build/stm32f0xx_ll_dma.o
LL_DMA_StructInit                                 build/stm32f0xx_ll_dma.o
LL_EXTI_DeInit                                    build/stm32f0xx_ll_exti.o
LL_EXTI_Init                                      build/stm32f0xx_ll_exti.o
LL_EXTI_StructInit                                build/stm32f0xx_ll_exti.o
LL_FLASH_Program                                  build/stm32f0xx_ll_flash.o
                                                  build/random_flash_utils.o
LL_Flash_PageErase                                build/stm32f0xx_ll_flash.o
                                                  build/random_flash_utils.o
LL_Flash_Unlock                                   build/stm32f0xx_ll_flash.o
                                                  build/random_flash_utils.o
LL_GPIO_DeInit                                    build/stm32f0xx_ll_gpio.o
LL_GPIO_Init                                      build/stm32f0xx_ll_gpio.o
                                                  build/i2c.o
                                                  build/adc.o
                                                  build/tim.o
                                                  build/usart.o
LL_GPIO_StructInit                                build/stm32f0xx_ll_gpio.o
LL_I2C_DeInit                                     build/stm32f0xx_ll_i2c.o
LL_I2C_Init                                       build/stm32f0xx_ll_i2c.o
                                                  build/i2c.o
LL_I2C_StructInit                                 build/stm32f0xx_ll_i2c.o
LL_Init1msTick                                    build/stm32f0xx_ll_utils.o
                                                  build/main.o
LL_PLL_ConfigSystemClock_HSE                      build/stm32f0xx_ll_utils.o
LL_PLL_ConfigSystemClock_HSI                      build/stm32f0xx_ll_utils.o
LL_PWR_DeInit                                     build/stm32f0xx_ll_pwr.o
LL_RCC_DeInit                                     build/stm32f0xx_ll_rcc.o
LL_RCC_GetI2CClockFreq                            build/stm32f0xx_ll_rcc.o
LL_RCC_GetSystemClocksFreq                        build/stm32f0xx_ll_rcc.o
LL_RCC_GetUSARTClockFreq                          build/stm32f0xx_ll_rcc.o
                                                  build/stm32f0xx_ll_usart.o
LL_SetFlashLatency                                build/stm32f0xx_ll_utils.o
LL_SetSystemCoreClock                             build/stm32f0xx_ll_utils.o
                                                  build/main.o
LL_TIM_BDTR_Init                                  build/stm32f0xx_ll_tim.o
LL_TIM_BDTR_StructInit                            build/stm32f0xx_ll_tim.o
LL_TIM_DeInit                                     build/stm32f0xx_ll_tim.o
LL_TIM_ENCODER_Init                               build/stm32f0xx_ll_tim.o
LL_TIM_ENCODER_StructInit                         build/stm32f0xx_ll_tim.o
LL_TIM_HALLSENSOR_Init                            build/stm32f0xx_ll_tim.o
LL_TIM_HALLSENSOR_StructInit                      build/stm32f0xx_ll_tim.o
LL_TIM_IC_Init                                    build/stm32f0xx_ll_tim.o
LL_TIM_IC_StructInit                              build/stm32f0xx_ll_tim.o
LL_TIM_Init                                       build/stm32f0xx_ll_tim.o
                                                  build/tim.o
LL_TIM_OC_Init                                    build/stm32f0xx_ll_tim.o
                                                  build/tim.o
LL_TIM_OC_StructInit                              build/stm32f0xx_ll_tim.o
LL_TIM_StructInit                                 build/stm32f0xx_ll_tim.o
LL_USART_ClockInit                                build/stm32f0xx_ll_usart.o
LL_USART_ClockStructInit                          build/stm32f0xx_ll_usart.o
LL_USART_DeInit                                   build/stm32f0xx_ll_usart.o
LL_USART_Init                                     build/stm32f0xx_ll_usart.o
                                                  build/usart.o
LL_USART_StructInit                               build/stm32f0xx_ll_usart.o
LL_mDelay                                         build/stm32f0xx_ll_utils.o
                                                  build/user.o
MX_ADC_Init                                       build/adc.o
                                                  build/main.o
MX_DMA_Init                                       build/dma.o
                                                  build/main.o
MX_GPIO_Init                                      build/gpio.o
                                                  build/main.o
MX_TIM14_Init                                     build/tim.o
                                                  build/main.o
MX_TIM3_Init                                      build/tim.o
                                                  build/main.o
MX_USART1_UART_Init                               build/usart.o
                                                  build/main.o
MY_I2C1_Init                                      build/i2c.o
                                                  build/user.o
Main                                              build/user.o
                                                  build/main.o
Motor::CalcDceOutput(float, float)                build/motor.o
                                                  build/user.o
Motor::SetEnable(bool)                            build/motor.o
                                                  build/user.o
Motor::SetPwm(short)                              build/motor.o
                                                  build/user.o
Motor::SetTorqueLimit(float)                      build/motor.o
                                                  build/user.o
Motor::UpdateVelocity()                           build/motor.o
NMI_Handler                                       build/stm32f0xx_it.o
PendSV_Handler                                    build/stm32f0xx_it.o
RCC_GetHCLKClockFreq                              build/stm32f0xx_ll_rcc.o
RCC_GetPCLK1ClockFreq                             build/stm32f0xx_ll_rcc.o
RCC_GetSystemClockFreq                            build/stm32f0xx_ll_rcc.o
RCC_IRQHandler                                    build/startup_stm32f030x6.o
RCC_PLL_GetFreqDomain_SYS                         build/stm32f0xx_ll_rcc.o
RTC_IRQHandler                                    build/startup_stm32f030x6.o
Reset_Handler                                     build/startup_stm32f030x6.o
SPI1_IRQHandler                                   build/startup_stm32f030x6.o
SVC_Handler                                       build/stm32f0xx_it.o
Set_ID                                            build/i2c.o
                                                  build/user.o
Slave_Transmit                                    build/i2c.o
                                                  build/user.o
SysTick_Handler                                   build/stm32f0xx_it.o
SystemClock_Config                                build/main.o
SystemCoreClock                                   build/system_stm32f0xx.o
                                                  build/stm32f0xx_ll_utils.o
SystemCoreClockUpdate                             build/system_stm32f0xx.o
SystemInit                                        build/system_stm32f0xx.o
                                                  build/startup_stm32f030x6.o
TIM14_IRQHandler                                  build/stm32f0xx_it.o
TIM14_PeriodElapsedCallback                       build/user.o
                                                  build/stm32f0xx_it.o
TIM16_IRQHandler                                  build/startup_stm32f030x6.o
TIM17_IRQHandler                                  build/startup_stm32f030x6.o
TIM1_BRK_UP_TRG_COM_IRQHandler                    build/startup_stm32f030x6.o
TIM1_CC_IRQHandler                                build/startup_stm32f030x6.o
TIM3_IRQHandler                                   build/startup_stm32f030x6.o
USART1_IRQHandler                                 build/startup_stm32f030x6.o
WWDG_IRQHandler                                   build/startup_stm32f030x6.o
_Unwind_Backtrace                                 e:/program files (x86)/gnu arm embedded toolchain/10 2021.10/bin/../lib/gcc/arm-none-eabi/10.3.1/thumb/v6-m/nofp\libgcc.a(libunwind.o)
_Unwind_Complete                                  e:/program files (x86)/gnu arm embedded toolchain/10 2021.10/bin/../lib/gcc/arm-none-eabi/10.3.1/thumb/v6-m/nofp\libgcc.a(unwind-arm.o)
_Unwind_DeleteException                           e:/program files (x86)/gnu arm embedded toolchain/10 2021.10/bin/../lib/gcc/arm-none-eabi/10.3.1/thumb/v6-m/nofp\libgcc.a(unwind-arm.o)
_Unwind_ForcedUnwind                              e:/program files (x86)/gnu arm embedded toolchain/10 2021.10/bin/../lib/gcc/arm-none-eabi/10.3.1/thumb/v6-m/nofp\libgcc.a(libunwind.o)
_Unwind_GetCFA                                    e:/program files (x86)/gnu arm embedded toolchain/10 2021.10/bin/../lib/gcc/arm-none-eabi/10.3.1/thumb/v6-m/nofp\libgcc.a(unwind-arm.o)
_Unwind_GetDataRelBase                            e:/program files (x86)/gnu arm embedded toolchain/10 2021.10/bin/../lib/gcc/arm-none-eabi/10.3.1/thumb/v6-m/nofp\libgcc.a(pr-support.o)
_Unwind_GetLanguageSpecificData                   e:/program files (x86)/gnu arm embedded toolchain/10 2021.10/bin/../lib/gcc/arm-none-eabi/10.3.1/thumb/v6-m/nofp\libgcc.a(pr-support.o)
_Unwind_GetRegionStart                            e:/program files (x86)/gnu arm embedded toolchain/10 2021.10/bin/../lib/gcc/arm-none-eabi/10.3.1/thumb/v6-m/nofp\libgcc.a(pr-support.o)
_Unwind_GetTextRelBase                            e:/program files (x86)/gnu arm embedded toolchain/10 2021.10/bin/../lib/gcc/arm-none-eabi/10.3.1/thumb/v6-m/nofp\libgcc.a(pr-support.o)
_Unwind_RaiseException                            e:/program files (x86)/gnu arm embedded toolchain/10 2021.10/bin/../lib/gcc/arm-none-eabi/10.3.1/thumb/v6-m/nofp\libgcc.a(libunwind.o)
_Unwind_Resume                                    e:/program files (x86)/gnu arm embedded toolchain/10 2021.10/bin/../lib/gcc/arm-none-eabi/10.3.1/thumb/v6-m/nofp\libgcc.a(libunwind.o)
_Unwind_Resume_or_Rethrow                         e:/program files (x86)/gnu arm embedded toolchain/10 2021.10/bin/../lib/gcc/arm-none-eabi/10.3.1/thumb/v6-m/nofp\libgcc.a(libunwind.o)
_Unwind_VRS_Get                                   e:/program files (x86)/gnu arm embedded toolchain/10 2021.10/bin/../lib/gcc/arm-none-eabi/10.3.1/thumb/v6-m/nofp\libgcc.a(unwind-arm.o)
                                                  e:/program files (x86)/gnu arm embedded toolchain/10 2021.10/bin/../lib/gcc/arm-none-eabi/10.3.1/thumb/v6-m/nofp\libgcc.a(pr-support.o)
_Unwind_VRS_Pop                                   e:/program files (x86)/gnu arm embedded toolchain/10 2021.10/bin/../lib/gcc/arm-none-eabi/10.3.1/thumb/v6-m/nofp\libgcc.a(unwind-arm.o)
                                                  e:/program files (x86)/gnu arm embedded toolchain/10 2021.10/bin/../lib/gcc/arm-none-eabi/10.3.1/thumb/v6-m/nofp\libgcc.a(pr-support.o)
_Unwind_VRS_Set                                   e:/program files (x86)/gnu arm embedded toolchain/10 2021.10/bin/../lib/gcc/arm-none-eabi/10.3.1/thumb/v6-m/nofp\libgcc.a(unwind-arm.o)
                                                  e:/program files (x86)/gnu arm embedded toolchain/10 2021.10/bin/../lib/gcc/arm-none-eabi/10.3.1/thumb/v6-m/nofp\libgcc.a(pr-support.o)
___Unwind_Backtrace                               e:/program files (x86)/gnu arm embedded toolchain/10 2021.10/bin/../lib/gcc/arm-none-eabi/10.3.1/thumb/v6-m/nofp\libgcc.a(libunwind.o)
___Unwind_ForcedUnwind                            e:/program files (x86)/gnu arm embedded toolchain/10 2021.10/bin/../lib/gcc/arm-none-eabi/10.3.1/thumb/v6-m/nofp\libgcc.a(libunwind.o)
___Unwind_RaiseException                          e:/program files (x86)/gnu arm embedded toolchain/10 2021.10/bin/../lib/gcc/arm-none-eabi/10.3.1/thumb/v6-m/nofp\libgcc.a(libunwind.o)
___Unwind_Resume                                  e:/program files (x86)/gnu arm embedded toolchain/10 2021.10/bin/../lib/gcc/arm-none-eabi/10.3.1/thumb/v6-m/nofp\libgcc.a(libunwind.o)
___Unwind_Resume_or_Rethrow                       e:/program files (x86)/gnu arm embedded toolchain/10 2021.10/bin/../lib/gcc/arm-none-eabi/10.3.1/thumb/v6-m/nofp\libgcc.a(libunwind.o)
__aeabi_cfcmpeq                                   e:/program files (x86)/gnu arm embedded toolchain/10 2021.10/bin/../lib/gcc/arm-none-eabi/10.3.1/thumb/v6-m/nofp\libgcc.a(_arm_cmpsf2.o)
__aeabi_cfcmple                                   e:/program files (x86)/gnu arm embedded toolchain/10 2021.10/bin/../lib/gcc/arm-none-eabi/10.3.1/thumb/v6-m/nofp\libgcc.a(_arm_cmpsf2.o)
__aeabi_cfrcmple                                  e:/program files (x86)/gnu arm embedded toolchain/10 2021.10/bin/../lib/gcc/arm-none-eabi/10.3.1/thumb/v6-m/nofp\libgcc.a(_arm_cmpsf2.o)
__aeabi_f2iz                                      e:/program files (x86)/gnu arm embedded toolchain/10 2021.10/bin/../lib/gcc/arm-none-eabi/10.3.1/thumb/v6-m/nofp\libgcc.a(fixsfsi.o)
                                                  build/user.o
__aeabi_fadd                                      e:/program files (x86)/gnu arm embedded toolchain/10 2021.10/bin/../lib/gcc/arm-none-eabi/10.3.1/thumb/v6-m/nofp\libgcc.a(addsf3.o)
                                                  build/motor.o
                                                  build/user.o
__aeabi_fcmpeq                                    e:/program files (x86)/gnu arm embedded toolchain/10 2021.10/bin/../lib/gcc/arm-none-eabi/10.3.1/thumb/v6-m/nofp\libgcc.a(_arm_cmpsf2.o)
__aeabi_fcmpge                                    e:/program files (x86)/gnu arm embedded toolchain/10 2021.10/bin/../lib/gcc/arm-none-eabi/10.3.1/thumb/v6-m/nofp\libgcc.a(_arm_cmpsf2.o)
__aeabi_fcmpgt                                    e:/program files (x86)/gnu arm embedded toolchain/10 2021.10/bin/../lib/gcc/arm-none-eabi/10.3.1/thumb/v6-m/nofp\libgcc.a(_arm_cmpsf2.o)
                                                  build/motor.o
__aeabi_fcmple                                    e:/program files (x86)/gnu arm embedded toolchain/10 2021.10/bin/../lib/gcc/arm-none-eabi/10.3.1/thumb/v6-m/nofp\libgcc.a(_arm_cmpsf2.o)
__aeabi_fcmplt                                    e:/program files (x86)/gnu arm embedded toolchain/10 2021.10/bin/../lib/gcc/arm-none-eabi/10.3.1/thumb/v6-m/nofp\libgcc.a(_arm_cmpsf2.o)
                                                  build/motor.o
__aeabi_fdiv                                      e:/program files (x86)/gnu arm embedded toolchain/10 2021.10/bin/../lib/gcc/arm-none-eabi/10.3.1/thumb/v6-m/nofp\libgcc.a(divsf3.o)
                                                  build/user.o
__aeabi_fmul                                      e:/program files (x86)/gnu arm embedded toolchain/10 2021.10/bin/../lib/gcc/arm-none-eabi/10.3.1/thumb/v6-m/nofp\libgcc.a(mulsf3.o)
                                                  build/motor.o
                                                  build/user.o
__aeabi_fsub                                      e:/program files (x86)/gnu arm embedded toolchain/10 2021.10/bin/../lib/gcc/arm-none-eabi/10.3.1/thumb/v6-m/nofp\libgcc.a(subsf3.o)
                                                  build/motor.o
                                                  build/user.o
__aeabi_idiv0                                     e:/program files (x86)/gnu arm embedded toolchain/10 2021.10/bin/../lib/gcc/arm-none-eabi/10.3.1/thumb/v6-m/nofp\libgcc.a(_dvmd_tls.o)
                                                  e:/program files (x86)/gnu arm embedded toolchain/10 2021.10/bin/../lib/gcc/arm-none-eabi/10.3.1/thumb/v6-m/nofp\libgcc.a(_udivsi3.o)
__aeabi_ldiv0                                     e:/program files (x86)/gnu arm embedded toolchain/10 2021.10/bin/../lib/gcc/arm-none-eabi/10.3.1/thumb/v6-m/nofp\libgcc.a(_dvmd_tls.o)
__aeabi_ui2f                                      e:/program files (x86)/gnu arm embedded toolchain/10 2021.10/bin/../lib/gcc/arm-none-eabi/10.3.1/thumb/v6-m/nofp\libgcc.a(floatunsisf.o)
                                                  build/user.o
__aeabi_uidiv                                     e:/program files (x86)/gnu arm embedded toolchain/10 2021.10/bin/../lib/gcc/arm-none-eabi/10.3.1/thumb/v6-m/nofp\libgcc.a(_udivsi3.o)
                                                  build/stm32f0xx_ll_usart.o
                                                  build/stm32f0xx_ll_utils.o
                                                  build/stm32f0xx_ll_rcc.o
                                                  build/system_stm32f0xx.o
__aeabi_uidivmod                                  e:/program files (x86)/gnu arm embedded toolchain/10 2021.10/bin/../lib/gcc/arm-none-eabi/10.3.1/thumb/v6-m/nofp\libgcc.a(_udivsi3.o)
__aeabi_unwind_cpp_pr0                            e:/program files (x86)/gnu arm embedded toolchain/10 2021.10/bin/../lib/gcc/arm-none-eabi/10.3.1/thumb/v6-m/nofp\libgcc.a(unwind-arm.o)
                                                  e:/program files (x86)/gnu arm embedded toolchain/10 2021.10/bin/../lib/gcc/arm-none-eabi/10.3.1/thumb/v6-m/nofp\libgcc.a(pr-support.o)
                                                  build/random_flash_utils.o
                                                  build/user.o
__aeabi_unwind_cpp_pr1                            e:/program files (x86)/gnu arm embedded toolchain/10 2021.10/bin/../lib/gcc/arm-none-eabi/10.3.1/thumb/v6-m/nofp\libgcc.a(unwind-arm.o)
                                                  e:/program files (x86)/gnu arm embedded toolchain/10 2021.10/bin/../lib/gcc/arm-none-eabi/10.3.1/thumb/v6-m/nofp\libgcc.a(pr-support.o)
__aeabi_unwind_cpp_pr2                            e:/program files (x86)/gnu arm embedded toolchain/10 2021.10/bin/../lib/gcc/arm-none-eabi/10.3.1/thumb/v6-m/nofp\libgcc.a(unwind-arm.o)
__bss_end__                                       e:/program files (x86)/gnu arm embedded toolchain/10 2021.10/bin/../lib/gcc/arm-none-eabi/10.3.1/../../../../arm-none-eabi/lib/thumb/v6-m/nofp/crt0.o
__bss_start__                                     e:/program files (x86)/gnu arm embedded toolchain/10 2021.10/bin/../lib/gcc/arm-none-eabi/10.3.1/../../../../arm-none-eabi/lib/thumb/v6-m/nofp/crt0.o
__call_exitprocs                                  e:/program files (x86)/gnu arm embedded toolchain/10 2021.10/bin/../lib/gcc/arm-none-eabi/10.3.1/../../../../arm-none-eabi/lib/thumb/v6-m/nofp\libc_nano.a(lib_a-exit.o)
__clzsi2                                          e:/program files (x86)/gnu arm embedded toolchain/10 2021.10/bin/../lib/gcc/arm-none-eabi/10.3.1/thumb/v6-m/nofp\libgcc.a(_clzsi2.o)
                                                  e:/program files (x86)/gnu arm embedded toolchain/10 2021.10/bin/../lib/gcc/arm-none-eabi/10.3.1/thumb/v6-m/nofp\libgcc.a(floatunsisf.o)
                                                  e:/program files (x86)/gnu arm embedded toolchain/10 2021.10/bin/../lib/gcc/arm-none-eabi/10.3.1/thumb/v6-m/nofp\libgcc.a(subsf3.o)
                                                  e:/program files (x86)/gnu arm embedded toolchain/10 2021.10/bin/../lib/gcc/arm-none-eabi/10.3.1/thumb/v6-m/nofp\libgcc.a(mulsf3.o)
                                                  e:/program files (x86)/gnu arm embedded toolchain/10 2021.10/bin/../lib/gcc/arm-none-eabi/10.3.1/thumb/v6-m/nofp\libgcc.a(divsf3.o)
                                                  e:/program files (x86)/gnu arm embedded toolchain/10 2021.10/bin/../lib/gcc/arm-none-eabi/10.3.1/thumb/v6-m/nofp\libgcc.a(addsf3.o)
__cxa_begin_cleanup                               e:/program files (x86)/gnu arm embedded toolchain/10 2021.10/bin/../lib/gcc/arm-none-eabi/10.3.1/thumb/v6-m/nofp\libgcc.a(unwind-arm.o)
__cxa_call_unexpected                             e:/program files (x86)/gnu arm embedded toolchain/10 2021.10/bin/../lib/gcc/arm-none-eabi/10.3.1/thumb/v6-m/nofp\libgcc.a(unwind-arm.o)
__cxa_type_match                                  e:/program files (x86)/gnu arm embedded toolchain/10 2021.10/bin/../lib/gcc/arm-none-eabi/10.3.1/thumb/v6-m/nofp\libgcc.a(unwind-arm.o)
__deregister_frame_info                           e:/program files (x86)/gnu arm embedded toolchain/10 2021.10/bin/../lib/gcc/arm-none-eabi/10.3.1/thumb/v6-m/nofp/crtbegin.o
__dso_handle                                      e:/program files (x86)/gnu arm embedded toolchain/10 2021.10/bin/../lib/gcc/arm-none-eabi/10.3.1/thumb/v6-m/nofp/crtbegin.o
__env                                             build/syscalls.o
__eqsf2                                           e:/program files (x86)/gnu arm embedded toolchain/10 2021.10/bin/../lib/gcc/arm-none-eabi/10.3.1/thumb/v6-m/nofp\libgcc.a(eqsf2.o)
                                                  e:/program files (x86)/gnu arm embedded toolchain/10 2021.10/bin/../lib/gcc/arm-none-eabi/10.3.1/thumb/v6-m/nofp\libgcc.a(_arm_cmpsf2.o)
__errno                                           e:/program files (x86)/gnu arm embedded toolchain/10 2021.10/bin/../lib/gcc/arm-none-eabi/10.3.1/../../../../arm-none-eabi/lib/thumb/v6-m/nofp\libc_nano.a(lib_a-errno.o)
                                                  build/syscalls.o
__exidx_end                                       e:/program files (x86)/gnu arm embedded toolchain/10 2021.10/bin/../lib/gcc/arm-none-eabi/10.3.1/thumb/v6-m/nofp\libgcc.a(unwind-arm.o)
__exidx_start                                     e:/program files (x86)/gnu arm embedded toolchain/10 2021.10/bin/../lib/gcc/arm-none-eabi/10.3.1/thumb/v6-m/nofp\libgcc.a(unwind-arm.o)
__gesf2                                           e:/program files (x86)/gnu arm embedded toolchain/10 2021.10/bin/../lib/gcc/arm-none-eabi/10.3.1/thumb/v6-m/nofp\libgcc.a(gesf2.o)
                                                  e:/program files (x86)/gnu arm embedded toolchain/10 2021.10/bin/../lib/gcc/arm-none-eabi/10.3.1/thumb/v6-m/nofp\libgcc.a(_arm_cmpsf2.o)
__gnu_Unwind_Backtrace                            e:/program files (x86)/gnu arm embedded toolchain/10 2021.10/bin/../lib/gcc/arm-none-eabi/10.3.1/thumb/v6-m/nofp\libgcc.a(unwind-arm.o)
                                                  e:/program files (x86)/gnu arm embedded toolchain/10 2021.10/bin/../lib/gcc/arm-none-eabi/10.3.1/thumb/v6-m/nofp\libgcc.a(libunwind.o)
__gnu_Unwind_Find_exidx                           e:/program files (x86)/gnu arm embedded toolchain/10 2021.10/bin/../lib/gcc/arm-none-eabi/10.3.1/thumb/v6-m/nofp\libgcc.a(unwind-arm.o)
__gnu_Unwind_ForcedUnwind                         e:/program files (x86)/gnu arm embedded toolchain/10 2021.10/bin/../lib/gcc/arm-none-eabi/10.3.1/thumb/v6-m/nofp\libgcc.a(unwind-arm.o)
                                                  e:/program files (x86)/gnu arm embedded toolchain/10 2021.10/bin/../lib/gcc/arm-none-eabi/10.3.1/thumb/v6-m/nofp\libgcc.a(libunwind.o)
__gnu_Unwind_RaiseException                       e:/program files (x86)/gnu arm embedded toolchain/10 2021.10/bin/../lib/gcc/arm-none-eabi/10.3.1/thumb/v6-m/nofp\libgcc.a(unwind-arm.o)
                                                  e:/program files (x86)/gnu arm embedded toolchain/10 2021.10/bin/../lib/gcc/arm-none-eabi/10.3.1/thumb/v6-m/nofp\libgcc.a(libunwind.o)
__gnu_Unwind_Restore_VFP                          e:/program files (x86)/gnu arm embedded toolchain/10 2021.10/bin/../lib/gcc/arm-none-eabi/10.3.1/thumb/v6-m/nofp\libgcc.a(libunwind.o)
                                                  e:/program files (x86)/gnu arm embedded toolchain/10 2021.10/bin/../lib/gcc/arm-none-eabi/10.3.1/thumb/v6-m/nofp\libgcc.a(unwind-arm.o)
__gnu_Unwind_Restore_VFP_D                        e:/program files (x86)/gnu arm embedded toolchain/10 2021.10/bin/../lib/gcc/arm-none-eabi/10.3.1/thumb/v6-m/nofp\libgcc.a(libunwind.o)
                                                  e:/program files (x86)/gnu arm embedded toolchain/10 2021.10/bin/../lib/gcc/arm-none-eabi/10.3.1/thumb/v6-m/nofp\libgcc.a(unwind-arm.o)
__gnu_Unwind_Restore_VFP_D_16_to_31               e:/program files (x86)/gnu arm embedded toolchain/10 2021.10/bin/../lib/gcc/arm-none-eabi/10.3.1/thumb/v6-m/nofp\libgcc.a(libunwind.o)
                                                  e:/program files (x86)/gnu arm embedded toolchain/10 2021.10/bin/../lib/gcc/arm-none-eabi/10.3.1/thumb/v6-m/nofp\libgcc.a(unwind-arm.o)
__gnu_Unwind_Restore_WMMXC                        e:/program files (x86)/gnu arm embedded toolchain/10 2021.10/bin/../lib/gcc/arm-none-eabi/10.3.1/thumb/v6-m/nofp\libgcc.a(libunwind.o)
                                                  e:/program files (x86)/gnu arm embedded toolchain/10 2021.10/bin/../lib/gcc/arm-none-eabi/10.3.1/thumb/v6-m/nofp\libgcc.a(unwind-arm.o)
__gnu_Unwind_Restore_WMMXD                        e:/program files (x86)/gnu arm embedded toolchain/10 2021.10/bin/../lib/gcc/arm-none-eabi/10.3.1/thumb/v6-m/nofp\libgcc.a(libunwind.o)
                                                  e:/program files (x86)/gnu arm embedded toolchain/10 2021.10/bin/../lib/gcc/arm-none-eabi/10.3.1/thumb/v6-m/nofp\libgcc.a(unwind-arm.o)
__gnu_Unwind_Resume                               e:/program files (x86)/gnu arm embedded toolchain/10 2021.10/bin/../lib/gcc/arm-none-eabi/10.3.1/thumb/v6-m/nofp\libgcc.a(unwind-arm.o)
                                                  e:/program files (x86)/gnu arm embedded toolchain/10 2021.10/bin/../lib/gcc/arm-none-eabi/10.3.1/thumb/v6-m/nofp\libgcc.a(libunwind.o)
__gnu_Unwind_Resume_or_Rethrow                    e:/program files (x86)/gnu arm embedded toolchain/10 2021.10/bin/../lib/gcc/arm-none-eabi/10.3.1/thumb/v6-m/nofp\libgcc.a(unwind-arm.o)
                                                  e:/program files (x86)/gnu arm embedded toolchain/10 2021.10/bin/../lib/gcc/arm-none-eabi/10.3.1/thumb/v6-m/nofp\libgcc.a(libunwind.o)
__gnu_Unwind_Save_VFP                             e:/program files (x86)/gnu arm embedded toolchain/10 2021.10/bin/../lib/gcc/arm-none-eabi/10.3.1/thumb/v6-m/nofp\libgcc.a(libunwind.o)
                                                  e:/program files (x86)/gnu arm embedded toolchain/10 2021.10/bin/../lib/gcc/arm-none-eabi/10.3.1/thumb/v6-m/nofp\libgcc.a(unwind-arm.o)
__gnu_Unwind_Save_VFP_D                           e:/program files (x86)/gnu arm embedded toolchain/10 2021.10/bin/../lib/gcc/arm-none-eabi/10.3.1/thumb/v6-m/nofp\libgcc.a(libunwind.o)
                                                  e:/program files (x86)/gnu arm embedded toolchain/10 2021.10/bin/../lib/gcc/arm-none-eabi/10.3.1/thumb/v6-m/nofp\libgcc.a(unwind-arm.o)
__gnu_Unwind_Save_VFP_D_16_to_31                  e:/program files (x86)/gnu arm embedded toolchain/10 2021.10/bin/../lib/gcc/arm-none-eabi/10.3.1/thumb/v6-m/nofp\libgcc.a(libunwind.o)
                                                  e:/program files (x86)/gnu arm embedded toolchain/10 2021.10/bin/../lib/gcc/arm-none-eabi/10.3.1/thumb/v6-m/nofp\libgcc.a(unwind-arm.o)
__gnu_Unwind_Save_WMMXC                           e:/program files (x86)/gnu arm embedded toolchain/10 2021.10/bin/../lib/gcc/arm-none-eabi/10.3.1/thumb/v6-m/nofp\libgcc.a(libunwind.o)
                                                  e:/program files (x86)/gnu arm embedded toolchain/10 2021.10/bin/../lib/gcc/arm-none-eabi/10.3.1/thumb/v6-m/nofp\libgcc.a(unwind-arm.o)
__gnu_Unwind_Save_WMMXD                           e:/program files (x86)/gnu arm embedded toolchain/10 2021.10/bin/../lib/gcc/arm-none-eabi/10.3.1/thumb/v6-m/nofp\libgcc.a(libunwind.o)
                                                  e:/program files (x86)/gnu arm embedded toolchain/10 2021.10/bin/../lib/gcc/arm-none-eabi/10.3.1/thumb/v6-m/nofp\libgcc.a(unwind-arm.o)
__gnu_unwind_execute                              e:/program files (x86)/gnu arm embedded toolchain/10 2021.10/bin/../lib/gcc/arm-none-eabi/10.3.1/thumb/v6-m/nofp\libgcc.a(pr-support.o)
                                                  e:/program files (x86)/gnu arm embedded toolchain/10 2021.10/bin/../lib/gcc/arm-none-eabi/10.3.1/thumb/v6-m/nofp\libgcc.a(unwind-arm.o)
__gnu_unwind_frame                                e:/program files (x86)/gnu arm embedded toolchain/10 2021.10/bin/../lib/gcc/arm-none-eabi/10.3.1/thumb/v6-m/nofp\libgcc.a(pr-support.o)
__gtsf2                                           e:/program files (x86)/gnu arm embedded toolchain/10 2021.10/bin/../lib/gcc/arm-none-eabi/10.3.1/thumb/v6-m/nofp\libgcc.a(gesf2.o)
__init_array_end                                  e:/program files (x86)/gnu arm embedded toolchain/10 2021.10/bin/../lib/gcc/arm-none-eabi/10.3.1/../../../../arm-none-eabi/lib/thumb/v6-m/nofp\libc_nano.a(lib_a-init.o)
__init_array_start                                e:/program files (x86)/gnu arm embedded toolchain/10 2021.10/bin/../lib/gcc/arm-none-eabi/10.3.1/../../../../arm-none-eabi/lib/thumb/v6-m/nofp\libc_nano.a(lib_a-init.o)
__io_getchar                                      build/syscalls.o
__io_putchar                                      build/syscalls.o
__lesf2                                           e:/program files (x86)/gnu arm embedded toolchain/10 2021.10/bin/../lib/gcc/arm-none-eabi/10.3.1/thumb/v6-m/nofp\libgcc.a(lesf2.o)
                                                  e:/program files (x86)/gnu arm embedded toolchain/10 2021.10/bin/../lib/gcc/arm-none-eabi/10.3.1/thumb/v6-m/nofp\libgcc.a(_arm_cmpsf2.o)
__libc_fini_array                                 e:/program files (x86)/gnu arm embedded toolchain/10 2021.10/bin/../lib/gcc/arm-none-eabi/10.3.1/../../../../arm-none-eabi/lib/thumb/v6-m/nofp/crt0.o
__libc_init_array                                 e:/program files (x86)/gnu arm embedded toolchain/10 2021.10/bin/../lib/gcc/arm-none-eabi/10.3.1/../../../../arm-none-eabi/lib/thumb/v6-m/nofp\libc_nano.a(lib_a-init.o)
                                                  build/startup_stm32f030x6.o
                                                  e:/program files (x86)/gnu arm embedded toolchain/10 2021.10/bin/../lib/gcc/arm-none-eabi/10.3.1/../../../../arm-none-eabi/lib/thumb/v6-m/nofp/crt0.o
__lock___arc4random_mutex                         e:/program files (x86)/gnu arm embedded toolchain/10 2021.10/bin/../lib/gcc/arm-none-eabi/10.3.1/../../../../arm-none-eabi/lib/thumb/v6-m/nofp\libc_nano.a(lib_a-lock.o)
__lock___at_quick_exit_mutex                      e:/program files (x86)/gnu arm embedded toolchain/10 2021.10/bin/../lib/gcc/arm-none-eabi/10.3.1/../../../../arm-none-eabi/lib/thumb/v6-m/nofp\libc_nano.a(lib_a-lock.o)
__lock___atexit_recursive_mutex                   e:/program files (x86)/gnu arm embedded toolchain/10 2021.10/bin/../lib/gcc/arm-none-eabi/10.3.1/../../../../arm-none-eabi/lib/thumb/v6-m/nofp\libc_nano.a(lib_a-lock.o)
__lock___dd_hash_mutex                            e:/program files (x86)/gnu arm embedded toolchain/10 2021.10/bin/../lib/gcc/arm-none-eabi/10.3.1/../../../../arm-none-eabi/lib/thumb/v6-m/nofp\libc_nano.a(lib_a-lock.o)
__lock___env_recursive_mutex                      e:/program files (x86)/gnu arm embedded toolchain/10 2021.10/bin/../lib/gcc/arm-none-eabi/10.3.1/../../../../arm-none-eabi/lib/thumb/v6-m/nofp\libc_nano.a(lib_a-lock.o)
__lock___malloc_recursive_mutex                   e:/program files (x86)/gnu arm embedded toolchain/10 2021.10/bin/../lib/gcc/arm-none-eabi/10.3.1/../../../../arm-none-eabi/lib/thumb/v6-m/nofp\libc_nano.a(lib_a-lock.o)
                                                  e:/program files (x86)/gnu arm embedded toolchain/10 2021.10/bin/../lib/gcc/arm-none-eabi/10.3.1/../../../../arm-none-eabi/lib/thumb/v6-m/nofp\libc_nano.a(lib_a-mlock.o)
__lock___sfp_recursive_mutex                      e:/program files (x86)/gnu arm embedded toolchain/10 2021.10/bin/../lib/gcc/arm-none-eabi/10.3.1/../../../../arm-none-eabi/lib/thumb/v6-m/nofp\libc_nano.a(lib_a-lock.o)
__lock___sinit_recursive_mutex                    e:/program files (x86)/gnu arm embedded toolchain/10 2021.10/bin/../lib/gcc/arm-none-eabi/10.3.1/../../../../arm-none-eabi/lib/thumb/v6-m/nofp\libc_nano.a(lib_a-lock.o)
__lock___tz_mutex                                 e:/program files (x86)/gnu arm embedded toolchain/10 2021.10/bin/../lib/gcc/arm-none-eabi/10.3.1/../../../../arm-none-eabi/lib/thumb/v6-m/nofp\libc_nano.a(lib_a-lock.o)
__ltsf2                                           e:/program files (x86)/gnu arm embedded toolchain/10 2021.10/bin/../lib/gcc/arm-none-eabi/10.3.1/thumb/v6-m/nofp\libgcc.a(lesf2.o)
__malloc_free_list                                e:/program files (x86)/gnu arm embedded toolchain/10 2021.10/bin/../lib/gcc/arm-none-eabi/10.3.1/../../../../arm-none-eabi/lib/thumb/v6-m/nofp\libc_nano.a(lib_a-nano-mallocr.o)
                                                  e:/program files (x86)/gnu arm embedded toolchain/10 2021.10/bin/../lib/gcc/arm-none-eabi/10.3.1/../../../../arm-none-eabi/lib/thumb/v6-m/nofp\libc_nano.a(lib_a-nano-freer.o)
__malloc_lock                                     e:/program files (x86)/gnu arm embedded toolchain/10 2021.10/bin/../lib/gcc/arm-none-eabi/10.3.1/../../../../arm-none-eabi/lib/thumb/v6-m/nofp\libc_nano.a(lib_a-mlock.o)
                                                  e:/program files (x86)/gnu arm embedded toolchain/10 2021.10/bin/../lib/gcc/arm-none-eabi/10.3.1/../../../../arm-none-eabi/lib/thumb/v6-m/nofp\libc_nano.a(lib_a-nano-freer.o)
                                                  e:/program files (x86)/gnu arm embedded toolchain/10 2021.10/bin/../lib/gcc/arm-none-eabi/10.3.1/../../../../arm-none-eabi/lib/thumb/v6-m/nofp\libc_nano.a(lib_a-nano-mallocr.o)
__malloc_sbrk_start                               e:/program files (x86)/gnu arm embedded toolchain/10 2021.10/bin/../lib/gcc/arm-none-eabi/10.3.1/../../../../arm-none-eabi/lib/thumb/v6-m/nofp\libc_nano.a(lib_a-nano-mallocr.o)
__malloc_unlock                                   e:/program files (x86)/gnu arm embedded toolchain/10 2021.10/bin/../lib/gcc/arm-none-eabi/10.3.1/../../../../arm-none-eabi/lib/thumb/v6-m/nofp\libc_nano.a(lib_a-mlock.o)
                                                  e:/program files (x86)/gnu arm embedded toolchain/10 2021.10/bin/../lib/gcc/arm-none-eabi/10.3.1/../../../../arm-none-eabi/lib/thumb/v6-m/nofp\libc_nano.a(lib_a-nano-freer.o)
                                                  e:/program files (x86)/gnu arm embedded toolchain/10 2021.10/bin/../lib/gcc/arm-none-eabi/10.3.1/../../../../arm-none-eabi/lib/thumb/v6-m/nofp\libc_nano.a(lib_a-nano-mallocr.o)
__nesf2                                           e:/program files (x86)/gnu arm embedded toolchain/10 2021.10/bin/../lib/gcc/arm-none-eabi/10.3.1/thumb/v6-m/nofp\libgcc.a(eqsf2.o)
__preinit_array_end                               e:/program files (x86)/gnu arm embedded toolchain/10 2021.10/bin/../lib/gcc/arm-none-eabi/10.3.1/../../../../arm-none-eabi/lib/thumb/v6-m/nofp\libc_nano.a(lib_a-init.o)
__preinit_array_start                             e:/program files (x86)/gnu arm embedded toolchain/10 2021.10/bin/../lib/gcc/arm-none-eabi/10.3.1/../../../../arm-none-eabi/lib/thumb/v6-m/nofp\libc_nano.a(lib_a-init.o)