Archive member included to satisfy reference by file (symbol)

c:/program files (x86)/gnu arm embedded toolchain/10 2021.10/bin/../lib/gcc/arm-none-eabi/10.3.1/../../../../arm-none-eabi/lib/thumb/v6-m/nofp\libc_nano.a(lib_a-errno.o)
                              build/syscalls.o (__errno)
c:/program files (x86)/gnu arm embedded toolchain/10 2021.10/bin/../lib/gcc/arm-none-eabi/10.3.1/../../../../arm-none-eabi/lib/thumb/v6-m/nofp\libc_nano.a(lib_a-exit.o)
                              c:/program files (x86)/gnu arm embedded toolchain/10 2021.10/bin/../lib/gcc/arm-none-eabi/10.3.1/../../../../arm-none-eabi/lib/thumb/v6-m/nofp/crt0.o (exit)
c:/program files (x86)/gnu arm embedded toolchain/10 2021.10/bin/../lib/gcc/arm-none-eabi/10.3.1/../../../../arm-none-eabi/lib/thumb/v6-m/nofp\libc_nano.a(lib_a-impure.o)
                              c:/program files (x86)/gnu arm embedded toolchain/10 2021.10/bin/../lib/gcc/arm-none-eabi/10.3.1/../../../../arm-none-eabi/lib/thumb/v6-m/nofp\libc_nano.a(lib_a-exit.o) (_global_impure_ptr)
c:/program files (x86)/gnu arm embedded toolchain/10 2021.10/bin/../lib/gcc/arm-none-eabi/10.3.1/../../../../arm-none-eabi/lib/thumb/v6-m/nofp\libc_nano.a(lib_a-init.o)
                              c:/program files (x86)/gnu arm embedded toolchain/10 2021.10/bin/../lib/gcc/arm-none-eabi/10.3.1/../../../../arm-none-eabi/lib/thumb/v6-m/nofp/crt0.o (__libc_init_array)
c:/program files (x86)/gnu arm embedded toolchain/10 2021.10/bin/../lib/gcc/arm-none-eabi/10.3.1/../../../../arm-none-eabi/lib/thumb/v6-m/nofp\libc_nano.a(lib_a-memcpy-stub.o)
                              build/random_flash_utils.o (memcpy)
c:/program files (x86)/gnu arm embedded toolchain/10 2021.10/bin/../lib/gcc/arm-none-eabi/10.3.1/../../../../arm-none-eabi/lib/thumb/v6-m/nofp\libc_nano.a(lib_a-memset.o)
                              c:/program files (x86)/gnu arm embedded toolchain/10 2021.10/bin/../lib/gcc/arm-none-eabi/10.3.1/../../../../arm-none-eabi/lib/thumb/v6-m/nofp/crt0.o (memset)
c:/program files (x86)/gnu arm embedded toolchain/10 2021.10/bin/../lib/gcc/arm-none-eabi/10.3.1/../../../../arm-none-eabi/lib/thumb/v6-m/nofp\libc_nano.a(lib_a-puts.o)
                              build/main.o (puts)
c:/program files (x86)/gnu arm embedded toolchain/10 2021.10/bin/../lib/gcc/arm-none-eabi/10.3.1/../../../../arm-none-eabi/lib/thumb/v6-m/nofp\libc_nano.a(lib_a-wbuf.o)
                              c:/program files (x86)/gnu arm embedded toolchain/10 2021.10/bin/../lib/gcc/arm-none-eabi/10.3.1/../../../../arm-none-eabi/lib/thumb/v6-m/nofp\libc_nano.a(lib_a-puts.o) (__swbuf_r)
c:/program files (x86)/gnu arm embedded toolchain/10 2021.10/bin/../lib/gcc/arm-none-eabi/10.3.1/../../../../arm-none-eabi/lib/thumb/v6-m/nofp\libc_nano.a(lib_a-wsetup.o)
                              c:/program files (x86)/gnu arm embedded toolchain/10 2021.10/bin/../lib/gcc/arm-none-eabi/10.3.1/../../../../arm-none-eabi/lib/thumb/v6-m/nofp\libc_nano.a(lib_a-puts.o) (__swsetup_r)
c:/program files (x86)/gnu arm embedded toolchain/10 2021.10/bin/../lib/gcc/arm-none-eabi/10.3.1/../../../../arm-none-eabi/lib/thumb/v6-m/nofp\libc_nano.a(lib_a-fflush.o)
                              c:/program files (x86)/gnu arm embedded toolchain/10 2021.10/bin/../lib/gcc/arm-none-eabi/10.3.1/../../../../arm-none-eabi/lib/thumb/v6-m/nofp\libc_nano.a(lib_a-wbuf.o) (_fflush_r)
c:/program files (x86)/gnu arm embedded toolchain/10 2021.10/bin/../lib/gcc/arm-none-eabi/10.3.1/../../../../arm-none-eabi/lib/thumb/v6-m/nofp\libc_nano.a(lib_a-findfp.o)
                              c:/program files (x86)/gnu arm embedded toolchain/10 2021.10/bin/../lib/gcc/arm-none-eabi/10.3.1/../../../../arm-none-eabi/lib/thumb/v6-m/nofp\libc_nano.a(lib_a-puts.o) (__sinit)
c:/program files (x86)/gnu arm embedded toolchain/10 2021.10/bin/../lib/gcc/arm-none-eabi/10.3.1/../../../../arm-none-eabi/lib/thumb/v6-m/nofp\libc_nano.a(lib_a-fwalk.o)
                              c:/program files (x86)/gnu arm embedded toolchain/10 2021.10/bin/../lib/gcc/arm-none-eabi/10.3.1/../../../../arm-none-eabi/lib/thumb/v6-m/nofp\libc_nano.a(lib_a-findfp.o) (_fwalk)
c:/program files (x86)/gnu arm embedded toolchain/10 2021.10/bin/../lib/gcc/arm-none-eabi/10.3.1/../../../../arm-none-eabi/lib/thumb/v6-m/nofp\libc_nano.a(lib_a-lock.o)
                              c:/program files (x86)/gnu arm embedded toolchain/10 2021.10/bin/../lib/gcc/arm-none-eabi/10.3.1/../../../../arm-none-eabi/lib/thumb/v6-m/nofp\libc_nano.a(lib_a-findfp.o) (__retarget_lock_init_recursive)
c:/program files (x86)/gnu arm embedded toolchain/10 2021.10/bin/../lib/gcc/arm-none-eabi/10.3.1/../../../../arm-none-eabi/lib/thumb/v6-m/nofp\libc_nano.a(lib_a-makebuf.o)
                              c:/program files (x86)/gnu arm embedded toolchain/10 2021.10/bin/../lib/gcc/arm-none-eabi/10.3.1/../../../../arm-none-eabi/lib/thumb/v6-m/nofp\libc_nano.a(lib_a-wsetup.o) (__smakebuf_r)
[...]
Memory Configuration

Name             Origin             Length             Attributes
RAM              0x20000000         0x00001800         xrw
FLASH            0x08000000         0x00008000         xr
*default*        0x00000000         0xffffffff

Linker script and memory map

LOAD c:/program files (x86)/gnu arm embedded toolchain/10 2021.10/bin/../lib/gcc/arm-none-eabi/10.3.1/thumb/v6-m/nofp/crti.o
LOAD c:/program files (x86)/gnu arm embedded toolchain/10 2021.10/bin/../lib/gcc/arm-none-eabi/10.3.1/thumb/v6-m/nofp/crtbegin.o
LOAD c:/program files (x86)/gnu arm embedded toolchain/10 2021.10/bin/../lib/gcc/arm-none-eabi/10.3.1/../../../../arm-none-eabi/lib/thumb/v6-m/nofp/crt0.o
LOAD build/main.o
LOAD build/gpio.o
LOAD build/adc.o
LOAD build/dma.o
LOAD build/tim.o
LOAD build/syscalls.o
LOAD build/stm32f0xx_it.o
LOAD build/system_stm32f0xx.o
LOAD build/i2c.o
LOAD build/usart.o
LOAD build/stm32f0xx_hal_msp.o
LOAD build/stm32f0xx_hal_adc.o
LOAD build/stm32f0xx_hal_adc_ex.o
LOAD build/stm32f0xx_hal_rcc.o
LOAD build/stm32f0xx_hal_rcc_ex.o
LOAD build/stm32f0xx_hal.o
LOAD build/stm32f0xx_hal_i2c.o
LOAD build/stm32f0xx_hal_i2c_ex.o
LOAD build/stm32f0xx_hal_gpio.o
LOAD build/stm32f0xx_hal_dma.o
LOAD build/stm32f0xx_hal_cortex.o
LOAD build/stm32f0xx_hal_pwr.o
LOAD build/stm32f0xx_hal_pwr_ex.o
LOAD build/stm32f0xx_hal_flash.o
LOAD build/stm32f0xx_hal_flash_ex.o
LOAD build/stm32f0xx_hal_exti.o
LOAD build/stm32f0xx_hal_tim.o
LOAD build/stm32f0xx_hal_tim_ex.o
LOAD build/stm32f0xx_hal_uart.o
LOAD build/stm32f0xx_hal_uart_ex.o
LOAD build/user.o
LOAD build/motor.o
LOAD build/random_flash_utils.o
LOAD build/startup_stm32f042x6.o
LOAD c:/program files (x86)/gnu arm embedded toolchain/10 2021.10/bin/../lib/gcc/arm-none-eabi/10.3.1/../../../../arm-none-eabi/lib/thumb/v6-m/nofp\libc_nano.a
LOAD c:/program files (x86)/gnu arm embedded toolchain/10 2021.10/bin/../lib/gcc/arm-none-eabi/10.3.1/../../../../arm-none-eabi/lib/thumb/v6-m/nofp\libm.a
LOAD c:/program files (x86)/gnu arm embedded toolchain/10 2021.10/bin/../lib/gcc/arm-none-eabi/10.3.1/../../../../arm-none-eabi/lib/thumb/v6-m/nofp\libnosys.a
START GROUP
LOAD c:/program files (x86)/gnu arm embedded toolchain/10 2021.10/bin/../lib/gcc/arm-none-eabi/10.3.1/thumb/v6-m/nofp\libgcc.a
LOAD c:/program files (x86)/gnu arm embedded toolchain/10 2021.10/bin/../lib/gcc/arm-none-eabi/10.3.1/../../../../arm-none-eabi/lib/thumb/v6-m/nofp\libc_nano.a
END GROUP
START GROUP
LOAD c:/program files (x86)/gnu arm embedded toolchain/10 2021.10/bin/../lib/gcc/arm-none-eabi/10.3.1/thumb/v6-m/nofp\libgcc.a
LOAD c:/program files (x86)/gnu arm embedded toolchain/10 2021.10/bin/../lib/gcc/arm-none-eabi/10.3.1/../../../../arm-none-eabi/lib/thumb/v6-m/nofp\libc_nano.a
END GROUP
LOAD c:/program files (x86)/gnu arm embedded toolchain/10 2021.10/bin/../lib/gcc/arm-none-eabi/10.3.1/thumb/v6-m/nofp/crtend.o
LOAD c:/program files (x86)/gnu arm embedded toolchain/10 2021.10/bin/../lib/gcc/arm-none-eabi/10.3.1/thumb/v6-m/nofp/crtn.o
                0x20001800                _estack = (ORIGIN (RAM) + LENGTH (RAM))
                0x00000200                _Min_Heap_Size = 0x200
                0x00000400                _Min_Stack_Size = 0x400

.isr_vector     0x08000000       0xc0
                0x08000000                . = ALIGN (0x4)
 *(.isr_vector)
 .isr_vector    0x08000000       0xc0 build/startup_stm32f042x6.o
                0x08000000                g_pfnVectors
                0x080000c0                . = ALIGN (0x4)

.text           0x080000c0     0x6aec
                0x080000c0                . = ALIGN (0x4)
 *(.text)
 .text          0x080000c0       0x48 c:/program files (x86)/gnu arm embedded toolchain/10 2021.10/bin/../lib/gcc/arm-none-eabi/10.3.1/thumb/v6-m/nofp/crtbegin.o
 .text          0x08000108      0x114 c:/program files (x86)/gnu arm embedded toolchain/10 2021.10/bin/../lib/gcc/arm-none-eabi/10.3.1/thumb/v6-m/nofp\libgcc.a(_udivsi3.o)
                0x08000108                __aeabi_uidiv
                0x08000108                __udivsi3
                0x08000214                __aeabi_uidivmod
 .text          0x0800021c        0x4 c:/program files (x86)/gnu arm embedded toolchain/10 2021.10/bin/../lib/gcc/arm-none-eabi/10.3.1/thumb/v6-m/nofp\libgcc.a(_dvmd_tls.o)
                0x0800021c                __aeabi_idiv0
                0x0800021c                __aeabi_ldiv0
 .text          0x08000220       0x74 c:/program files (x86)/gnu arm embedded toolchain/10 2021.10/bin/../lib/gcc/arm-none-eabi/10.3.1/thumb/v6-m/nofp\libgcc.a(_arm_cmpsf2.o)
                0x08000220                __aeabi_cfrcmple
                0x08000228                __aeabi_cfcmpeq
                0x08000228                __aeabi_cfcmple
                0x08000238                __aeabi_fcmpeq
                0x08000244                __aeabi_fcmplt
                0x08000258                __aeabi_fcmple
                0x0800026c                __aeabi_fcmpgt
                0x08000280                __aeabi_fcmpge
 .text          0x08000294      0x33c c:/program files (x86)/gnu arm embedded toolchain/10 2021.10/bin/../lib/gcc/arm-none-eabi/10.3.1/thumb/v6-m/nofp\libgcc.a(addsf3.o)
                0x08000294                __aeabi_fadd
 .text          0x080005d0      0x230 c:/program files (x86)/gnu arm embedded toolchain/10 2021.10/bin/../lib/gcc/arm-none-eabi/10.3.1/thumb/v6-m/nofp\libgcc.a(divsf3.o)
                0x080005d0                __aeabi_fdiv
 .text          0x08000800       0x4c c:/program files (x86)/gnu arm embedded toolchain/10 2021.10/bin/../lib/gcc/arm-none-eabi/10.3.1/thumb/v6-m/nofp\libgcc.a(eqsf2.o)
                0x08000800                __eqsf2
                0x08000800                __nesf2
 .text          0x0800084c       0x8c c:/program files (x86)/gnu arm embedded toolchain/10 2021.10/bin/../lib/gcc/arm-none-eabi/10.3.1/thumb/v6-m/nofp\libgcc.a(gesf2.o)
                0x0800084c                __gesf2
                0x0800084c                __gtsf2
 .text          0x080008d8       0x88 c:/program files (x86)/gnu arm embedded toolchain/10 2021.10/bin/../lib/gcc/arm-none-eabi/10.3.1/thumb/v6-m/nofp\libgcc.a(lesf2.o)
                0x080008d8                __ltsf2
                0x080008d8                __lesf2
 .text          0x08000960      0x24c c:/program files (x86)/gnu arm embedded toolchain/10 2021.10/bin/../lib/gcc/arm-none-eabi/10.3.1/thumb/v6-m/nofp\libgcc.a(mulsf3.o)
                0x08000960                __aeabi_fmul
 .text          0x08000bac      0x35c c:/program files (x86)/gnu arm embedded toolchain/10 2021.10/bin/../lib/gcc/arm-none-eabi/10.3.1/thumb/v6-m/nofp\libgcc.a(subsf3.o)
                0x08000bac                __aeabi_fsub
 .text          0x08000f08       0x40 c:/program files (x86)/gnu arm embedded toolchain/10 2021.10/bin/../lib/gcc/arm-none-eabi/10.3.1/thumb/v6-m/nofp\libgcc.a(fixsfsi.o)
                0x08000f08                __aeabi_f2iz
 .text          0x08000f48       0x84 c:/program files (x86)/gnu arm embedded toolchain/10 2021.10/bin/../lib/gcc/arm-none-eabi/10.3.1/thumb/v6-m/nofp\libgcc.a(floatunsisf.o)
                0x08000f48                __aeabi_ui2f
 .text          0x08000fcc      0xa30 c:/program files (x86)/gnu arm embedded toolchain/10 2021.10/bin/../lib/gcc/arm-none-eabi/10.3.1/thumb/v6-m/nofp\libgcc.a(unwind-arm.o)
                0x08001298                _Unwind_GetCFA
                0x0800129c                __gnu_Unwind_RaiseException
                0x080012f0                __gnu_Unwind_ForcedUnwind
                0x08001304                __gnu_Unwind_Resume
                0x0800134c                __gnu_Unwind_Resume_or_Rethrow
                0x08001368                _Unwind_Complete
                0x0800136c                _Unwind_DeleteException
                0x0800137c                _Unwind_VRS_Get
                0x080013c8                _Unwind_VRS_Set
                0x08001414                __gnu_Unwind_Backtrace
                0x08001770                __aeabi_unwind_cpp_pr0
                0x0800177c                __aeabi_unwind_cpp_pr1
                0x08001788                __aeabi_unwind_cpp_pr2
                0x08001794                _Unwind_VRS_Pop
 .text          0x080019fc      0x144 c:/program files (x86)/gnu arm embedded toolchain/10 2021.10/bin/../lib/gcc/arm-none-eabi/10.3.1/thumb/v6-m/nofp\libgcc.a(libunwind.o)
                0x080019fc                __restore_core_regs
                0x080019fc                restore_core_regs
                0x08001a28                __gnu_Unwind_Restore_VFP
                0x08001a2c                __gnu_Unwind_Save_VFP
                0x08001a30                __gnu_Unwind_Restore_VFP_D
                0x08001a34                __gnu_Unwind_Save_VFP_D
                0x08001a38                __gnu_Unwind_Restore_VFP_D_16_to_31
                0x08001a3c                __gnu_Unwind_Save_VFP_D_16_to_31
                0x08001a40                __gnu_Unwind_Restore_WMMXD
                0x08001a44                __gnu_Unwind_Save_WMMXD
                0x08001a48                __gnu_Unwind_Restore_WMMXC
                0x08001a4c                __gnu_Unwind_Save_WMMXC
                0x08001a50                ___Unwind_RaiseException
                0x08001a50                _Unwind_RaiseException
                0x08001a80                _Unwind_Resume
                0x08001a80                ___Unwind_Resume
                0x08001ab0                _Unwind_Resume_or_Rethrow
                0x08001ab0                ___Unwind_Resume_or_Rethrow
                0x08001ae0                _Unwind_ForcedUnwind
                0x08001ae0                ___Unwind_ForcedUnwind
                0x08001b10                ___Unwind_Backtrace
                0x08001b10                _Unwind_Backtrace
 .text          0x08001b40      0x38c c:/program files (x86)/gnu arm embedded toolchain/10 2021.10/bin/../lib/gcc/arm-none-eabi/10.3.1/thumb/v6-m/nofp\libgcc.a(pr-support.o)
                0x08001b94                __gnu_unwind_execute
                0x08001e84                __gnu_unwind_frame
                0x08001eac                _Unwind_GetRegionStart
                0x08001eb8                _Unwind_GetLanguageSpecificData
 .text          0x08001ecc       0x3c c:/program files (x86)/gnu arm embedded toolchain/10 2021.10/bin/../lib/gcc/arm-none-eabi/10.3.1/thumb/v6-m/nofp\libgcc.a(_clzsi2.o)
                0x08001ecc                __clzsi2
 *(.text*)
 .text._write   0x08001f08       0x1c build/main.o
                0x08001f08                _write
 .text.Error_Handler
                0x08001f24        0x4 build/main.o
                0x08001f24                Error_Handler
 .text.SystemClock_Config
                0x08001f28       0x8a build/main.o
                0x08001f28                SystemClock_Config
 *fill*         0x08001fb2        0x2 
 .text.main     0x08001fb4       0x38 build/main.o
                0x08001fb4                main
 .text.MX_GPIO_Init
                0x08001fec       0x20 build/gpio.o
                0x08001fec                MX_GPIO_Init
 .text.MX_ADC_Init
                0x0800200c       0x88 build/adc.o
                0x0800200c                MX_ADC_Init
 .text.HAL_ADC_MspInit
                0x08002094       0x9c build/adc.o
                0x08002094                HAL_ADC_MspInit
 .text.MX_DMA_Init
                0x08002130       0x30 build/dma.o
                0x08002130                MX_DMA_Init
 .text.MX_TIM14_Init
                0x08002160       0x34 build/tim.o
                0x08002160                MX_TIM14_Init
 .text.HAL_TIM_PWM_MspInit
                0x08002194       0x2c build/tim.o
                0x08002194                HAL_TIM_PWM_MspInit
 .text.HAL_TIM_Base_MspInit
                0x080021c0       0x40 build/tim.o
                0x080021c0                HAL_TIM_Base_MspInit
 .text.HAL_TIM_MspPostInit
                0x08002200       0x50 build/tim.o
                0x08002200                HAL_TIM_MspPostInit
 .text.MX_TIM3_Init
                0x08002250       0x9c build/tim.o
                0x08002250                MX_TIM3_Init
 .text._getpid  0x080022ec        0x4 build/syscalls.o
                0x080022ec                _getpid
 .text._kill    0x080022f0       0x10 build/syscalls.o
                0x080022f0                _kill
 .text._exit    0x08002300        0xc build/syscalls.o
                0x08002300                _exit
 .text._read    0x0800230c       0x1c build/syscalls.o
                0x0800230c                _read
 .text._sbrk    0x08002328       0x3c build/syscalls.o
                0x08002328                _sbrk
 .text.NMI_Handler
                0x08002364        0x2 build/stm32f0xx_it.o
                0x08002364                NMI_Handler
 .text.HardFault_Handler
                0x08002366        0x2 build/stm32f0xx_it.o
                0x08002366                HardFault_Handler
 .text.SVC_Handler
                0x08002368        0x2 build/stm32f0xx_it.o
                0x08002368                SVC_Handler
 .text.PendSV_Handler
                0x0800236a        0x2 build/stm32f0xx_it.o
                0x0800236a                PendSV_Handler
 .text.SysTick_Handler
                0x0800236c        0x8 build/stm32f0xx_it.o
                0x0800236c                SysTick_Handler
 .text.DMA1_Channel1_IRQHandler
                0x08002374       0x10 build/stm32f0xx_it.o
                0x08002374                DMA1_Channel1_IRQHandler
 .text.TIM14_IRQHandler
                0x08002384       0x10 build/stm32f0xx_it.o
                0x08002384                TIM14_IRQHandler
 .text.I2C1_IRQHandler
                0x08002394       0x24 build/stm32f0xx_it.o
                0x08002394                I2C1_IRQHandler
 .text.SystemInit
                0x080023b8        0x2 build/system_stm32f0xx.o
                0x080023b8                SystemInit
 *fill*         0x080023ba        0x2 
 .text.HAL_I2C_MspInit
                0x080023bc       0x7c build/i2c.o
                0x080023bc                HAL_I2C_MspInit
 .text.MY_I2C1_Init
                0x08002438       0x64 build/i2c.o
                0x08002438                MY_I2C1_Init
 .text.MX_USART2_UART_Init
                0x0800249c       0x3c build/usart.o
                0x0800249c                MX_USART2_UART_Init
 .text.HAL_UART_MspInit
                0x080024d8       0x64 build/usart.o
                0x080024d8                HAL_UART_MspInit
 .text.HAL_MspInit
                0x0800253c       0x30 build/stm32f0xx_hal_msp.o
                0x0800253c                HAL_MspInit
 .text.ADC_Enable
                0x0800256c       0xb0 build/stm32f0xx_hal_adc.o
 .text.HAL_ADC_Init
                0x0800261c      0x184 build/stm32f0xx_hal_adc.o
                0x0800261c                HAL_ADC_Init
 .text.HAL_ADC_Start
                0x080027a0       0x60 build/stm32f0xx_hal_adc.o
                0x080027a0                HAL_ADC_Start
 .text.HAL_ADC_Start_DMA
                0x08002800       0xa8 build/stm32f0xx_hal_adc.o
                0x08002800                HAL_ADC_Start_DMA
 .text.ADC_DMAConvCplt
                0x080028a8       0x70 build/stm32f0xx_hal_adc.o
 .text.HAL_ADC_ConvHalfCpltCallback
                0x08002918        0x2 build/stm32f0xx_hal_adc.o
                0x08002918                HAL_ADC_ConvHalfCpltCallback
 .text.ADC_DMAHalfConvCplt
                0x0800291a        0xa build/stm32f0xx_hal_adc.o
 .text.HAL_ADC_ErrorCallback
                0x08002924        0x2 build/stm32f0xx_hal_adc.o
                0x08002924                HAL_ADC_ErrorCallback
 .text.ADC_DMAError
                0x08002926       0x1a build/stm32f0xx_hal_adc.o
 .text.HAL_ADC_ConfigChannel
                0x08002940      0x14c build/stm32f0xx_hal_adc.o
                0x08002940                HAL_ADC_ConfigChannel
 .text.HAL_RCC_DeInit
                0x08002a8c       0xcc build/stm32f0xx_hal_rcc.o
                0x08002a8c                HAL_RCC_DeInit
 .text.HAL_RCC_OscConfig
                0x08002b58      0x544 build/stm32f0xx_hal_rcc.o
                0x08002b58                HAL_RCC_OscConfig
 .text.HAL_RCC_GetSysClockFreq
                0x0800309c       0x94 build/stm32f0xx_hal_rcc.o
                0x0800309c                HAL_RCC_GetSysClockFreq
 .text.HAL_RCC_ClockConfig
                0x08003130      0x144 build/stm32f0xx_hal_rcc.o
                0x08003130                HAL_RCC_ClockConfig
 .text.HAL_RCC_GetHCLKFreq
                0x08003274        0xc build/stm32f0xx_hal_rcc.o
                0x08003274                HAL_RCC_GetHCLKFreq
 .text.HAL_RCC_GetPCLK1Freq
                0x08003280       0x20 build/stm32f0xx_hal_rcc.o
                0x08003280                HAL_RCC_GetPCLK1Freq
 .text.HAL_RCCEx_PeriphCLKConfig
                0x080032a0      0x144 build/stm32f0xx_hal_rcc_ex.o
                0x080032a0                HAL_RCCEx_PeriphCLKConfig
 .text.HAL_InitTick
                0x080033e4       0x50 build/stm32f0xx_hal.o
                0x080033e4                HAL_InitTick
 .text.HAL_Init
                0x08003434       0x20 build/stm32f0xx_hal.o
                0x08003434                HAL_Init
 .text.HAL_IncTick
                0x08003454       0x18 build/stm32f0xx_hal.o
                0x08003454                HAL_IncTick
 .text.HAL_GetTick
                0x0800346c        0xc build/stm32f0xx_hal.o
                0x0800346c                HAL_GetTick
 .text.HAL_Delay
                0x08003478       0x24 build/stm32f0xx_hal.o
                0x08003478                HAL_Delay
 .text.I2C_Flush_TXDR
                0x0800349c       0x1e build/stm32f0xx_hal_i2c.o
 *fill*         0x080034ba        0x2 
 .text.I2C_TransferConfig
                0x080034bc       0x30 build/stm32f0xx_hal_i2c.o
 .text.I2C_Enable_IRQ
                0x080034ec       0x70 build/stm32f0xx_hal_i2c.o
 .text.I2C_Disable_IRQ
                0x0800355c       0x6c build/stm32f0xx_hal_i2c.o
 .text.I2C_IsAcknowledgeFailed
                0x080035c8       0x90 build/stm32f0xx_hal_i2c.o
 .text.I2C_WaitOnTXISFlagUntilTimeout
                0x08003658       0x52 build/stm32f0xx_hal_i2c.o
 .text.I2C_WaitOnFlagUntilTimeout
                0x080036aa       0x54 build/stm32f0xx_hal_i2c.o
 .text.I2C_WaitOnSTOPFlagUntilTimeout
                0x080036fe       0x4e build/stm32f0xx_hal_i2c.o
 .text.HAL_I2C_Init
                0x0800374c       0xcc build/stm32f0xx_hal_i2c.o
                0x0800374c                HAL_I2C_Init
 .text.HAL_I2C_Slave_Transmit
                0x08003818      0x1a0 build/stm32f0xx_hal_i2c.o
                0x08003818                HAL_I2C_Slave_Transmit
 .text.HAL_I2C_Slave_Receive_IT
                0x080039b8       0x68 build/stm32f0xx_hal_i2c.o
                0x080039b8                HAL_I2C_Slave_Receive_IT
 .text.HAL_I2C_EV_IRQHandler
                0x08003a20       0x12 build/stm32f0xx_hal_i2c.o
                0x08003a20                HAL_I2C_EV_IRQHandler
 .text.HAL_I2C_MasterTxCpltCallback
                0x08003a32        0x2 build/stm32f0xx_hal_i2c.o
                0x08003a32                HAL_I2C_MasterTxCpltCallback
 .text.HAL_I2C_MasterRxCpltCallback
                0x08003a34        0x2 build/stm32f0xx_hal_i2c.o
                0x08003a34                HAL_I2C_MasterRxCpltCallback
 .text.I2C_ITMasterSeqCplt
                0x08003a36       0x52 build/stm32f0xx_hal_i2c.o
 .text.HAL_I2C_SlaveTxCpltCallback
                0x08003a88        0x2 build/stm32f0xx_hal_i2c.o
                0x08003a88                HAL_I2C_SlaveTxCpltCallback
 *fill*         0x08003a8a        0x2 
 .text.I2C_ITSlaveSeqCplt
                0x08003a8c       0x84 build/stm32f0xx_hal_i2c.o
 .text.HAL_I2C_AddrCallback
                0x08003b10        0x2 build/stm32f0xx_hal_i2c.o
                0x08003b10                HAL_I2C_AddrCallback
 .text.I2C_ITAddrCplt
                0x08003b12       0xa4 build/stm32f0xx_hal_i2c.o
 .text.HAL_I2C_ListenCpltCallback
                0x08003bb6        0x2 build/stm32f0xx_hal_i2c.o
                0x08003bb6                HAL_I2C_ListenCpltCallback
 .text.I2C_ITListenCplt
                0x08003bb8       0x68 build/stm32f0xx_hal_i2c.o
 .text.HAL_I2C_MemTxCpltCallback
                0x08003c20        0x2 build/stm32f0xx_hal_i2c.o
                0x08003c20                HAL_I2C_MemTxCpltCallback
 .text.HAL_I2C_MemRxCpltCallback
                0x08003c22        0x2 build/stm32f0xx_hal_i2c.o
                0x08003c22                HAL_I2C_MemRxCpltCallback
 .text.HAL_I2C_ErrorCallback
                0x08003c24        0x2 build/stm32f0xx_hal_i2c.o
                0x08003c24                HAL_I2C_ErrorCallback
 .text.HAL_I2C_AbortCpltCallback
                0x08003c26        0x2 build/stm32f0xx_hal_i2c.o
                0x08003c26                HAL_I2C_AbortCpltCallback
 .text.I2C_TreatErrorCallback
                0x08003c28       0x2c build/stm32f0xx_hal_i2c.o
 .text.I2C_ITError
                0x08003c54      0x110 build/stm32f0xx_hal_i2c.o
 .text.I2C_ITSlaveCplt
                0x08003d64      0x168 build/stm32f0xx_hal_i2c.o
 .text.I2C_Slave_ISR_IT
                0x08003ecc      0x14c build/stm32f0xx_hal_i2c.o
 .text.I2C_ITMasterCplt
                0x08004018      0x118 build/stm32f0xx_hal_i2c.o
 .text.I2C_Slave_ISR_DMA
                0x08004130      0x12c build/stm32f0xx_hal_i2c.o
 .text.I2C_Master_ISR_DMA
                0x0800425c      0x13c build/stm32f0xx_hal_i2c.o
 .text.HAL_I2C_ER_IRQHandler
                0x08004398       0x5e build/stm32f0xx_hal_i2c.o
                0x08004398                HAL_I2C_ER_IRQHandler
 .text.I2C_DMAAbort
                0x080043f6       0x1e build/stm32f0xx_hal_i2c.o
 .text.HAL_I2CEx_ConfigAnalogFilter
                0x08004414       0x58 build/stm32f0xx_hal_i2c_ex.o
                0x08004414                HAL_I2CEx_ConfigAnalogFilter
 .text.HAL_I2CEx_ConfigDigitalFilter
                0x0800446c       0x54 build/stm32f0xx_hal_i2c_ex.o
                0x0800446c                HAL_I2CEx_ConfigDigitalFilter
 .text.HAL_GPIO_Init
                0x080044c0      0x180 build/stm32f0xx_hal_gpio.o
                0x080044c0                HAL_GPIO_Init
 .text.DMA_SetConfig
                0x08004640       0x2a build/stm32f0xx_hal_dma.o
 *fill*         0x0800466a        0x2 
 .text.DMA_CalcBaseAndBitshift
                0x0800466c       0x24 build/stm32f0xx_hal_dma.o
 .text.HAL_DMA_Init
                0x08004690       0x50 build/stm32f0xx_hal_dma.o
                0x08004690                HAL_DMA_Init
 .text.HAL_DMA_Start_IT
                0x080046e0       0x76 build/stm32f0xx_hal_dma.o
                0x080046e0                HAL_DMA_Start_IT
 .text.HAL_DMA_Abort_IT
                0x08004756       0x4a build/stm32f0xx_hal_dma.o
                0x08004756                HAL_DMA_Abort_IT
 .text.HAL_DMA_IRQHandler
                0x080047a0       0xaa build/stm32f0xx_hal_dma.o
                0x080047a0                HAL_DMA_IRQHandler
 .text.HAL_DMA_GetState
                0x0800484a        0x8 build/stm32f0xx_hal_dma.o
                0x0800484a                HAL_DMA_GetState
 *fill*         0x08004852        0x2 
 .text.HAL_NVIC_SetPriority
                0x08004854       0x60 build/stm32f0xx_hal_cortex.o
                0x08004854                HAL_NVIC_SetPriority
 .text.HAL_NVIC_EnableIRQ
                0x080048b4       0x18 build/stm32f0xx_hal_cortex.o
                0x080048b4                HAL_NVIC_EnableIRQ
 .text.HAL_NVIC_SystemReset
                0x080048cc       0x1c build/stm32f0xx_hal_cortex.o
                0x080048cc                HAL_NVIC_SystemReset
 .text.HAL_SYSTICK_Config
                0x080048e8       0x38 build/stm32f0xx_hal_cortex.o
                0x080048e8                HAL_SYSTICK_Config
 .text.FLASH_Program_HalfWord
                0x08004920       0x20 build/stm32f0xx_hal_flash.o
 .text.FLASH_SetErrorCode
                0x08004940       0x40 build/stm32f0xx_hal_flash.o
 .text.HAL_FLASH_Unlock
                0x08004980       0x30 build/stm32f0xx_hal_flash.o
                0x08004980                HAL_FLASH_Unlock
 .text.HAL_FLASH_Lock
                0x080049b0       0x14 build/stm32f0xx_hal_flash.o
                0x080049b0                HAL_FLASH_Lock
 .text.FLASH_WaitForLastOperation
                0x080049c4       0x58 build/stm32f0xx_hal_flash.o
                0x080049c4                FLASH_WaitForLastOperation
 .text.HAL_FLASH_Program
                0x08004a1c       0xa8 build/stm32f0xx_hal_flash.o
                0x08004a1c                HAL_FLASH_Program
 .text.FLASH_MassErase
                0x08004ac4       0x24 build/stm32f0xx_hal_flash_ex.o
 .text.FLASH_PageErase
                0x08004ae8       0x24 build/stm32f0xx_hal_flash_ex.o
                0x08004ae8                FLASH_PageErase
 .text.HAL_FLASHEx_Erase
                0x08004b0c       0xa4 build/stm32f0xx_hal_flash_ex.o
                0x08004b0c                HAL_FLASHEx_Erase
 .text.TIM_OC1_SetConfig
                0x08004bb0       0x78 build/stm32f0xx_hal_tim.o
 .text.TIM_OC3_SetConfig
                0x08004c28       0x88 build/stm32f0xx_hal_tim.o
 .text.TIM_OC4_SetConfig
                0x08004cb0       0x68 build/stm32f0xx_hal_tim.o
 .text.HAL_TIM_Base_Start_IT
                0x08004d18       0x60 build/stm32f0xx_hal_tim.o
                0x08004d18                HAL_TIM_Base_Start_IT
 .text.HAL_TIM_OC_DelayElapsedCallback
                0x08004d78        0x2 build/stm32f0xx_hal_tim.o
                0x08004d78                HAL_TIM_OC_DelayElapsedCallback
 .text.HAL_TIM_IC_CaptureCallback
                0x08004d7a        0x2 build/stm32f0xx_hal_tim.o
                0x08004d7a                HAL_TIM_IC_CaptureCallback
 .text.HAL_TIM_PWM_PulseFinishedCallback
                0x08004d7c        0x2 build/stm32f0xx_hal_tim.o
                0x08004d7c                HAL_TIM_PWM_PulseFinishedCallback
 .text.HAL_TIM_TriggerCallback
                0x08004d7e        0x2 build/stm32f0xx_hal_tim.o
                0x08004d7e                HAL_TIM_TriggerCallback
 .text.HAL_TIM_IRQHandler
                0x08004d80      0x15a build/stm32f0xx_hal_tim.o
                0x08004d80                HAL_TIM_IRQHandler
 *fill*         0x08004eda        0x2 
 .text.TIM_Base_SetConfig
                0x08004edc       0x94 build/stm32f0xx_hal_tim.o
                0x08004edc                TIM_Base_SetConfig
 .text.HAL_TIM_Base_Init
                0x08004f70       0x58 build/stm32f0xx_hal_tim.o
                0x08004f70                HAL_TIM_Base_Init
 .text.HAL_TIM_PWM_Init
                0x08004fc8       0x58 build/stm32f0xx_hal_tim.o
                0x08004fc8                HAL_TIM_PWM_Init
 .text.TIM_OC2_SetConfig
                0x08005020       0x80 build/stm32f0xx_hal_tim.o
                0x08005020                TIM_OC2_SetConfig
 .text.HAL_TIM_PWM_ConfigChannel
                0x080050a0       0xf0 build/stm32f0xx_hal_tim.o
                0x080050a0                HAL_TIM_PWM_ConfigChannel
 .text.TIM_CCxChannelCmd
                0x08005190       0x1a build/stm32f0xx_hal_tim.o
                0x08005190                TIM_CCxChannelCmd
 *fill*         0x080051aa        0x2 
 .text.HAL_TIM_PWM_Start
                0x080051ac       0xec build/stm32f0xx_hal_tim.o
                0x080051ac                HAL_TIM_PWM_Start
 .text.HAL_TIMEx_MasterConfigSynchronization
                0x08005298       0x64 build/stm32f0xx_hal_tim_ex.o
                0x08005298                HAL_TIMEx_MasterConfigSynchronization
 .text.HAL_TIMEx_CommutCallback
                0x080052fc        0x2 build/stm32f0xx_hal_tim_ex.o
                0x080052fc                HAL_TIMEx_CommutCallback
 .text.HAL_TIMEx_BreakCallback
                0x080052fe        0x2 build/stm32f0xx_hal_tim_ex.o
                0x080052fe                HAL_TIMEx_BreakCallback
 .text.UART_SetConfig
                0x08005300      0x17c build/stm32f0xx_hal_uart.o
                0x08005300                UART_SetConfig
 .text.UART_AdvFeatureConfig
                0x0800547c       0xe0 build/stm32f0xx_hal_uart.o
                0x0800547c                UART_AdvFeatureConfig
 .text.UART_WaitOnFlagUntilTimeout
                0x0800555c       0xdc build/stm32f0xx_hal_uart.o
                0x0800555c                UART_WaitOnFlagUntilTimeout
 .text.HAL_UART_Transmit
                0x08005638      0x102 build/stm32f0xx_hal_uart.o
                0x08005638                HAL_UART_Transmit
 *fill*         0x0800573a        0x2 
 .text.UART_CheckIdleState
                0x0800573c       0x70 build/stm32f0xx_hal_uart.o
                0x0800573c                UART_CheckIdleState
 .text.HAL_UART_Init
                0x080057ac       0x6c build/stm32f0xx_hal_uart.o
                0x080057ac                HAL_UART_Init
 .text._Z41__static_initialization_and_destruction_0ii
                0x08005818       0x20 build/user.o
 .text.HAL_ADC_ConvCpltCallback
                0x08005838        0x2 build/user.o
                0x08005838                HAL_ADC_ConvCpltCallback
 *fill*         0x0800583a        0x2 
 .text.HAL_I2C_SlaveRxCpltCallback
                0x0800583c      0x1f8 build/user.o
                0x0800583c                HAL_I2C_SlaveRxCpltCallback
 .text.HAL_TIM_PeriodElapsedCallback
                0x08005a34       0x94 build/user.o
                0x08005a34                HAL_TIM_PeriodElapsedCallback
 .text._ZN6EEPROM3putI8Config_tEERKT_iS4_
                0x08005ac8       0x58 build/user.o
                0x08005ac8                Config_t const& EEPROM::put<Config_t>(int, Config_t const&)
 .text.Main     0x08005b20      0x1b4 build/user.o
                0x08005b20                Main
 .text._GLOBAL__sub_I_motor
                0x08005cd4       0x10 build/user.o
 .text._ZN5Motor13CalcDceOutputEff
                0x08005ce4      0x10a build/motor.o
                0x08005ce4                Motor::CalcDceOutput(float, float)
 *fill*         0x08005dee        0x2 
 .text._ZN5Motor6SetPwmEs
                0x08005df0       0x54 build/motor.o
                0x08005df0                Motor::SetPwm(short)
 .text._ZN5Motor14SetTorqueLimitEf
                0x08005e44       0x38 build/motor.o
                0x08005e44                Motor::SetTorqueLimit(float)
 .text._ZN5Motor9SetEnableEb
                0x08005e7c        0x6 build/motor.o
                0x08005e7c                Motor::SetEnable(bool)
 *fill*         0x08005e82        0x2 
 .text.eeprom_buffered_read_byte
                0x08005e84        0xc build/random_flash_utils.o
                0x08005e84                eeprom_buffered_read_byte
 .text.eeprom_buffered_write_byte
                0x08005e90        0xc build/random_flash_utils.o
                0x08005e90                eeprom_buffered_write_byte
 .text.eeprom_buffer_fill
                0x08005e9c       0x18 build/random_flash_utils.o
                0x08005e9c                eeprom_buffer_fill
 .text.eeprom_buffer_flush
                0x08005eb4       0x6c build/random_flash_utils.o
                0x08005eb4                eeprom_buffer_flush
 .text.Reset_Handler
                0x08005f20       0x80 build/startup_stm32f042x6.o
                0x08005f20                Reset_Handler
 .text.Default_Handler
                0x08005fa0        0x2 build/startup_stm32f042x6.o
                0x08005fa0                TIM1_CC_IRQHandler
                0x08005fa0                TSC_IRQHandler
                0x08005fa0                RCC_CRS_IRQHandler
                0x08005fa0                SPI1_IRQHandler
                0x08005fa0                EXTI2_3_IRQHandler
                0x08005fa0                ADC1_IRQHandler
                0x08005fa0                TIM17_IRQHandler
                0x08005fa0                CEC_CAN_IRQHandler
                0x08005fa0                RTC_IRQHandler
                0x08005fa0                PVD_VDDIO2_IRQHandler
                0x08005fa0                TIM16_IRQHandler
                0x08005fa0                TIM3_IRQHandler
                0x08005fa0                EXTI4_15_IRQHandler
                0x08005fa0                Default_Handler
                0x08005fa0                DMA1_Channel4_5_IRQHandler
                0x08005fa0                EXTI0_1_IRQHandler
                0x08005fa0                USB_IRQHandler
                0x08005fa0                SPI2_IRQHandler
                0x08005fa0                WWDG_IRQHandler
                0x08005fa0                TIM2_IRQHandler
                0x08005fa0                DMA1_Channel2_3_IRQHandler
                0x08005fa0                USART2_IRQHandler
                0x08005fa0                FLASH_IRQHandler
                0x08005fa0                USART1_IRQHandler
                0x08005fa0                TIM1_BRK_UP_TRG_COM_IRQHandler
 *fill*         0x08005fa2        0x2 
 .text.__errno  0x08005fa4        0xc c:/program files (x86)/gnu arm embedded toolchain/10 2021.10/bin/../lib/gcc/arm-none-eabi/10.3.1/../../../../arm-none-eabi/lib/thumb/v6-m/nofp\libc_nano.a(lib_a-errno.o)
                0x08005fa4                __errno
 .text.__libc_init_array
                0x08005fb0       0x48 c:/program files (x86)/gnu arm embedded toolchain/10 2021.10/bin/../lib/gcc/arm-none-eabi/10.3.1/../../../../arm-none-eabi/lib/thumb/v6-m/nofp\libc_nano.a(lib_a-init.o)
                0x08005fb0                __libc_init_array
 .text.memcpy   0x08005ff8       0x12 c:/program files (x86)/gnu arm embedded toolchain/10 2021.10/bin/../lib/gcc/arm-none-eabi/10.3.1/../../../../arm-none-eabi/lib/thumb/v6-m/nofp\libc_nano.a(lib_a-memcpy-stub.o)
                0x08005ff8                memcpy
 .text.memset   0x0800600a       0x10 c:/program files (x86)/gnu arm embedded toolchain/10 2021.10/bin/../lib/gcc/arm-none-eabi/10.3.1/../../../../arm-none-eabi/lib/thumb/v6-m/nofp\libc_nano.a(lib_a-memset.o)
                0x0800600a                memset
 *fill*         0x0800601a        0x2 
 .text._puts_r  0x0800601c       0xe4 c:/program files (x86)/gnu arm embedded toolchain/10 2021.10/bin/../lib/gcc/arm-none-eabi/10.3.1/../../../../arm-none-eabi/lib/thumb/v6-m/nofp\libc_nano.a(lib_a-puts.o)
                0x0800601c                _puts_r
 .text.puts     0x08006100       0x14 c:/program files (x86)/gnu arm embedded toolchain/10 2021.10/bin/../lib/gcc/arm-none-eabi/10.3.1/../../../../arm-none-eabi/lib/thumb/v6-m/nofp\libc_nano.a(lib_a-puts.o)
                0x08006100                puts
 .text.__swbuf_r
                0x08006114       0xac c:/program files (x86)/gnu arm embedded toolchain/10 2021.10/bin/../lib/gcc/arm-none-eabi/10.3.1/../../../../arm-none-eabi/lib/thumb/v6-m/nofp\libc_nano.a(lib_a-wbuf.o)
                0x08006114                __swbuf_r
 .text.__swsetup_r
                0x080061c0       0xf0 c:/program files (x86)/gnu arm embedded toolchain/10 2021.10/bin/../lib/gcc/arm-none-eabi/10.3.1/../../../../arm-none-eabi/lib/thumb/v6-m/nofp\libc_nano.a(lib_a-wsetup.o)
                0x080061c0                __swsetup_r
 .text.__sflush_r
                0x080062b0      0x118 c:/program files (x86)/gnu arm embedded toolchain/10 2021.10/bin/../lib/gcc/arm-none-eabi/10.3.1/../../../../arm-none-eabi/lib/thumb/v6-m/nofp\libc_nano.a(lib_a-fflush.o)
                0x080062b0                __sflush_r
 .text._fflush_r
                0x080063c8       0x80 c:/program files (x86)/gnu arm embedded toolchain/10 2021.10/bin/../lib/gcc/arm-none-eabi/10.3.1/../../../../arm-none-eabi/lib/thumb/v6-m/nofp\libc_nano.a(lib_a-fflush.o)
                0x080063c8                _fflush_r
 .text.std      0x08006448       0x48 c:/program files (x86)/gnu arm embedded toolchain/10 2021.10/bin/../lib/gcc/arm-none-eabi/10.3.1/../../../../arm-none-eabi/lib/thumb/v6-m/nofp\libc_nano.a(lib_a-findfp.o)
 .text._cleanup_r
                0x08006490       0x10 c:/program files (x86)/gnu arm embedded toolchain/10 2021.10/bin/../lib/gcc/arm-none-eabi/10.3.1/../../../../arm-none-eabi/lib/thumb/v6-m/nofp\libc_nano.a(lib_a-findfp.o)
                0x08006490                _cleanup_r
 .text.__sfmoreglue
                0x080064a0       0x2c c:/program files (x86)/gnu arm embedded toolchain/10 2021.10/bin/../lib/gcc/arm-none-eabi/10.3.1/../../../../arm-none-eabi/lib/thumb/v6-m/nofp\libc_nano.a(lib_a-findfp.o)
                0x080064a0                __sfmoreglue
 .text.__sfp_lock_acquire
                0x080064cc       0x10 c:/program files (x86)/gnu arm embedded toolchain/10 2021.10/bin/../lib/gcc/arm-none-eabi/10.3.1/../../../../arm-none-eabi/lib/thumb/v6-m/nofp\libc_nano.a(lib_a-findfp.o)
                0x080064cc                __sfp_lock_acquire
 .text.__sfp_lock_release
                0x080064dc       0x10 c:/program files (x86)/gnu arm embedded toolchain/10 2021.10/bin/../lib/gcc/arm-none-eabi/10.3.1/../../../../arm-none-eabi/lib/thumb/v6-m/nofp\libc_nano.a(lib_a-findfp.o)
                0x080064dc                __sfp_lock_release
 .text.__sinit_lock_acquire
                0x080064ec       0x10 c:/program files (x86)/gnu arm embedded toolchain/10 2021.10/bin/../lib/gcc/arm-none-eabi/10.3.1/../../../../arm-none-eabi/lib/thumb/v6-m/nofp\libc_nano.a(lib_a-findfp.o)
                0x080064ec                __sinit_lock_acquire
 .text.__sinit_lock_release
                0x080064fc       0x10 c:/program files (x86)/gnu arm embedded toolchain/10 2021.10/bin/../lib/gcc/arm-none-eabi/10.3.1/../../../../arm-none-eabi/lib/thumb/v6-m/nofp\libc_nano.a(lib_a-findfp.o)
                0x080064fc                __sinit_lock_release
 .text.__sinit  0x0800650c       0x70 c:/program files (x86)/gnu arm embedded toolchain/10 2021.10/bin/../lib/gcc/arm-none-eabi/10.3.1/../../../../arm-none-eabi/lib/thumb/v6-m/nofp\libc_nano.a(lib_a-findfp.o)
                0x0800650c                __sinit
 .text.__sfp    0x0800657c       0x90 c:/program files (x86)/gnu arm embedded toolchain/10 2021.10/bin/../lib/gcc/arm-none-eabi/10.3.1/../../../../arm-none-eabi/lib/thumb/v6-m/nofp\libc_nano.a(lib_a-findfp.o)
                0x0800657c                __sfp
 .text._fwalk_reent
                0x0800660c       0x40 c:/program files (x86)/gnu arm embedded toolchain/10 2021.10/bin/../lib/gcc/arm-none-eabi/10.3.1/../../../../arm-none-eabi/lib/thumb/v6-m/nofp\libc_nano.a(lib_a-fwalk.o)
                0x0800660c                _fwalk_reent
 .text.__retarget_lock_init_recursive
                0x0800664c        0x2 c:/program files (x86)/gnu arm embedded toolchain/10 2021.10/bin/../lib/gcc/arm-none-eabi/10.3.1/../../../../arm-none-eabi/lib/thumb/v6-m/nofp\libc_nano.a(lib_a-lock.o)
                0x0800664c                __retarget_lock_init_recursive
 .text.__retarget_lock_acquire_recursive
                0x0800664e        0x2 c:/program files (x86)/gnu arm embedded toolchain/10 2021.10/bin/../lib/gcc/arm-none-eabi/10.3.1/../../../../arm-none-eabi/lib/thumb/v6-m/nofp\libc_nano.a(lib_a-lock.o)
                0x0800664e                __retarget_lock_acquire_recursive
 .text.__retarget_lock_release_recursive
                0x08006650        0x2 c:/program files (x86)/gnu arm embedded toolchain/10 2021.10/bin/../lib/gcc/arm-none-eabi/10.3.1/../../../../arm-none-eabi/lib/thumb/v6-m/nofp\libc_nano.a(lib_a-lock.o)
                0x08006650                __retarget_lock_release_recursive
 *fill*         0x08006652        0x2 
 .text.__swhatbuf_r
                0x08006654       0x50 c:/program files (x86)/gnu arm embedded toolchain/10 2021.10/bin/../lib/gcc/arm-none-eabi/10.3.1/../../../../arm-none-eabi/lib/thumb/v6-m/nofp\libc_nano.a(lib_a-makebuf.o)
                0x08006654                __swhatbuf_r
 .text.__smakebuf_r
                0x080066a4       0x88 c:/program files (x86)/gnu arm embedded toolchain/10 2021.10/bin/../lib/gcc/arm-none-eabi/10.3.1/../../../../arm-none-eabi/lib/thumb/v6-m/nofp\libc_nano.a(lib_a-makebuf.o)
                0x080066a4                __smakebuf_r
 .text._free_r  0x0800672c       0x94 c:/program files (x86)/gnu arm embedded toolchain/10 2021.10/bin/../lib/gcc/arm-none-eabi/10.3.1/../../../../arm-none-eabi/lib/thumb/v6-m/nofp\libc_nano.a(lib_a-nano-freer.o)
                0x0800672c                _free_r
 .text.sbrk_aligned
                0x080067c0       0x44 c:/program files (x86)/gnu arm embedded toolchain/10 2021.10/bin/../lib/gcc/arm-none-eabi/10.3.1/../../../../arm-none-eabi/lib/thumb/v6-m/nofp\libc_nano.a(lib_a-nano-mallocr.o)
 .text._malloc_r
                0x08006804       0xec c:/program files (x86)/gnu arm embedded toolchain/10 2021.10/bin/../lib/gcc/arm-none-eabi/10.3.1/../../../../arm-none-eabi/lib/thumb/v6-m/nofp\libc_nano.a(lib_a-nano-mallocr.o)
                0x08006804                _malloc_r
 .text._sbrk_r  0x080068f0       0x24 c:/program files (x86)/gnu arm embedded toolchain/10 2021.10/bin/../lib/gcc/arm-none-eabi/10.3.1/../../../../arm-none-eabi/lib/thumb/v6-m/nofp\libc_nano.a(lib_a-sbrkr.o)
                0x080068f0                _sbrk_r
 .text.__sread  0x08006914       0x28 c:/program files (x86)/gnu arm embedded toolchain/10 2021.10/bin/../lib/gcc/arm-none-eabi/10.3.1/../../../../arm-none-eabi/lib/thumb/v6-m/nofp\libc_nano.a(lib_a-stdio.o)
                0x08006914                __sread
 .text.__swrite
                0x0800693c       0x38 c:/program files (x86)/gnu arm embedded toolchain/10 2021.10/bin/../lib/gcc/arm-none-eabi/10.3.1/../../../../arm-none-eabi/lib/thumb/v6-m/nofp\libc_nano.a(lib_a-stdio.o)
                0x0800693c                __swrite
 .text.__sseek  0x08006974       0x2c c:/program files (x86)/gnu arm embedded toolchain/10 2021.10/bin/../lib/gcc/arm-none-eabi/10.3.1/../../../../arm-none-eabi/lib/thumb/v6-m/nofp\libc_nano.a(lib_a-stdio.o)
                0x08006974                __sseek
 .text.__sclose
                0x080069a0        0xc c:/program files (x86)/gnu arm embedded toolchain/10 2021.10/bin/../lib/gcc/arm-none-eabi/10.3.1/../../../../arm-none-eabi/lib/thumb/v6-m/nofp\libc_nano.a(lib_a-stdio.o)
                0x080069a0                __sclose
 .text._write_r
                0x080069ac       0x28 c:/program files (x86)/gnu arm embedded toolchain/10 2021.10/bin/../lib/gcc/arm-none-eabi/10.3.1/../../../../arm-none-eabi/lib/thumb/v6-m/nofp\libc_nano.a(lib_a-writer.o)
                0x080069ac                _write_r
 .text._close_r
                0x080069d4       0x24 c:/program files (x86)/gnu arm embedded toolchain/10 2021.10/bin/../lib/gcc/arm-none-eabi/10.3.1/../../../../arm-none-eabi/lib/thumb/v6-m/nofp\libc_nano.a(lib_a-closer.o)
                0x080069d4                _close_r
 .text._fstat_r
                0x080069f8       0x24 c:/program files (x86)/gnu arm embedded toolchain/10 2021.10/bin/../lib/gcc/arm-none-eabi/10.3.1/../../../../arm-none-eabi/lib/thumb/v6-m/nofp\libc_nano.a(lib_a-fstatr.o)
                0x080069f8                _fstat_r
 .text._isatty_r
                0x08006a1c       0x24 c:/program files (x86)/gnu arm embedded toolchain/10 2021.10/bin/../lib/gcc/arm-none-eabi/10.3.1/../../../../arm-none-eabi/lib/thumb/v6-m/nofp\libc_nano.a(lib_a-isattyr.o)
                0x08006a1c                _isatty_r
 .text._lseek_r
                0x08006a40       0x28 c:/program files (x86)/gnu arm embedded toolchain/10 2021.10/bin/../lib/gcc/arm-none-eabi/10.3.1/../../../../arm-none-eabi/lib/thumb/v6-m/nofp\libc_nano.a(lib_a-lseekr.o)
                0x08006a40                _lseek_r
 .text.__malloc_lock
                0x08006a68       0x10 c:/program files (x86)/gnu arm embedded toolchain/10 2021.10/bin/../lib/gcc/arm-none-eabi/10.3.1/../../../../arm-none-eabi/lib/thumb/v6-m/nofp\libc_nano.a(lib_a-mlock.o)
                0x08006a68                __malloc_lock
 .text.__malloc_unlock
                0x08006a78       0x10 c:/program files (x86)/gnu arm embedded toolchain/10 2021.10/bin/../lib/gcc/arm-none-eabi/10.3.1/../../../../arm-none-eabi/lib/thumb/v6-m/nofp\libc_nano.a(lib_a-mlock.o)
                0x08006a78                __malloc_unlock
 .text._read_r  0x08006a88       0x28 c:/program files (x86)/gnu arm embedded toolchain/10 2021.10/bin/../lib/gcc/arm-none-eabi/10.3.1/../../../../arm-none-eabi/lib/thumb/v6-m/nofp\libc_nano.a(lib_a-readr.o)
                0x08006a88                _read_r
 .text._close   0x08006ab0       0x10 c:/program files (x86)/gnu arm embedded toolchain/10 2021.10/bin/../lib/gcc/arm-none-eabi/10.3.1/../../../../arm-none-eabi/lib/thumb/v6-m/nofp\libnosys.a(close.o)
                0x08006ab0                _close
 .text._fstat   0x08006ac0       0x10 c:/program files (x86)/gnu arm embedded toolchain/10 2021.10/bin/../lib/gcc/arm-none-eabi/10.3.1/../../../../arm-none-eabi/lib/thumb/v6-m/nofp\libnosys.a(fstat.o)
                0x08006ac0                _fstat
 .text._isatty  0x08006ad0       0x10 c:/program files (x86)/gnu arm embedded toolchain/10 2021.10/bin/../lib/gcc/arm-none-eabi/10.3.1/../../../../arm-none-eabi/lib/thumb/v6-m/nofp\libnosys.a(isatty.o)
                0x08006ad0                _isatty
 .text._lseek   0x08006ae0       0x10 c:/program files (x86)/gnu arm embedded toolchain/10 2021.10/bin/../lib/gcc/arm-none-eabi/10.3.1/../../../../arm-none-eabi/lib/thumb/v6-m/nofp\libnosys.a(lseek.o)
                0x08006ae0                _lseek
 .text.abort    0x08006af0        0xe c:/program files (x86)/gnu arm embedded toolchain/10 2021.10/bin/../lib/gcc/arm-none-eabi/10.3.1/../../../../arm-none-eabi/lib/thumb/v6-m/nofp\libc_nano.a(lib_a-abort.o)
                0x08006af0                abort
 .text._raise_r
                0x08006afe       0x54 c:/program files (x86)/gnu arm embedded toolchain/10 2021.10/bin/../lib/gcc/arm-none-eabi/10.3.1/../../../../arm-none-eabi/lib/thumb/v6-m/nofp\libc_nano.a(lib_a-signal.o)
                0x08006afe                _raise_r
 *fill*         0x08006b52        0x2 
 .text.raise    0x08006b54       0x14 c:/program files (x86)/gnu arm embedded toolchain/10 2021.10/bin/../lib/gcc/arm-none-eabi/10.3.1/../../../../arm-none-eabi/lib/thumb/v6-m/nofp\libc_nano.a(lib_a-signal.o)
                0x08006b54                raise
 .text._kill_r  0x08006b68       0x24 c:/program files (x86)/gnu arm embedded toolchain/10 2021.10/bin/../lib/gcc/arm-none-eabi/10.3.1/../../../../arm-none-eabi/lib/thumb/v6-m/nofp\libc_nano.a(lib_a-signalr.o)
                0x08006b68                _kill_r
 .text._getpid_r
                0x08006b8c        0x8 c:/program files (x86)/gnu arm embedded toolchain/10 2021.10/bin/../lib/gcc/arm-none-eabi/10.3.1/../../../../arm-none-eabi/lib/thumb/v6-m/nofp\libc_nano.a(lib_a-signalr.o)
                0x08006b8c                _getpid_r
 *(.glue_7)
 .glue_7        0x08006b94        0x0 linker stubs
 *(.glue_7t)
 .glue_7t       0x08006b94        0x0 linker stubs
 *(.eh_frame)
 .eh_frame      0x08006b94        0x0 c:/program files (x86)/gnu arm embedded toolchain/10 2021.10/bin/../lib/gcc/arm-none-eabi/10.3.1/thumb/v6-m/nofp/crtbegin.o
 *(.init)
 .init          0x08006b94        0x4 c:/program files (x86)/gnu arm embedded toolchain/10 2021.10/bin/../lib/gcc/arm-none-eabi/10.3.1/thumb/v6-m/nofp/crti.o
                0x08006b94                _init
 .init          0x08006b98        0x8 c:/program files (x86)/gnu arm embedded toolchain/10 2021.10/bin/../lib/gcc/arm-none-eabi/10.3.1/thumb/v6-m/nofp/crtn.o
 *(.fini)
 .fini          0x08006ba0        0x4 c:/program files (x86)/gnu arm embedded toolchain/10 2021.10/bin/../lib/gcc/arm-none-eabi/10.3.1/thumb/v6-m/nofp/crti.o
                0x08006ba0                _fini
 .fini          0x08006ba4        0x8 c:/program files (x86)/gnu arm embedded toolchain/10 2021.10/bin/../lib/gcc/arm-none-eabi/10.3.1/thumb/v6-m/nofp/crtn.o
                0x08006bac                . = ALIGN (0x4)
                0x08006bac                _etext = .

.vfp11_veneer   0x08006bac        0x0
 .vfp11_veneer  0x08006bac        0x0 linker stubs

.v4_bx          0x08006bac        0x0
 .v4_bx         0x08006bac        0x0 linker stubs

.iplt           0x08006bac        0x0
 .iplt          0x08006bac        0x0 c:/program files (x86)/gnu arm embedded toolchain/10 2021.10/bin/../lib/gcc/arm-none-eabi/10.3.1/thumb/v6-m/nofp/crtbegin.o

.rodata         0x08006bac      0x250
                0x08006bac                . = ALIGN (0x4)
 *(.rodata)
 .rodata        0x08006bac       0x30 build/user.o
 .rodata        0x08006bdc       0x80 c:/program files (x86)/gnu arm embedded toolchain/10 2021.10/bin/../lib/gcc/arm-none-eabi/10.3.1/thumb/v6-m/nofp\libgcc.a(divsf3.o)
 .rodata        0x08006c5c       0x40 c:/program files (x86)/gnu arm embedded toolchain/10 2021.10/bin/../lib/gcc/arm-none-eabi/10.3.1/thumb/v6-m/nofp\libgcc.a(mulsf3.o)
 *(.rodata*)
 .rodata.main.str1.4
                0x08006c9c       0x1c build/main.o
 .rodata.AHBPrescTable
                0x08006cb8       0x10 build/system_stm32f0xx.o
                0x08006cb8                AHBPrescTable
 .rodata.APBPrescTable
                0x08006cc8        0x8 build/system_stm32f0xx.o
                0x08006cc8                APBPrescTable
 .rodata.HAL_RCC_GetSysClockFreq.str1.4
                0x08006cd0       0x25 build/stm32f0xx_hal_rcc.o
 *fill*         0x08006cf5        0x3 
 .rodata.HAL_I2C_SlaveRxCpltCallback
                0x08006cf8       0xa0 build/user.o
 .rodata._global_impure_ptr
                0x08006d98        0x4 c:/program files (x86)/gnu arm embedded toolchain/10 2021.10/bin/../lib/gcc/arm-none-eabi/10.3.1/../../../../arm-none-eabi/lib/thumb/v6-m/nofp\libc_nano.a(lib_a-impure.o)
                0x08006d98                _global_impure_ptr
 .rodata.__sf_fake_stderr
                0x08006d9c       0x20 c:/program files (x86)/gnu arm embedded toolchain/10 2021.10/bin/../lib/gcc/arm-none-eabi/10.3.1/../../../../arm-none-eabi/lib/thumb/v6-m/nofp\libc_nano.a(lib_a-findfp.o)
                0x08006d9c                __sf_fake_stderr
 .rodata.__sf_fake_stdin
                0x08006dbc       0x20 c:/program files (x86)/gnu arm embedded toolchain/10 2021.10/bin/../lib/gcc/arm-none-eabi/10.3.1/../../../../arm-none-eabi/lib/thumb/v6-m/nofp\libc_nano.a(lib_a-findfp.o)
                0x08006dbc                __sf_fake_stdin
 .rodata.__sf_fake_stdout
                0x08006ddc       0x20 c:/program files (x86)/gnu arm embedded toolchain/10 2021.10/bin/../lib/gcc/arm-none-eabi/10.3.1/../../../../arm-none-eabi/lib/thumb/v6-m/nofp\libc_nano.a(lib_a-findfp.o)
                0x08006ddc                __sf_fake_stdout
                0x08006dfc                . = ALIGN (0x4)

.ARM.extab      0x08006dfc       0x30
 *(.ARM.extab* .gnu.linkonce.armextab.*)
 .ARM.extab.text._ZN6EEPROM3putI8Config_tEERKT_iS4_
                0x08006dfc        0x0 build/user.o
 .ARM.extab     0x08006dfc       0x24 c:/program files (x86)/gnu arm embedded toolchain/10 2021.10/bin/../lib/gcc/arm-none-eabi/10.3.1/thumb/v6-m/nofp\libgcc.a(unwind-arm.o)
 .ARM.extab     0x08006e20        0xc c:/program files (x86)/gnu arm embedded toolchain/10 2021.10/bin/../lib/gcc/arm-none-eabi/10.3.1/thumb/v6-m/nofp\libgcc.a(pr-support.o)

.ARM            0x08006e2c       0xf8
                0x08006e2c                __exidx_start = .
 *(.ARM.exidx*)
 .ARM.exidx.text._Z41__static_initialization_and_destruction_0ii
                0x08006ef4        0x0 build/user.o
                                  0x8 (size before relaxing)
 .ARM.exidx.text.HAL_ADC_ConvCpltCallback
                0x08006ef4        0x0 build/user.o
                                  0x8 (size before relaxing)
 .ARM.exidx.text.HAL_I2C_SlaveRxCpltCallback
                0x08006ef4        0x8 build/user.o
 .ARM.exidx.text.HAL_TIM_PeriodElapsedCallback
                0x08006efc        0x8 build/user.o
 .ARM.exidx.text._ZN6EEPROM3putI8Config_tEERKT_iS4_
                0x08006f04        0x8 build/user.o
 .ARM.exidx.text.Main
                0x08006f0c        0x0 build/user.o
                                  0x8 (size before relaxing)
 .ARM.exidx.text._GLOBAL__sub_I_motor
                0x08006f0c        0x8 build/user.o
 .ARM.exidx.text._ZN5Motor13CalcDceOutputEff
                0x08006f14        0x0 build/motor.o
                                  0x8 (size before relaxing)
 .ARM.exidx.text._ZN5Motor6SetPwmEs
                0x08006f14        0x0 build/motor.o
                                  0x8 (size before relaxing)
 .ARM.exidx.text._ZN5Motor14SetTorqueLimitEf
                0x08006f14        0x0 build/motor.o
                                  0x8 (size before relaxing)
 .ARM.exidx.text._ZN5Motor9SetEnableEb
                0x08006f14        0x0 build/motor.o
                                  0x8 (size before relaxing)
 .ARM.exidx.text.eeprom_buffered_read_byte
                0x08006f14        0x0 build/random_flash_utils.o
                                  0x8 (size before relaxing)
 .ARM.exidx.text.eeprom_buffered_write_byte
                0x08006f14        0x0 build/random_flash_utils.o
                                  0x8 (size before relaxing)
 .ARM.exidx.text.eeprom_buffer_fill
                0x08006f14        0x0 build/random_flash_utils.o
                                  0x8 (size before relaxing)
 .ARM.exidx.text.eeprom_buffer_flush
                0x08006f14       0x10 build/random_flash_utils.o
                                  0x8 (size before relaxing)
 .ARM.exidx     0x08006e2c       0x98 c:/program files (x86)/gnu arm embedded toolchain/10 2021.10/bin/../lib/gcc/arm-none-eabi/10.3.1/thumb/v6-m/nofp\libgcc.a(unwind-arm.o)
                                 0xd8 (size before relaxing)
 .ARM.exidx     0x08006ec4       0x30 c:/program files (x86)/gnu arm embedded toolchain/10 2021.10/bin/../lib/gcc/arm-none-eabi/10.3.1/thumb/v6-m/nofp\libgcc.a(pr-support.o)
                                 0x38 (size before relaxing)
                0x08006f24                __exidx_end = .

.rel.dyn        0x08006f24        0x0
 .rel.iplt      0x08006f24        0x0 c:/program files (x86)/gnu arm embedded toolchain/10 2021.10/bin/../lib/gcc/arm-none-eabi/10.3.1/thumb/v6-m/nofp/crtbegin.o

.preinit_array  0x08006f24        0x0
                0x08006f24                PROVIDE (__preinit_array_start = .)
 *(.preinit_array*)
                0x08006f24                PROVIDE (__preinit_array_end = .)

.init_array     0x08006f24        0x8
                0x08006f24                PROVIDE (__init_array_start = .)
 *(SORT_BY_NAME(.init_array.*))
 *(.init_array*)
 .init_array    0x08006f24        0x4 c:/program files (x86)/gnu arm embedded toolchain/10 2021.10/bin/../lib/gcc/arm-none-eabi/10.3.1/thumb/v6-m/nofp/crtbegin.o
 .init_array    0x08006f28        0x4 build/user.o
                0x08006f2c                PROVIDE (__init_array_end = .)

.fini_array     0x08006f2c        0x4
                [!provide]                PROVIDE (__fini_array_start = .)
 *(SORT_BY_NAME(.fini_array.*))
 *(.fini_array*)
 .fini_array    0x08006f2c        0x4 c:/program files (x86)/gnu arm embedded toolchain/10 2021.10/bin/../lib/gcc/arm-none-eabi/10.3.1/thumb/v6-m/nofp/crtbegin.o
                [!provide]                PROVIDE (__fini_array_end = .)
                0x08006f30                _sidata = LOADADDR (.data)

.data           0x20000000       0x70 load address 0x08006f30
                0x20000000                . = ALIGN (0x4)
                0x20000000                _sdata = .
 *(.data)
 *(.data*)
 .data.SystemCoreClock
                0x20000000        0x4 build/system_stm32f0xx.o
                0x20000000                SystemCoreClock
 .data.uwTickFreq
                0x20000004        0x1 build/stm32f0xx_hal.o
                0x20000004                uwTickFreq
 *fill*         0x20000005        0x3 
 .data.uwTickPrio
                0x20000008        0x4 build/stm32f0xx_hal.o
                0x20000008                uwTickPrio
 .data._impure_ptr
                0x2000000c        0x4 c:/program files (x86)/gnu arm embedded toolchain/10 2021.10/bin/../lib/gcc/arm-none-eabi/10.3.1/../../../../arm-none-eabi/lib/thumb/v6-m/nofp\libc_nano.a(lib_a-impure.o)
                0x2000000c                _impure_ptr
 .data.impure_data
                0x20000010       0x60 c:/program files (x86)/gnu arm embedded toolchain/10 2021.10/bin/../lib/gcc/arm-none-eabi/10.3.1/../../../../arm-none-eabi/lib/thumb/v6-m/nofp\libc_nano.a(lib_a-impure.o)
                0x20000070                . = ALIGN (0x4)
                0x20000070                _edata = .

.igot.plt       0x20000070        0x0 load address 0x08006fa0
 .igot.plt      0x20000070        0x0 c:/program files (x86)/gnu arm embedded toolchain/10 2021.10/bin/../lib/gcc/arm-none-eabi/10.3.1/thumb/v6-m/nofp/crtbegin.o
                0x20000070                . = ALIGN (0x4)

.bss            0x20000070      0x6d8 load address 0x08006fa0
                0x20000070                _sbss = .
                0x20000070                __bss_start__ = _sbss
 *(.bss)
 .bss           0x20000070       0x1c c:/program files (x86)/gnu arm embedded toolchain/10 2021.10/bin/../lib/gcc/arm-none-eabi/10.3.1/thumb/v6-m/nofp/crtbegin.o
 *(.bss*)
 .bss.adcData   0x2000008c        0x8 build/adc.o
                0x2000008c                adcData
 .bss.hadc      0x20000094       0x40 build/adc.o
                0x20000094                hadc
 .bss.hdma_adc  0x200000d4       0x44 build/adc.o
                0x200000d4                hdma_adc
 .bss.htim14    0x20000118       0x48 build/tim.o
                0x20000118                htim14
 .bss.htim3     0x20000160       0x48 build/tim.o
                0x20000160                htim3
 .bss.heap_end.0
                0x200001a8        0x4 build/syscalls.o
 .bss.hi2c1     0x200001ac       0x4c build/i2c.o
                0x200001ac                hi2c1
 .bss.i2cDataRx
                0x200001f8        0x8 build/i2c.o
                0x200001f8                i2cDataRx
 .bss.i2cDataTx
                0x20000200        0x8 build/i2c.o
                0x20000200                i2cDataTx
 .bss.huart2    0x20000208       0x84 build/usart.o
                0x20000208                huart2
 .bss.uwTick    0x2000028c        0x4 build/stm32f0xx_hal.o
                0x2000028c                uwTick
 .bss.pFlash    0x20000290       0x20 build/stm32f0xx_hal_flash.o
                0x20000290                pFlash
 .bss.boardConfig
                0x200002b0       0x30 build/user.o
                0x200002b0                boardConfig
 .bss.motor     0x200002e0       0x58 build/user.o
                0x200002e0                motor
 .bss._ZL13eeprom_buffer
                0x20000338      0x400 build/random_flash_utils.o
 .bss.__lock___malloc_recursive_mutex
                0x20000738        0x1 c:/program files (x86)/gnu arm embedded toolchain/10 2021.10/bin/../lib/gcc/arm-none-eabi/10.3.1/../../../../arm-none-eabi/lib/thumb/v6-m/nofp\libc_nano.a(lib_a-lock.o)
                0x20000738                __lock___malloc_recursive_mutex
 .bss.__lock___sfp_recursive_mutex
                0x20000739        0x1 c:/program files (x86)/gnu arm embedded toolchain/10 2021.10/bin/../lib/gcc/arm-none-eabi/10.3.1/../../../../arm-none-eabi/lib/thumb/v6-m/nofp\libc_nano.a(lib_a-lock.o)
                0x20000739                __lock___sfp_recursive_mutex
 .bss.__lock___sinit_recursive_mutex
                0x2000073a        0x1 c:/program files (x86)/gnu arm embedded toolchain/10 2021.10/bin/../lib/gcc/arm-none-eabi/10.3.1/../../../../arm-none-eabi/lib/thumb/v6-m/nofp\libc_nano.a(lib_a-lock.o)
                0x2000073a                __lock___sinit_recursive_mutex
 *fill*         0x2000073b        0x1 
 .bss.__malloc_free_list
                0x2000073c        0x4 c:/program files (x86)/gnu arm embedded toolchain/10 2021.10/bin/../lib/gcc/arm-none-eabi/10.3.1/../../../../arm-none-eabi/lib/thumb/v6-m/nofp\libc_nano.a(lib_a-nano-mallocr.o)
                0x2000073c                __malloc_free_list
 .bss.__malloc_sbrk_start
                0x20000740        0x4 c:/program files (x86)/gnu arm embedded toolchain/10 2021.10/bin/../lib/gcc/arm-none-eabi/10.3.1/../../../../arm-none-eabi/lib/thumb/v6-m/nofp\libc_nano.a(lib_a-nano-mallocr.o)
                0x20000740                __malloc_sbrk_start
 .bss.errno     0x20000744        0x4 c:/program files (x86)/gnu arm embedded toolchain/10 2021.10/bin/../lib/gcc/arm-none-eabi/10.3.1/../../../../arm-none-eabi/lib/thumb/v6-m/nofp\libc_nano.a(lib_a-reent.o)
                0x20000744                errno
 *(COMMON)
                0x20000748                . = ALIGN (0x4)
                0x20000748                _ebss = .
                0x20000748                __bss_end__ = _ebss

._user_heap_stack
                0x20000748      0x600 load address 0x08006fa0
                0x20000748                . = ALIGN (0x8)
                0x20000748                PROVIDE (end = .)
                [!provide]                PROVIDE (_end = .)
                0x20000948                . = (. + _Min_Heap_Size)
 *fill*         0x20000748      0x200 
                0x20000d48                . = (. + _Min_Stack_Size)
 *fill*         0x20000948      0x400 
                0x20000d48                . = ALIGN (0x8)

/DISCARD/
 libc.a(*)
 libm.a(*)
 libgcc.a(*)

.ARM.attributes
                0x00000000       0x28
 *(.ARM.attributes)
 .ARM.attributes
                0x00000000       0x1e c:/program files (x86)/gnu arm embedded toolchain/10 2021.10/bin/../lib/gcc/arm-none-eabi/10.3.1/thumb/v6-m/nofp/crti.o
 .ARM.attributes
                0x0000001e       0x2c c:/program files (x86)/gnu arm embedded toolchain/10 2021.10/bin/../lib/gcc/arm-none-eabi/10.3.1/thumb/v6-m/nofp/crtbegin.o
 .ARM.attributes
                0x0000004a       0x2c build/main.o
 .ARM.attributes
                0x00000076       0x2c build/gpio.o
 .ARM.attributes
                0x000000a2       0x2c build/adc.o
 .ARM.attributes
                0x000000ce       0x2c build/dma.o
 .ARM.attributes
                0x000000fa       0x2c build/tim.o
 .ARM.attributes
                0x00000126       0x2c build/syscalls.o
 .ARM.attributes
                0x00000152       0x2c build/stm32f0xx_it.o
 .ARM.attributes
                0x0000017e       0x2c build/system_stm32f0xx.o
 .ARM.attributes
                0x000001aa       0x2c build/i2c.o
 .ARM.attributes
                0x000001d6       0x2c build/usart.o
 .ARM.attributes
                0x00000202       0x2c build/stm32f0xx_hal_msp.o
 .ARM.attributes
                0x0000022e       0x2c build/stm32f0xx_hal_adc.o
 .ARM.attributes
                0x0000025a       0x2c build/stm32f0xx_hal_rcc.o
 .ARM.attributes
                0x00000286       0x2c build/stm32f0xx_hal_rcc_ex.o
 .ARM.attributes
                0x000002b2       0x2c build/stm32f0xx_hal.o
 .ARM.attributes
                0x000002de       0x2c build/stm32f0xx_hal_i2c.o
 .ARM.attributes
                0x0000030a       0x2c build/stm32f0xx_hal_i2c_ex.o
 .ARM.attributes
                0x00000336       0x2c build/stm32f0xx_hal_gpio.o
 .ARM.attributes
                0x00000362       0x2c build/stm32f0xx_hal_dma.o
 .ARM.attributes
                0x0000038e       0x2c build/stm32f0xx_hal_cortex.o
 .ARM.attributes
                0x000003ba       0x2c build/stm32f0xx_hal_flash.o
 .ARM.attributes
                0x000003e6       0x2c build/stm32f0xx_hal_flash_ex.o
 .ARM.attributes
                0x00000412       0x2c build/stm32f0xx_hal_tim.o
 .ARM.attributes
                0x0000043e       0x2c build/stm32f0xx_hal_tim_ex.o
 .ARM.attributes
                0x0000046a       0x2c build/stm32f0xx_hal_uart.o
 .ARM.attributes
                0x00000496       0x2c build/user.o
 .ARM.attributes
                0x000004c2       0x2c build/motor.o
 .ARM.attributes
                0x000004ee       0x2c build/random_flash_utils.o
 .ARM.attributes
                0x0000051a       0x21 build/startup_stm32f042x6.o
 .ARM.attributes
                0x0000053b       0x2c c:/program files (x86)/gnu arm embedded toolchain/10 2021.10/bin/../lib/gcc/arm-none-eabi/10.3.1/../../../../arm-none-eabi/lib/thumb/v6-m/nofp\libc_nano.a(lib_a-errno.o)
 .ARM.attributes
                0x00000567       0x2c c:/program files (x86)/gnu arm embedded toolchain/10 2021.10/bin/../lib/gcc/arm-none-eabi/10.3.1/../../../../arm-none-eabi/lib/thumb/v6-m/nofp\libc_nano.a(lib_a-impure.o)
 .ARM.attributes
                0x00000593       0x2c c:/program files (x86)/gnu arm embedded toolchain/10 2021.10/bin/../lib/gcc/arm-none-eabi/10.3.1/../../../../arm-none-eabi/lib/thumb/v6-m/nofp\libc_nano.a(lib_a-init.o)
 .ARM.attributes
                0x000005bf       0x2c c:/program files (x86)/gnu arm embedded toolchain/10 2021.10/bin/../lib/gcc/arm-none-eabi/10.3.1/../../../../arm-none-eabi/lib/thumb/v6-m/nofp\libc_nano.a(lib_a-memcpy-stub.o)
 .ARM.attributes
                0x000005eb       0x2c c:/program files (x86)/gnu arm embedded toolchain/10 2021.10/bin/../lib/gcc/arm-none-eabi/10.3.1/../../../../arm-none-eabi/lib/thumb/v6-m/nofp\libc_nano.a(lib_a-memset.o)
 .ARM.attributes
                0x00000617       0x2c c:/program files (x86)/gnu arm embedded toolchain/10 2021.10/bin/../lib/gcc/arm-none-eabi/10.3.1/../../../../arm-none-eabi/lib/thumb/v6-m/nofp\libc_nano.a(lib_a-puts.o)
 .ARM.attributes
                0x00000643       0x2c c:/program files (x86)/gnu arm embedded toolchain/10 2021.10/bin/../lib/gcc/arm-none-eabi/10.3.1/../../../../arm-none-eabi/lib/thumb/v6-m/nofp\libc_nano.a(lib_a-wbuf.o)
 .ARM.attributes
                0x0000066f       0x2c c:/program files (x86)/gnu arm embedded toolchain/10 2021.10/bin/../lib/gcc/arm-none-eabi/10.3.1/../../../../arm-none-eabi/lib/thumb/v6-m/nofp\libc_nano.a(lib_a-wsetup.o)
 .ARM.attributes
                0x0000069b       0x2c c:/program files (x86)/gnu arm embedded toolchain/10 2021.10/bin/../lib/gcc/arm-none-eabi/10.3.1/../../../../arm-none-eabi/lib/thumb/v6-m/nofp\libc_nano.a(lib_a-fflush.o)
 .ARM.attributes
                0x000006c7       0x2c c:/program files (x86)/gnu arm embedded toolchain/10 2021.10/bin/../lib/gcc/arm-none-eabi/10.3.1/../../../../arm-none-eabi/lib/thumb/v6-m/nofp\libc_nano.a(lib_a-findfp.o)
 .ARM.attributes
                0x000006f3       0x2c c:/program files (x86)/gnu arm embedded toolchain/10 2021.10/bin/../lib/gcc/arm-none-eabi/10.3.1/../../../../arm-none-eabi/lib/thumb/v6-m/nofp\libc_nano.a(lib_a-fwalk.o)
 .ARM.attributes
                0x0000071f       0x2c c:/program files (x86)/gnu arm embedded toolchain/10 2021.10/bin/../lib/gcc/arm-none-eabi/10.3.1/../../../../arm-none-eabi/lib/thumb/v6-m/nofp\libc_nano.a(lib_a-lock.o)
 .ARM.attributes
                0x0000074b       0x2c c:/program files (x86)/gnu arm embedded toolchain/10 2021.10/bin/../lib/gcc/arm-none-eabi/10.3.1/../../../../arm-none-eabi/lib/thumb/v6-m/nofp\libc_nano.a(lib_a-makebuf.o)
 .ARM.attributes
                0x00000777       0x2c c:/program files (x86)/gnu arm embedded toolchain/10 2021.10/bin/../lib/gcc/arm-none-eabi/10.3.1/../../../../arm-none-eabi/lib/thumb/v6-m/nofp\libc_nano.a(lib_a-nano-freer.o)
 .ARM.attributes
                0x000007a3       0x2c c:/program files (x86)/gnu arm embedded toolchain/10 2021.10/bin/../lib/gcc/arm-none-eabi/10.3.1/../../../../arm-none-eabi/lib/thumb/v6-m/nofp\libc_nano.a(lib_a-nano-mallocr.o)
 .ARM.attributes
                0x000007cf       0x2c c:/program files (x86)/gnu arm embedded toolchain/10 2021.10/bin/../lib/gcc/arm-none-eabi/10.3.1/../../../../arm-none-eabi/lib/thumb/v6-m/nofp\libc_nano.a(lib_a-sbrkr.o)
 .ARM.attributes
                0x000007fb       0x2c c:/program files (x86)/gnu arm embedded toolchain/10 2021.10/bin/../lib/gcc/arm-none-eabi/10.3.1/../../../../arm-none-eabi/lib/thumb/v6-m/nofp\libc_nano.a(lib_a-stdio.o)
 .ARM.attributes
                0x00000827       0x2c c:/program files (x86)/gnu arm embedded toolchain/10 2021.10/bin/../lib/gcc/arm-none-eabi/10.3.1/../../../../arm-none-eabi/lib/thumb/v6-m/nofp\libc_nano.a(lib_a-writer.o)
 .ARM.attributes
                0x00000853       0x2c c:/program files (x86)/gnu arm embedded toolchain/10 2021.10/bin/../lib/gcc/arm-none-eabi/10.3.1/../../../../arm-none-eabi/lib/thumb/v6-m/nofp\libc_nano.a(lib_a-closer.o)
 .ARM.attributes
                0x0000087f       0x2c c:/program files (x86)/gnu arm embedded toolchain/10 2021.10/bin/../lib/gcc/arm-none-eabi/10.3.1/../../../../arm-none-eabi/lib/thumb/v6-m/nofp\libc_nano.a(lib_a-fstatr.o)
 .ARM.attributes
                0x000008ab       0x2c c:/program files (x86)/gnu arm embedded toolchain/10 2021.10/bin/../lib/gcc/arm-none-eabi/10.3.1/../../../../arm-none-eabi/lib/thumb/v6-m/nofp\libc_nano.a(lib_a-isattyr.o)
 .ARM.attributes
                0x000008d7       0x2c c:/program files (x86)/gnu arm embedded toolchain/10 2021.10/bin/../lib/gcc/arm-none-eabi/10.3.1/../../../../arm-none-eabi/lib/thumb/v6-m/nofp\libc_nano.a(lib_a-lseekr.o)
 .ARM.attributes
                0x00000903       0x2c c:/program files (x86)/gnu arm embedded toolchain/10 2021.10/bin/../lib/gcc/arm-none-eabi/10.3.1/../../../../arm-none-eabi/lib/thumb/v6-m/nofp\libc_nano.a(lib_a-mlock.o)
 .ARM.attributes
                0x0000092f       0x2c c:/program files (x86)/gnu arm embedded toolchain/10 2021.10/bin/../lib/gcc/arm-none-eabi/10.3.1/../../../../arm-none-eabi/lib/thumb/v6-m/nofp\libc_nano.a(lib_a-readr.o)
 .ARM.attributes
                0x0000095b       0x2c c:/program files (x86)/gnu arm embedded toolchain/10 2021.10/bin/../lib/gcc/arm-none-eabi/10.3.1/../../../../arm-none-eabi/lib/thumb/v6-m/nofp\libc_nano.a(lib_a-reent.o)
 .ARM.attributes
                0x00000987       0x2c c:/program files (x86)/gnu arm embedded toolchain/10 2021.10/bin/../lib/gcc/arm-none-eabi/10.3.1/../../../../arm-none-eabi/lib/thumb/v6-m/nofp\libnosys.a(close.o)
 .ARM.attributes
                0x000009b3       0x2c c:/program files (x86)/gnu arm embedded toolchain/10 2021.10/bin/../lib/gcc/arm-none-eabi/10.3.1/../../../../arm-none-eabi/lib/thumb/v6-m/nofp\libnosys.a(fstat.o)
 .ARM.attributes
                0x000009df       0x2c c:/program files (x86)/gnu arm embedded toolchain/10 2021.10/bin/../lib/gcc/arm-none-eabi/10.3.1/../../../../arm-none-eabi/lib/thumb/v6-m/nofp\libnosys.a(isatty.o)
 .ARM.attributes
                0x00000a0b       0x2c c:/program files (x86)/gnu arm embedded toolchain/10 2021.10/bin/../lib/gcc/arm-none-eabi/10.3.1/../../../../arm-none-eabi/lib/thumb/v6-m/nofp\libnosys.a(lseek.o)
 .ARM.attributes
                0x00000a37       0x1e c:/program files (x86)/gnu arm embedded toolchain/10 2021.10/bin/../lib/gcc/arm-none-eabi/10.3.1/thumb/v6-m/nofp\libgcc.a(_udivsi3.o)
 .ARM.attributes
                0x00000a55       0x1e c:/program files (x86)/gnu arm embedded toolchain/10 2021.10/bin/../lib/gcc/arm-none-eabi/10.3.1/thumb/v6-m/nofp\libgcc.a(_dvmd_tls.o)
 .ARM.attributes
                0x00000a73       0x1e c:/program files (x86)/gnu arm embedded toolchain/10 2021.10/bin/../lib/gcc/arm-none-eabi/10.3.1/thumb/v6-m/nofp\libgcc.a(_arm_cmpsf2.o)
 .ARM.attributes
                0x00000a91       0x2c c:/program files (x86)/gnu arm embedded toolchain/10 2021.10/bin/../lib/gcc/arm-none-eabi/10.3.1/thumb/v6-m/nofp\libgcc.a(addsf3.o)
 .ARM.attributes
                0x00000abd       0x2c c:/program files (x86)/gnu arm embedded toolchain/10 2021.10/bin/../lib/gcc/arm-none-eabi/10.3.1/thumb/v6-m/nofp\libgcc.a(divsf3.o)
 .ARM.attributes
                0x00000ae9       0x2c c:/program files (x86)/gnu arm embedded toolchain/10 2021.10/bin/../lib/gcc/arm-none-eabi/10.3.1/thumb/v6-m/nofp\libgcc.a(eqsf2.o)
 .ARM.attributes
                0x00000b15       0x2c c:/program files (x86)/gnu arm embedded toolchain/10 2021.10/bin/../lib/gcc/arm-none-eabi/10.3.1/thumb/v6-m/nofp\libgcc.a(gesf2.o)
 .ARM.attributes
                0x00000b41       0x2c c:/program files (x86)/gnu arm embedded toolchain/10 2021.10/bin/../lib/gcc/arm-none-eabi/10.3.1/thumb/v6-m/nofp\libgcc.a(lesf2.o)
 .ARM.attributes
                0x00000b6d       0x2c c:/program files (x86)/gnu arm embedded toolchain/10 2021.10/bin/../lib/gcc/arm-none-eabi/10.3.1/thumb/v6-m/nofp\libgcc.a(mulsf3.o)
 .ARM.attributes
                0x00000b99       0x2c c:/program files (x86)/gnu arm embedded toolchain/10 2021.10/bin/../lib/gcc/arm-none-eabi/10.3.1/thumb/v6-m/nofp\libgcc.a(subsf3.o)
 .ARM.attributes
                0x00000bc5       0x2c c:/program files (x86)/gnu arm embedded toolchain/10 2021.10/bin/../lib/gcc/arm-none-eabi/10.3.1/thumb/v6-m/nofp\libgcc.a(fixsfsi.o)
 .ARM.attributes
                0x00000bf1       0x2c c:/program files (x86)/gnu arm embedded toolchain/10 2021.10/bin/../lib/gcc/arm-none-eabi/10.3.1/thumb/v6-m/nofp\libgcc.a(floatunsisf.o)
 .ARM.attributes
                0x00000c1d       0x2c c:/program files (x86)/gnu arm embedded toolchain/10 2021.10/bin/../lib/gcc/arm-none-eabi/10.3.1/thumb/v6-m/nofp\libgcc.a(unwind-arm.o)
 .ARM.attributes
                0x00000c49       0x1e c:/program files (x86)/gnu arm embedded toolchain/10 2021.10/bin/../lib/gcc/arm-none-eabi/10.3.1/thumb/v6-m/nofp\libgcc.a(libunwind.o)
 .ARM.attributes
                0x00000c67       0x2c c:/program files (x86)/gnu arm embedded toolchain/10 2021.10/bin/../lib/gcc/arm-none-eabi/10.3.1/thumb/v6-m/nofp\libgcc.a(pr-support.o)
 .ARM.attributes
                0x00000c93       0x1e c:/program files (x86)/gnu arm embedded toolchain/10 2021.10/bin/../lib/gcc/arm-none-eabi/10.3.1/thumb/v6-m/nofp\libgcc.a(_clzsi2.o)
 .ARM.attributes
                0x00000cb1       0x2c c:/program files (x86)/gnu arm embedded toolchain/10 2021.10/bin/../lib/gcc/arm-none-eabi/10.3.1/../../../../arm-none-eabi/lib/thumb/v6-m/nofp\libc_nano.a(lib_a-abort.o)
 .ARM.attributes
                0x00000cdd       0x2c c:/program files (x86)/gnu arm embedded toolchain/10 2021.10/bin/../lib/gcc/arm-none-eabi/10.3.1/../../../../arm-none-eabi/lib/thumb/v6-m/nofp\libc_nano.a(lib_a-signal.o)
 .ARM.attributes
                0x00000d09       0x2c c:/program files (x86)/gnu arm embedded toolchain/10 2021.10/bin/../lib/gcc/arm-none-eabi/10.3.1/../../../../arm-none-eabi/lib/thumb/v6-m/nofp\libc_nano.a(lib_a-signalr.o)
 .ARM.attributes
                0x00000d35       0x1e c:/program files (x86)/gnu arm embedded toolchain/10 2021.10/bin/../lib/gcc/arm-none-eabi/10.3.1/thumb/v6-m/nofp/crtn.o
OUTPUT(build/ServoDrive.elf elf32-littlearm)
LOAD linker stubs
LOAD c:/program files (x86)/gnu arm embedded toolchain/10 2021.10/bin/../lib/gcc/arm-none-eabi/10.3.1/../../../../arm-none-eabi/lib/thumb/v6-m/nofp\libc.a
LOAD c:/program files (x86)/gnu arm embedded toolchain/10 2021.10/bin/../lib/gcc/arm-none-eabi/10.3.1/../../../../arm-none-eabi/lib/thumb/v6-m/nofp\libm.a
LOAD c:/program files (x86)/gnu arm embedded toolchain/10 2021.10/bin/../lib/gcc/arm-none-eabi/10.3.1/thumb/v6-m/nofp\libgcc.a

.debug_info     0x00000000    0x1df0b
 .debug_info    0x00000000      0xc0a build/main.o
 .debug_info    0x00000c0a      0x1bc build/gpio.o
 .debug_info    0x00000dc6      0xad0 build/adc.o
 .debug_info    0x00001896      0x2db build/dma.o
 .debug_info    0x00001b71      0xe6d build/tim.o
 .debug_info    0x000029de      0x7ce build/syscalls.o
 .debug_info    0x000031ac      0xb7e build/stm32f0xx_it.o
 .debug_info    0x00003d2a      0x2ce build/system_stm32f0xx.o
 .debug_info    0x00003ff8      0xce0 build/i2c.o
 .debug_info    0x00004cd8      0xab8 build/usart.o
 .debug_info    0x00005790      0x1d9 build/stm32f0xx_hal_msp.o
 .debug_info    0x00005969     0x10ba build/stm32f0xx_hal_adc.o
 .debug_info    0x00006a23      0xb7f build/stm32f0xx_hal_rcc.o
 .debug_info    0x000075a2      0x7b2 build/stm32f0xx_hal_rcc_ex.o
 .debug_info    0x00007d54      0x800 build/stm32f0xx_hal.o
 .debug_info    0x00008554     0x4164 build/stm32f0xx_hal_i2c.o
 .debug_info    0x0000c6b8      0x97f build/stm32f0xx_hal_i2c_ex.o
 .debug_info    0x0000d037      0x6da build/stm32f0xx_hal_gpio.o
 .debug_info    0x0000d711      0x925 build/stm32f0xx_hal_dma.o
 .debug_info    0x0000e036      0x8b8 build/stm32f0xx_hal_cortex.o
 .debug_info    0x0000e8ee      0x6d4 build/stm32f0xx_hal_flash.o
 .debug_info    0x0000efc2      0xa10 build/stm32f0xx_hal_flash_ex.o
 .debug_info    0x0000f9d2     0x3fde build/stm32f0xx_hal_tim.o
 .debug_info    0x000139b0     0x1bb4 build/stm32f0xx_hal_tim_ex.o
 .debug_info    0x00015564     0x51a1 build/stm32f0xx_hal_uart.o
 .debug_info    0x0001a705     0x23a4 build/user.o
 .debug_info    0x0001caa9      0xf04 build/motor.o
 .debug_info    0x0001d9ad      0x53c build/random_flash_utils.o
 .debug_info    0x0001dee9       0x22 build/startup_stm32f042x6.o

.debug_abbrev   0x00000000     0x3d86
 .debug_abbrev  0x00000000      0x22d build/main.o
 .debug_abbrev  0x0000022d       0xb6 build/gpio.o
 .debug_abbrev  0x000002e3      0x1f1 build/adc.o
 .debug_abbrev  0x000004d4      0x117 build/dma.o
 .debug_abbrev  0x000005eb      0x23b build/tim.o
 .debug_abbrev  0x00000826      0x1fc build/syscalls.o
 .debug_abbrev  0x00000a22      0x187 build/stm32f0xx_it.o
 .debug_abbrev  0x00000ba9      0x134 build/system_stm32f0xx.o
 .debug_abbrev  0x00000cdd      0x211 build/i2c.o
 .debug_abbrev  0x00000eee      0x1e9 build/usart.o
 .debug_abbrev  0x000010d7       0xc1 build/stm32f0xx_hal_msp.o
 .debug_abbrev  0x00001198      0x28d build/stm32f0xx_hal_adc.o
 .debug_abbrev  0x00001425      0x280 build/stm32f0xx_hal_rcc.o
 .debug_abbrev  0x000016a5      0x220 build/stm32f0xx_hal_rcc_ex.o
 .debug_abbrev  0x000018c5      0x249 build/stm32f0xx_hal.o
 .debug_abbrev  0x00001b0e      0x2a9 build/stm32f0xx_hal_i2c.o
 .debug_abbrev  0x00001db7      0x1b5 build/stm32f0xx_hal_i2c_ex.o
 .debug_abbrev  0x00001f6c      0x222 build/stm32f0xx_hal_gpio.o
 .debug_abbrev  0x0000218e      0x241 build/stm32f0xx_hal_dma.o
 .debug_abbrev  0x000023cf      0x2ab build/stm32f0xx_hal_cortex.o
 .debug_abbrev  0x0000267a      0x285 build/stm32f0xx_hal_flash.o
 .debug_abbrev  0x000028ff      0x28b build/stm32f0xx_hal_flash_ex.o
 .debug_abbrev  0x00002b8a      0x296 build/stm32f0xx_hal_tim.o
 .debug_abbrev  0x00002e20      0x27e build/stm32f0xx_hal_tim_ex.o
 .debug_abbrev  0x0000309e      0x308 build/stm32f0xx_hal_uart.o
 .debug_abbrev  0x000033a6      0x4f5 build/user.o
 .debug_abbrev  0x0000389b      0x298 build/motor.o
 .debug_abbrev  0x00003b33      0x241 build/random_flash_utils.o
 .debug_abbrev  0x00003d74       0x12 build/startup_stm32f042x6.o

.debug_loc      0x00000000    0x17fda
 .debug_loc     0x00000000       0xe6 build/main.o
 .debug_loc     0x000000e6       0x20 build/gpio.o
 .debug_loc     0x00000106      0x103 build/adc.o
 .debug_loc     0x00000209       0x2c build/dma.o
 .debug_loc     0x00000235      0x1a7 build/tim.o
 .debug_loc     0x000003dc      0x50d build/syscalls.o
 .debug_loc     0x000008e9       0x80 build/stm32f0xx_it.o
 .debug_loc     0x00000969      0x188 build/system_stm32f0xx.o
 .debug_loc     0x00000af1      0x153 build/i2c.o
 .debug_loc     0x00000c44       0xed build/usart.o
 .debug_loc     0x00000d31       0x20 build/stm32f0xx_hal_msp.o
 .debug_loc     0x00000d51     0x10c9 build/stm32f0xx_hal_adc.o
 .debug_loc     0x00001e1a      0x7d8 build/stm32f0xx_hal_rcc.o
 .debug_loc     0x000025f2      0x856 build/stm32f0xx_hal_rcc_ex.o
 .debug_loc     0x00002e48      0x1e1 build/stm32f0xx_hal.o
 .debug_loc     0x00003029     0x53e7 build/stm32f0xx_hal_i2c.o
 .debug_loc     0x00008410      0x2d0 build/stm32f0xx_hal_i2c_ex.o
 .debug_loc     0x000086e0      0x420 build/stm32f0xx_hal_gpio.o
 .debug_loc     0x00008b00      0xa87 build/stm32f0xx_hal_dma.o
 .debug_loc     0x00009587      0x473 build/stm32f0xx_hal_cortex.o
 .debug_loc     0x000099fa      0x44f build/stm32f0xx_hal_flash.o
 .debug_loc     0x00009e49      0x815 build/stm32f0xx_hal_flash_ex.o
 .debug_loc     0x0000a65e     0x6013 build/stm32f0xx_hal_tim.o
 .debug_loc     0x00010671     0x2698 build/stm32f0xx_hal_tim_ex.o
 .debug_loc     0x00012d09     0x415d build/stm32f0xx_hal_uart.o
 .debug_loc     0x00016e66      0xc85 build/user.o
 .debug_loc     0x00017aeb      0x312 build/motor.o
 .debug_loc     0x00017dfd      0x1dd build/random_flash_utils.o

.debug_aranges  0x00000000     0x1300
 .debug_aranges
                0x00000000       0x38 build/main.o
 .debug_aranges
                0x00000038       0x20 build/gpio.o
 .debug_aranges
                0x00000058       0x30 build/adc.o
 .debug_aranges
                0x00000088       0x20 build/dma.o
 .debug_aranges
                0x000000a8       0x50 build/tim.o
 .debug_aranges
                0x000000f8       0x90 build/syscalls.o
 .debug_aranges
                0x00000188       0x58 build/stm32f0xx_it.o
 .debug_aranges
                0x000001e0       0x28 build/system_stm32f0xx.o
 .debug_aranges
                0x00000208       0x38 build/i2c.o
 .debug_aranges
                0x00000240       0x30 build/usart.o
 .debug_aranges
                0x00000270       0x20 build/stm32f0xx_hal_msp.o
 .debug_aranges
                0x00000290       0xf8 build/stm32f0xx_hal_adc.o
 .debug_aranges
                0x00000388       0x80 build/stm32f0xx_hal_rcc.o
 .debug_aranges
                0x00000408       0x78 build/stm32f0xx_hal_rcc_ex.o
 .debug_aranges
                0x00000480       0xd0 build/stm32f0xx_hal.o
 .debug_aranges
                0x00000550      0x290 build/stm32f0xx_hal_i2c.o
 .debug_aranges
                0x000007e0       0x48 build/stm32f0xx_hal_i2c_ex.o
 .debug_aranges
                0x00000828       0x58 build/stm32f0xx_hal_gpio.o
 .debug_aranges
                0x00000880       0x88 build/stm32f0xx_hal_dma.o
 .debug_aranges
                0x00000908       0x78 build/stm32f0xx_hal_cortex.o
 .debug_aranges
                0x00000980       0x88 build/stm32f0xx_hal_flash.o
 .debug_aranges
                0x00000a08       0x98 build/stm32f0xx_hal_flash_ex.o
 .debug_aranges
                0x00000aa0      0x3d0 build/stm32f0xx_hal_tim.o
 .debug_aranges
                0x00000e70      0x168 build/stm32f0xx_hal_tim_ex.o
 .debug_aranges
                0x00000fd8      0x228 build/stm32f0xx_hal_uart.o
 .debug_aranges
                0x00001200       0x50 build/user.o
 .debug_aranges
                0x00001250       0x40 build/motor.o
 .debug_aranges
                0x00001290       0x48 build/random_flash_utils.o
 .debug_aranges
                0x000012d8       0x28 build/startup_stm32f042x6.o

.debug_ranges   0x00000000     0x1260
 .debug_ranges  0x00000000       0x28 build/main.o
 .debug_ranges  0x00000028       0x10 build/gpio.o
 .debug_ranges  0x00000038       0x20 build/adc.o
 .debug_ranges  0x00000058       0x10 build/dma.o
 .debug_ranges  0x00000068       0x40 build/tim.o
 .debug_ranges  0x000000a8       0x80 build/syscalls.o
 .debug_ranges  0x00000128       0x48 build/stm32f0xx_it.o
 .debug_ranges  0x00000170       0x18 build/system_stm32f0xx.o
 .debug_ranges  0x00000188       0x28 build/i2c.o
 .debug_ranges  0x000001b0       0x20 build/usart.o
 .debug_ranges  0x000001d0       0x10 build/stm32f0xx_hal_msp.o
 .debug_ranges  0x000001e0       0xe8 build/stm32f0xx_hal_adc.o
 .debug_ranges  0x000002c8       0x88 build/stm32f0xx_hal_rcc.o
 .debug_ranges  0x00000350       0x80 build/stm32f0xx_hal_rcc_ex.o
 .debug_ranges  0x000003d0       0xc0 build/stm32f0xx_hal.o
 .debug_ranges  0x00000490      0x280 build/stm32f0xx_hal_i2c.o
 .debug_ranges  0x00000710       0x38 build/stm32f0xx_hal_i2c_ex.o
 .debug_ranges  0x00000748       0x48 build/stm32f0xx_hal_gpio.o
 .debug_ranges  0x00000790       0x78 build/stm32f0xx_hal_dma.o
 .debug_ranges  0x00000808       0xc8 build/stm32f0xx_hal_cortex.o
 .debug_ranges  0x000008d0       0x78 build/stm32f0xx_hal_flash.o
 .debug_ranges  0x00000948       0x88 build/stm32f0xx_hal_flash_ex.o
 .debug_ranges  0x000009d0      0x3c0 build/stm32f0xx_hal_tim.o
 .debug_ranges  0x00000d90      0x158 build/stm32f0xx_hal_tim_ex.o
 .debug_ranges  0x00000ee8      0x218 build/stm32f0xx_hal_uart.o
 .debug_ranges  0x00001100       0xd8 build/user.o
 .debug_ranges  0x000011d8       0x30 build/motor.o
 .debug_ranges  0x00001208       0x38 build/random_flash_utils.o
 .debug_ranges  0x00001240       0x20 build/startup_stm32f042x6.o

.debug_line     0x00000000    0x1735f
 .debug_line    0x00000000      0x3b0 build/main.o
 .debug_line    0x000003b0      0x156 build/gpio.o
 .debug_line    0x00000506      0x389 build/adc.o
 .debug_line    0x0000088f      0x192 build/dma.o
 .debug_line    0x00000a21      0x441 build/tim.o
 .debug_line    0x00000e62      0x414 build/syscalls.o
 .debug_line    0x00001276      0x2d4 build/stm32f0xx_it.o
 .debug_line    0x0000154a      0x23d build/system_stm32f0xx.o
 .debug_line    0x00001787      0x3cc build/i2c.o
 .debug_line    0x00001b53      0x2ee build/usart.o
 .debug_line    0x00001e41      0x169 build/stm32f0xx_hal_msp.o
 .debug_line    0x00001faa     0x1011 build/stm32f0xx_hal_adc.o
 .debug_line    0x00002fbb      0xc54 build/stm32f0xx_hal_rcc.o
 .debug_line    0x00003c0f      0x8d8 build/stm32f0xx_hal_rcc_ex.o
 .debug_line    0x000044e7      0x508 build/stm32f0xx_hal.o
 .debug_line    0x000049ef     0x4923 build/stm32f0xx_hal_i2c.o
 .debug_line    0x00009312      0x4d3 build/stm32f0xx_hal_i2c_ex.o
 .debug_line    0x000097e5      0x657 build/stm32f0xx_hal_gpio.o
 .debug_line    0x00009e3c      0x9f3 build/stm32f0xx_hal_dma.o
 .debug_line    0x0000a82f      0x514 build/stm32f0xx_hal_cortex.o
 .debug_line    0x0000ad43      0x6e3 build/stm32f0xx_hal_flash.o
 .debug_line    0x0000b426      0x7da build/stm32f0xx_hal_flash_ex.o
 .debug_line    0x0000bc00     0x49df build/stm32f0xx_hal_tim.o
 .debug_line    0x000105df     0x1bb3 build/stm32f0xx_hal_tim_ex.o
 .debug_line    0x00012192     0x3c40 build/stm32f0xx_hal_uart.o
 .debug_line    0x00015dd2      0xd04 build/user.o
 .debug_line    0x00016ad6      0x4e8 build/motor.o
 .debug_line    0x00016fbe      0x318 build/random_flash_utils.o
 .debug_line    0x000172d6       0x89 build/startup_stm32f042x6.o

.debug_str      0x00000000     0x5936
 .debug_str     0x00000000      0x7ae build/main.o
                                0x8be (size before relaxing)
 .debug_str     0x000007ae       0x65 build/gpio.o
                                0x1f8 (size before relaxing)
 .debug_str     0x00000813      0x286 build/adc.o
                                0x709 (size before relaxing)
 .debug_str     0x00000a99      0x1d1 build/dma.o
                                0x3bd (size before relaxing)
 .debug_str     0x00000c6a      0x3d9 build/tim.o
                                0xb2c (size before relaxing)
 .debug_str     0x00001043      0x217 build/syscalls.o
                                0x402 (size before relaxing)
 .debug_str     0x0000125a      0x30c build/stm32f0xx_it.o
                                0xa42 (size before relaxing)
 .debug_str     0x00001566       0x91 build/system_stm32f0xx.o
                                0x27c (size before relaxing)
 .debug_str     0x000015f7       0xac build/i2c.o
                                0x9e9 (size before relaxing)
 .debug_str     0x000016a3       0x49 build/usart.o
                                0x728 (size before relaxing)
 .debug_str     0x000016ec       0x24 build/stm32f0xx_hal_msp.o
                                0x204 (size before relaxing)
 .debug_str     0x00001710      0x2f0 build/stm32f0xx_hal_adc.o
                                0x8f2 (size before relaxing)
 .debug_str     0x00001a00      0x1e7 build/stm32f0xx_hal_rcc.o
                                0x670 (size before relaxing)
 .debug_str     0x00001be7      0x26f build/stm32f0xx_hal_rcc_ex.o
                                0x61c (size before relaxing)
 .debug_str     0x00001e56      0x242 build/stm32f0xx_hal.o
                                0x6c8 (size before relaxing)
 .debug_str     0x00002098      0x847 build/stm32f0xx_hal_i2c.o
                                0xf7f (size before relaxing)
 .debug_str     0x000028df       0xcb build/stm32f0xx_hal_i2c_ex.o
                                0x7e5 (size before relaxing)
 .debug_str     0x000029aa      0x120 build/stm32f0xx_hal_gpio.o
                                0x404 (size before relaxing)
 .debug_str     0x00002aca      0x1d5 build/stm32f0xx_hal_dma.o
                                0x627 (size before relaxing)
 .debug_str     0x00002c9f      0x23a build/stm32f0xx_hal_cortex.o
                                0x613 (size before relaxing)
 .debug_str     0x00002ed9      0x282 build/stm32f0xx_hal_flash.o
                                0x51e (size before relaxing)
 .debug_str     0x0000315b      0x269 build/stm32f0xx_hal_flash_ex.o
                                0x60b (size before relaxing)
 .debug_str     0x000033c4      0xde4 build/stm32f0xx_hal_tim.o
                               0x1643 (size before relaxing)
 .debug_str     0x000041a8      0x521 build/stm32f0xx_hal_tim_ex.o
                                0xe44 (size before relaxing)
 .debug_str     0x000046c9      0x778 build/stm32f0xx_hal_uart.o
                                0xec5 (size before relaxing)
 .debug_str     0x00004e41      0x9b4 build/user.o
                               0x16d0 (size before relaxing)
 .debug_str     0x000057f5       0x71 build/motor.o
                                0xc0d (size before relaxing)
 .debug_str     0x00005866       0xac build/random_flash_utils.o
                                0x4cd (size before relaxing)
 .debug_str     0x00005912       0x24 build/startup_stm32f042x6.o
                                 0x57 (size before relaxing)

.comment        0x00000000       0x49
 .comment       0x00000000       0x49 build/main.o
                                 0x4a (size before relaxing)
 .comment       0x00000049       0x4a build/gpio.o
 .comment       0x00000049       0x4a build/adc.o
 .comment       0x00000049       0x4a build/dma.o
 .comment       0x00000049       0x4a build/tim.o
 .comment       0x00000049       0x4a build/syscalls.o
 .comment       0x00000049       0x4a build/stm32f0xx_it.o
 .comment       0x00000049       0x4a build/system_stm32f0xx.o
 .comment       0x00000049       0x4a build/i2c.o
 .comment       0x00000049       0x4a build/usart.o
 .comment       0x00000049       0x4a build/stm32f0xx_hal_msp.o
 .comment       0x00000049       0x4a build/stm32f0xx_hal_adc.o
 .comment       0x00000049       0x4a build/stm32f0xx_hal_rcc.o
 .comment       0x00000049       0x4a build/stm32f0xx_hal_rcc_ex.o
 .comment       0x00000049       0x4a build/stm32f0xx_hal.o
 .comment       0x00000049       0x4a build/stm32f0xx_hal_i2c.o
 .comment       0x00000049       0x4a build/stm32f0xx_hal_i2c_ex.o
 .comment       0x00000049       0x4a build/stm32f0xx_hal_gpio.o
 .comment       0x00000049       0x4a build/stm32f0xx_hal_dma.o
 .comment       0x00000049       0x4a build/stm32f0xx_hal_cortex.o
 .comment       0x00000049       0x4a build/stm32f0xx_hal_flash.o
 .comment       0x00000049       0x4a build/stm32f0xx_hal_flash_ex.o
 .comment       0x00000049       0x4a build/stm32f0xx_hal_tim.o
 .comment       0x00000049       0x4a build/stm32f0xx_hal_tim_ex.o
 .comment       0x00000049       0x4a build/stm32f0xx_hal_uart.o
 .comment       0x00000049       0x4a build/user.o
 .comment       0x00000049       0x4a build/motor.o
 .comment       0x00000049       0x4a build/random_flash_utils.o

.debug_frame    0x00000000     0x4000
 .debug_frame   0x00000000       0x6c build/main.o
 .debug_frame   0x0000006c       0x24 build/gpio.o
 .debug_frame   0x00000090       0x5c build/adc.o
 .debug_frame   0x000000ec       0x28 build/dma.o
 .debug_frame   0x00000114       0xb0 build/tim.o
 .debug_frame   0x000001c4      0x15c build/syscalls.o
 .debug_frame   0x00000320       0xb0 build/stm32f0xx_it.o
 .debug_frame   0x000003d0       0x38 build/system_stm32f0xx.o
 .debug_frame   0x00000408       0x74 build/i2c.o
 .debug_frame   0x0000047c       0x5c build/usart.o
 .debug_frame   0x000004d8       0x24 build/stm32f0xx_hal_msp.o
 .debug_frame   0x000004fc      0x2a0 build/stm32f0xx_hal_adc.o
 .debug_frame   0x0000079c      0x13c build/stm32f0xx_hal_rcc.o
 .debug_frame   0x000008d8       0xfc build/stm32f0xx_hal_rcc_ex.o
 .debug_frame   0x000009d4      0x1ac build/stm32f0xx_hal.o
 .debug_frame   0x00000b80      0x860 build/stm32f0xx_hal_i2c.o
 .debug_frame   0x000013e0       0xb0 build/stm32f0xx_hal_i2c_ex.o
 .debug_frame   0x00001490       0xc0 build/stm32f0xx_hal_gpio.o
 .debug_frame   0x00001550      0x168 build/stm32f0xx_hal_dma.o
 .debug_frame   0x000016b8       0xe4 build/stm32f0xx_hal_cortex.o
 .debug_frame   0x0000179c      0x144 build/stm32f0xx_hal_flash.o
 .debug_frame   0x000018e0      0x178 build/stm32f0xx_hal_flash_ex.o
 .debug_frame   0x00001a58      0xae0 build/stm32f0xx_hal_tim.o
 .debug_frame   0x00002538      0x420 build/stm32f0xx_hal_tim_ex.o
 .debug_frame   0x00002958      0x638 build/stm32f0xx_hal_uart.o
 .debug_frame   0x00002f90       0xc4 build/user.o
 .debug_frame   0x00003054       0x90 build/motor.o
 .debug_frame   0x000030e4       0x94 build/random_flash_utils.o
 .debug_frame   0x00003178       0x20 c:/program files (x86)/gnu arm embedded toolchain/10 2021.10/bin/../lib/gcc/arm-none-eabi/10.3.1/../../../../arm-none-eabi/lib/thumb/v6-m/nofp\libc_nano.a(lib_a-errno.o)