Archive member included to satisfy reference by file (symbol)

e:/program files (x86)/gnu arm embedded toolchain/10 2021.10/bin/../lib/gcc/arm-none-eabi/10.3.1/../../../../arm-none-eabi/lib/thumb/v7e-m+fp/hard\libc_nano.a(lib_a-exit.o)
                              e:/program files (x86)/gnu arm embedded toolchain/10 2021.10/bin/../lib/gcc/arm-none-eabi/10.3.1/../../../../arm-none-eabi/lib/thumb/v7e-m+fp/hard/crt0.o (exit)
e:/program files (x86)/gnu arm embedded toolchain/10 2021.10/bin/../lib/gcc/arm-none-eabi/10.3.1/../../../../arm-none-eabi/lib/thumb/v7e-m+fp/hard\libc_nano.a(lib_a-impure.o)
                              e:/program files (x86)/gnu arm embedded toolchain/10 2021.10/bin/../lib/gcc/arm-none-eabi/10.3.1/../../../../arm-none-eabi/lib/thumb/v7e-m+fp/hard\libc_nano.a(lib_a-exit.o) (_global_impure_ptr)
e:/program files (x86)/gnu arm embedded toolchain/10 2021.10/bin/../lib/gcc/arm-none-eabi/10.3.1/../../../../arm-none-eabi/lib/thumb/v7e-m+fp/hard\libc_nano.a(lib_a-init.o)
                              e:/program files (x86)/gnu arm embedded toolchain/10 2021.10/bin/../lib/gcc/arm-none-eabi/10.3.1/../../../../arm-none-eabi/lib/thumb/v7e-m+fp/hard/crt0.o (__libc_init_array)
e:/program files (x86)/gnu arm embedded toolchain/10 2021.10/bin/../lib/gcc/arm-none-eabi/10.3.1/../../../../arm-none-eabi/lib/thumb/v7e-m+fp/hard\libc_nano.a(lib_a-memset.o)
                              e:/program files (x86)/gnu arm embedded toolchain/10 2021.10/bin/../lib/gcc/arm-none-eabi/10.3.1/../../../../arm-none-eabi/lib/thumb/v7e-m+fp/hard/crt0.o (memset)
e:/program files (x86)/gnu arm embedded toolchain/10 2021.10/bin/../lib/gcc/arm-none-eabi/10.3.1/../../../../arm-none-eabi/lib/thumb/v7e-m+fp/hard\libc_nano.a(lib_a-puts.o)
                              build/main.o (puts)
e:/program files (x86)/gnu arm embedded toolchain/10 2021.10/bin/../lib/gcc/arm-none-eabi/10.3.1/../../../../arm-none-eabi/lib/thumb/v7e-m+fp/hard\libc_nano.a(lib_a-wbuf.o)
                              e:/program files (x86)/gnu arm embedded toolchain/10 2021.10/bin/../lib/gcc/arm-none-eabi/10.3.1/../../../../arm-none-eabi/lib/thumb/v7e-m+fp/hard\libc_nano.a(lib_a-puts.o) (__swbuf_r)
e:/program files (x86)/gnu arm embedded toolchain/10 2021.10/bin/../lib/gcc/arm-none-eabi/10.3.1/../../../../arm-none-eabi/lib/thumb/v7e-m+fp/hard\libc_nano.a(lib_a-wsetup.o)
                              e:/program files (x86)/gnu arm embedded toolchain/10 2021.10/bin/../lib/gcc/arm-none-eabi/10.3.1/../../../../arm-none-eabi/lib/thumb/v7e-m+fp/hard\libc_nano.a(lib_a-puts.o) (__swsetup_r)
e:/program files (x86)/gnu arm embedded toolchain/10 2021.10/bin/../lib/gcc/arm-none-eabi/10.3.1/../../../../arm-none-eabi/lib/thumb/v7e-m+fp/hard\libc_nano.a(lib_a-fflush.o)
                              e:/program files (x86)/gnu arm embedded toolchain/10 2021.10/bin/../lib/gcc/arm-none-eabi/10.3.1/../../../../arm-none-eabi/lib/thumb/v7e-m+fp/hard\libc_nano.a(lib_a-wbuf.o) (_fflush_r)
e:/program files (x86)/gnu arm embedded toolchain/10 2021.10/bin/../lib/gcc/arm-none-eabi/10.3.1/../../../../arm-none-eabi/lib/thumb/v7e-m+fp/hard\libc_nano.a(lib_a-findfp.o)
                              e:/program files (x86)/gnu arm embedded toolchain/10 2021.10/bin/../lib/gcc/arm-none-eabi/10.3.1/../../../../arm-none-eabi/lib/thumb/v7e-m+fp/hard\libc_nano.a(lib_a-puts.o) (__sinit)
e:/program files (x86)/gnu arm embedded toolchain/10 2021.10/bin/../lib/gcc/arm-none-eabi/10.3.1/../../../../arm-none-eabi/lib/thumb/v7e-m+fp/hard\libc_nano.a(lib_a-fwalk.o)
                              e:/program files (x86)/gnu arm embedded toolchain/10 2021.10/bin/../lib/gcc/arm-none-eabi/10.3.1/../../../../arm-none-eabi/lib/thumb/v7e-m+fp/hard\libc_nano.a(lib_a-findfp.o) (_fwalk)
e:/program files (x86)/gnu arm embedded toolchain/10 2021.10/bin/../lib/gcc/arm-none-eabi/10.3.1/../../../../arm-none-eabi/lib/thumb/v7e-m+fp/hard\libc_nano.a(lib_a-lock.o)
                              e:/program files (x86)/gnu arm embedded toolchain/10 2021.10/bin/../lib/gcc/arm-none-eabi/10.3.1/../../../../arm-none-eabi/lib/thumb/v7e-m+fp/hard\libc_nano.a(lib_a-findfp.o) (__retarget_lock_init_recursive)
e:/program files (x86)/gnu arm embedded toolchain/10 2021.10/bin/../lib/gcc/arm-none-eabi/10.3.1/../../../../arm-none-eabi/lib/thumb/v7e-m+fp/hard\libc_nano.a(lib_a-makebuf.o)
                              e:/program files (x86)/gnu arm embedded toolchain/10 2021.10/bin/../lib/gcc/arm-none-eabi/10.3.1/../../../../arm-none-eabi/lib/thumb/v7e-m+fp/hard\libc_nano.a(lib_a-wsetup.o) (__smakebuf_r)
e:/program files (x86)/gnu arm embedded toolchain/10 2021.10/bin/../lib/gcc/arm-none-eabi/10.3.1/../../../../arm-none-eabi/lib/thumb/v7e-m+fp/hard\libc_nano.a(lib_a-nano-freer.o)
                              e:/program files (x86)/gnu arm embedded toolchain/10 2021.10/bin/../lib/gcc/arm-none-eabi/10.3.1/../../../../arm-none-eabi/lib/thumb/v7e-m+fp/hard\libc_nano.a(lib_a-wsetup.o) (_free_r)
[...]
Memory Configuration

Name             Origin             Length             Attributes
RAM              0x20000000         0x00020000         xrw
CCMRAM           0x10000000         0x00010000         xrw
FLASH            0x08006000         0x000fa000         xr
*default*        0x00000000         0xffffffff

Linker script and memory map

LOAD e:/program files (x86)/gnu arm embedded toolchain/10 2021.10/bin/../lib/gcc/arm-none-eabi/10.3.1/thumb/v7e-m+fp/hard/crti.o
LOAD e:/program files (x86)/gnu arm embedded toolchain/10 2021.10/bin/../lib/gcc/arm-none-eabi/10.3.1/thumb/v7e-m+fp/hard/crtbegin.o
LOAD e:/program files (x86)/gnu arm embedded toolchain/10 2021.10/bin/../lib/gcc/arm-none-eabi/10.3.1/../../../../arm-none-eabi/lib/thumb/v7e-m+fp/hard/crt0.o
LOAD build/main.o
LOAD build/gpio.o
LOAD build/usart.o
LOAD build/usb_device.o
LOAD build/usbd_conf.o
LOAD build/usbd_desc.o
LOAD build/usbd_cdc_if.o
LOAD build/stm32f4xx_it.o
LOAD build/stm32f4xx_hal_msp.o
LOAD build/stm32f4xx_hal_pcd.o
LOAD build/stm32f4xx_hal_pcd_ex.o
LOAD build/stm32f4xx_ll_usb.o
LOAD build/stm32f4xx_hal_rcc.o
LOAD build/stm32f4xx_hal_rcc_ex.o
LOAD build/stm32f4xx_hal_flash.o
LOAD build/stm32f4xx_hal_flash_ex.o
LOAD build/stm32f4xx_hal_flash_ramfunc.o
LOAD build/stm32f4xx_hal_gpio.o
LOAD build/stm32f4xx_hal_dma_ex.o
LOAD build/stm32f4xx_hal_dma.o
LOAD build/stm32f4xx_hal_pwr.o
LOAD build/stm32f4xx_hal_pwr_ex.o
LOAD build/stm32f4xx_hal_cortex.o
LOAD build/stm32f4xx_hal.o
LOAD build/stm32f4xx_hal_exti.o
LOAD build/stm32f4xx_hal_tim.o
LOAD build/stm32f4xx_hal_tim_ex.o
LOAD build/stm32f4xx_hal_uart.o
LOAD build/system_stm32f4xx.o
LOAD build/usbd_core.o
LOAD build/usbd_ctlreq.o
LOAD build/usbd_ioreq.o
LOAD build/usbd_cdc.o
LOAD build/startup_stm32f405xx.o
LOAD e:/program files (x86)/gnu arm embedded toolchain/10 2021.10/bin/../lib/gcc/arm-none-eabi/10.3.1/../../../../arm-none-eabi/lib/thumb/v7e-m+fp/hard\libc_nano.a
LOAD e:/program files (x86)/gnu arm embedded toolchain/10 2021.10/bin/../lib/gcc/arm-none-eabi/10.3.1/../../../../arm-none-eabi/lib/thumb/v7e-m+fp/hard\libm.a
LOAD e:/program files (x86)/gnu arm embedded toolchain/10 2021.10/bin/../lib/gcc/arm-none-eabi/10.3.1/../../../../arm-none-eabi/lib/thumb/v7e-m+fp/hard\libnosys.a
START GROUP
LOAD e:/program files (x86)/gnu arm embedded toolchain/10 2021.10/bin/../lib/gcc/arm-none-eabi/10.3.1/thumb/v7e-m+fp/hard\libgcc.a
LOAD e:/program files (x86)/gnu arm embedded toolchain/10 2021.10/bin/../lib/gcc/arm-none-eabi/10.3.1/../../../../arm-none-eabi/lib/thumb/v7e-m+fp/hard\libc_nano.a
END GROUP
START GROUP
LOAD e:/program files (x86)/gnu arm embedded toolchain/10 2021.10/bin/../lib/gcc/arm-none-eabi/10.3.1/thumb/v7e-m+fp/hard\libgcc.a
LOAD e:/program files (x86)/gnu arm embedded toolchain/10 2021.10/bin/../lib/gcc/arm-none-eabi/10.3.1/../../../../arm-none-eabi/lib/thumb/v7e-m+fp/hard\libc_nano.a
END GROUP
LOAD e:/program files (x86)/gnu arm embedded toolchain/10 2021.10/bin/../lib/gcc/arm-none-eabi/10.3.1/thumb/v7e-m+fp/hard/crtend.o
LOAD e:/program files (x86)/gnu arm embedded toolchain/10 2021.10/bin/../lib/gcc/arm-none-eabi/10.3.1/thumb/v7e-m+fp/hard/crtn.o
                0x20020000                _estack = (ORIGIN (RAM) + LENGTH (RAM))
                0x00003c00                _Min_Heap_Size = 0x3c00
                0x00000800                _Min_Stack_Size = 0x800

.mySegment      0x08008000        0x4
 *(.mySection)
 .mySection     0x08008000        0x4 build/main.o
                0x08008000                _reboot_cookie

.isr_vector     0x08006000      0x188
                0x08006000                . = ALIGN (0x4)
 *(.isr_vector)
 .isr_vector    0x08006000      0x188 build/startup_stm32f405xx.o
                0x08006000                g_pfnVectors
                0x08006188                . = ALIGN (0x4)

.text           0x08006188     0x4c1c
                0x08006188                . = ALIGN (0x4)
 *(.text)
 .text          0x08006188       0x40 e:/program files (x86)/gnu arm embedded toolchain/10 2021.10/bin/../lib/gcc/arm-none-eabi/10.3.1/thumb/v7e-m+fp/hard/crtbegin.o
 .text          0x080061c8       0x30 e:/program files (x86)/gnu arm embedded toolchain/10 2021.10/bin/../lib/gcc/arm-none-eabi/10.3.1/thumb/v7e-m+fp/hard\libgcc.a(_aeabi_uldivmod.o)
                0x080061c8                __aeabi_uldivmod
 .text          0x080061f8      0x2d0 e:/program files (x86)/gnu arm embedded toolchain/10 2021.10/bin/../lib/gcc/arm-none-eabi/10.3.1/thumb/v7e-m+fp/hard\libgcc.a(_udivmoddi4.o)
                0x080061f8                __udivmoddi4
 .text          0x080064c8        0x4 e:/program files (x86)/gnu arm embedded toolchain/10 2021.10/bin/../lib/gcc/arm-none-eabi/10.3.1/thumb/v7e-m+fp/hard\libgcc.a(_dvmd_tls.o)
                0x080064c8                __aeabi_idiv0
                0x080064c8                __aeabi_ldiv0
 *(.text*)
 .text._write   0x080064cc       0x18 build/main.o
                0x080064cc                _write
 .text.Error_Handler
                0x080064e4        0x4 build/main.o
                0x080064e4                Error_Handler
 .text.SystemClock_Config
                0x080064e8       0xa8 build/main.o
                0x080064e8                SystemClock_Config
 .text.main     0x08006590       0x40 build/main.o
                0x08006590                main
 .text.MX_GPIO_Init
                0x080065d0       0x38 build/gpio.o
                0x080065d0                MX_GPIO_Init
 .text.MX_UART4_Init
                0x08006608       0x34 build/usart.o
                0x08006608                MX_UART4_Init
 .text.HAL_UART_MspInit
                0x0800663c       0x6c build/usart.o
                0x0800663c                HAL_UART_MspInit
 .text.MX_USB_DEVICE_Init
                0x080066a8       0x54 build/usb_device.o
                0x080066a8                MX_USB_DEVICE_Init
 .text.HAL_PCD_MspInit
                0x080066fc       0x84 build/usbd_conf.o
                0x080066fc                HAL_PCD_MspInit
 .text.HAL_PCD_SetupStageCallback
                0x08006780       0x10 build/usbd_conf.o
                0x08006780                HAL_PCD_SetupStageCallback
 .text.HAL_PCD_DataOutStageCallback
                0x08006790       0x18 build/usbd_conf.o
                0x08006790                HAL_PCD_DataOutStageCallback
 .text.HAL_PCD_DataInStageCallback
                0x080067a8       0x16 build/usbd_conf.o
                0x080067a8                HAL_PCD_DataInStageCallback
 .text.HAL_PCD_SOFCallback
                0x080067be        0xc build/usbd_conf.o
                0x080067be                HAL_PCD_SOFCallback
 .text.HAL_PCD_ResetCallback
                0x080067ca       0x2c build/usbd_conf.o
                0x080067ca                HAL_PCD_ResetCallback
 *fill*         0x080067f6        0x2 
 .text.HAL_PCD_SuspendCallback
                0x080067f8       0x30 build/usbd_conf.o
                0x080067f8                HAL_PCD_SuspendCallback
 .text.HAL_PCD_ResumeCallback
                0x08006828        0xc build/usbd_conf.o
                0x08006828                HAL_PCD_ResumeCallback
 .text.HAL_PCD_ISOOUTIncompleteCallback
                0x08006834        0xc build/usbd_conf.o
                0x08006834                HAL_PCD_ISOOUTIncompleteCallback
 .text.HAL_PCD_ISOINIncompleteCallback
                0x08006840        0xc build/usbd_conf.o
                0x08006840                HAL_PCD_ISOINIncompleteCallback
 .text.HAL_PCD_ConnectCallback
                0x0800684c        0xc build/usbd_conf.o
                0x0800684c                HAL_PCD_ConnectCallback
 .text.HAL_PCD_DisconnectCallback
                0x08006858        0xc build/usbd_conf.o
                0x08006858                HAL_PCD_DisconnectCallback
 .text.USBD_LL_Init
                0x08006864       0x68 build/usbd_conf.o
                0x08006864                USBD_LL_Init
 .text.USBD_LL_IsStallEP
                0x080068cc       0x2e build/usbd_conf.o
                0x080068cc                USBD_LL_IsStallEP
 .text.USBD_LL_GetRxDataSize
                0x080068fa        0xc build/usbd_conf.o
                0x080068fa                USBD_LL_GetRxDataSize
 *fill*         0x08006906        0x2 
 .text.USBD_static_malloc
                0x08006908        0x8 build/usbd_conf.o
                0x08006908                USBD_static_malloc
 .text.USBD_static_free
                0x08006910        0x2 build/usbd_conf.o
                0x08006910                USBD_static_free
 .text.USBD_Get_USB_Status
                0x08006912       0x14 build/usbd_conf.o
                0x08006912                USBD_Get_USB_Status
 .text.USBD_LL_Start
                0x08006926       0x10 build/usbd_conf.o
                0x08006926                USBD_LL_Start
 .text.USBD_LL_OpenEP
                0x08006936       0x16 build/usbd_conf.o
                0x08006936                USBD_LL_OpenEP
 .text.USBD_LL_CloseEP
                0x0800694c       0x10 build/usbd_conf.o
                0x0800694c                USBD_LL_CloseEP
 .text.USBD_LL_StallEP
                0x0800695c       0x10 build/usbd_conf.o
                0x0800695c                USBD_LL_StallEP
 .text.USBD_LL_ClearStallEP
                0x0800696c       0x10 build/usbd_conf.o
                0x0800696c                USBD_LL_ClearStallEP
 .text.USBD_LL_SetUSBAddress
                0x0800697c       0x10 build/usbd_conf.o
                0x0800697c                USBD_LL_SetUSBAddress
 .text.USBD_LL_Transmit
                0x0800698c       0x10 build/usbd_conf.o
                0x0800698c                USBD_LL_Transmit
 .text.USBD_LL_PrepareReceive
                0x0800699c       0x10 build/usbd_conf.o
                0x0800699c                USBD_LL_PrepareReceive
 .text.USBD_FS_DeviceDescriptor
                0x080069ac        0xc build/usbd_desc.o
                0x080069ac                USBD_FS_DeviceDescriptor
 .text.USBD_FS_LangIDStrDescriptor
                0x080069b8        0xc build/usbd_desc.o
                0x080069b8                USBD_FS_LangIDStrDescriptor
 .text.IntToUnicode
                0x080069c4       0x46 build/usbd_desc.o
 *fill*         0x08006a0a        0x2 
 .text.Get_SerialNum
                0x08006a0c       0x38 build/usbd_desc.o
 .text.USBD_FS_SerialStrDescriptor
                0x08006a44       0x14 build/usbd_desc.o
                0x08006a44                USBD_FS_SerialStrDescriptor
 .text.USBD_FS_ProductStrDescriptor
                0x08006a58       0x24 build/usbd_desc.o
                0x08006a58                USBD_FS_ProductStrDescriptor
 .text.USBD_FS_ManufacturerStrDescriptor
                0x08006a7c       0x1c build/usbd_desc.o
                0x08006a7c                USBD_FS_ManufacturerStrDescriptor
 .text.USBD_FS_ConfigStrDescriptor
                0x08006a98       0x24 build/usbd_desc.o
                0x08006a98                USBD_FS_ConfigStrDescriptor
 .text.USBD_FS_InterfaceStrDescriptor
                0x08006abc       0x24 build/usbd_desc.o
                0x08006abc                USBD_FS_InterfaceStrDescriptor
 .text.CDC_DeInit_FS
                0x08006ae0        0x4 build/usbd_cdc_if.o
 .text.CDC_Control_FS
                0x08006ae4        0x4 build/usbd_cdc_if.o
 .text.CDC_TransmitCplt_FS
                0x08006ae8        0x4 build/usbd_cdc_if.o
 .text.CDC_Receive_FS
                0x08006aec       0x1c build/usbd_cdc_if.o
 .text.CDC_Init_FS
                0x08006b08       0x28 build/usbd_cdc_if.o
 .text.NMI_Handler
                0x08006b30        0x2 build/stm32f4xx_it.o
                0x08006b30                NMI_Handler
 .text.HardFault_Handler
                0x08006b32        0x2 build/stm32f4xx_it.o
                0x08006b32                HardFault_Handler
 .text.MemManage_Handler
                0x08006b34        0x2 build/stm32f4xx_it.o
                0x08006b34                MemManage_Handler
 .text.BusFault_Handler
                0x08006b36        0x2 build/stm32f4xx_it.o
                0x08006b36                BusFault_Handler
 .text.UsageFault_Handler
                0x08006b38        0x2 build/stm32f4xx_it.o
                0x08006b38                UsageFault_Handler
 .text.SVC_Handler
                0x08006b3a        0x2 build/stm32f4xx_it.o
                0x08006b3a                SVC_Handler
 .text.DebugMon_Handler
                0x08006b3c        0x2 build/stm32f4xx_it.o
                0x08006b3c                DebugMon_Handler
 .text.PendSV_Handler
                0x08006b3e        0x2 build/stm32f4xx_it.o
                0x08006b3e                PendSV_Handler
 .text.SysTick_Handler
                0x08006b40        0x8 build/stm32f4xx_it.o
                0x08006b40                SysTick_Handler
 .text.OTG_FS_IRQHandler
                0x08006b48       0x10 build/stm32f4xx_it.o
                0x08006b48                OTG_FS_IRQHandler
 .text.HAL_MspInit
                0x08006b58       0x38 build/stm32f4xx_hal_msp.o
                0x08006b58                HAL_MspInit
 .text.PCD_WriteEmptyTxFifo
                0x08006b90       0xd0 build/stm32f4xx_hal_pcd.o
 .text.HAL_PCD_Init
                0x08006c60      0x12e build/stm32f4xx_hal_pcd.o
                0x08006c60                HAL_PCD_Init
 .text.HAL_PCD_Start
                0x08006d8e       0x42 build/stm32f4xx_hal_pcd.o
                0x08006d8e                HAL_PCD_Start
 .text.PCD_EP_OutXfrComplete_int
                0x08006dd0      0x104 build/stm32f4xx_hal_pcd.o
 .text.PCD_EP_OutSetupPacket_int
                0x08006ed4       0x50 build/stm32f4xx_hal_pcd.o
 .text.HAL_PCD_SetAddress
                0x08006f24       0x28 build/stm32f4xx_hal_pcd.o
                0x08006f24                HAL_PCD_SetAddress
 .text.HAL_PCD_EP_Open
                0x08006f4c       0x8a build/stm32f4xx_hal_pcd.o
                0x08006f4c                HAL_PCD_EP_Open
 .text.HAL_PCD_EP_Close
                0x08006fd6       0x72 build/stm32f4xx_hal_pcd.o
                0x08006fd6                HAL_PCD_EP_Close
 .text.HAL_PCD_EP_Receive
                0x08007048       0x5e build/stm32f4xx_hal_pcd.o
                0x08007048                HAL_PCD_EP_Receive
 .text.HAL_PCD_EP_GetRxCount
                0x080070a6       0x12 build/stm32f4xx_hal_pcd.o
                0x080070a6                HAL_PCD_EP_GetRxCount
 .text.HAL_PCD_EP_Transmit
                0x080070b8       0x5e build/stm32f4xx_hal_pcd.o
                0x080070b8                HAL_PCD_EP_Transmit
 .text.HAL_PCD_EP_SetStall
                0x08007116       0x88 build/stm32f4xx_hal_pcd.o
                0x08007116                HAL_PCD_EP_SetStall
 .text.HAL_PCD_EP_ClrStall
                0x0800719e       0x76 build/stm32f4xx_hal_pcd.o
                0x0800719e                HAL_PCD_EP_ClrStall
 .text.HAL_PCD_EP_Abort
                0x08007214       0x34 build/stm32f4xx_hal_pcd.o
                0x08007214                HAL_PCD_EP_Abort
 .text.HAL_PCD_IRQHandler
                0x08007248      0x5c4 build/stm32f4xx_hal_pcd.o
                0x08007248                HAL_PCD_IRQHandler
 .text.HAL_PCDEx_SetTxFiFo
                0x0800780c       0x4c build/stm32f4xx_hal_pcd_ex.o
                0x0800780c                HAL_PCDEx_SetTxFiFo
 .text.HAL_PCDEx_SetRxFiFo
                0x08007858        0x8 build/stm32f4xx_hal_pcd_ex.o
                0x08007858                HAL_PCDEx_SetRxFiFo
 .text.HAL_PCDEx_LPM_Callback
                0x08007860        0x2 build/stm32f4xx_hal_pcd_ex.o
                0x08007860                HAL_PCDEx_LPM_Callback
 *fill*         0x08007862        0x2 
 .text.USB_CoreReset
                0x08007864       0x50 build/stm32f4xx_ll_usb.o
 .text.USB_CoreInit
                0x080078b4       0x8a build/stm32f4xx_ll_usb.o
                0x080078b4                USB_CoreInit
 *fill*         0x0800793e        0x2 
 .text.USB_SetTurnaroundTime
                0x08007940       0xe4 build/stm32f4xx_ll_usb.o
                0x08007940                USB_SetTurnaroundTime
 .text.USB_EnableGlobalInt
                0x08007a24        0xc build/stm32f4xx_ll_usb.o
                0x08007a24                USB_EnableGlobalInt
 .text.USB_DisableGlobalInt
                0x08007a30        0xc build/stm32f4xx_ll_usb.o
                0x08007a30                USB_DisableGlobalInt
 .text.USB_FlushTxFifo
                0x08007a3c       0x50 build/stm32f4xx_ll_usb.o
                0x08007a3c                USB_FlushTxFifo
 .text.USB_FlushRxFifo
                0x08007a8c       0x4c build/stm32f4xx_ll_usb.o
                0x08007a8c                USB_FlushRxFifo
 .text.USB_SetDevSpeed
                0x08007ad8        0xe build/stm32f4xx_ll_usb.o
                0x08007ad8                USB_SetDevSpeed
 *fill*         0x08007ae6        0x2 
 .text.USB_DevInit
                0x08007ae8      0x190 build/stm32f4xx_ll_usb.o
                0x08007ae8                USB_DevInit
 .text.USB_GetDevSpeed
                0x08007c78       0x22 build/stm32f4xx_ll_usb.o
                0x08007c78                USB_GetDevSpeed
 .text.USB_ActivateEndpoint
                0x08007c9a       0x9c build/stm32f4xx_ll_usb.o
                0x08007c9a                USB_ActivateEndpoint
 *fill*         0x08007d36        0x2 
 .text.USB_DeactivateEndpoint
                0x08007d38       0xe0 build/stm32f4xx_ll_usb.o
                0x08007d38                USB_DeactivateEndpoint
 .text.USB_EP0StartXfer
                0x08007e18      0x124 build/stm32f4xx_ll_usb.o
                0x08007e18                USB_EP0StartXfer
 .text.USB_EPStopXfer
                0x08007f3c       0xbe build/stm32f4xx_ll_usb.o
                0x08007f3c                USB_EPStopXfer
 .text.USB_WritePacket
                0x08007ffa       0x2e build/stm32f4xx_ll_usb.o
                0x08007ffa                USB_WritePacket
 .text.USB_EPStartXfer
                0x08008028      0x234 build/stm32f4xx_ll_usb.o
                0x08008028                USB_EPStartXfer
 .text.USB_ReadPacket
                0x0800825c       0x54 build/stm32f4xx_ll_usb.o
                0x0800825c                USB_ReadPacket
 .text.USB_EPSetStall
                0x080082b0       0x5a build/stm32f4xx_ll_usb.o
                0x080082b0                USB_EPSetStall
 .text.USB_EPClearStall
                0x0800830a       0x5c build/stm32f4xx_ll_usb.o
                0x0800830a                USB_EPClearStall
 .text.USB_SetDevAddress
                0x08008366       0x20 build/stm32f4xx_ll_usb.o
                0x08008366                USB_SetDevAddress
 .text.USB_DevConnect
                0x08008386       0x1c build/stm32f4xx_ll_usb.o
                0x08008386                USB_DevConnect
 .text.USB_DevDisconnect
                0x080083a2       0x1c build/stm32f4xx_ll_usb.o
                0x080083a2                USB_DevDisconnect
 .text.USB_ReadInterrupts
                0x080083be        0x8 build/stm32f4xx_ll_usb.o
                0x080083be                USB_ReadInterrupts
 .text.USB_ReadDevAllOutEpInterrupt
                0x080083c6       0x10 build/stm32f4xx_ll_usb.o
                0x080083c6                USB_ReadDevAllOutEpInterrupt
 .text.USB_ReadDevAllInEpInterrupt
                0x080083d6       0x10 build/stm32f4xx_ll_usb.o
                0x080083d6                USB_ReadDevAllInEpInterrupt
 .text.USB_ReadDevOutEPInterrupt
                0x080083e6       0x12 build/stm32f4xx_ll_usb.o
                0x080083e6                USB_ReadDevOutEPInterrupt
 .text.USB_ReadDevInEPInterrupt
                0x080083f8       0x28 build/stm32f4xx_ll_usb.o
                0x080083f8                USB_ReadDevInEPInterrupt
 .text.USB_GetMode
                0x08008420        0x8 build/stm32f4xx_ll_usb.o
                0x08008420                USB_GetMode
 .text.USB_SetCurrentMode
                0x08008428       0x62 build/stm32f4xx_ll_usb.o
                0x08008428                USB_SetCurrentMode
 .text.USB_ActivateSetup
                0x0800848a       0x20 build/stm32f4xx_ll_usb.o
                0x0800848a                USB_ActivateSetup
 *fill*         0x080084aa        0x2 
 .text.USB_EP0_OutStart
                0x080084ac       0x60 build/stm32f4xx_ll_usb.o
                0x080084ac                USB_EP0_OutStart
 .text.HAL_RCC_OscConfig
                0x0800850c      0x3f8 build/stm32f4xx_hal_rcc.o
                0x0800850c                HAL_RCC_OscConfig
 .text.HAL_RCC_GetSysClockFreq
                0x08008904       0xd4 build/stm32f4xx_hal_rcc.o
                0x08008904                HAL_RCC_GetSysClockFreq
 .text.HAL_RCC_ClockConfig
                0x080089d8      0x160 build/stm32f4xx_hal_rcc.o
                0x080089d8                HAL_RCC_ClockConfig
 .text.HAL_RCC_GetHCLKFreq
                0x08008b38        0xc build/stm32f4xx_hal_rcc.o
                0x08008b38                HAL_RCC_GetHCLKFreq
 .text.HAL_RCC_GetPCLK1Freq
                0x08008b44       0x20 build/stm32f4xx_hal_rcc.o
                0x08008b44                HAL_RCC_GetPCLK1Freq
 .text.HAL_RCC_GetPCLK2Freq
                0x08008b64       0x20 build/stm32f4xx_hal_rcc.o
                0x08008b64                HAL_RCC_GetPCLK2Freq
 .text.HAL_GPIO_Init
                0x08008b84      0x1e4 build/stm32f4xx_hal_gpio.o
                0x08008b84                HAL_GPIO_Init
 .text.HAL_NVIC_SetPriorityGrouping
                0x08008d68       0x24 build/stm32f4xx_hal_cortex.o
                0x08008d68                HAL_NVIC_SetPriorityGrouping
 .text.HAL_NVIC_SetPriority
                0x08008d8c       0x70 build/stm32f4xx_hal_cortex.o
                0x08008d8c                HAL_NVIC_SetPriority
 .text.HAL_NVIC_EnableIRQ
                0x08008dfc       0x1c build/stm32f4xx_hal_cortex.o
                0x08008dfc                HAL_NVIC_EnableIRQ
 .text.HAL_SYSTICK_Config
                0x08008e18       0x28 build/stm32f4xx_hal_cortex.o
                0x08008e18                HAL_SYSTICK_Config
 .text.HAL_InitTick
                0x08008e40       0x4c build/stm32f4xx_hal.o
                0x08008e40                HAL_InitTick
 .text.HAL_Init
                0x08008e8c       0x34 build/stm32f4xx_hal.o
                0x08008e8c                HAL_Init
 .text.HAL_IncTick
                0x08008ec0       0x18 build/stm32f4xx_hal.o
                0x08008ec0                HAL_IncTick
 .text.HAL_GetTick
                0x08008ed8        0xc build/stm32f4xx_hal.o
                0x08008ed8                HAL_GetTick
 .text.HAL_Delay
                0x08008ee4       0x28 build/stm32f4xx_hal.o
                0x08008ee4                HAL_Delay
 .text.UART_SetConfig
                0x08008f0c      0x110 build/stm32f4xx_hal_uart.o
 .text.UART_WaitOnFlagUntilTimeout
                0x0800901c       0x88 build/stm32f4xx_hal_uart.o
 .text.HAL_UART_Init
                0x080090a4       0x5e build/stm32f4xx_hal_uart.o
                0x080090a4                HAL_UART_Init
 .text.HAL_UART_Transmit
                0x08009102       0xd8 build/stm32f4xx_hal_uart.o
                0x08009102                HAL_UART_Transmit
 *fill*         0x080091da        0x2 
 .text.SystemInit
                0x080091dc       0x1c build/system_stm32f4xx.o
                0x080091dc                SystemInit
 .text.USBD_Init
                0x080091f8       0x2e build/usbd_core.o
                0x080091f8                USBD_Init
 .text.USBD_RegisterClass
                0x08009226       0x34 build/usbd_core.o
                0x08009226                USBD_RegisterClass
 .text.USBD_Start
                0x0800925a        0x8 build/usbd_core.o
                0x0800925a                USBD_Start
 .text.USBD_SetClassConfig
                0x08009262       0x12 build/usbd_core.o
                0x08009262                USBD_SetClassConfig
 .text.USBD_ClrClassConfig
                0x08009274       0x12 build/usbd_core.o
                0x08009274                USBD_ClrClassConfig
 .text.USBD_LL_SetupStage
                0x08009286       0x58 build/usbd_core.o
                0x08009286                USBD_LL_SetupStage
 .text.USBD_LL_Reset
                0x080092de       0x64 build/usbd_core.o
                0x080092de                USBD_LL_Reset
 .text.USBD_LL_SetSpeed
                0x08009342        0x6 build/usbd_core.o
                0x08009342                USBD_LL_SetSpeed
 .text.USBD_LL_Suspend
                0x08009348       0x14 build/usbd_core.o
                0x08009348                USBD_LL_Suspend
 .text.USBD_LL_Resume
                0x0800935c       0x1a build/usbd_core.o
                0x0800935c                USBD_LL_Resume
 .text.USBD_LL_SOF
                0x08009376       0x22 build/usbd_core.o
                0x08009376                USBD_LL_SOF
 .text.USBD_LL_IsoINIncomplete
                0x08009398       0x2e build/usbd_core.o
                0x08009398                USBD_LL_IsoINIncomplete
 .text.USBD_LL_IsoOUTIncomplete
                0x080093c6       0x2e build/usbd_core.o
                0x080093c6                USBD_LL_IsoOUTIncomplete
 .text.USBD_LL_DevConnected
                0x080093f4        0x4 build/usbd_core.o
                0x080093f4                USBD_LL_DevConnected
 .text.USBD_LL_DevDisconnected
                0x080093f8       0x20 build/usbd_core.o
                0x080093f8                USBD_LL_DevDisconnected
 .text.USBD_CoreFindIF
                0x08009418        0x4 build/usbd_core.o
                0x08009418                USBD_CoreFindIF
 .text.USBD_CoreFindEP
                0x0800941c        0x4 build/usbd_core.o
                0x0800941c                USBD_CoreFindEP
 .text.USBD_LL_DataOutStage
                0x08009420       0xc6 build/usbd_core.o
                0x08009420                USBD_LL_DataOutStage
 .text.USBD_LL_DataInStage
                0x080094e6       0xd6 build/usbd_core.o
                0x080094e6                USBD_LL_DataInStage
 .text.USBD_GetNextDesc
                0x080095bc        0xe build/usbd_core.o
                0x080095bc                USBD_GetNextDesc
 .text.USBD_GetEpDesc
                0x080095ca       0x3e build/usbd_core.o
                0x080095ca                USBD_GetEpDesc
 .text.USBD_GetLen
                0x08009608       0x14 build/usbd_ctlreq.o
 .text.USBD_ParseSetupRequest
                0x0800961c       0x28 build/usbd_ctlreq.o
                0x0800961c                USBD_ParseSetupRequest
 .text.USBD_CtlError
                0x08009644       0x14 build/usbd_ctlreq.o
                0x08009644                USBD_CtlError
 .text.USBD_GetDescriptor
                0x08009658      0x18a build/usbd_ctlreq.o
 .text.USBD_SetAddress
                0x080097e2       0x50 build/usbd_ctlreq.o
 *fill*         0x08009832        0x2 
 .text.USBD_SetConfig
                0x08009834       0xcc build/usbd_ctlreq.o
 .text.USBD_GetConfig
                0x08009900       0x40 build/usbd_ctlreq.o
 .text.USBD_GetStatus
                0x08009940       0x38 build/usbd_ctlreq.o
 .text.USBD_SetFeature
                0x08009978       0x2a build/usbd_ctlreq.o
 .text.USBD_ClrFeature
                0x080099a2       0x26 build/usbd_ctlreq.o
 .text.USBD_StdDevReq
                0x080099c8       0x76 build/usbd_ctlreq.o
                0x080099c8                USBD_StdDevReq
 .text.USBD_StdItfReq
                0x08009a3e       0x84 build/usbd_ctlreq.o
                0x08009a3e                USBD_StdItfReq
 .text.USBD_StdEPReq
                0x08009ac2      0x230 build/usbd_ctlreq.o
                0x08009ac2                USBD_StdEPReq
 .text.USBD_GetString
                0x08009cf2       0x3a build/usbd_ctlreq.o
                0x08009cf2                USBD_GetString
 .text.USBD_CtlSendData
                0x08009d2c       0x1a build/usbd_ioreq.o
                0x08009d2c                USBD_CtlSendData
 .text.USBD_CtlContinueSendData
                0x08009d46       0x10 build/usbd_ioreq.o
                0x08009d46                USBD_CtlContinueSendData
 .text.USBD_CtlPrepareRx
                0x08009d56       0x1e build/usbd_ioreq.o
                0x08009d56                USBD_CtlPrepareRx
 .text.USBD_CtlContinueRx
                0x08009d74       0x10 build/usbd_ioreq.o
                0x08009d74                USBD_CtlContinueRx
 .text.USBD_CtlSendStatus
                0x08009d84       0x16 build/usbd_ioreq.o
                0x08009d84                USBD_CtlSendStatus
 .text.USBD_CtlReceiveStatus
                0x08009d9a       0x16 build/usbd_ioreq.o
                0x08009d9a                USBD_CtlReceiveStatus
 .text.USBD_CDC_EP0_RxReady
                0x08009db0       0x40 build/usbd_cdc.o
 .text.USBD_CDC_GetDeviceQualifierDescriptor
                0x08009df0        0xc build/usbd_cdc.o
                0x08009df0                USBD_CDC_GetDeviceQualifierDescriptor
 .text.USBD_CDC_GetOtherSpeedCfgDesc
                0x08009dfc       0x48 build/usbd_cdc.o
 .text.USBD_CDC_GetFSCfgDesc
                0x08009e44       0x48 build/usbd_cdc.o
 .text.USBD_CDC_GetHSCfgDesc
                0x08009e8c       0x48 build/usbd_cdc.o
 .text.USBD_CDC_DataOut
                0x08009ed4       0x38 build/usbd_cdc.o
 .text.USBD_CDC_DataIn
                0x08009f0c       0x7c build/usbd_cdc.o
 .text.USBD_CDC_Setup
                0x08009f88      0x11a build/usbd_cdc.o
 .text.USBD_CDC_DeInit
                0x0800a0a2       0x64 build/usbd_cdc.o
 .text.USBD_CDC_Init
                0x0800a106       0xee build/usbd_cdc.o
 .text.USBD_CDC_RegisterInterface
                0x0800a1f4       0x16 build/usbd_cdc.o
                0x0800a1f4                USBD_CDC_RegisterInterface
 .text.USBD_CDC_SetTxBuffer
                0x0800a20a       0x1c build/usbd_cdc.o
                0x0800a20a                USBD_CDC_SetTxBuffer
 .text.USBD_CDC_SetRxBuffer
                0x0800a226       0x18 build/usbd_cdc.o
                0x0800a226                USBD_CDC_SetRxBuffer
 .text.USBD_CDC_ReceivePacket
                0x0800a23e       0x38 build/usbd_cdc.o
                0x0800a23e                USBD_CDC_ReceivePacket
 *fill*         0x0800a276        0x2 
 .text.Reset_Handler
                0x0800a278       0x50 build/startup_stm32f405xx.o
                0x0800a278                Reset_Handler
 .text.Default_Handler
                0x0800a2c8        0x2 build/startup_stm32f405xx.o
                0x0800a2c8                RTC_Alarm_IRQHandler
                0x0800a2c8                HASH_RNG_IRQHandler
                0x0800a2c8                EXTI2_IRQHandler
                0x0800a2c8                TIM8_CC_IRQHandler
                0x0800a2c8                TIM1_CC_IRQHandler
                0x0800a2c8                DMA2_Stream5_IRQHandler
                0x0800a2c8                DMA1_Stream5_IRQHandler
                0x0800a2c8                PVD_IRQHandler
                0x0800a2c8                SDIO_IRQHandler
                0x0800a2c8                TAMP_STAMP_IRQHandler
                0x0800a2c8                CAN2_RX1_IRQHandler
                0x0800a2c8                EXTI3_IRQHandler
                0x0800a2c8                TIM8_TRG_COM_TIM14_IRQHandler
                0x0800a2c8                TIM1_UP_TIM10_IRQHandler
                0x0800a2c8                TIM8_UP_TIM13_IRQHandler
                0x0800a2c8                I2C3_ER_IRQHandler
                0x0800a2c8                EXTI0_IRQHandler
                0x0800a2c8                I2C2_EV_IRQHandler
                0x0800a2c8                DMA1_Stream2_IRQHandler
                0x0800a2c8                CAN1_RX0_IRQHandler
                0x0800a2c8                FPU_IRQHandler
                0x0800a2c8                OTG_HS_WKUP_IRQHandler
                0x0800a2c8                CAN2_SCE_IRQHandler
                0x0800a2c8                DMA2_Stream2_IRQHandler
                0x0800a2c8                SPI1_IRQHandler
                0x0800a2c8                TIM6_DAC_IRQHandler
                0x0800a2c8                TIM1_BRK_TIM9_IRQHandler
                0x0800a2c8                CAN2_RX0_IRQHandler
                0x0800a2c8                DMA2_Stream3_IRQHandler
                0x0800a2c8                USART6_IRQHandler
                0x0800a2c8                USART3_IRQHandler
                0x0800a2c8                CAN1_RX1_IRQHandler
                0x0800a2c8                UART5_IRQHandler
                0x0800a2c8                DMA2_Stream0_IRQHandler
                0x0800a2c8                TIM4_IRQHandler
                0x0800a2c8                I2C1_EV_IRQHandler
                0x0800a2c8                DMA1_Stream6_IRQHandler
                0x0800a2c8                DMA1_Stream1_IRQHandler
                0x0800a2c8                UART4_IRQHandler
                0x0800a2c8                TIM3_IRQHandler
                0x0800a2c8                RCC_IRQHandler
                0x0800a2c8                TIM8_BRK_TIM12_IRQHandler
                0x0800a2c8                Default_Handler
                0x0800a2c8                EXTI15_10_IRQHandler
                0x0800a2c8                ADC_IRQHandler
                0x0800a2c8                DMA1_Stream7_IRQHandler
                0x0800a2c8                TIM7_IRQHandler
                0x0800a2c8                CAN2_TX_IRQHandler
                0x0800a2c8                TIM5_IRQHandler
                0x0800a2c8                DMA2_Stream7_IRQHandler
                0x0800a2c8                I2C3_EV_IRQHandler
                0x0800a2c8                EXTI9_5_IRQHandler
                0x0800a2c8                RTC_WKUP_IRQHandler
                0x0800a2c8                SPI2_IRQHandler
                0x0800a2c8                OTG_HS_EP1_IN_IRQHandler
                0x0800a2c8                DMA1_Stream0_IRQHandler
                0x0800a2c8                CAN1_TX_IRQHandler
                0x0800a2c8                EXTI4_IRQHandler
                0x0800a2c8                FSMC_IRQHandler
                0x0800a2c8                OTG_HS_EP1_OUT_IRQHandler
                0x0800a2c8                WWDG_IRQHandler
                0x0800a2c8                TIM2_IRQHandler
                0x0800a2c8                OTG_FS_WKUP_IRQHandler
                0x0800a2c8                TIM1_TRG_COM_TIM11_IRQHandler
                0x0800a2c8                OTG_HS_IRQHandler
                0x0800a2c8                EXTI1_IRQHandler
                0x0800a2c8                USART2_IRQHandler
                0x0800a2c8                I2C2_ER_IRQHandler
                0x0800a2c8                DMA2_Stream1_IRQHandler
                0x0800a2c8                CAN1_SCE_IRQHandler
                0x0800a2c8                FLASH_IRQHandler
                0x0800a2c8                DMA2_Stream4_IRQHandler
                0x0800a2c8                USART1_IRQHandler
                0x0800a2c8                SPI3_IRQHandler
                0x0800a2c8                DMA1_Stream4_IRQHandler
                0x0800a2c8                I2C1_ER_IRQHandler
                0x0800a2c8                DMA2_Stream6_IRQHandler
                0x0800a2c8                DMA1_Stream3_IRQHandler
 *fill*         0x0800a2ca        0x2 
 .text.__libc_init_array
                0x0800a2cc       0x48 e:/program files (x86)/gnu arm embedded toolchain/10 2021.10/bin/../lib/gcc/arm-none-eabi/10.3.1/../../../../arm-none-eabi/lib/thumb/v7e-m+fp/hard\libc_nano.a(lib_a-init.o)
                0x0800a2cc                __libc_init_array
 .text.memset   0x0800a314       0x10 e:/program files (x86)/gnu arm embedded toolchain/10 2021.10/bin/../lib/gcc/arm-none-eabi/10.3.1/../../../../arm-none-eabi/lib/thumb/v7e-m+fp/hard\libc_nano.a(lib_a-memset.o)
                0x0800a314                memset
 .text._puts_r  0x0800a324       0xdc e:/program files (x86)/gnu arm embedded toolchain/10 2021.10/bin/../lib/gcc/arm-none-eabi/10.3.1/../../../../arm-none-eabi/lib/thumb/v7e-m+fp/hard\libc_nano.a(lib_a-puts.o)
                0x0800a324                _puts_r
 .text.puts     0x0800a400       0x10 e:/program files (x86)/gnu arm embedded toolchain/10 2021.10/bin/../lib/gcc/arm-none-eabi/10.3.1/../../../../arm-none-eabi/lib/thumb/v7e-m+fp/hard\libc_nano.a(lib_a-puts.o)
                0x0800a400                puts
 .text.__swbuf_r
                0x0800a410       0xa4 e:/program files (x86)/gnu arm embedded toolchain/10 2021.10/bin/../lib/gcc/arm-none-eabi/10.3.1/../../../../arm-none-eabi/lib/thumb/v7e-m+fp/hard\libc_nano.a(lib_a-wbuf.o)
                0x0800a410                __swbuf_r
 .text.__swsetup_r
                0x0800a4b4       0xdc e:/program files (x86)/gnu arm embedded toolchain/10 2021.10/bin/../lib/gcc/arm-none-eabi/10.3.1/../../../../arm-none-eabi/lib/thumb/v7e-m+fp/hard\libc_nano.a(lib_a-wsetup.o)
                0x0800a4b4                __swsetup_r
 .text.__sflush_r
                0x0800a590      0x10c e:/program files (x86)/gnu arm embedded toolchain/10 2021.10/bin/../lib/gcc/arm-none-eabi/10.3.1/../../../../arm-none-eabi/lib/thumb/v7e-m+fp/hard\libc_nano.a(lib_a-fflush.o)
                0x0800a590                __sflush_r
 .text._fflush_r
                0x0800a69c       0x78 e:/program files (x86)/gnu arm embedded toolchain/10 2021.10/bin/../lib/gcc/arm-none-eabi/10.3.1/../../../../arm-none-eabi/lib/thumb/v7e-m+fp/hard\libc_nano.a(lib_a-fflush.o)
                0x0800a69c                _fflush_r
 .text.std      0x0800a714       0x48 e:/program files (x86)/gnu arm embedded toolchain/10 2021.10/bin/../lib/gcc/arm-none-eabi/10.3.1/../../../../arm-none-eabi/lib/thumb/v7e-m+fp/hard\libc_nano.a(lib_a-findfp.o)
 .text._cleanup_r
                0x0800a75c        0xc e:/program files (x86)/gnu arm embedded toolchain/10 2021.10/bin/../lib/gcc/arm-none-eabi/10.3.1/../../../../arm-none-eabi/lib/thumb/v7e-m+fp/hard\libc_nano.a(lib_a-findfp.o)
                0x0800a75c                _cleanup_r
 .text.__sfmoreglue
                0x0800a768       0x2c e:/program files (x86)/gnu arm embedded toolchain/10 2021.10/bin/../lib/gcc/arm-none-eabi/10.3.1/../../../../arm-none-eabi/lib/thumb/v7e-m+fp/hard\libc_nano.a(lib_a-findfp.o)
                0x0800a768                __sfmoreglue
 .text.__sfp_lock_acquire
                0x0800a794        0xc e:/program files (x86)/gnu arm embedded toolchain/10 2021.10/bin/../lib/gcc/arm-none-eabi/10.3.1/../../../../arm-none-eabi/lib/thumb/v7e-m+fp/hard\libc_nano.a(lib_a-findfp.o)
                0x0800a794                __sfp_lock_acquire
 .text.__sfp_lock_release
                0x0800a7a0        0xc e:/program files (x86)/gnu arm embedded toolchain/10 2021.10/bin/../lib/gcc/arm-none-eabi/10.3.1/../../../../arm-none-eabi/lib/thumb/v7e-m+fp/hard\libc_nano.a(lib_a-findfp.o)
                0x0800a7a0                __sfp_lock_release
 .text.__sinit_lock_acquire
                0x0800a7ac        0xc e:/program files (x86)/gnu arm embedded toolchain/10 2021.10/bin/../lib/gcc/arm-none-eabi/10.3.1/../../../../arm-none-eabi/lib/thumb/v7e-m+fp/hard\libc_nano.a(lib_a-findfp.o)
                0x0800a7ac                __sinit_lock_acquire
 .text.__sinit_lock_release
                0x0800a7b8        0xc e:/program files (x86)/gnu arm embedded toolchain/10 2021.10/bin/../lib/gcc/arm-none-eabi/10.3.1/../../../../arm-none-eabi/lib/thumb/v7e-m+fp/hard\libc_nano.a(lib_a-findfp.o)
                0x0800a7b8                __sinit_lock_release
 .text.__sinit  0x0800a7c4       0x70 e:/program files (x86)/gnu arm embedded toolchain/10 2021.10/bin/../lib/gcc/arm-none-eabi/10.3.1/../../../../arm-none-eabi/lib/thumb/v7e-m+fp/hard\libc_nano.a(lib_a-findfp.o)
                0x0800a7c4                __sinit
 .text.__sfp    0x0800a834       0x8c e:/program files (x86)/gnu arm embedded toolchain/10 2021.10/bin/../lib/gcc/arm-none-eabi/10.3.1/../../../../arm-none-eabi/lib/thumb/v7e-m+fp/hard\libc_nano.a(lib_a-findfp.o)
                0x0800a834                __sfp
 .text._fwalk_reent
                0x0800a8c0       0x3e e:/program files (x86)/gnu arm embedded toolchain/10 2021.10/bin/../lib/gcc/arm-none-eabi/10.3.1/../../../../arm-none-eabi/lib/thumb/v7e-m+fp/hard\libc_nano.a(lib_a-fwalk.o)
                0x0800a8c0                _fwalk_reent
 .text.__retarget_lock_init_recursive
                0x0800a8fe        0x2 e:/program files (x86)/gnu arm embedded toolchain/10 2021.10/bin/../lib/gcc/arm-none-eabi/10.3.1/../../../../arm-none-eabi/lib/thumb/v7e-m+fp/hard\libc_nano.a(lib_a-lock.o)
                0x0800a8fe                __retarget_lock_init_recursive
 .text.__retarget_lock_acquire_recursive
                0x0800a900        0x2 e:/program files (x86)/gnu arm embedded toolchain/10 2021.10/bin/../lib/gcc/arm-none-eabi/10.3.1/../../../../arm-none-eabi/lib/thumb/v7e-m+fp/hard\libc_nano.a(lib_a-lock.o)
                0x0800a900                __retarget_lock_acquire_recursive
 .text.__retarget_lock_release_recursive
                0x0800a902        0x2 e:/program files (x86)/gnu arm embedded toolchain/10 2021.10/bin/../lib/gcc/arm-none-eabi/10.3.1/../../../../arm-none-eabi/lib/thumb/v7e-m+fp/hard\libc_nano.a(lib_a-lock.o)
                0x0800a902                __retarget_lock_release_recursive
 .text.__swhatbuf_r
                0x0800a904       0x4a e:/program files (x86)/gnu arm embedded toolchain/10 2021.10/bin/../lib/gcc/arm-none-eabi/10.3.1/../../../../arm-none-eabi/lib/thumb/v7e-m+fp/hard\libc_nano.a(lib_a-makebuf.o)
                0x0800a904                __swhatbuf_r
 *fill*         0x0800a94e        0x2 
 .text.__smakebuf_r
                0x0800a950       0x80 e:/program files (x86)/gnu arm embedded toolchain/10 2021.10/bin/../lib/gcc/arm-none-eabi/10.3.1/../../../../arm-none-eabi/lib/thumb/v7e-m+fp/hard\libc_nano.a(lib_a-makebuf.o)
                0x0800a950                __smakebuf_r
 .text._free_r  0x0800a9d0       0x98 e:/program files (x86)/gnu arm embedded toolchain/10 2021.10/bin/../lib/gcc/arm-none-eabi/10.3.1/../../../../arm-none-eabi/lib/thumb/v7e-m+fp/hard\libc_nano.a(lib_a-nano-freer.o)
                0x0800a9d0                _free_r
 .text.sbrk_aligned
                0x0800aa68       0x40 e:/program files (x86)/gnu arm embedded toolchain/10 2021.10/bin/../lib/gcc/arm-none-eabi/10.3.1/../../../../arm-none-eabi/lib/thumb/v7e-m+fp/hard\libc_nano.a(lib_a-nano-mallocr.o)
 .text._malloc_r
                0x0800aaa8       0xe8 e:/program files (x86)/gnu arm embedded toolchain/10 2021.10/bin/../lib/gcc/arm-none-eabi/10.3.1/../../../../arm-none-eabi/lib/thumb/v7e-m+fp/hard\libc_nano.a(lib_a-nano-mallocr.o)
                0x0800aaa8                _malloc_r
 .text._sbrk_r  0x0800ab90       0x20 e:/program files (x86)/gnu arm embedded toolchain/10 2021.10/bin/../lib/gcc/arm-none-eabi/10.3.1/../../../../arm-none-eabi/lib/thumb/v7e-m+fp/hard\libc_nano.a(lib_a-sbrkr.o)
                0x0800ab90                _sbrk_r
 .text.__sread  0x0800abb0       0x22 e:/program files (x86)/gnu arm embedded toolchain/10 2021.10/bin/../lib/gcc/arm-none-eabi/10.3.1/../../../../arm-none-eabi/lib/thumb/v7e-m+fp/hard\libc_nano.a(lib_a-stdio.o)
                0x0800abb0                __sread
 .text.__swrite
                0x0800abd2       0x38 e:/program files (x86)/gnu arm embedded toolchain/10 2021.10/bin/../lib/gcc/arm-none-eabi/10.3.1/../../../../arm-none-eabi/lib/thumb/v7e-m+fp/hard\libc_nano.a(lib_a-stdio.o)
                0x0800abd2                __swrite
 .text.__sseek  0x0800ac0a       0x24 e:/program files (x86)/gnu arm embedded toolchain/10 2021.10/bin/../lib/gcc/arm-none-eabi/10.3.1/../../../../arm-none-eabi/lib/thumb/v7e-m+fp/hard\libc_nano.a(lib_a-stdio.o)
                0x0800ac0a                __sseek
 .text.__sclose
                0x0800ac2e        0x8 e:/program files (x86)/gnu arm embedded toolchain/10 2021.10/bin/../lib/gcc/arm-none-eabi/10.3.1/../../../../arm-none-eabi/lib/thumb/v7e-m+fp/hard\libc_nano.a(lib_a-stdio.o)
                0x0800ac2e                __sclose
 *fill*         0x0800ac36        0x2 
 .text._write_r
                0x0800ac38       0x24 e:/program files (x86)/gnu arm embedded toolchain/10 2021.10/bin/../lib/gcc/arm-none-eabi/10.3.1/../../../../arm-none-eabi/lib/thumb/v7e-m+fp/hard\libc_nano.a(lib_a-writer.o)
                0x0800ac38                _write_r
 .text._close_r
                0x0800ac5c       0x20 e:/program files (x86)/gnu arm embedded toolchain/10 2021.10/bin/../lib/gcc/arm-none-eabi/10.3.1/../../../../arm-none-eabi/lib/thumb/v7e-m+fp/hard\libc_nano.a(lib_a-closer.o)
                0x0800ac5c                _close_r
 .text._fstat_r
                0x0800ac7c       0x24 e:/program files (x86)/gnu arm embedded toolchain/10 2021.10/bin/../lib/gcc/arm-none-eabi/10.3.1/../../../../arm-none-eabi/lib/thumb/v7e-m+fp/hard\libc_nano.a(lib_a-fstatr.o)
                0x0800ac7c                _fstat_r
 .text._isatty_r
                0x0800aca0       0x20 e:/program files (x86)/gnu arm embedded toolchain/10 2021.10/bin/../lib/gcc/arm-none-eabi/10.3.1/../../../../arm-none-eabi/lib/thumb/v7e-m+fp/hard\libc_nano.a(lib_a-isattyr.o)
                0x0800aca0                _isatty_r
 .text._lseek_r
                0x0800acc0       0x24 e:/program files (x86)/gnu arm embedded toolchain/10 2021.10/bin/../lib/gcc/arm-none-eabi/10.3.1/../../../../arm-none-eabi/lib/thumb/v7e-m+fp/hard\libc_nano.a(lib_a-lseekr.o)
                0x0800acc0                _lseek_r
 .text.__malloc_lock
                0x0800ace4        0xc e:/program files (x86)/gnu arm embedded toolchain/10 2021.10/bin/../lib/gcc/arm-none-eabi/10.3.1/../../../../arm-none-eabi/lib/thumb/v7e-m+fp/hard\libc_nano.a(lib_a-mlock.o)
                0x0800ace4                __malloc_lock
 .text.__malloc_unlock
                0x0800acf0        0xc e:/program files (x86)/gnu arm embedded toolchain/10 2021.10/bin/../lib/gcc/arm-none-eabi/10.3.1/../../../../arm-none-eabi/lib/thumb/v7e-m+fp/hard\libc_nano.a(lib_a-mlock.o)
                0x0800acf0                __malloc_unlock
 .text._read_r  0x0800acfc       0x24 e:/program files (x86)/gnu arm embedded toolchain/10 2021.10/bin/../lib/gcc/arm-none-eabi/10.3.1/../../../../arm-none-eabi/lib/thumb/v7e-m+fp/hard\libc_nano.a(lib_a-readr.o)
                0x0800acfc                _read_r
 .text._close   0x0800ad20       0x10 e:/program files (x86)/gnu arm embedded toolchain/10 2021.10/bin/../lib/gcc/arm-none-eabi/10.3.1/../../../../arm-none-eabi/lib/thumb/v7e-m+fp/hard\libnosys.a(close.o)
                0x0800ad20                _close
 .text._fstat   0x0800ad30       0x10 e:/program files (x86)/gnu arm embedded toolchain/10 2021.10/bin/../lib/gcc/arm-none-eabi/10.3.1/../../../../arm-none-eabi/lib/thumb/v7e-m+fp/hard\libnosys.a(fstat.o)
                0x0800ad30                _fstat
 .text._isatty  0x0800ad40       0x10 e:/program files (x86)/gnu arm embedded toolchain/10 2021.10/bin/../lib/gcc/arm-none-eabi/10.3.1/../../../../arm-none-eabi/lib/thumb/v7e-m+fp/hard\libnosys.a(isatty.o)
                0x0800ad40                _isatty
 .text._lseek   0x0800ad50       0x10 e:/program files (x86)/gnu arm embedded toolchain/10 2021.10/bin/../lib/gcc/arm-none-eabi/10.3.1/../../../../arm-none-eabi/lib/thumb/v7e-m+fp/hard\libnosys.a(lseek.o)
                0x0800ad50                _lseek
 .text._read    0x0800ad60       0x10 e:/program files (x86)/gnu arm embedded toolchain/10 2021.10/bin/../lib/gcc/arm-none-eabi/10.3.1/../../../../arm-none-eabi/lib/thumb/v7e-m+fp/hard\libnosys.a(read.o)
                0x0800ad60                _read
 .text._sbrk    0x0800ad70       0x1c e:/program files (x86)/gnu arm embedded toolchain/10 2021.10/bin/../lib/gcc/arm-none-eabi/10.3.1/../../../../arm-none-eabi/lib/thumb/v7e-m+fp/hard\libnosys.a(sbrk.o)
                0x0800ad70                _sbrk
 *(.glue_7)
 .glue_7        0x0800ad8c        0x0 linker stubs
 *(.glue_7t)
 .glue_7t       0x0800ad8c        0x0 linker stubs
 *(.eh_frame)
 .eh_frame      0x0800ad8c        0x0 e:/program files (x86)/gnu arm embedded toolchain/10 2021.10/bin/../lib/gcc/arm-none-eabi/10.3.1/thumb/v7e-m+fp/hard/crtbegin.o
 *(.init)
 .init          0x0800ad8c        0x4 e:/program files (x86)/gnu arm embedded toolchain/10 2021.10/bin/../lib/gcc/arm-none-eabi/10.3.1/thumb/v7e-m+fp/hard/crti.o
                0x0800ad8c                _init
 .init          0x0800ad90        0x8 e:/program files (x86)/gnu arm embedded toolchain/10 2021.10/bin/../lib/gcc/arm-none-eabi/10.3.1/thumb/v7e-m+fp/hard/crtn.o
 *(.fini)
 .fini          0x0800ad98        0x4 e:/program files (x86)/gnu arm embedded toolchain/10 2021.10/bin/../lib/gcc/arm-none-eabi/10.3.1/thumb/v7e-m+fp/hard/crti.o
                0x0800ad98                _fini
 .fini          0x0800ad9c        0x8 e:/program files (x86)/gnu arm embedded toolchain/10 2021.10/bin/../lib/gcc/arm-none-eabi/10.3.1/thumb/v7e-m+fp/hard/crtn.o
                0x0800ada4                . = ALIGN (0x4)
                0x0800ada4                _etext = .

.vfp11_veneer   0x0800ada4        0x0
 .vfp11_veneer  0x0800ada4        0x0 linker stubs

.v4_bx          0x0800ada4        0x0
 .v4_bx         0x0800ada4        0x0 linker stubs

.iplt           0x0800ada4        0x0
 .iplt          0x0800ada4        0x0 e:/program files (x86)/gnu arm embedded toolchain/10 2021.10/bin/../lib/gcc/arm-none-eabi/10.3.1/thumb/v7e-m+fp/hard/crtbegin.o

.rodata         0x0800ada4       0xe0
                0x0800ada4                . = ALIGN (0x4)
 *(.rodata)
 *(.rodata*)
 .rodata.main.str1.4
                0x0800ada4       0x2c build/main.o
 .rodata.USBD_FS_ProductStrDescriptor.str1.4
                0x0800add0        0x6 build/usbd_desc.o
 *fill*         0x0800add6        0x2 
 .rodata.USBD_FS_ManufacturerStrDescriptor.str1.4
                0x0800add8       0x13 build/usbd_desc.o
 *fill*         0x0800adeb        0x1 
 .rodata.USBD_FS_ConfigStrDescriptor.str1.4
                0x0800adec        0xb build/usbd_desc.o
 *fill*         0x0800adf7        0x1 
 .rodata.USBD_FS_InterfaceStrDescriptor.str1.4
                0x0800adf8        0xe build/usbd_desc.o
 *fill*         0x0800ae06        0x2 
 .rodata.AHBPrescTable
                0x0800ae08       0x10 build/system_stm32f4xx.o
                0x0800ae08                AHBPrescTable
 .rodata.APBPrescTable
                0x0800ae18        0x8 build/system_stm32f4xx.o
                0x0800ae18                APBPrescTable
 .rodata._global_impure_ptr
                0x0800ae20        0x4 e:/program files (x86)/gnu arm embedded toolchain/10 2021.10/bin/../lib/gcc/arm-none-eabi/10.3.1/../../../../arm-none-eabi/lib/thumb/v7e-m+fp/hard\libc_nano.a(lib_a-impure.o)
                0x0800ae20                _global_impure_ptr
 .rodata.__sf_fake_stderr
                0x0800ae24       0x20 e:/program files (x86)/gnu arm embedded toolchain/10 2021.10/bin/../lib/gcc/arm-none-eabi/10.3.1/../../../../arm-none-eabi/lib/thumb/v7e-m+fp/hard\libc_nano.a(lib_a-findfp.o)
                0x0800ae24                __sf_fake_stderr
 .rodata.__sf_fake_stdin
                0x0800ae44       0x20 e:/program files (x86)/gnu arm embedded toolchain/10 2021.10/bin/../lib/gcc/arm-none-eabi/10.3.1/../../../../arm-none-eabi/lib/thumb/v7e-m+fp/hard\libc_nano.a(lib_a-findfp.o)
                0x0800ae44                __sf_fake_stdin
 .rodata.__sf_fake_stdout
                0x0800ae64       0x20 e:/program files (x86)/gnu arm embedded toolchain/10 2021.10/bin/../lib/gcc/arm-none-eabi/10.3.1/../../../../arm-none-eabi/lib/thumb/v7e-m+fp/hard\libc_nano.a(lib_a-findfp.o)
                0x0800ae64                __sf_fake_stdout
                0x0800ae84                . = ALIGN (0x4)

.ARM.extab
 *(.ARM.extab* .gnu.linkonce.armextab.*)

.ARM            0x0800ae84        0x8
                0x0800ae84                __exidx_start = .
 *(.ARM.exidx*)
 .ARM.exidx     0x0800ae84        0x8 e:/program files (x86)/gnu arm embedded toolchain/10 2021.10/bin/../lib/gcc/arm-none-eabi/10.3.1/thumb/v7e-m+fp/hard\libgcc.a(_udivmoddi4.o)
                0x0800ae8c                __exidx_end = .

.rel.dyn        0x0800ae8c        0x0
 .rel.iplt      0x0800ae8c        0x0 e:/program files (x86)/gnu arm embedded toolchain/10 2021.10/bin/../lib/gcc/arm-none-eabi/10.3.1/thumb/v7e-m+fp/hard/crtbegin.o

.preinit_array  0x0800ae8c        0x0
                0x0800ae8c                PROVIDE (__preinit_array_start = .)
 *(.preinit_array*)
                0x0800ae8c                PROVIDE (__preinit_array_end = .)

.init_array     0x0800ae8c        0x4
                0x0800ae8c                PROVIDE (__init_array_start = .)
 *(SORT_BY_NAME(.init_array.*))
 *(.init_array*)
 .init_array    0x0800ae8c        0x4 e:/program files (x86)/gnu arm embedded toolchain/10 2021.10/bin/../lib/gcc/arm-none-eabi/10.3.1/thumb/v7e-m+fp/hard/crtbegin.o
                0x0800ae90                PROVIDE (__init_array_end = .)

.fini_array     0x0800ae90        0x4
                [!provide]                PROVIDE (__fini_array_start = .)
 *(SORT_BY_NAME(.fini_array.*))
 *(.fini_array*)
 .fini_array    0x0800ae90        0x4 e:/program files (x86)/gnu arm embedded toolchain/10 2021.10/bin/../lib/gcc/arm-none-eabi/10.3.1/thumb/v7e-m+fp/hard/crtbegin.o
                [!provide]                PROVIDE (__fini_array_end = .)
                0x0800ae94                _sidata = LOADADDR (.data)

.data           0x20000000      0x15c load address 0x0800ae94
                0x20000000                . = ALIGN (0x4)
                0x20000000                _sdata = .
 *(.data)
 *(.data*)
 .data.FS_Desc  0x20000000       0x1c build/usbd_desc.o
                0x20000000                FS_Desc
 .data.USBD_FS_DeviceDesc
                0x2000001c       0x12 build/usbd_desc.o
                0x2000001c                USBD_FS_DeviceDesc
 *fill*         0x2000002e        0x2 
 .data.USBD_LangIDDesc
                0x20000030        0x4 build/usbd_desc.o
                0x20000030                USBD_LangIDDesc
 .data.USBD_StringSerial
                0x20000034       0x1a build/usbd_desc.o
                0x20000034                USBD_StringSerial
 *fill*         0x2000004e        0x2 
 .data.USBD_Interface_fops_FS
                0x20000050       0x14 build/usbd_cdc_if.o
                0x20000050                USBD_Interface_fops_FS
 .data.uwTickFreq
                0x20000064        0x1 build/stm32f4xx_hal.o
                0x20000064                uwTickFreq
 *fill*         0x20000065        0x3 
 .data.uwTickPrio
                0x20000068        0x4 build/stm32f4xx_hal.o
                0x20000068                uwTickPrio
 .data.SystemCoreClock
                0x2000006c        0x4 build/system_stm32f4xx.o
                0x2000006c                SystemCoreClock
 .data.USBD_CDC
                0x20000070       0x38 build/usbd_cdc.o
                0x20000070                USBD_CDC
 .data.USBD_CDC_CfgDesc
                0x200000a8       0x43 build/usbd_cdc.o
 *fill*         0x200000eb        0x1 
 .data.USBD_CDC_DeviceQualifierDesc
                0x200000ec        0xa build/usbd_cdc.o
 *fill*         0x200000f6        0x2 
 .data._impure_ptr
                0x200000f8        0x4 e:/program files (x86)/gnu arm embedded toolchain/10 2021.10/bin/../lib/gcc/arm-none-eabi/10.3.1/../../../../arm-none-eabi/lib/thumb/v7e-m+fp/hard\libc_nano.a(lib_a-impure.o)
                0x200000f8                _impure_ptr
 .data.impure_data
                0x200000fc       0x60 e:/program files (x86)/gnu arm embedded toolchain/10 2021.10/bin/../lib/gcc/arm-none-eabi/10.3.1/../../../../arm-none-eabi/lib/thumb/v7e-m+fp/hard\libc_nano.a(lib_a-impure.o)
                0x2000015c                . = ALIGN (0x4)
                0x2000015c                _edata = .
                0x0800aff0                _siccmram = LOADADDR (.ccmram)

.igot.plt       0x2000015c        0x0 load address 0x0800aff0
 .igot.plt      0x2000015c        0x0 e:/program files (x86)/gnu arm embedded toolchain/10 2021.10/bin/../lib/gcc/arm-none-eabi/10.3.1/thumb/v7e-m+fp/hard/crtbegin.o

.ccmram         0x10000000        0x0 load address 0x0800aff0
                0x10000000                . = ALIGN (0x4)
                0x10000000                _sccmram = .
 *(.ccmram)
 *(.ccmram*)
                0x10000000                . = ALIGN (0x4)
                0x10000000                _eccmram = .
                0x10000000                . = ALIGN (0x4)

.bss            0x2000015c     0x1c80
                0x2000015c                _sbss = .
                0x2000015c                __bss_start__ = _sbss
 *(.bss)
 .bss           0x2000015c       0x1c e:/program files (x86)/gnu arm embedded toolchain/10 2021.10/bin/../lib/gcc/arm-none-eabi/10.3.1/thumb/v7e-m+fp/hard/crtbegin.o
 *(.bss*)
 .bss.huart4    0x20000178       0x44 build/usart.o
                0x20000178                huart4
 .bss.hUsbDeviceFS
                0x200001bc      0x2dc build/usb_device.o
                0x200001bc                hUsbDeviceFS
 .bss.hpcd_USB_OTG_FS
                0x20000498      0x50c build/usbd_conf.o
                0x20000498                hpcd_USB_OTG_FS
 .bss.mem.0     0x200009a4      0x220 build/usbd_conf.o
 .bss.USBD_StrDesc
                0x20000bc4      0x200 build/usbd_desc.o
                0x20000bc4                USBD_StrDesc
 .bss.UserRxBufferFS
                0x20000dc4      0x800 build/usbd_cdc_if.o
                0x20000dc4                UserRxBufferFS
 .bss.UserTxBufferFS
                0x200015c4      0x800 build/usbd_cdc_if.o
                0x200015c4                UserTxBufferFS
 .bss.uwTick    0x20001dc4        0x4 build/stm32f4xx_hal.o
                0x20001dc4                uwTick
 .bss.cfgidx.0  0x20001dc8        0x1 build/usbd_ctlreq.o
 .bss.__lock___malloc_recursive_mutex
                0x20001dc9        0x1 e:/program files (x86)/gnu arm embedded toolchain/10 2021.10/bin/../lib/gcc/arm-none-eabi/10.3.1/../../../../arm-none-eabi/lib/thumb/v7e-m+fp/hard\libc_nano.a(lib_a-lock.o)
                0x20001dc9                __lock___malloc_recursive_mutex
 .bss.__lock___sfp_recursive_mutex
                0x20001dca        0x1 e:/program files (x86)/gnu arm embedded toolchain/10 2021.10/bin/../lib/gcc/arm-none-eabi/10.3.1/../../../../arm-none-eabi/lib/thumb/v7e-m+fp/hard\libc_nano.a(lib_a-lock.o)
                0x20001dca                __lock___sfp_recursive_mutex
 .bss.__lock___sinit_recursive_mutex
                0x20001dcb        0x1 e:/program files (x86)/gnu arm embedded toolchain/10 2021.10/bin/../lib/gcc/arm-none-eabi/10.3.1/../../../../arm-none-eabi/lib/thumb/v7e-m+fp/hard\libc_nano.a(lib_a-lock.o)
                0x20001dcb                __lock___sinit_recursive_mutex
 .bss.__malloc_free_list
                0x20001dcc        0x4 e:/program files (x86)/gnu arm embedded toolchain/10 2021.10/bin/../lib/gcc/arm-none-eabi/10.3.1/../../../../arm-none-eabi/lib/thumb/v7e-m+fp/hard\libc_nano.a(lib_a-nano-mallocr.o)
                0x20001dcc                __malloc_free_list
 .bss.__malloc_sbrk_start
                0x20001dd0        0x4 e:/program files (x86)/gnu arm embedded toolchain/10 2021.10/bin/../lib/gcc/arm-none-eabi/10.3.1/../../../../arm-none-eabi/lib/thumb/v7e-m+fp/hard\libc_nano.a(lib_a-nano-mallocr.o)
                0x20001dd0                __malloc_sbrk_start
 .bss.errno     0x20001dd4        0x4 e:/program files (x86)/gnu arm embedded toolchain/10 2021.10/bin/../lib/gcc/arm-none-eabi/10.3.1/../../../../arm-none-eabi/lib/thumb/v7e-m+fp/hard\libc_nano.a(lib_a-reent.o)
                0x20001dd4                errno
 .bss.heap_end.0
                0x20001dd8        0x4 e:/program files (x86)/gnu arm embedded toolchain/10 2021.10/bin/../lib/gcc/arm-none-eabi/10.3.1/../../../../arm-none-eabi/lib/thumb/v7e-m+fp/hard\libnosys.a(sbrk.o)
 *(COMMON)
                0x20001ddc                . = ALIGN (0x4)
                0x20001ddc                _ebss = .
                0x20001ddc                __bss_end__ = _ebss

._user_heap_stack
                0x20001ddc     0x4404
                0x20001de0                . = ALIGN (0x8)
 *fill*         0x20001ddc        0x4 
                0x20001de0                PROVIDE (end = .)
                [!provide]                PROVIDE (_end = .)
                0x200059e0                . = (. + _Min_Heap_Size)
 *fill*         0x20001de0     0x3c00 
                0x200061e0                . = (. + _Min_Stack_Size)
 *fill*         0x200059e0      0x800 
                0x200061e0                . = ALIGN (0x8)

/DISCARD/
 libc.a(*)
 libm.a(*)
 libgcc.a(*)

.ARM.attributes
                0x00000000       0x30
 *(.ARM.attributes)
 .ARM.attributes
                0x00000000       0x1e e:/program files (x86)/gnu arm embedded toolchain/10 2021.10/bin/../lib/gcc/arm-none-eabi/10.3.1/thumb/v7e-m+fp/hard/crti.o
 .ARM.attributes
                0x0000001e       0x34 e:/program files (x86)/gnu arm embedded toolchain/10 2021.10/bin/../lib/gcc/arm-none-eabi/10.3.1/thumb/v7e-m+fp/hard/crtbegin.o
 .ARM.attributes
                0x00000052       0x34 build/main.o
 .ARM.attributes
                0x00000086       0x34 build/gpio.o
 .ARM.attributes
                0x000000ba       0x34 build/usart.o
 .ARM.attributes
                0x000000ee       0x34 build/usb_device.o
 .ARM.attributes
                0x00000122       0x34 build/usbd_conf.o
 .ARM.attributes
                0x00000156       0x34 build/usbd_desc.o
 .ARM.attributes
                0x0000018a       0x34 build/usbd_cdc_if.o
 .ARM.attributes
                0x000001be       0x34 build/stm32f4xx_it.o
 .ARM.attributes
                0x000001f2       0x34 build/stm32f4xx_hal_msp.o
 .ARM.attributes
                0x00000226       0x34 build/stm32f4xx_hal_pcd.o
 .ARM.attributes
                0x0000025a       0x34 build/stm32f4xx_hal_pcd_ex.o
 .ARM.attributes
                0x0000028e       0x34 build/stm32f4xx_ll_usb.o
 .ARM.attributes
                0x000002c2       0x34 build/stm32f4xx_hal_rcc.o
 .ARM.attributes
                0x000002f6       0x34 build/stm32f4xx_hal_gpio.o
 .ARM.attributes
                0x0000032a       0x34 build/stm32f4xx_hal_cortex.o
 .ARM.attributes
                0x0000035e       0x34 build/stm32f4xx_hal.o
 .ARM.attributes
                0x00000392       0x34 build/stm32f4xx_hal_uart.o
 .ARM.attributes
                0x000003c6       0x34 build/system_stm32f4xx.o
 .ARM.attributes
                0x000003fa       0x34 build/usbd_core.o
 .ARM.attributes
                0x0000042e       0x34 build/usbd_ctlreq.o
 .ARM.attributes
                0x00000462       0x34 build/usbd_ioreq.o
 .ARM.attributes
                0x00000496       0x34 build/usbd_cdc.o
 .ARM.attributes
                0x000004ca       0x21 build/startup_stm32f405xx.o
 .ARM.attributes
                0x000004eb       0x34 e:/program files (x86)/gnu arm embedded toolchain/10 2021.10/bin/../lib/gcc/arm-none-eabi/10.3.1/../../../../arm-none-eabi/lib/thumb/v7e-m+fp/hard\libc_nano.a(lib_a-impure.o)
 .ARM.attributes
                0x0000051f       0x34 e:/program files (x86)/gnu arm embedded toolchain/10 2021.10/bin/../lib/gcc/arm-none-eabi/10.3.1/../../../../arm-none-eabi/lib/thumb/v7e-m+fp/hard\libc_nano.a(lib_a-init.o)
 .ARM.attributes
                0x00000553       0x34 e:/program files (x86)/gnu arm embedded toolchain/10 2021.10/bin/../lib/gcc/arm-none-eabi/10.3.1/../../../../arm-none-eabi/lib/thumb/v7e-m+fp/hard\libc_nano.a(lib_a-memset.o)
 .ARM.attributes
                0x00000587       0x34 e:/program files (x86)/gnu arm embedded toolchain/10 2021.10/bin/../lib/gcc/arm-none-eabi/10.3.1/../../../../arm-none-eabi/lib/thumb/v7e-m+fp/hard\libc_nano.a(lib_a-puts.o)
 .ARM.attributes
                0x000005bb       0x34 e:/program files (x86)/gnu arm embedded toolchain/10 2021.10/bin/../lib/gcc/arm-none-eabi/10.3.1/../../../../arm-none-eabi/lib/thumb/v7e-m+fp/hard\libc_nano.a(lib_a-wbuf.o)
 .ARM.attributes
                0x000005ef       0x34 e:/program files (x86)/gnu arm embedded toolchain/10 2021.10/bin/../lib/gcc/arm-none-eabi/10.3.1/../../../../arm-none-eabi/lib/thumb/v7e-m+fp/hard\libc_nano.a(lib_a-wsetup.o)
 .ARM.attributes
                0x00000623       0x34 e:/program files (x86)/gnu arm embedded toolchain/10 2021.10/bin/../lib/gcc/arm-none-eabi/10.3.1/../../../../arm-none-eabi/lib/thumb/v7e-m+fp/hard\libc_nano.a(lib_a-fflush.o)
 .ARM.attributes
                0x00000657       0x34 e:/program files (x86)/gnu arm embedded toolchain/10 2021.10/bin/../lib/gcc/arm-none-eabi/10.3.1/../../../../arm-none-eabi/lib/thumb/v7e-m+fp/hard\libc_nano.a(lib_a-findfp.o)
 .ARM.attributes
                0x0000068b       0x34 e:/program files (x86)/gnu arm embedded toolchain/10 2021.10/bin/../lib/gcc/arm-none-eabi/10.3.1/../../../../arm-none-eabi/lib/thumb/v7e-m+fp/hard\libc_nano.a(lib_a-fwalk.o)
 .ARM.attributes
                0x000006bf       0x34 e:/program files (x86)/gnu arm embedded toolchain/10 2021.10/bin/../lib/gcc/arm-none-eabi/10.3.1/../../../../arm-none-eabi/lib/thumb/v7e-m+fp/hard\libc_nano.a(lib_a-lock.o)
 .ARM.attributes
                0x000006f3       0x34 e:/program files (x86)/gnu arm embedded toolchain/10 2021.10/bin/../lib/gcc/arm-none-eabi/10.3.1/../../../../arm-none-eabi/lib/thumb/v7e-m+fp/hard\libc_nano.a(lib_a-makebuf.o)
 .ARM.attributes
                0x00000727       0x34 e:/program files (x86)/gnu arm embedded toolchain/10 2021.10/bin/../lib/gcc/arm-none-eabi/10.3.1/../../../../arm-none-eabi/lib/thumb/v7e-m+fp/hard\libc_nano.a(lib_a-nano-freer.o)
 .ARM.attributes
                0x0000075b       0x34 e:/program files (x86)/gnu arm embedded toolchain/10 2021.10/bin/../lib/gcc/arm-none-eabi/10.3.1/../../../../arm-none-eabi/lib/thumb/v7e-m+fp/hard\libc_nano.a(lib_a-nano-mallocr.o)
 .ARM.attributes
                0x0000078f       0x34 e:/program files (x86)/gnu arm embedded toolchain/10 2021.10/bin/../lib/gcc/arm-none-eabi/10.3.1/../../../../arm-none-eabi/lib/thumb/v7e-m+fp/hard\libc_nano.a(lib_a-sbrkr.o)
 .ARM.attributes
                0x000007c3       0x34 e:/program files (x86)/gnu arm embedded toolchain/10 2021.10/bin/../lib/gcc/arm-none-eabi/10.3.1/../../../../arm-none-eabi/lib/thumb/v7e-m+fp/hard\libc_nano.a(lib_a-stdio.o)
 .ARM.attributes
                0x000007f7       0x34 e:/program files (x86)/gnu arm embedded toolchain/10 2021.10/bin/../lib/gcc/arm-none-eabi/10.3.1/../../../../arm-none-eabi/lib/thumb/v7e-m+fp/hard\libc_nano.a(lib_a-writer.o)
 .ARM.attributes
                0x0000082b       0x34 e:/program files (x86)/gnu arm embedded toolchain/10 2021.10/bin/../lib/gcc/arm-none-eabi/10.3.1/../../../../arm-none-eabi/lib/thumb/v7e-m+fp/hard\libc_nano.a(lib_a-closer.o)
 .ARM.attributes
                0x0000085f       0x34 e:/program files (x86)/gnu arm embedded toolchain/10 2021.10/bin/../lib/gcc/arm-none-eabi/10.3.1/../../../../arm-none-eabi/lib/thumb/v7e-m+fp/hard\libc_nano.a(lib_a-fstatr.o)
 .ARM.attributes
                0x00000893       0x34 e:/program files (x86)/gnu arm embedded toolchain/10 2021.10/bin/../lib/gcc/arm-none-eabi/10.3.1/../../../../arm-none-eabi/lib/thumb/v7e-m+fp/hard\libc_nano.a(lib_a-isattyr.o)
 .ARM.attributes
                0x000008c7       0x34 e:/program files (x86)/gnu arm embedded toolchain/10 2021.10/bin/../lib/gcc/arm-none-eabi/10.3.1/../../../../arm-none-eabi/lib/thumb/v7e-m+fp/hard\libc_nano.a(lib_a-lseekr.o)
 .ARM.attributes
                0x000008fb       0x34 e:/program files (x86)/gnu arm embedded toolchain/10 2021.10/bin/../lib/gcc/arm-none-eabi/10.3.1/../../../../arm-none-eabi/lib/thumb/v7e-m+fp/hard\libc_nano.a(lib_a-mlock.o)
 .ARM.attributes
                0x0000092f       0x34 e:/program files (x86)/gnu arm embedded toolchain/10 2021.10/bin/../lib/gcc/arm-none-eabi/10.3.1/../../../../arm-none-eabi/lib/thumb/v7e-m+fp/hard\libc_nano.a(lib_a-readr.o)
 .ARM.attributes
                0x00000963       0x34 e:/program files (x86)/gnu arm embedded toolchain/10 2021.10/bin/../lib/gcc/arm-none-eabi/10.3.1/../../../../arm-none-eabi/lib/thumb/v7e-m+fp/hard\libc_nano.a(lib_a-reent.o)
 .ARM.attributes
                0x00000997       0x34 e:/program files (x86)/gnu arm embedded toolchain/10 2021.10/bin/../lib/gcc/arm-none-eabi/10.3.1/../../../../arm-none-eabi/lib/thumb/v7e-m+fp/hard\libnosys.a(close.o)
 .ARM.attributes
                0x000009cb       0x34 e:/program files (x86)/gnu arm embedded toolchain/10 2021.10/bin/../lib/gcc/arm-none-eabi/10.3.1/../../../../arm-none-eabi/lib/thumb/v7e-m+fp/hard\libnosys.a(fstat.o)
 .ARM.attributes
                0x000009ff       0x34 e:/program files (x86)/gnu arm embedded toolchain/10 2021.10/bin/../lib/gcc/arm-none-eabi/10.3.1/../../../../arm-none-eabi/lib/thumb/v7e-m+fp/hard\libnosys.a(isatty.o)
 .ARM.attributes
                0x00000a33       0x34 e:/program files (x86)/gnu arm embedded toolchain/10 2021.10/bin/../lib/gcc/arm-none-eabi/10.3.1/../../../../arm-none-eabi/lib/thumb/v7e-m+fp/hard\libnosys.a(lseek.o)
 .ARM.attributes
                0x00000a67       0x34 e:/program files (x86)/gnu arm embedded toolchain/10 2021.10/bin/../lib/gcc/arm-none-eabi/10.3.1/../../../../arm-none-eabi/lib/thumb/v7e-m+fp/hard\libnosys.a(read.o)
 .ARM.attributes
                0x00000a9b       0x34 e:/program files (x86)/gnu arm embedded toolchain/10 2021.10/bin/../lib/gcc/arm-none-eabi/10.3.1/../../../../arm-none-eabi/lib/thumb/v7e-m+fp/hard\libnosys.a(sbrk.o)
 .ARM.attributes
                0x00000acf       0x1e e:/program files (x86)/gnu arm embedded toolchain/10 2021.10/bin/../lib/gcc/arm-none-eabi/10.3.1/thumb/v7e-m+fp/hard\libgcc.a(_aeabi_uldivmod.o)
 .ARM.attributes
                0x00000aed       0x34 e:/program files (x86)/gnu arm embedded toolchain/10 2021.10/bin/../lib/gcc/arm-none-eabi/10.3.1/thumb/v7e-m+fp/hard\libgcc.a(_udivmoddi4.o)
 .ARM.attributes
                0x00000b21       0x1e e:/program files (x86)/gnu arm embedded toolchain/10 2021.10/bin/../lib/gcc/arm-none-eabi/10.3.1/thumb/v7e-m+fp/hard\libgcc.a(_dvmd_tls.o)
 .ARM.attributes
                0x00000b3f       0x1e e:/program files (x86)/gnu arm embedded toolchain/10 2021.10/bin/../lib/gcc/arm-none-eabi/10.3.1/thumb/v7e-m+fp/hard/crtn.o
OUTPUT(build/electronbot.elf elf32-littlearm)
LOAD linker stubs
LOAD e:/program files (x86)/gnu arm embedded toolchain/10 2021.10/bin/../lib/gcc/arm-none-eabi/10.3.1/../../../../arm-none-eabi/lib/thumb/v7e-m+fp/hard\libc.a
LOAD e:/program files (x86)/gnu arm embedded toolchain/10 2021.10/bin/../lib/gcc/arm-none-eabi/10.3.1/../../../../arm-none-eabi/lib/thumb/v7e-m+fp/hard\libm.a
LOAD e:/program files (x86)/gnu arm embedded toolchain/10 2021.10/bin/../lib/gcc/arm-none-eabi/10.3.1/thumb/v7e-m+fp/hard\libgcc.a

.debug_info     0x00000000    0x1690f
 .debug_info    0x00000000      0xca5 build/main.o
 .debug_info    0x00000ca5      0x2eb build/gpio.o
 .debug_info    0x00000f90      0xabe build/usart.o
 .debug_info    0x00001a4e      0x842 build/usb_device.o
 .debug_info    0x00002290     0x217c build/usbd_conf.o
 .debug_info    0x0000440c      0x643 build/usbd_desc.o
 .debug_info    0x00004a4f      0xaa9 build/usbd_cdc_if.o
 .debug_info    0x000054f8      0x70c build/stm32f4xx_it.o
 .debug_info    0x00005c04      0x2eb build/stm32f4xx_hal_msp.o
 .debug_info    0x00005eef     0x1d1e build/stm32f4xx_hal_pcd.o
 .debug_info    0x00007c0d      0x7b3 build/stm32f4xx_hal_pcd_ex.o
 .debug_info    0x000083c0     0x2164 build/stm32f4xx_ll_usb.o
 .debug_info    0x0000a524      0xbe6 build/stm32f4xx_hal_rcc.o
 .debug_info    0x0000b10a      0x848 build/stm32f4xx_hal_gpio.o
 .debug_info    0x0000b952     0x1162 build/stm32f4xx_hal_cortex.o
 .debug_info    0x0000cab4      0xabd build/stm32f4xx_hal.o
 .debug_info    0x0000d571     0x43e7 build/stm32f4xx_hal_uart.o
 .debug_info    0x00011958      0x5b3 build/system_stm32f4xx.o
 .debug_info    0x00011f0b     0x1352 build/usbd_core.o
 .debug_info    0x0001325d     0x14c9 build/usbd_ctlreq.o
 .debug_info    0x00014726      0x972 build/usbd_ioreq.o
 .debug_info    0x00015098     0x1855 build/usbd_cdc.o
 .debug_info    0x000168ed       0x22 build/startup_stm32f405xx.o

.debug_abbrev   0x00000000     0x3194
 .debug_abbrev  0x00000000      0x269 build/main.o
 .debug_abbrev  0x00000269       0xd3 build/gpio.o
 .debug_abbrev  0x0000033c      0x1de build/usart.o
 .debug_abbrev  0x0000051a      0x188 build/usb_device.o
 .debug_abbrev  0x000006a2      0x2ee build/usbd_conf.o
 .debug_abbrev  0x00000990      0x1eb build/usbd_desc.o
 .debug_abbrev  0x00000b7b      0x2bb build/usbd_cdc_if.o
 .debug_abbrev  0x00000e36      0x17c build/stm32f4xx_it.o
 .debug_abbrev  0x00000fb2       0xd3 build/stm32f4xx_hal_msp.o
 .debug_abbrev  0x00001085      0x2d1 build/stm32f4xx_hal_pcd.o
 .debug_abbrev  0x00001356      0x1c5 build/stm32f4xx_hal_pcd_ex.o
 .debug_abbrev  0x0000151b      0x2f9 build/stm32f4xx_ll_usb.o
 .debug_abbrev  0x00001814      0x2aa build/stm32f4xx_hal_rcc.o
 .debug_abbrev  0x00001abe      0x22b build/stm32f4xx_hal_gpio.o
 .debug_abbrev  0x00001ce9      0x382 build/stm32f4xx_hal_cortex.o
 .debug_abbrev  0x0000206b      0x209 build/stm32f4xx_hal.o
 .debug_abbrev  0x00002274      0x356 build/stm32f4xx_hal_uart.o
 .debug_abbrev  0x000025ca      0x11b build/system_stm32f4xx.o
 .debug_abbrev  0x000026e5      0x2b8 build/usbd_core.o
 .debug_abbrev  0x0000299d      0x358 build/usbd_ctlreq.o
 .debug_abbrev  0x00002cf5      0x176 build/usbd_ioreq.o
 .debug_abbrev  0x00002e6b      0x317 build/usbd_cdc.o
 .debug_abbrev  0x00003182       0x12 build/startup_stm32f405xx.o

.debug_loc      0x00000000     0xfcdb
 .debug_loc     0x00000000      0x121 build/main.o
 .debug_loc     0x00000121       0x2c build/gpio.o
 .debug_loc     0x0000014d      0x108 build/usart.o
 .debug_loc     0x00000255       0x20 build/usb_device.o
 .debug_loc     0x00000275      0xf26 build/usbd_conf.o
 .debug_loc     0x0000119b      0x47b build/usbd_desc.o
 .debug_loc     0x00001616      0x1bc build/usbd_cdc_if.o
 .debug_loc     0x000017d2       0x40 build/stm32f4xx_it.o
 .debug_loc     0x00001812       0x2c build/stm32f4xx_hal_msp.o
 .debug_loc     0x0000183e     0x1777 build/stm32f4xx_hal_pcd.o
 .debug_loc     0x00002fb5      0x116 build/stm32f4xx_hal_pcd_ex.o
 .debug_loc     0x000030cb     0x2abe build/stm32f4xx_ll_usb.o
 .debug_loc     0x00005b89      0x6e4 build/stm32f4xx_hal_rcc.o
 .debug_loc     0x0000626d      0x5e8 build/stm32f4xx_hal_gpio.o
 .debug_loc     0x00006855      0x7a4 build/stm32f4xx_hal_cortex.o
 .debug_loc     0x00006ff9      0x1e1 build/stm32f4xx_hal.o
 .debug_loc     0x000071da     0x4fef build/stm32f4xx_hal_uart.o
 .debug_loc     0x0000c1c9      0x158 build/system_stm32f4xx.o
 .debug_loc     0x0000c321     0x102a build/usbd_core.o
 .debug_loc     0x0000d34b     0x1a19 build/usbd_ctlreq.o
 .debug_loc     0x0000ed64      0x398 build/usbd_ioreq.o
 .debug_loc     0x0000f0fc      0xbdf build/usbd_cdc.o

.debug_aranges  0x00000000      0xd10
 .debug_aranges
                0x00000000       0x38 build/main.o
 .debug_aranges
                0x00000038       0x20 build/gpio.o
 .debug_aranges
                0x00000058       0x30 build/usart.o
 .debug_aranges
                0x00000088       0x20 build/usb_device.o
 .debug_aranges
                0x000000a8      0x110 build/usbd_conf.o
 .debug_aranges
                0x000001b8       0x60 build/usbd_desc.o
 .debug_aranges
                0x00000218       0x48 build/usbd_cdc_if.o
 .debug_aranges
                0x00000260       0x68 build/stm32f4xx_it.o
 .debug_aranges
                0x000002c8       0x20 build/stm32f4xx_hal_msp.o
 .debug_aranges
                0x000002e8      0x148 build/stm32f4xx_hal_pcd.o
 .debug_aranges
                0x00000430       0x38 build/stm32f4xx_hal_pcd_ex.o
 .debug_aranges
                0x00000468      0x1a0 build/stm32f4xx_ll_usb.o
 .debug_aranges
                0x00000608       0x88 build/stm32f4xx_hal_rcc.o
 .debug_aranges
                0x00000690       0x58 build/stm32f4xx_hal_gpio.o
 .debug_aranges
                0x000006e8       0xa8 build/stm32f4xx_hal_cortex.o
 .debug_aranges
                0x00000790       0xf0 build/stm32f4xx_hal.o
 .debug_aranges
                0x00000880      0x200 build/stm32f4xx_hal_uart.o
 .debug_aranges
                0x00000a80       0x28 build/system_stm32f4xx.o
 .debug_aranges
                0x00000aa8       0xd8 build/usbd_core.o
 .debug_aranges
                0x00000b80       0x88 build/usbd_ctlreq.o
 .debug_aranges
                0x00000c08       0x50 build/usbd_ioreq.o
 .debug_aranges
                0x00000c58       0x90 build/usbd_cdc.o
 .debug_aranges
                0x00000ce8       0x28 build/startup_stm32f405xx.o

.debug_ranges   0x00000000      0xc38
 .debug_ranges  0x00000000       0x28 build/main.o
 .debug_ranges  0x00000028       0x10 build/gpio.o
 .debug_ranges  0x00000038       0x20 build/usart.o
 .debug_ranges  0x00000058       0x10 build/usb_device.o
 .debug_ranges  0x00000068      0x100 build/usbd_conf.o
 .debug_ranges  0x00000168       0x50 build/usbd_desc.o
 .debug_ranges  0x000001b8       0x38 build/usbd_cdc_if.o
 .debug_ranges  0x000001f0       0x58 build/stm32f4xx_it.o
 .debug_ranges  0x00000248       0x10 build/stm32f4xx_hal_msp.o
 .debug_ranges  0x00000258      0x138 build/stm32f4xx_hal_pcd.o
 .debug_ranges  0x00000390       0x28 build/stm32f4xx_hal_pcd_ex.o
 .debug_ranges  0x000003b8      0x190 build/stm32f4xx_ll_usb.o
 .debug_ranges  0x00000548       0x90 build/stm32f4xx_hal_rcc.o
 .debug_ranges  0x000005d8       0x48 build/stm32f4xx_hal_gpio.o
 .debug_ranges  0x00000620       0xf8 build/stm32f4xx_hal_cortex.o
 .debug_ranges  0x00000718       0xe0 build/stm32f4xx_hal.o
 .debug_ranges  0x000007f8      0x208 build/stm32f4xx_hal_uart.o
 .debug_ranges  0x00000a00       0x18 build/system_stm32f4xx.o
 .debug_ranges  0x00000a18       0xc8 build/usbd_core.o
 .debug_ranges  0x00000ae0       0x78 build/usbd_ctlreq.o
 .debug_ranges  0x00000b58       0x40 build/usbd_ioreq.o
 .debug_ranges  0x00000b98       0x80 build/usbd_cdc.o
 .debug_ranges  0x00000c18       0x20 build/startup_stm32f405xx.o

.debug_line     0x00000000     0xde88
 .debug_line    0x00000000      0x3a3 build/main.o
 .debug_line    0x000003a3      0x15c build/gpio.o
 .debug_line    0x000004ff      0x2cf build/usart.o
 .debug_line    0x000007ce      0x211 build/usb_device.o
 .debug_line    0x000009df      0x81d build/usbd_conf.o
 .debug_line    0x000011fc      0x36a build/usbd_desc.o
 .debug_line    0x00001566      0x271 build/usbd_cdc_if.o
 .debug_line    0x000017d7      0x2dd build/stm32f4xx_it.o
 .debug_line    0x00001ab4      0x169 build/stm32f4xx_hal_msp.o
 .debug_line    0x00001c1d     0x1570 build/stm32f4xx_hal_pcd.o
 .debug_line    0x0000318d      0x2c9 build/stm32f4xx_hal_pcd_ex.o
 .debug_line    0x00003456     0x1e46 build/stm32f4xx_ll_usb.o
 .debug_line    0x0000529c      0xb24 build/stm32f4xx_hal_rcc.o
 .debug_line    0x00005dc0      0x6f5 build/stm32f4xx_hal_gpio.o
 .debug_line    0x000064b5      0x78c build/stm32f4xx_hal_cortex.o
 .debug_line    0x00006c41      0x579 build/stm32f4xx_hal.o
 .debug_line    0x000071ba     0x4602 build/stm32f4xx_hal_uart.o
 .debug_line    0x0000b7bc      0x267 build/system_stm32f4xx.o
 .debug_line    0x0000ba23      0x9de build/usbd_core.o
 .debug_line    0x0000c401      0xd55 build/usbd_ctlreq.o
 .debug_line    0x0000d156      0x2be build/usbd_ioreq.o
 .debug_line    0x0000d414      0x9fe build/usbd_cdc.o
 .debug_line    0x0000de12       0x76 build/startup_stm32f405xx.o

.debug_str      0x00000000     0x4038
 .debug_str     0x00000000      0x86a build/main.o
                                0x90c (size before relaxing)
 .debug_str     0x0000086a        0xb build/gpio.o
                                0x28b (size before relaxing)
 .debug_str     0x00000875       0xc9 build/usart.o
                                0x7d2 (size before relaxing)
 .debug_str     0x0000093e      0x415 build/usb_device.o
                                0x688 (size before relaxing)
 .debug_str     0x00000d53      0xdac build/usbd_conf.o
                               0x155f (size before relaxing)
 .debug_str     0x00001aff      0x171 build/usbd_desc.o
                                0x434 (size before relaxing)
 .debug_str     0x00001c70      0x136 build/usbd_cdc_if.o
                                0x769 (size before relaxing)
 .debug_str     0x00001da6       0xd4 build/stm32f4xx_it.o
                                0x621 (size before relaxing)
 .debug_str     0x00001e7a       0x24 build/stm32f4xx_hal_msp.o
                                0x297 (size before relaxing)
 .debug_str     0x00001e9e      0x5cd build/stm32f4xx_hal_pcd.o
                                0xda3 (size before relaxing)
 .debug_str     0x0000246b      0x125 build/stm32f4xx_hal_pcd_ex.o
                                0x707 (size before relaxing)
 .debug_str     0x00002590      0x440 build/stm32f4xx_ll_usb.o
                                0xc80 (size before relaxing)
 .debug_str     0x000029d0      0x20f build/stm32f4xx_hal_rcc.o
                                0x6e7 (size before relaxing)
 .debug_str     0x00002bdf      0x136 build/stm32f4xx_hal_gpio.o
                                0x4c1 (size before relaxing)
 .debug_str     0x00002d15      0x47a build/stm32f4xx_hal_cortex.o
                                0xbec (size before relaxing)
 .debug_str     0x0000318f      0x295 build/stm32f4xx_hal.o
                                0xb1a (size before relaxing)
 .debug_str     0x00003424      0x62e build/stm32f4xx_hal_uart.o
                                0xd3a (size before relaxing)
 .debug_str     0x00003a52       0x42 build/system_stm32f4xx.o
                                0x351 (size before relaxing)
 .debug_str     0x00003a94      0x27b build/usbd_core.o
                                0x9b8 (size before relaxing)
 .debug_str     0x00003d0f      0x109 build/usbd_ctlreq.o
                                0x7e3 (size before relaxing)
 .debug_str     0x00003e18       0x60 build/usbd_ioreq.o
                                0x6b8 (size before relaxing)
 .debug_str     0x00003e78      0x19c build/usbd_cdc.o
                                0xd54 (size before relaxing)
 .debug_str     0x00004014       0x24 build/startup_stm32f405xx.o
                                 0x4b (size before relaxing)

.comment        0x00000000       0x49
 .comment       0x00000000       0x49 build/main.o
                                 0x4a (size before relaxing)
 .comment       0x00000049       0x4a build/gpio.o
 .comment       0x00000049       0x4a build/usart.o
 .comment       0x00000049       0x4a build/usb_device.o
 .comment       0x00000049       0x4a build/usbd_conf.o
 .comment       0x00000049       0x4a build/usbd_desc.o
 .comment       0x00000049       0x4a build/usbd_cdc_if.o
 .comment       0x00000049       0x4a build/stm32f4xx_it.o
 .comment       0x00000049       0x4a build/stm32f4xx_hal_msp.o
 .comment       0x00000049       0x4a build/stm32f4xx_hal_pcd.o
 .comment       0x00000049       0x4a build/stm32f4xx_hal_pcd_ex.o
 .comment       0x00000049       0x4a build/stm32f4xx_ll_usb.o
 .comment       0x00000049       0x4a build/stm32f4xx_hal_rcc.o
 .comment       0x00000049       0x4a build/stm32f4xx_hal_gpio.o
 .comment       0x00000049       0x4a build/stm32f4xx_hal_cortex.o
 .comment       0x00000049       0x4a build/stm32f4xx_hal.o
 .comment       0x00000049       0x4a build/stm32f4xx_hal_uart.o
 .comment       0x00000049       0x4a build/system_stm32f4xx.o
 .comment       0x00000049       0x4a build/usbd_core.o
 .comment       0x00000049       0x4a build/usbd_ctlreq.o
 .comment       0x00000049       0x4a build/usbd_ioreq.o
 .comment       0x00000049       0x4a build/usbd_cdc.o

.debug_frame    0x00000000     0x2844
 .debug_frame   0x00000000       0x70 build/main.o
 .debug_frame   0x00000070       0x28 build/gpio.o
 .debug_frame   0x00000098       0x60 build/usart.o
 .debug_frame   0x000000f8       0x28 build/usb_device.o
 .debug_frame   0x00000120      0x2e4 build/usbd_conf.o
 .debug_frame   0x00000404       0xe0 build/usbd_desc.o
 .debug_frame   0x000004e4       0x88 build/usbd_cdc_if.o
 .debug_frame   0x0000056c       0xc0 build/stm32f4xx_it.o
 .debug_frame   0x0000062c       0x28 build/stm32f4xx_hal_msp.o
 .debug_frame   0x00000654      0x388 build/stm32f4xx_hal_pcd.o
 .debug_frame   0x000009dc       0x5c build/stm32f4xx_hal_pcd_ex.o
 .debug_frame   0x00000a38      0x4ac build/stm32f4xx_ll_usb.o
 .debug_frame   0x00000ee4      0x16c build/stm32f4xx_hal_rcc.o
 .debug_frame   0x00001050       0xd8 build/stm32f4xx_hal_gpio.o
 .debug_frame   0x00001128      0x148 build/stm32f4xx_hal_cortex.o
 .debug_frame   0x00001270      0x1ec build/stm32f4xx_hal.o
 .debug_frame   0x0000145c      0x5cc build/stm32f4xx_hal_uart.o
 .debug_frame   0x00001a28       0x30 build/system_stm32f4xx.o
 .debug_frame   0x00001a58      0x240 build/usbd_core.o
 .debug_frame   0x00001c98      0x180 build/usbd_ctlreq.o
 .debug_frame   0x00001e18       0xb8 build/usbd_ioreq.o
 .debug_frame   0x00001ed0      0x190 build/usbd_cdc.o
 .debug_frame   0x00002060       0x2c e:/program files (x86)/gnu arm embedded toolchain/10 2021.10/bin/../lib/gcc/arm-none-eabi/10.3.1/../../../../arm-none-eabi/lib/thumb/v7e-m+fp/hard\libc_nano.a(lib_a-init.o)
 .debug_frame   0x0000208c       0x20 e:/program files (x86)/gnu arm embedded toolchain/10 2021.10/bin/../lib/gcc/arm-none-eabi/10.3.1/../../../../arm-none-eabi/lib/thumb/v7e-m+fp/hard\libc_nano.a(lib_a-memset.o)
 .debug_frame   0x000020ac       0x3c e:/program files (x86)/gnu arm embedded toolchain/10 2021.10/bin/../lib/gcc/arm-none-eabi/10.3.1/../../../../arm-none-eabi/lib/thumb/v7e-m+fp/hard\libc_nano.a(lib_a-puts.o)
 .debug_frame   0x000020e8       0x40 e:/program files (x86)/gnu arm embedded toolchain/10 2021.10/bin/../lib/gcc/arm-none-eabi/10.3.1/../../../../arm-none-eabi/lib/thumb/v7e-m+fp/hard\libc_nano.a(lib_a-wbuf.o)
 .debug_frame   0x00002128       0x2c e:/program files (x86)/gnu arm embedded toolchain/10 2021.10/bin/../lib/gcc/arm-none-eabi/10.3.1/../../../../arm-none-eabi/lib/thumb/v7e-m+fp/hard\libc_nano.a(lib_a-wsetup.o)
 .debug_frame   0x00002154       0x5c e:/program files (x86)/gnu arm embedded toolchain/10 2021.10/bin/../lib/gcc/arm-none-eabi/10.3.1/../../../../arm-none-eabi/lib/thumb/v7e-m+fp/hard\libc_nano.a(lib_a-fflush.o)
 .debug_frame   0x000021b0      0x14c e:/program files (x86)/gnu arm embedded toolchain/10 2021.10/bin/../lib/gcc/arm-none-eabi/10.3.1/../../../../arm-none-eabi/lib/thumb/v7e-m+fp/hard\libc_nano.a(lib_a-findfp.o)
 .debug_frame   0x000022fc       0x54 e:/program files (x86)/gnu arm embedded toolchain/10 2021.10/bin/../lib/gcc/arm-none-eabi/10.3.1/../../../../arm-none-eabi/lib/thumb/v7e-m+fp/hard\libc_nano.a(lib_a-fwalk.o)
 .debug_frame   0x00002350       0xb0 e:/program files (x86)/gnu arm embedded toolchain/10 2021.10/bin/../lib/gcc/arm-none-eabi/10.3.1/../../../../arm-none-eabi/lib/thumb/v7e-m+fp/hard\libc_nano.a(lib_a-lock.o)
 .debug_frame   0x00002400       0x58 e:/program files (x86)/gnu arm embedded toolchain/10 2021.10/bin/../lib/gcc/arm-none-eabi/10.3.1/../../../../arm-none-eabi/lib/thumb/v7e-m+fp/hard\libc_nano.a(lib_a-makebuf.o)
 .debug_frame   0x00002458       0x38 e:/program files (x86)/gnu arm embedded toolchain/10 2021.10/bin/../lib/gcc/arm-none-eabi/10.3.1/../../../../arm-none-eabi/lib/thumb/v7e-m+fp/hard\libc_nano.a(lib_a-nano-freer.o)
 .debug_frame   0x00002490       0x4c e:/program files (x86)/gnu arm embedded toolchain/10 2021.10/bin/../lib/gcc/arm-none-eabi/10.3.1/../../../../arm-none-eabi/lib/thumb/v7e-m+fp/hard\libc_nano.a(lib_a-nano-mallocr.o)
 .debug_frame   0x000024dc       0x2c e:/program files (x86)/gnu arm embedded toolchain/10 2021.10/bin/../lib/gcc/arm-none-eabi/10.3.1/../../../../arm-none-eabi/lib/thumb/v7e-m+fp/hard\libc_nano.a(lib_a-sbrkr.o)
 .debug_frame   0x00002508       0x88 e:/program files (x86)/gnu arm embedded toolchain/10 2021.10/bin/../lib/gcc/arm-none-eabi/10.3.1/../../../../arm-none-eabi/lib/thumb/v7e-m+fp/hard\libc_nano.a(lib_a-stdio.o)
 .debug_frame   0x00002590       0x2c e:/program files (x86)/gnu arm embedded toolchain/10 2021.10/bin/../lib/gcc/arm-none-eabi/10.3.1/../../../../arm-none-eabi/lib/thumb/v7e-m+fp/hard\libc_nano.a(lib_a-writer.o)
 .debug_frame   0x000025bc       0x2c e:/program files (x86)/gnu arm embedded toolchain/10 2021.10/bin/../lib/gcc/arm-none-eabi/10.3.1/../../../../arm-none-eabi/lib/thumb/v7e-m+fp/hard\libc_nano.a(lib_a-closer.o)
 .debug_frame   0x000025e8       0x2c e:/program files (x86)/gnu arm embedded toolchain/10 2021.10/bin/../lib/gcc/arm-none-eabi/10.3.1/../../../../arm-none-eabi/lib/thumb/v7e-m+fp/hard\libc_nano.a(lib_a-fstatr.o)
 .debug_frame   0x00002614       0x2c e:/program files (x86)/gnu arm embedded toolchain/10 2021.10/bin/../lib/gcc/arm-none-eabi/10.3.1/../../../../arm-none-eabi/lib/thumb/v7e-m+fp/hard\libc_nano.a(lib_a-isattyr.o)
 .debug_frame   0x00002640       0x2c e:/program files (x86)/gnu arm embedded toolchain/10 2021.10/bin/../lib/gcc/arm-none-eabi/10.3.1/../../../../arm-none-eabi/lib/thumb/v7e-m+fp/hard\libc_nano.a(lib_a-lseekr.o)
 .debug_frame   0x0000266c       0x30 e:/program files (x86)/gnu arm embedded toolchain/10 2021.10/bin/../lib/gcc/arm-none-eabi/10.3.1/../../../../arm-none-eabi/lib/thumb/v7e-m+fp/hard\libc_nano.a(lib_a-mlock.o)
 .debug_frame   0x0000269c       0x2c e:/program files (x86)/gnu arm embedded toolchain/10 2021.10/bin/../lib/gcc/arm-none-eabi/10.3.1/../../../../arm-none-eabi/lib/thumb/v7e-m+fp/hard\libc_nano.a(lib_a-readr.o)
 .debug_frame   0x000026c8       0x5c e:/program files (x86)/gnu arm embedded toolchain/10 2021.10/bin/../lib/gcc/arm-none-eabi/10.3.1/../../../../arm-none-eabi/lib/thumb/v7e-m+fp/hard\libc_nano.a(lib_a-reent.o)
 .debug_frame   0x00002724       0x20 e:/program files (x86)/gnu arm embedded toolchain/10 2021.10/bin/../lib/gcc/arm-none-eabi/10.3.1/../../../../arm-none-eabi/lib/thumb/v7e-m+fp/hard\libnosys.a(close.o)
 .debug_frame   0x00002744       0x20 e:/program files (x86)/gnu arm embedded toolchain/10 2021.10/bin/../lib/gcc/arm-none-eabi/10.3.1/../../../../arm-none-eabi/lib/thumb/v7e-m+fp/hard\libnosys.a(fstat.o)
 .debug_frame   0x00002764       0x20 e:/program files (x86)/gnu arm embedded toolchain/10 2021.10/bin/../lib/gcc/arm-none-eabi/10.3.1/../../../../arm-none-eabi/lib/thumb/v7e-m+fp/hard\libnosys.a(isatty.o)
 .debug_frame   0x00002784       0x20 e:/program files (x86)/gnu arm embedded toolchain/10 2021.10/bin/../lib/gcc/arm-none-eabi/10.3.1/../../../../arm-none-eabi/lib/thumb/v7e-m+fp/hard\libnosys.a(lseek.o)
 .debug_frame   0x000027a4       0x20 e:/program files (x86)/gnu arm embedded toolchain/10 2021.10/bin/../lib/gcc/arm-none-eabi/10.3.1/../../../../arm-none-eabi/lib/thumb/v7e-m+fp/hard\libnosys.a(read.o)
 .debug_frame   0x000027c4       0x20 e:/program files (x86)/gnu arm embedded toolchain/10 2021.10/bin/../lib/gcc/arm-none-eabi/10.3.1/../../../../arm-none-eabi/lib/thumb/v7e-m+fp/hard\libnosys.a(sbrk.o)
 .debug_frame   0x000027e4       0x2c e:/program files (x86)/gnu arm embedded toolchain/10 2021.10/bin/../lib/gcc/arm-none-eabi/10.3.1/thumb/v7e-m+fp/hard\libgcc.a(_aeabi_uldivmod.o)
 .debug_frame   0x00002810       0x34 e:/program files (x86)/gnu arm embedded toolchain/10 2021.10/bin/../lib/gcc/arm-none-eabi/10.3.1/thumb/v7e-m+fp/hard\libgcc.a(_udivmoddi4.o)

.stab           0x00000000       0x84
 .stab          0x00000000       0x24 e:/program files (x86)/gnu arm embedded toolchain/10 2021.10/bin/../lib/gcc/arm-none-eabi/10.3.1/../../../../arm-none-eabi/lib/thumb/v7e-m+fp/hard\libnosys.a(close.o)
 .stab          0x00000024       0x18 e:/program files (x86)/gnu arm embedded toolchain/10 2021.10/bin/../lib/gcc/arm-none-eabi/10.3.1/../../../../arm-none-eabi/lib/thumb/v7e-m+fp/hard\libnosys.a(fstat.o)
                                 0x24 (size before relaxing)
 .stab          0x0000003c       0x18 e:/program files (x86)/gnu arm embedded toolchain/10 2021.10/bin/../lib/gcc/arm-none-eabi/10.3.1/../../../../arm-none-eabi/lib/thumb/v7e-m+fp/hard\libnosys.a(isatty.o)
                                 0x24 (size before relaxing)
 .stab          0x00000054       0x18 e:/program files (x86)/gnu arm embedded toolchain/10 2021.10/bin/../lib/gcc/arm-none-eabi/10.3.1/../../../../arm-none-eabi/lib/thumb/v7e-m+fp/hard\libnosys.a(lseek.o)
                                 0x24 (size before relaxing)
 .stab          0x0000006c       0x18 e:/program files (x86)/gnu arm embedded toolchain/10 2021.10/bin/../lib/gcc/arm-none-eabi/10.3.1/../../../../arm-none-eabi/lib/thumb/v7e-m+fp/hard\libnosys.a(read.o)
                                 0x24 (size before relaxing)

.stabstr        0x00000000      0x117
 .stabstr       0x00000000      0x117 e:/program files (x86)/gnu arm embedded toolchain/10 2021.10/bin/../lib/gcc/arm-none-eabi/10.3.1/../../../../arm-none-eabi/lib/thumb/v7e-m+fp/hard\libnosys.a(close.o)

Cross Reference Table

Symbol                                            File
ADC_IRQHandler                                    build/startup_stm32f405xx.o
AHBPrescTable                                     build/system_stm32f4xx.o
                                                  build/stm32f4xx_hal_rcc.o
APBPrescTable                                     build/system_stm32f4xx.o
                                                  build/stm32f4xx_hal_rcc.o