Archive member included to satisfy reference by file (symbol)

c:/program files (x86)/gnu arm embedded toolchain/10 2021.10/bin/../lib/gcc/arm-none-eabi/10.3.1/../../../../arm-none-eabi/lib/thumb/v7e-m+fp/hard\libc_nano.a(lib_a-exit.o)
                              c:/program files (x86)/gnu arm embedded toolchain/10 2021.10/bin/../lib/gcc/arm-none-eabi/10.3.1/../../../../arm-none-eabi/lib/thumb/v7e-m+fp/hard/crt0.o (exit)
c:/program files (x86)/gnu arm embedded toolchain/10 2021.10/bin/../lib/gcc/arm-none-eabi/10.3.1/../../../../arm-none-eabi/lib/thumb/v7e-m+fp/hard\libc_nano.a(lib_a-impure.o)
                              c:/program files (x86)/gnu arm embedded toolchain/10 2021.10/bin/../lib/gcc/arm-none-eabi/10.3.1/../../../../arm-none-eabi/lib/thumb/v7e-m+fp/hard\libc_nano.a(lib_a-exit.o) (_global_impure_ptr)
c:/program files (x86)/gnu arm embedded toolchain/10 2021.10/bin/../lib/gcc/arm-none-eabi/10.3.1/../../../../arm-none-eabi/lib/thumb/v7e-m+fp/hard\libc_nano.a(lib_a-init.o)
                              c:/program files (x86)/gnu arm embedded toolchain/10 2021.10/bin/../lib/gcc/arm-none-eabi/10.3.1/../../../../arm-none-eabi/lib/thumb/v7e-m+fp/hard/crt0.o (__libc_init_array)
c:/program files (x86)/gnu arm embedded toolchain/10 2021.10/bin/../lib/gcc/arm-none-eabi/10.3.1/../../../../arm-none-eabi/lib/thumb/v7e-m+fp/hard\libc_nano.a(lib_a-malloc.o)
                              build/usbd_cdc.o (malloc)
c:/program files (x86)/gnu arm embedded toolchain/10 2021.10/bin/../lib/gcc/arm-none-eabi/10.3.1/../../../../arm-none-eabi/lib/thumb/v7e-m+fp/hard\libc_nano.a(lib_a-memset.o)
                              c:/program files (x86)/gnu arm embedded toolchain/10 2021.10/bin/../lib/gcc/arm-none-eabi/10.3.1/../../../../arm-none-eabi/lib/thumb/v7e-m+fp/hard/crt0.o (memset)
c:/program files (x86)/gnu arm embedded toolchain/10 2021.10/bin/../lib/gcc/arm-none-eabi/10.3.1/../../../../arm-none-eabi/lib/thumb/v7e-m+fp/hard\libc_nano.a(lib_a-nano-freer.o)
                              c:/program files (x86)/gnu arm embedded toolchain/10 2021.10/bin/../lib/gcc/arm-none-eabi/10.3.1/../../../../arm-none-eabi/lib/thumb/v7e-m+fp/hard\libc_nano.a(lib_a-malloc.o) (_free_r)
c:/program files (x86)/gnu arm embedded toolchain/10 2021.10/bin/../lib/gcc/arm-none-eabi/10.3.1/../../../../arm-none-eabi/lib/thumb/v7e-m+fp/hard\libc_nano.a(lib_a-nano-mallocr.o)
                              c:/program files (x86)/gnu arm embedded toolchain/10 2021.10/bin/../lib/gcc/arm-none-eabi/10.3.1/../../../../arm-none-eabi/lib/thumb/v7e-m+fp/hard\libc_nano.a(lib_a-malloc.o) (_malloc_r)
c:/program files (x86)/gnu arm embedded toolchain/10 2021.10/bin/../lib/gcc/arm-none-eabi/10.3.1/../../../../arm-none-eabi/lib/thumb/v7e-m+fp/hard\libc_nano.a(lib_a-printf.o)
                              build/usbd_cdc_if.o (printf)
c:/program files (x86)/gnu arm embedded toolchain/10 2021.10/bin/../lib/gcc/arm-none-eabi/10.3.1/../../../../arm-none-eabi/lib/thumb/v7e-m+fp/hard\libc_nano.a(lib_a-puts.o)
                              build/main.o (puts)
c:/program files (x86)/gnu arm embedded toolchain/10 2021.10/bin/../lib/gcc/arm-none-eabi/10.3.1/../../../../arm-none-eabi/lib/thumb/v7e-m+fp/hard\libc_nano.a(lib_a-sbrkr.o)
                              c:/program files (x86)/gnu arm embedded toolchain/10 2021.10/bin/../lib/gcc/arm-none-eabi/10.3.1/../../../../arm-none-eabi/lib/thumb/v7e-m+fp/hard\libc_nano.a(lib_a-nano-mallocr.o) (_sbrk_r)
c:/program files (x86)/gnu arm embedded toolchain/10 2021.10/bin/../lib/gcc/arm-none-eabi/10.3.1/../../../../arm-none-eabi/lib/thumb/v7e-m+fp/hard\libc_nano.a(lib_a-wbuf.o)
                              c:/program files (x86)/gnu arm embedded toolchain/10 2021.10/bin/../lib/gcc/arm-none-eabi/10.3.1/../../../../arm-none-eabi/lib/thumb/v7e-m+fp/hard\libc_nano.a(lib_a-puts.o) (__swbuf_r)
c:/program files (x86)/gnu arm embedded toolchain/10 2021.10/bin/../lib/gcc/arm-none-eabi/10.3.1/../../../../arm-none-eabi/lib/thumb/v7e-m+fp/hard\libc_nano.a(lib_a-wsetup.o)
                              c:/program files (x86)/gnu arm embedded toolchain/10 2021.10/bin/../lib/gcc/arm-none-eabi/10.3.1/../../../../arm-none-eabi/lib/thumb/v7e-m+fp/hard\libc_nano.a(lib_a-puts.o) (__swsetup_r)
c:/program files (x86)/gnu arm embedded toolchain/10 2021.10/bin/../lib/gcc/arm-none-eabi/10.3.1/../../../../arm-none-eabi/lib/thumb/v7e-m+fp/hard\libc_nano.a(lib_a-fflush.o)
                              c:/program files (x86)/gnu arm embedded toolchain/10 2021.10/bin/../lib/gcc/arm-none-eabi/10.3.1/../../../../arm-none-eabi/lib/thumb/v7e-m+fp/hard\libc_nano.a(lib_a-wbuf.o) (_fflush_r)
c:/program files (x86)/gnu arm embedded toolchain/10 2021.10/bin/../lib/gcc/arm-none-eabi/10.3.1/../../../../arm-none-eabi/lib/thumb/v7e-m+fp/hard\libc_nano.a(lib_a-findfp.o)
[...]
Memory Configuration

Name             Origin             Length             Attributes
RAM              0x20000000         0x00020000         xrw
CCMRAM           0x10000000         0x00010000         xrw
FLASH            0x08000000         0x00100000         xr
*default*        0x00000000         0xffffffff

Linker script and memory map

LOAD c:/program files (x86)/gnu arm embedded toolchain/10 2021.10/bin/../lib/gcc/arm-none-eabi/10.3.1/thumb/v7e-m+fp/hard/crti.o
LOAD c:/program files (x86)/gnu arm embedded toolchain/10 2021.10/bin/../lib/gcc/arm-none-eabi/10.3.1/thumb/v7e-m+fp/hard/crtbegin.o
LOAD c:/program files (x86)/gnu arm embedded toolchain/10 2021.10/bin/../lib/gcc/arm-none-eabi/10.3.1/../../../../arm-none-eabi/lib/thumb/v7e-m+fp/hard/crt0.o
LOAD build/main.o
LOAD build/gpio.o
LOAD build/usart.o
LOAD build/usb_device.o
LOAD build/usbd_conf.o
LOAD build/usbd_desc.o
LOAD build/usbd_cdc_if.o
LOAD build/stm32f4xx_it.o
LOAD build/stm32f4xx_hal_msp.o
LOAD build/stm32f4xx_hal_pcd.o
LOAD build/stm32f4xx_hal_pcd_ex.o
LOAD build/stm32f4xx_ll_usb.o
LOAD build/stm32f4xx_hal_rcc.o
LOAD build/stm32f4xx_hal_rcc_ex.o
LOAD build/stm32f4xx_hal_flash.o
LOAD build/stm32f4xx_hal_flash_ex.o
LOAD build/stm32f4xx_hal_flash_ramfunc.o
LOAD build/stm32f4xx_hal_gpio.o
LOAD build/stm32f4xx_hal_dma_ex.o
LOAD build/stm32f4xx_hal_dma.o
LOAD build/stm32f4xx_hal_pwr.o
LOAD build/stm32f4xx_hal_pwr_ex.o
LOAD build/stm32f4xx_hal_cortex.o
LOAD build/stm32f4xx_hal.o
LOAD build/stm32f4xx_hal_exti.o
LOAD build/stm32f4xx_hal_tim.o
LOAD build/stm32f4xx_hal_tim_ex.o
LOAD build/stm32f4xx_hal_uart.o
LOAD build/system_stm32f4xx.o
LOAD build/usbd_core.o
LOAD build/usbd_ctlreq.o
LOAD build/usbd_ioreq.o
LOAD build/usbd_cdc.o
LOAD build/usbd_winUsb.o
LOAD build/usbd_composite.o
LOAD build/startup_stm32f405xx.o
LOAD c:/program files (x86)/gnu arm embedded toolchain/10 2021.10/bin/../lib/gcc/arm-none-eabi/10.3.1/../../../../arm-none-eabi/lib/thumb/v7e-m+fp/hard\libc_nano.a
LOAD c:/program files (x86)/gnu arm embedded toolchain/10 2021.10/bin/../lib/gcc/arm-none-eabi/10.3.1/../../../../arm-none-eabi/lib/thumb/v7e-m+fp/hard\libm.a
LOAD c:/program files (x86)/gnu arm embedded toolchain/10 2021.10/bin/../lib/gcc/arm-none-eabi/10.3.1/../../../../arm-none-eabi/lib/thumb/v7e-m+fp/hard\libnosys.a
START GROUP
LOAD c:/program files (x86)/gnu arm embedded toolchain/10 2021.10/bin/../lib/gcc/arm-none-eabi/10.3.1/thumb/v7e-m+fp/hard\libgcc.a
LOAD c:/program files (x86)/gnu arm embedded toolchain/10 2021.10/bin/../lib/gcc/arm-none-eabi/10.3.1/../../../../arm-none-eabi/lib/thumb/v7e-m+fp/hard\libc_nano.a
END GROUP
START GROUP
LOAD c:/program files (x86)/gnu arm embedded toolchain/10 2021.10/bin/../lib/gcc/arm-none-eabi/10.3.1/thumb/v7e-m+fp/hard\libgcc.a
LOAD c:/program files (x86)/gnu arm embedded toolchain/10 2021.10/bin/../lib/gcc/arm-none-eabi/10.3.1/../../../../arm-none-eabi/lib/thumb/v7e-m+fp/hard\libc_nano.a
END GROUP
LOAD c:/program files (x86)/gnu arm embedded toolchain/10 2021.10/bin/../lib/gcc/arm-none-eabi/10.3.1/thumb/v7e-m+fp/hard/crtend.o
LOAD c:/program files (x86)/gnu arm embedded toolchain/10 2021.10/bin/../lib/gcc/arm-none-eabi/10.3.1/thumb/v7e-m+fp/hard/crtn.o
                0x20020000                _estack = (ORIGIN (RAM) + LENGTH (RAM))
                0x00003c00                _Min_Heap_Size = 0x3c00
                0x00000800                _Min_Stack_Size = 0x800

.isr_vector     0x08000000      0x188
                0x08000000                . = ALIGN (0x4)
 *(.isr_vector)
 .isr_vector    0x08000000      0x188 build/startup_stm32f405xx.o
                0x08000000                g_pfnVectors
                0x08000188                . = ALIGN (0x4)

.text           0x08000190     0x5958
                0x08000190                . = ALIGN (0x4)
 *(.text)
 .text          0x08000190       0x40 c:/program files (x86)/gnu arm embedded toolchain/10 2021.10/bin/../lib/gcc/arm-none-eabi/10.3.1/thumb/v7e-m+fp/hard/crtbegin.o
 .text          0x080001d0       0xa0 c:/program files (x86)/gnu arm embedded toolchain/10 2021.10/bin/../lib/gcc/arm-none-eabi/10.3.1/../../../../arm-none-eabi/lib/thumb/v7e-m+fp/hard\libc_nano.a(lib_a-memchr.o)
                0x080001d0                memchr
 .text          0x08000270       0x30 c:/program files (x86)/gnu arm embedded toolchain/10 2021.10/bin/../lib/gcc/arm-none-eabi/10.3.1/thumb/v7e-m+fp/hard\libgcc.a(_aeabi_uldivmod.o)
                0x08000270                __aeabi_uldivmod
 .text          0x080002a0      0x2d0 c:/program files (x86)/gnu arm embedded toolchain/10 2021.10/bin/../lib/gcc/arm-none-eabi/10.3.1/thumb/v7e-m+fp/hard\libgcc.a(_udivmoddi4.o)
                0x080002a0                __udivmoddi4
 .text          0x08000570        0x4 c:/program files (x86)/gnu arm embedded toolchain/10 2021.10/bin/../lib/gcc/arm-none-eabi/10.3.1/thumb/v7e-m+fp/hard\libgcc.a(_dvmd_tls.o)
                0x08000570                __aeabi_idiv0
                0x08000570                __aeabi_ldiv0
 *(.text*)
 .text._write   0x08000574       0x18 build/main.o
                0x08000574                _write
 .text.Error_Handler
                0x0800058c        0x4 build/main.o
                0x0800058c                Error_Handler
 .text.SystemClock_Config
                0x08000590       0xa8 build/main.o
                0x08000590                SystemClock_Config
 .text.main     0x08000638       0x24 build/main.o
                0x08000638                main
 .text.MX_GPIO_Init
                0x0800065c       0x38 build/gpio.o
                0x0800065c                MX_GPIO_Init
 .text.MX_UART4_Init
                0x08000694       0x34 build/usart.o
                0x08000694                MX_UART4_Init
 .text.HAL_UART_MspInit
                0x080006c8       0x6c build/usart.o
                0x080006c8                HAL_UART_MspInit
 .text.MX_USB_DEVICE_Init
                0x08000734       0x90 build/usb_device.o
                0x08000734                MX_USB_DEVICE_Init
 .text.HAL_PCD_MspInit
                0x080007c4       0x84 build/usbd_conf.o
                0x080007c4                HAL_PCD_MspInit
 .text.HAL_PCD_SetupStageCallback
                0x08000848       0x10 build/usbd_conf.o
                0x08000848                HAL_PCD_SetupStageCallback
 .text.HAL_PCD_DataOutStageCallback
                0x08000858       0x18 build/usbd_conf.o
                0x08000858                HAL_PCD_DataOutStageCallback
 .text.HAL_PCD_DataInStageCallback
                0x08000870       0x16 build/usbd_conf.o
                0x08000870                HAL_PCD_DataInStageCallback
 .text.HAL_PCD_SOFCallback
                0x08000886        0xc build/usbd_conf.o
                0x08000886                HAL_PCD_SOFCallback
 .text.HAL_PCD_ResetCallback
                0x08000892       0x2c build/usbd_conf.o
                0x08000892                HAL_PCD_ResetCallback
 *fill*         0x080008be        0x2 
 .text.HAL_PCD_SuspendCallback
                0x080008c0       0x30 build/usbd_conf.o
                0x080008c0                HAL_PCD_SuspendCallback
 .text.HAL_PCD_ResumeCallback
                0x080008f0        0xc build/usbd_conf.o
                0x080008f0                HAL_PCD_ResumeCallback
 .text.HAL_PCD_ISOOUTIncompleteCallback
                0x080008fc        0xc build/usbd_conf.o
                0x080008fc                HAL_PCD_ISOOUTIncompleteCallback
 .text.HAL_PCD_ISOINIncompleteCallback
                0x08000908        0xc build/usbd_conf.o
                0x08000908                HAL_PCD_ISOINIncompleteCallback
 .text.HAL_PCD_ConnectCallback
                0x08000914        0xc build/usbd_conf.o
                0x08000914                HAL_PCD_ConnectCallback
 .text.HAL_PCD_DisconnectCallback
                0x08000920        0xc build/usbd_conf.o
                0x08000920                HAL_PCD_DisconnectCallback
 .text.USBD_LL_Init
                0x0800092c       0x70 build/usbd_conf.o
                0x0800092c                USBD_LL_Init
 .text.USBD_LL_IsStallEP
                0x0800099c       0x2e build/usbd_conf.o
                0x0800099c                USBD_LL_IsStallEP
 .text.USBD_LL_GetRxDataSize
                0x080009ca        0xc build/usbd_conf.o
                0x080009ca                USBD_LL_GetRxDataSize
 .text.USBD_Get_USB_Status
                0x080009d6       0x14 build/usbd_conf.o
                0x080009d6                USBD_Get_USB_Status
 .text.USBD_LL_Start
                0x080009ea       0x10 build/usbd_conf.o
                0x080009ea                USBD_LL_Start
 .text.USBD_LL_OpenEP
                0x080009fa       0x16 build/usbd_conf.o
                0x080009fa                USBD_LL_OpenEP
 .text.USBD_LL_CloseEP
                0x08000a10       0x10 build/usbd_conf.o
                0x08000a10                USBD_LL_CloseEP
 .text.USBD_LL_StallEP
                0x08000a20       0x10 build/usbd_conf.o
                0x08000a20                USBD_LL_StallEP
 .text.USBD_LL_ClearStallEP
                0x08000a30       0x10 build/usbd_conf.o
                0x08000a30                USBD_LL_ClearStallEP
 .text.USBD_LL_SetUSBAddress
                0x08000a40       0x10 build/usbd_conf.o
                0x08000a40                USBD_LL_SetUSBAddress
 .text.USBD_LL_Transmit
                0x08000a50       0x10 build/usbd_conf.o
                0x08000a50                USBD_LL_Transmit
 .text.USBD_LL_PrepareReceive
                0x08000a60       0x10 build/usbd_conf.o
                0x08000a60                USBD_LL_PrepareReceive
 .text.CDC_DeInit_FS
                0x08000a70        0x4 build/usbd_cdc_if.o
 .text.CDC_Control_FS
                0x08000a74       0x20 build/usbd_cdc_if.o
 .text.CDC_TransmitCplt_FS
                0x08000a94        0x4 build/usbd_cdc_if.o
 .text.CDC_Receive_FS
                0x08000a98       0x40 build/usbd_cdc_if.o
 .text.CDC_Init_FS
                0x08000ad8       0x28 build/usbd_cdc_if.o
 .text.NMI_Handler
                0x08000b00        0x2 build/stm32f4xx_it.o
                0x08000b00                NMI_Handler
 .text.HardFault_Handler
                0x08000b02        0x2 build/stm32f4xx_it.o
                0x08000b02                HardFault_Handler
 .text.MemManage_Handler
                0x08000b04        0x2 build/stm32f4xx_it.o
                0x08000b04                MemManage_Handler
 .text.BusFault_Handler
                0x08000b06        0x2 build/stm32f4xx_it.o
                0x08000b06                BusFault_Handler
 .text.UsageFault_Handler
                0x08000b08        0x2 build/stm32f4xx_it.o
                0x08000b08                UsageFault_Handler
 .text.SVC_Handler
                0x08000b0a        0x2 build/stm32f4xx_it.o
                0x08000b0a                SVC_Handler
 .text.DebugMon_Handler
                0x08000b0c        0x2 build/stm32f4xx_it.o
                0x08000b0c                DebugMon_Handler
 .text.PendSV_Handler
                0x08000b0e        0x2 build/stm32f4xx_it.o
                0x08000b0e                PendSV_Handler
 .text.SysTick_Handler
                0x08000b10        0x8 build/stm32f4xx_it.o
                0x08000b10                SysTick_Handler
 .text.OTG_FS_IRQHandler
                0x08000b18       0x10 build/stm32f4xx_it.o
                0x08000b18                OTG_FS_IRQHandler
 .text.HAL_MspInit
                0x08000b28       0x38 build/stm32f4xx_hal_msp.o
                0x08000b28                HAL_MspInit
 .text.PCD_WriteEmptyTxFifo
                0x08000b60       0xd0 build/stm32f4xx_hal_pcd.o
 .text.HAL_PCD_Init
                0x08000c30      0x12e build/stm32f4xx_hal_pcd.o
                0x08000c30                HAL_PCD_Init
 .text.HAL_PCD_Start
                0x08000d5e       0x42 build/stm32f4xx_hal_pcd.o
                0x08000d5e                HAL_PCD_Start
 .text.PCD_EP_OutXfrComplete_int
                0x08000da0      0x104 build/stm32f4xx_hal_pcd.o
 .text.PCD_EP_OutSetupPacket_int
                0x08000ea4       0x50 build/stm32f4xx_hal_pcd.o
 .text.HAL_PCD_SetAddress
                0x08000ef4       0x28 build/stm32f4xx_hal_pcd.o
                0x08000ef4                HAL_PCD_SetAddress
 .text.HAL_PCD_EP_Open
                0x08000f1c       0x8a build/stm32f4xx_hal_pcd.o
                0x08000f1c                HAL_PCD_EP_Open
 .text.HAL_PCD_EP_Close
                0x08000fa6       0x72 build/stm32f4xx_hal_pcd.o
                0x08000fa6                HAL_PCD_EP_Close
 .text.HAL_PCD_EP_Receive
                0x08001018       0x5e build/stm32f4xx_hal_pcd.o
                0x08001018                HAL_PCD_EP_Receive
 .text.HAL_PCD_EP_GetRxCount
                0x08001076       0x12 build/stm32f4xx_hal_pcd.o
                0x08001076                HAL_PCD_EP_GetRxCount
 .text.HAL_PCD_EP_Transmit
                0x08001088       0x5e build/stm32f4xx_hal_pcd.o
                0x08001088                HAL_PCD_EP_Transmit
 .text.HAL_PCD_EP_SetStall
                0x080010e6       0x88 build/stm32f4xx_hal_pcd.o
                0x080010e6                HAL_PCD_EP_SetStall
 .text.HAL_PCD_EP_ClrStall
                0x0800116e       0x76 build/stm32f4xx_hal_pcd.o
                0x0800116e                HAL_PCD_EP_ClrStall
 .text.HAL_PCD_EP_Abort
                0x080011e4       0x34 build/stm32f4xx_hal_pcd.o
                0x080011e4                HAL_PCD_EP_Abort
 .text.HAL_PCD_IRQHandler
                0x08001218      0x5c4 build/stm32f4xx_hal_pcd.o
                0x08001218                HAL_PCD_IRQHandler
 .text.HAL_PCDEx_SetTxFiFo
                0x080017dc       0x4c build/stm32f4xx_hal_pcd_ex.o
                0x080017dc                HAL_PCDEx_SetTxFiFo
 .text.HAL_PCDEx_SetRxFiFo
                0x08001828        0x8 build/stm32f4xx_hal_pcd_ex.o
                0x08001828                HAL_PCDEx_SetRxFiFo
 .text.HAL_PCDEx_LPM_Callback
                0x08001830        0x2 build/stm32f4xx_hal_pcd_ex.o
                0x08001830                HAL_PCDEx_LPM_Callback
 *fill*         0x08001832        0x2 
 .text.USB_CoreReset
                0x08001834       0x50 build/stm32f4xx_ll_usb.o
 .text.USB_CoreInit
                0x08001884       0x8a build/stm32f4xx_ll_usb.o
                0x08001884                USB_CoreInit
 *fill*         0x0800190e        0x2 
 .text.USB_SetTurnaroundTime
                0x08001910       0xe4 build/stm32f4xx_ll_usb.o
                0x08001910                USB_SetTurnaroundTime
 .text.USB_EnableGlobalInt
                0x080019f4        0xc build/stm32f4xx_ll_usb.o
                0x080019f4                USB_EnableGlobalInt
 .text.USB_DisableGlobalInt
                0x08001a00        0xc build/stm32f4xx_ll_usb.o
                0x08001a00                USB_DisableGlobalInt
 .text.USB_FlushTxFifo
                0x08001a0c       0x50 build/stm32f4xx_ll_usb.o
                0x08001a0c                USB_FlushTxFifo
 .text.USB_FlushRxFifo
                0x08001a5c       0x4c build/stm32f4xx_ll_usb.o
                0x08001a5c                USB_FlushRxFifo
 .text.USB_SetDevSpeed
                0x08001aa8        0xe build/stm32f4xx_ll_usb.o
                0x08001aa8                USB_SetDevSpeed
 *fill*         0x08001ab6        0x2 
 .text.USB_DevInit
                0x08001ab8      0x190 build/stm32f4xx_ll_usb.o
                0x08001ab8                USB_DevInit
 .text.USB_GetDevSpeed
                0x08001c48       0x22 build/stm32f4xx_ll_usb.o
                0x08001c48                USB_GetDevSpeed
 .text.USB_ActivateEndpoint
                0x08001c6a       0x9c build/stm32f4xx_ll_usb.o
                0x08001c6a                USB_ActivateEndpoint
 *fill*         0x08001d06        0x2 
 .text.USB_DeactivateEndpoint
                0x08001d08       0xe0 build/stm32f4xx_ll_usb.o
                0x08001d08                USB_DeactivateEndpoint
 .text.USB_EP0StartXfer
                0x08001de8      0x124 build/stm32f4xx_ll_usb.o
                0x08001de8                USB_EP0StartXfer
 .text.USB_EPStopXfer
                0x08001f0c       0xbe build/stm32f4xx_ll_usb.o
                0x08001f0c                USB_EPStopXfer
 .text.USB_WritePacket
                0x08001fca       0x2e build/stm32f4xx_ll_usb.o
                0x08001fca                USB_WritePacket
 .text.USB_EPStartXfer
                0x08001ff8      0x234 build/stm32f4xx_ll_usb.o
                0x08001ff8                USB_EPStartXfer
 .text.USB_ReadPacket
                0x0800222c       0x54 build/stm32f4xx_ll_usb.o
                0x0800222c                USB_ReadPacket
 .text.USB_EPSetStall
                0x08002280       0x5a build/stm32f4xx_ll_usb.o
                0x08002280                USB_EPSetStall
 .text.USB_EPClearStall
                0x080022da       0x5c build/stm32f4xx_ll_usb.o
                0x080022da                USB_EPClearStall
 .text.USB_SetDevAddress
                0x08002336       0x20 build/stm32f4xx_ll_usb.o
                0x08002336                USB_SetDevAddress
 .text.USB_DevConnect
                0x08002356       0x1c build/stm32f4xx_ll_usb.o
                0x08002356                USB_DevConnect
 .text.USB_DevDisconnect
                0x08002372       0x1c build/stm32f4xx_ll_usb.o
                0x08002372                USB_DevDisconnect
 .text.USB_ReadInterrupts
                0x0800238e        0x8 build/stm32f4xx_ll_usb.o
                0x0800238e                USB_ReadInterrupts
 .text.USB_ReadDevAllOutEpInterrupt
                0x08002396       0x10 build/stm32f4xx_ll_usb.o
                0x08002396                USB_ReadDevAllOutEpInterrupt
 .text.USB_ReadDevAllInEpInterrupt
                0x080023a6       0x10 build/stm32f4xx_ll_usb.o
                0x080023a6                USB_ReadDevAllInEpInterrupt
 .text.USB_ReadDevOutEPInterrupt
                0x080023b6       0x12 build/stm32f4xx_ll_usb.o
                0x080023b6                USB_ReadDevOutEPInterrupt
 .text.USB_ReadDevInEPInterrupt
                0x080023c8       0x28 build/stm32f4xx_ll_usb.o
                0x080023c8                USB_ReadDevInEPInterrupt
 .text.USB_GetMode
                0x080023f0        0x8 build/stm32f4xx_ll_usb.o
                0x080023f0                USB_GetMode
 .text.USB_SetCurrentMode
                0x080023f8       0x62 build/stm32f4xx_ll_usb.o
                0x080023f8                USB_SetCurrentMode
 .text.USB_ActivateSetup
                0x0800245a       0x20 build/stm32f4xx_ll_usb.o
                0x0800245a                USB_ActivateSetup
 *fill*         0x0800247a        0x2 
 .text.USB_EP0_OutStart
                0x0800247c       0x60 build/stm32f4xx_ll_usb.o
                0x0800247c                USB_EP0_OutStart
 .text.HAL_RCC_OscConfig
                0x080024dc      0x3f8 build/stm32f4xx_hal_rcc.o
                0x080024dc                HAL_RCC_OscConfig
 .text.HAL_RCC_GetSysClockFreq
                0x080028d4       0xd4 build/stm32f4xx_hal_rcc.o
                0x080028d4                HAL_RCC_GetSysClockFreq
 .text.HAL_RCC_ClockConfig
                0x080029a8      0x160 build/stm32f4xx_hal_rcc.o
                0x080029a8                HAL_RCC_ClockConfig
 .text.HAL_RCC_GetHCLKFreq
                0x08002b08        0xc build/stm32f4xx_hal_rcc.o
                0x08002b08                HAL_RCC_GetHCLKFreq
 .text.HAL_RCC_GetPCLK1Freq
                0x08002b14       0x20 build/stm32f4xx_hal_rcc.o
                0x08002b14                HAL_RCC_GetPCLK1Freq
 .text.HAL_RCC_GetPCLK2Freq
                0x08002b34       0x20 build/stm32f4xx_hal_rcc.o
                0x08002b34                HAL_RCC_GetPCLK2Freq
 .text.HAL_GPIO_Init
                0x08002b54      0x1e4 build/stm32f4xx_hal_gpio.o
                0x08002b54                HAL_GPIO_Init
 .text.HAL_NVIC_SetPriorityGrouping
                0x08002d38       0x24 build/stm32f4xx_hal_cortex.o
                0x08002d38                HAL_NVIC_SetPriorityGrouping
 .text.HAL_NVIC_SetPriority
                0x08002d5c       0x70 build/stm32f4xx_hal_cortex.o
                0x08002d5c                HAL_NVIC_SetPriority
 .text.HAL_NVIC_EnableIRQ
                0x08002dcc       0x1c build/stm32f4xx_hal_cortex.o
                0x08002dcc                HAL_NVIC_EnableIRQ
 .text.HAL_SYSTICK_Config
                0x08002de8       0x28 build/stm32f4xx_hal_cortex.o
                0x08002de8                HAL_SYSTICK_Config
 .text.HAL_InitTick
                0x08002e10       0x4c build/stm32f4xx_hal.o
                0x08002e10                HAL_InitTick
 .text.HAL_Init
                0x08002e5c       0x34 build/stm32f4xx_hal.o
                0x08002e5c                HAL_Init
 .text.HAL_IncTick
                0x08002e90       0x18 build/stm32f4xx_hal.o
                0x08002e90                HAL_IncTick
 .text.HAL_GetTick
                0x08002ea8        0xc build/stm32f4xx_hal.o
                0x08002ea8                HAL_GetTick
 .text.HAL_Delay
                0x08002eb4       0x28 build/stm32f4xx_hal.o
                0x08002eb4                HAL_Delay
 .text.UART_SetConfig
                0x08002edc      0x110 build/stm32f4xx_hal_uart.o
 .text.UART_WaitOnFlagUntilTimeout
                0x08002fec       0x88 build/stm32f4xx_hal_uart.o
 .text.HAL_UART_Init
                0x08003074       0x5e build/stm32f4xx_hal_uart.o
                0x08003074                HAL_UART_Init
 .text.HAL_UART_Transmit
                0x080030d2       0xd8 build/stm32f4xx_hal_uart.o
                0x080030d2                HAL_UART_Transmit
 *fill*         0x080031aa        0x2 
 .text.SystemInit
                0x080031ac       0x14 build/system_stm32f4xx.o
                0x080031ac                SystemInit
 .text.USBD_Init
                0x080031c0       0x5c build/usbd_core.o
                0x080031c0                USBD_Init
 .text.USBD_RegisterClassComposite
                0x0800321c       0x6c build/usbd_core.o
                0x0800321c                USBD_RegisterClassComposite
 .text.USBD_Start
                0x08003288        0xe build/usbd_core.o
                0x08003288                USBD_Start
 .text.USBD_SetClassConfig
                0x08003296       0x46 build/usbd_core.o
                0x08003296                USBD_SetClassConfig
 .text.USBD_ClrClassConfig
                0x080032dc       0x46 build/usbd_core.o
                0x080032dc                USBD_ClrClassConfig
 .text.USBD_LL_SetupStage
                0x08003322       0x58 build/usbd_core.o
                0x08003322                USBD_LL_SetupStage
 .text.USBD_LL_Reset
                0x0800337a       0x84 build/usbd_core.o
                0x0800337a                USBD_LL_Reset
 .text.USBD_LL_SetSpeed
                0x080033fe        0x6 build/usbd_core.o
                0x080033fe                USBD_LL_SetSpeed
 .text.USBD_LL_Suspend
                0x08003404       0x14 build/usbd_core.o
                0x08003404                USBD_LL_Suspend
 .text.USBD_LL_Resume
                0x08003418       0x1a build/usbd_core.o
                0x08003418                USBD_LL_Resume
 .text.USBD_LL_SOF
                0x08003432       0x4a build/usbd_core.o
                0x08003432                USBD_LL_SOF
 .text.USBD_LL_IsoINIncomplete
                0x0800347c       0x2e build/usbd_core.o
                0x0800347c                USBD_LL_IsoINIncomplete
 .text.USBD_LL_IsoOUTIncomplete
                0x080034aa       0x2e build/usbd_core.o
                0x080034aa                USBD_LL_IsoOUTIncomplete
 .text.USBD_LL_DevConnected
                0x080034d8        0x4 build/usbd_core.o
                0x080034d8                USBD_LL_DevConnected
 .text.USBD_LL_DevDisconnected
                0x080034dc       0x4a build/usbd_core.o
                0x080034dc                USBD_LL_DevDisconnected
 .text.USBD_CoreFindIF
                0x08003526       0x5c build/usbd_core.o
                0x08003526                USBD_CoreFindIF
 .text.USBD_CoreFindEP
                0x08003582       0x5c build/usbd_core.o
                0x08003582                USBD_CoreFindEP
 .text.USBD_LL_DataOutStage
                0x080035de       0xce build/usbd_core.o
                0x080035de                USBD_LL_DataOutStage
 .text.USBD_LL_DataInStage
                0x080036ac       0xde build/usbd_core.o
                0x080036ac                USBD_LL_DataInStage
 .text.USBD_CoreGetEPAdd
                0x0800378a       0x6a build/usbd_core.o
                0x0800378a                USBD_CoreGetEPAdd
 .text.USBD_GetLen
                0x080037f4       0x14 build/usbd_ctlreq.o
 .text.USBD_ParseSetupRequest
                0x08003808       0x28 build/usbd_ctlreq.o
                0x08003808                USBD_ParseSetupRequest
 .text.USBD_CtlError
                0x08003830       0x14 build/usbd_ctlreq.o
                0x08003830                USBD_CtlError
 .text.USBD_GetDescriptor
                0x08003844      0x234 build/usbd_ctlreq.o
 .text.USBD_SetAddress
                0x08003a78       0x50 build/usbd_ctlreq.o
 .text.USBD_SetConfig
                0x08003ac8       0xcc build/usbd_ctlreq.o
 .text.USBD_GetConfig
                0x08003b94       0x40 build/usbd_ctlreq.o
 .text.USBD_GetStatus
                0x08003bd4       0x38 build/usbd_ctlreq.o
 .text.USBD_SetFeature
                0x08003c0c       0x2a build/usbd_ctlreq.o
 .text.USBD_ClrFeature
                0x08003c36       0x26 build/usbd_ctlreq.o
 .text.USBD_StdDevReq
                0x08003c5c       0x76 build/usbd_ctlreq.o
                0x08003c5c                USBD_StdDevReq
 .text.USBD_StdItfReq
                0x08003cd2       0x86 build/usbd_ctlreq.o
                0x08003cd2                USBD_StdItfReq
 .text.USBD_StdEPReq
                0x08003d58      0x22c build/usbd_ctlreq.o
                0x08003d58                USBD_StdEPReq
 .text.USBD_GetString
                0x08003f84       0x3a build/usbd_ctlreq.o
                0x08003f84                USBD_GetString
 .text.USBD_CtlSendData
                0x08003fbe       0x1a build/usbd_ioreq.o
                0x08003fbe                USBD_CtlSendData
 .text.USBD_CtlContinueSendData
                0x08003fd8       0x10 build/usbd_ioreq.o
                0x08003fd8                USBD_CtlContinueSendData
 .text.USBD_CtlPrepareRx
                0x08003fe8       0x1e build/usbd_ioreq.o
                0x08003fe8                USBD_CtlPrepareRx
 .text.USBD_CtlContinueRx
                0x08004006       0x10 build/usbd_ioreq.o
                0x08004006                USBD_CtlContinueRx
 .text.USBD_CtlSendStatus
                0x08004016       0x16 build/usbd_ioreq.o
                0x08004016                USBD_CtlSendStatus
 .text.USBD_CtlReceiveStatus
                0x0800402c       0x16 build/usbd_ioreq.o
                0x0800402c                USBD_CtlReceiveStatus
 .text.USBD_CDC_EP0_RxReady
                0x08004042       0x44 build/usbd_cdc.o
 .text.USBD_CDC_DataOut
                0x08004086       0x3a build/usbd_cdc.o
 .text.USBD_CDC_DataIn
                0x080040c0       0x7e build/usbd_cdc.o
 .text.USBD_CDC_Setup
                0x0800413e      0x11c build/usbd_cdc.o
 *fill*         0x0800425a        0x2 
 .text.USBD_CDC_DeInit
                0x0800425c       0xc8 build/usbd_cdc.o
 .text.USBD_CDC_Init
                0x08004324      0x19c build/usbd_cdc.o
 .text.USBD_CDC_RegisterInterface
                0x080044c0       0x28 build/usbd_cdc.o
                0x080044c0                USBD_CDC_RegisterInterface
 .text.USBD_CDC_SetTxBuffer
                0x080044e8       0x1e build/usbd_cdc.o
                0x080044e8                USBD_CDC_SetTxBuffer
 .text.USBD_CDC_SetRxBuffer
                0x08004506       0x1a build/usbd_cdc.o
                0x08004506                USBD_CDC_SetRxBuffer
 .text.USBD_CDC_ReceivePacket
                0x08004520       0x5c build/usbd_cdc.o
                0x08004520                USBD_CDC_ReceivePacket
 .text.USBD_WinUsb_Setup
                0x0800457c        0x4 build/usbd_winUsb.o
 .text.USBD_WinUsb_DataIn
                0x08004580        0x4 build/usbd_winUsb.o
 .text.USBD_WinUsb_DataOut
                0x08004584        0x4 build/usbd_winUsb.o
 .text.USBD_WinUsb_EP0_RxReady
                0x08004588        0x4 build/usbd_winUsb.o
 .text.WinUsb_DeInit_FS
                0x0800458c        0x4 build/usbd_winUsb.o
 .text.USBD_WinUsb_DeInit
                0x08004590       0x5c build/usbd_winUsb.o
 .text.USBD_WinUsb_Init
                0x080045ec       0x90 build/usbd_winUsb.o
 .text.USBD_WinUsb_SetTxBuffer
                0x0800467c       0x1e build/usbd_winUsb.o
                0x0800467c                USBD_WinUsb_SetTxBuffer
 .text.USBD_WinUsb_SetRxBuffer
                0x0800469a       0x1a build/usbd_winUsb.o
                0x0800469a                USBD_WinUsb_SetRxBuffer
 .text.WinUsb_Init_FS
                0x080046b4       0x28 build/usbd_winUsb.o
 .text.USBD_WinUsb_RegisterInterface
                0x080046dc       0x28 build/usbd_winUsb.o
                0x080046dc                USBD_WinUsb_RegisterInterface
 .text.USBD_CMPSIT_FS_DeviceDescriptor
                0x08004704        0xc build/usbd_composite.o
                0x08004704                USBD_CMPSIT_FS_DeviceDescriptor
 .text.USBD_CMPSIT_FS_LangIDStrDescriptor
                0x08004710        0xc build/usbd_composite.o
                0x08004710                USBD_CMPSIT_FS_LangIDStrDescriptor
 .text.IntToUnicode
                0x0800471c       0x46 build/usbd_composite.o
 *fill*         0x08004762        0x2 
 .text.Get_CMPSIT_SerialNum
                0x08004764       0x38 build/usbd_composite.o
 .text.USBD_CMPSIT_FS_SerialStrDescriptor
                0x0800479c       0x14 build/usbd_composite.o
                0x0800479c                USBD_CMPSIT_FS_SerialStrDescriptor
 .text.USBD_CMPSIT_GetFSCfgDesc
                0x080047b0        0xc build/usbd_composite.o
 .text.USBD_CMPSIT_GetHSCfgDesc
                0x080047bc        0xc build/usbd_composite.o
 .text.USBD_CMPSIT_GetOtherSpeedCfgDesc
                0x080047c8        0xc build/usbd_composite.o
 .text.USBD_CMPSIT_GetDeviceQualifierDescriptor
                0x080047d4        0xc build/usbd_composite.o
                0x080047d4                USBD_CMPSIT_GetDeviceQualifierDescriptor
 .text.USBD_CMPSIT_FS_ManufacturerStrDescriptor
                0x080047e0       0x1c build/usbd_composite.o
                0x080047e0                USBD_CMPSIT_FS_ManufacturerStrDescriptor
 .text.USBD_CMPSIT_FS_ProductStrDescriptor
                0x080047fc       0x24 build/usbd_composite.o
                0x080047fc                USBD_CMPSIT_FS_ProductStrDescriptor
 .text.USBD_CMPSIT_FS_InterfaceStrDescriptor
                0x08004820       0x24 build/usbd_composite.o
                0x08004820                USBD_CMPSIT_FS_InterfaceStrDescriptor
 .text.USBD_CMPSIT_FS_ConfigStrDescriptor
                0x08004844       0x24 build/usbd_composite.o
                0x08004844                USBD_CMPSIT_FS_ConfigStrDescriptor
 .text.USBD_CMPSIT_AddClass
                0x08004868       0xda build/usbd_composite.o
                0x08004868                USBD_CMPSIT_AddClass
 *fill*         0x08004942        0x2 
 .text.USBD_UsrStrDescriptor
                0x08004944       0x4c build/usbd_composite.o
                0x08004944                USBD_UsrStrDescriptor
 .text.Reset_Handler
                0x08004990       0x50 build/startup_stm32f405xx.o
                0x08004990                Reset_Handler
 .text.Default_Handler
                0x080049e0        0x2 build/startup_stm32f405xx.o
                0x080049e0                RTC_Alarm_IRQHandler
                0x080049e0                HASH_RNG_IRQHandler
                0x080049e0                EXTI2_IRQHandler
                0x080049e0                TIM8_CC_IRQHandler
                0x080049e0                TIM1_CC_IRQHandler
                0x080049e0                DMA2_Stream5_IRQHandler
                0x080049e0                DMA1_Stream5_IRQHandler
                0x080049e0                PVD_IRQHandler
                0x080049e0                SDIO_IRQHandler
                0x080049e0                TAMP_STAMP_IRQHandler
                0x080049e0                CAN2_RX1_IRQHandler
                0x080049e0                EXTI3_IRQHandler
                0x080049e0                TIM8_TRG_COM_TIM14_IRQHandler
                0x080049e0                TIM1_UP_TIM10_IRQHandler
                0x080049e0                TIM8_UP_TIM13_IRQHandler
                0x080049e0                I2C3_ER_IRQHandler
                0x080049e0                EXTI0_IRQHandler
                0x080049e0                I2C2_EV_IRQHandler
                0x080049e0                DMA1_Stream2_IRQHandler
                0x080049e0                CAN1_RX0_IRQHandler
                0x080049e0                FPU_IRQHandler
                0x080049e0                OTG_HS_WKUP_IRQHandler
                0x080049e0                CAN2_SCE_IRQHandler
                0x080049e0                DMA2_Stream2_IRQHandler
                0x080049e0                SPI1_IRQHandler
                0x080049e0                TIM6_DAC_IRQHandler
                0x080049e0                TIM1_BRK_TIM9_IRQHandler
                0x080049e0                CAN2_RX0_IRQHandler
                0x080049e0                DMA2_Stream3_IRQHandler
                0x080049e0                USART6_IRQHandler
                0x080049e0                USART3_IRQHandler
                0x080049e0                CAN1_RX1_IRQHandler
                0x080049e0                UART5_IRQHandler
                0x080049e0                DMA2_Stream0_IRQHandler
                0x080049e0                TIM4_IRQHandler
                0x080049e0                I2C1_EV_IRQHandler
                0x080049e0                DMA1_Stream6_IRQHandler
                0x080049e0                DMA1_Stream1_IRQHandler
                0x080049e0                UART4_IRQHandler
                0x080049e0                TIM3_IRQHandler
                0x080049e0                RCC_IRQHandler
                0x080049e0                TIM8_BRK_TIM12_IRQHandler
                0x080049e0                Default_Handler
                0x080049e0                EXTI15_10_IRQHandler
                0x080049e0                ADC_IRQHandler
                0x080049e0                DMA1_Stream7_IRQHandler
                0x080049e0                TIM7_IRQHandler
                0x080049e0                CAN2_TX_IRQHandler
                0x080049e0                TIM5_IRQHandler
                0x080049e0                DMA2_Stream7_IRQHandler
                0x080049e0                I2C3_EV_IRQHandler
                0x080049e0                EXTI9_5_IRQHandler
                0x080049e0                RTC_WKUP_IRQHandler
                0x080049e0                SPI2_IRQHandler
                0x080049e0                OTG_HS_EP1_IN_IRQHandler
                0x080049e0                DMA1_Stream0_IRQHandler
                0x080049e0                CAN1_TX_IRQHandler
                0x080049e0                EXTI4_IRQHandler
                0x080049e0                FSMC_IRQHandler
                0x080049e0                OTG_HS_EP1_OUT_IRQHandler
                0x080049e0                WWDG_IRQHandler
                0x080049e0                TIM2_IRQHandler
                0x080049e0                OTG_FS_WKUP_IRQHandler
                0x080049e0                TIM1_TRG_COM_TIM11_IRQHandler
                0x080049e0                OTG_HS_IRQHandler
                0x080049e0                EXTI1_IRQHandler
                0x080049e0                USART2_IRQHandler
                0x080049e0                I2C2_ER_IRQHandler
                0x080049e0                DMA2_Stream1_IRQHandler
                0x080049e0                CAN1_SCE_IRQHandler
                0x080049e0                FLASH_IRQHandler
                0x080049e0                DMA2_Stream4_IRQHandler
                0x080049e0                USART1_IRQHandler
                0x080049e0                SPI3_IRQHandler
                0x080049e0                DMA1_Stream4_IRQHandler
                0x080049e0                I2C1_ER_IRQHandler
                0x080049e0                DMA2_Stream6_IRQHandler
                0x080049e0                DMA1_Stream3_IRQHandler
 *fill*         0x080049e2        0x2 
 .text.__libc_init_array
                0x080049e4       0x48 c:/program files (x86)/gnu arm embedded toolchain/10 2021.10/bin/../lib/gcc/arm-none-eabi/10.3.1/../../../../arm-none-eabi/lib/thumb/v7e-m+fp/hard\libc_nano.a(lib_a-init.o)
                0x080049e4                __libc_init_array
 .text.malloc   0x08004a2c       0x10 c:/program files (x86)/gnu arm embedded toolchain/10 2021.10/bin/../lib/gcc/arm-none-eabi/10.3.1/../../../../arm-none-eabi/lib/thumb/v7e-m+fp/hard\libc_nano.a(lib_a-malloc.o)
                0x08004a2c                malloc
 .text.free     0x08004a3c       0x10 c:/program files (x86)/gnu arm embedded toolchain/10 2021.10/bin/../lib/gcc/arm-none-eabi/10.3.1/../../../../arm-none-eabi/lib/thumb/v7e-m+fp/hard\libc_nano.a(lib_a-malloc.o)
                0x08004a3c                free
 .text.memset   0x08004a4c       0x10 c:/program files (x86)/gnu arm embedded toolchain/10 2021.10/bin/../lib/gcc/arm-none-eabi/10.3.1/../../../../arm-none-eabi/lib/thumb/v7e-m+fp/hard\libc_nano.a(lib_a-memset.o)
                0x08004a4c                memset
 .text._free_r  0x08004a5c       0x98 c:/program files (x86)/gnu arm embedded toolchain/10 2021.10/bin/../lib/gcc/arm-none-eabi/10.3.1/../../../../arm-none-eabi/lib/thumb/v7e-m+fp/hard\libc_nano.a(lib_a-nano-freer.o)
                0x08004a5c                _free_r
 .text.sbrk_aligned
                0x08004af4       0x40 c:/program files (x86)/gnu arm embedded toolchain/10 2021.10/bin/../lib/gcc/arm-none-eabi/10.3.1/../../../../arm-none-eabi/lib/thumb/v7e-m+fp/hard\libc_nano.a(lib_a-nano-mallocr.o)
 .text._malloc_r
                0x08004b34       0xe8 c:/program files (x86)/gnu arm embedded toolchain/10 2021.10/bin/../lib/gcc/arm-none-eabi/10.3.1/../../../../arm-none-eabi/lib/thumb/v7e-m+fp/hard\libc_nano.a(lib_a-nano-mallocr.o)
                0x08004b34                _malloc_r
 .text.printf   0x08004c1c       0x30 c:/program files (x86)/gnu arm embedded toolchain/10 2021.10/bin/../lib/gcc/arm-none-eabi/10.3.1/../../../../arm-none-eabi/lib/thumb/v7e-m+fp/hard\libc_nano.a(lib_a-printf.o)
                0x08004c1c                iprintf
                0x08004c1c                printf
 .text._puts_r  0x08004c4c       0xdc c:/program files (x86)/gnu arm embedded toolchain/10 2021.10/bin/../lib/gcc/arm-none-eabi/10.3.1/../../../../arm-none-eabi/lib/thumb/v7e-m+fp/hard\libc_nano.a(lib_a-puts.o)
                0x08004c4c                _puts_r
 .text.puts     0x08004d28       0x10 c:/program files (x86)/gnu arm embedded toolchain/10 2021.10/bin/../lib/gcc/arm-none-eabi/10.3.1/../../../../arm-none-eabi/lib/thumb/v7e-m+fp/hard\libc_nano.a(lib_a-puts.o)
                0x08004d28                puts
 .text._sbrk_r  0x08004d38       0x20 c:/program files (x86)/gnu arm embedded toolchain/10 2021.10/bin/../lib/gcc/arm-none-eabi/10.3.1/../../../../arm-none-eabi/lib/thumb/v7e-m+fp/hard\libc_nano.a(lib_a-sbrkr.o)
                0x08004d38                _sbrk_r
 .text.__swbuf_r
                0x08004d58       0xa4 c:/program files (x86)/gnu arm embedded toolchain/10 2021.10/bin/../lib/gcc/arm-none-eabi/10.3.1/../../../../arm-none-eabi/lib/thumb/v7e-m+fp/hard\libc_nano.a(lib_a-wbuf.o)
                0x08004d58                __swbuf_r
 .text.__swsetup_r
                0x08004dfc       0xdc c:/program files (x86)/gnu arm embedded toolchain/10 2021.10/bin/../lib/gcc/arm-none-eabi/10.3.1/../../../../arm-none-eabi/lib/thumb/v7e-m+fp/hard\libc_nano.a(lib_a-wsetup.o)
                0x08004dfc                __swsetup_r
 .text.__sflush_r
                0x08004ed8      0x10c c:/program files (x86)/gnu arm embedded toolchain/10 2021.10/bin/../lib/gcc/arm-none-eabi/10.3.1/../../../../arm-none-eabi/lib/thumb/v7e-m+fp/hard\libc_nano.a(lib_a-fflush.o)
                0x08004ed8                __sflush_r
 .text._fflush_r
                0x08004fe4       0x78 c:/program files (x86)/gnu arm embedded toolchain/10 2021.10/bin/../lib/gcc/arm-none-eabi/10.3.1/../../../../arm-none-eabi/lib/thumb/v7e-m+fp/hard\libc_nano.a(lib_a-fflush.o)
                0x08004fe4                _fflush_r
 .text.std      0x0800505c       0x48 c:/program files (x86)/gnu arm embedded toolchain/10 2021.10/bin/../lib/gcc/arm-none-eabi/10.3.1/../../../../arm-none-eabi/lib/thumb/v7e-m+fp/hard\libc_nano.a(lib_a-findfp.o)
 .text._cleanup_r
                0x080050a4        0xc c:/program files (x86)/gnu arm embedded toolchain/10 2021.10/bin/../lib/gcc/arm-none-eabi/10.3.1/../../../../arm-none-eabi/lib/thumb/v7e-m+fp/hard\libc_nano.a(lib_a-findfp.o)
                0x080050a4                _cleanup_r
 .text.__sfmoreglue
                0x080050b0       0x2c c:/program files (x86)/gnu arm embedded toolchain/10 2021.10/bin/../lib/gcc/arm-none-eabi/10.3.1/../../../../arm-none-eabi/lib/thumb/v7e-m+fp/hard\libc_nano.a(lib_a-findfp.o)
                0x080050b0                __sfmoreglue
 .text.__sfp_lock_acquire
                0x080050dc        0xc c:/program files (x86)/gnu arm embedded toolchain/10 2021.10/bin/../lib/gcc/arm-none-eabi/10.3.1/../../../../arm-none-eabi/lib/thumb/v7e-m+fp/hard\libc_nano.a(lib_a-findfp.o)
                0x080050dc                __sfp_lock_acquire
 .text.__sfp_lock_release
                0x080050e8        0xc c:/program files (x86)/gnu arm embedded toolchain/10 2021.10/bin/../lib/gcc/arm-none-eabi/10.3.1/../../../../arm-none-eabi/lib/thumb/v7e-m+fp/hard\libc_nano.a(lib_a-findfp.o)
                0x080050e8                __sfp_lock_release
 .text.__sinit_lock_acquire
                0x080050f4        0xc c:/program files (x86)/gnu arm embedded toolchain/10 2021.10/bin/../lib/gcc/arm-none-eabi/10.3.1/../../../../arm-none-eabi/lib/thumb/v7e-m+fp/hard\libc_nano.a(lib_a-findfp.o)
                0x080050f4                __sinit_lock_acquire
 .text.__sinit_lock_release
                0x08005100        0xc c:/program files (x86)/gnu arm embedded toolchain/10 2021.10/bin/../lib/gcc/arm-none-eabi/10.3.1/../../../../arm-none-eabi/lib/thumb/v7e-m+fp/hard\libc_nano.a(lib_a-findfp.o)
                0x08005100                __sinit_lock_release
 .text.__sinit  0x0800510c       0x70 c:/program files (x86)/gnu arm embedded toolchain/10 2021.10/bin/../lib/gcc/arm-none-eabi/10.3.1/../../../../arm-none-eabi/lib/thumb/v7e-m+fp/hard\libc_nano.a(lib_a-findfp.o)
                0x0800510c                __sinit
 .text.__sfp    0x0800517c       0x8c c:/program files (x86)/gnu arm embedded toolchain/10 2021.10/bin/../lib/gcc/arm-none-eabi/10.3.1/../../../../arm-none-eabi/lib/thumb/v7e-m+fp/hard\libc_nano.a(lib_a-findfp.o)
                0x0800517c                __sfp
 .text._fwalk_reent
                0x08005208       0x3e c:/program files (x86)/gnu arm embedded toolchain/10 2021.10/bin/../lib/gcc/arm-none-eabi/10.3.1/../../../../arm-none-eabi/lib/thumb/v7e-m+fp/hard\libc_nano.a(lib_a-fwalk.o)
                0x08005208                _fwalk_reent
 .text.__retarget_lock_init_recursive
                0x08005246        0x2 c:/program files (x86)/gnu arm embedded toolchain/10 2021.10/bin/../lib/gcc/arm-none-eabi/10.3.1/../../../../arm-none-eabi/lib/thumb/v7e-m+fp/hard\libc_nano.a(lib_a-lock.o)
                0x08005246                __retarget_lock_init_recursive
 .text.__retarget_lock_acquire_recursive
                0x08005248        0x2 c:/program files (x86)/gnu arm embedded toolchain/10 2021.10/bin/../lib/gcc/arm-none-eabi/10.3.1/../../../../arm-none-eabi/lib/thumb/v7e-m+fp/hard\libc_nano.a(lib_a-lock.o)
                0x08005248                __retarget_lock_acquire_recursive
 .text.__retarget_lock_release_recursive
                0x0800524a        0x2 c:/program files (x86)/gnu arm embedded toolchain/10 2021.10/bin/../lib/gcc/arm-none-eabi/10.3.1/../../../../arm-none-eabi/lib/thumb/v7e-m+fp/hard\libc_nano.a(lib_a-lock.o)
                0x0800524a                __retarget_lock_release_recursive
 .text.__swhatbuf_r
                0x0800524c       0x4a c:/program files (x86)/gnu arm embedded toolchain/10 2021.10/bin/../lib/gcc/arm-none-eabi/10.3.1/../../../../arm-none-eabi/lib/thumb/v7e-m+fp/hard\libc_nano.a(lib_a-makebuf.o)
                0x0800524c                __swhatbuf_r
 *fill*         0x08005296        0x2 
 .text.__smakebuf_r
                0x08005298       0x80 c:/program files (x86)/gnu arm embedded toolchain/10 2021.10/bin/../lib/gcc/arm-none-eabi/10.3.1/../../../../arm-none-eabi/lib/thumb/v7e-m+fp/hard\libc_nano.a(lib_a-makebuf.o)
                0x08005298                __smakebuf_r
 .text.__malloc_lock
                0x08005318        0xc c:/program files (x86)/gnu arm embedded toolchain/10 2021.10/bin/../lib/gcc/arm-none-eabi/10.3.1/../../../../arm-none-eabi/lib/thumb/v7e-m+fp/hard\libc_nano.a(lib_a-mlock.o)
                0x08005318                __malloc_lock
 .text.__malloc_unlock
                0x08005324        0xc c:/program files (x86)/gnu arm embedded toolchain/10 2021.10/bin/../lib/gcc/arm-none-eabi/10.3.1/../../../../arm-none-eabi/lib/thumb/v7e-m+fp/hard\libc_nano.a(lib_a-mlock.o)
                0x08005324                __malloc_unlock
 .text.__sfputc_r
                0x08005330       0x2e c:/program files (x86)/gnu arm embedded toolchain/10 2021.10/bin/../lib/gcc/arm-none-eabi/10.3.1/../../../../arm-none-eabi/lib/thumb/v7e-m+fp/hard\libc_nano.a(lib_a-nano-vfprintf.o)
 .text.__sfputs_r
                0x0800535e       0x24 c:/program files (x86)/gnu arm embedded toolchain/10 2021.10/bin/../lib/gcc/arm-none-eabi/10.3.1/../../../../arm-none-eabi/lib/thumb/v7e-m+fp/hard\libc_nano.a(lib_a-nano-vfprintf.o)
                0x0800535e                __sfputs_r
 *fill*         0x08005382        0x2 
 .text._vfprintf_r
                0x08005384      0x260 c:/program files (x86)/gnu arm embedded toolchain/10 2021.10/bin/../lib/gcc/arm-none-eabi/10.3.1/../../../../arm-none-eabi/lib/thumb/v7e-m+fp/hard\libc_nano.a(lib_a-nano-vfprintf.o)
                0x08005384                _vfprintf_r
                0x08005384                _vfiprintf_r
 .text._printf_common
                0x080055e4       0xda c:/program files (x86)/gnu arm embedded toolchain/10 2021.10/bin/../lib/gcc/arm-none-eabi/10.3.1/../../../../arm-none-eabi/lib/thumb/v7e-m+fp/hard\libc_nano.a(lib_a-nano-vfprintf_i.o)
                0x080055e4                _printf_common
 *fill*         0x080056be        0x2 
 .text._printf_i
                0x080056c0      0x24c c:/program files (x86)/gnu arm embedded toolchain/10 2021.10/bin/../lib/gcc/arm-none-eabi/10.3.1/../../../../arm-none-eabi/lib/thumb/v7e-m+fp/hard\libc_nano.a(lib_a-nano-vfprintf_i.o)
                0x080056c0                _printf_i
 .text.__sread  0x0800590c       0x22 c:/program files (x86)/gnu arm embedded toolchain/10 2021.10/bin/../lib/gcc/arm-none-eabi/10.3.1/../../../../arm-none-eabi/lib/thumb/v7e-m+fp/hard\libc_nano.a(lib_a-stdio.o)
                0x0800590c                __sread
 .text.__swrite
                0x0800592e       0x38 c:/program files (x86)/gnu arm embedded toolchain/10 2021.10/bin/../lib/gcc/arm-none-eabi/10.3.1/../../../../arm-none-eabi/lib/thumb/v7e-m+fp/hard\libc_nano.a(lib_a-stdio.o)
                0x0800592e                __swrite
 .text.__sseek  0x08005966       0x24 c:/program files (x86)/gnu arm embedded toolchain/10 2021.10/bin/../lib/gcc/arm-none-eabi/10.3.1/../../../../arm-none-eabi/lib/thumb/v7e-m+fp/hard\libc_nano.a(lib_a-stdio.o)
                0x08005966                __sseek
 .text.__sclose
                0x0800598a        0x8 c:/program files (x86)/gnu arm embedded toolchain/10 2021.10/bin/../lib/gcc/arm-none-eabi/10.3.1/../../../../arm-none-eabi/lib/thumb/v7e-m+fp/hard\libc_nano.a(lib_a-stdio.o)
                0x0800598a                __sclose
 *fill*         0x08005992        0x2 
 .text._write_r
                0x08005994       0x24 c:/program files (x86)/gnu arm embedded toolchain/10 2021.10/bin/../lib/gcc/arm-none-eabi/10.3.1/../../../../arm-none-eabi/lib/thumb/v7e-m+fp/hard\libc_nano.a(lib_a-writer.o)
                0x08005994                _write_r
 .text._close_r
                0x080059b8       0x20 c:/program files (x86)/gnu arm embedded toolchain/10 2021.10/bin/../lib/gcc/arm-none-eabi/10.3.1/../../../../arm-none-eabi/lib/thumb/v7e-m+fp/hard\libc_nano.a(lib_a-closer.o)
                0x080059b8                _close_r
 .text._fstat_r
                0x080059d8       0x24 c:/program files (x86)/gnu arm embedded toolchain/10 2021.10/bin/../lib/gcc/arm-none-eabi/10.3.1/../../../../arm-none-eabi/lib/thumb/v7e-m+fp/hard\libc_nano.a(lib_a-fstatr.o)
                0x080059d8                _fstat_r
 .text._isatty_r
                0x080059fc       0x20 c:/program files (x86)/gnu arm embedded toolchain/10 2021.10/bin/../lib/gcc/arm-none-eabi/10.3.1/../../../../arm-none-eabi/lib/thumb/v7e-m+fp/hard\libc_nano.a(lib_a-isattyr.o)
                0x080059fc                _isatty_r
 .text._lseek_r
                0x08005a1c       0x24 c:/program files (x86)/gnu arm embedded toolchain/10 2021.10/bin/../lib/gcc/arm-none-eabi/10.3.1/../../../../arm-none-eabi/lib/thumb/v7e-m+fp/hard\libc_nano.a(lib_a-lseekr.o)
                0x08005a1c                _lseek_r
 .text._read_r  0x08005a40       0x24 c:/program files (x86)/gnu arm embedded toolchain/10 2021.10/bin/../lib/gcc/arm-none-eabi/10.3.1/../../../../arm-none-eabi/lib/thumb/v7e-m+fp/hard\libc_nano.a(lib_a-readr.o)
                0x08005a40                _read_r
 .text._close   0x08005a64       0x10 c:/program files (x86)/gnu arm embedded toolchain/10 2021.10/bin/../lib/gcc/arm-none-eabi/10.3.1/../../../../arm-none-eabi/lib/thumb/v7e-m+fp/hard\libnosys.a(close.o)
                0x08005a64                _close
 .text._fstat   0x08005a74       0x10 c:/program files (x86)/gnu arm embedded toolchain/10 2021.10/bin/../lib/gcc/arm-none-eabi/10.3.1/../../../../arm-none-eabi/lib/thumb/v7e-m+fp/hard\libnosys.a(fstat.o)
                0x08005a74                _fstat
 .text._isatty  0x08005a84       0x10 c:/program files (x86)/gnu arm embedded toolchain/10 2021.10/bin/../lib/gcc/arm-none-eabi/10.3.1/../../../../arm-none-eabi/lib/thumb/v7e-m+fp/hard\libnosys.a(isatty.o)
                0x08005a84                _isatty
 .text._lseek   0x08005a94       0x10 c:/program files (x86)/gnu arm embedded toolchain/10 2021.10/bin/../lib/gcc/arm-none-eabi/10.3.1/../../../../arm-none-eabi/lib/thumb/v7e-m+fp/hard\libnosys.a(lseek.o)
                0x08005a94                _lseek
 .text._read    0x08005aa4       0x10 c:/program files (x86)/gnu arm embedded toolchain/10 2021.10/bin/../lib/gcc/arm-none-eabi/10.3.1/../../../../arm-none-eabi/lib/thumb/v7e-m+fp/hard\libnosys.a(read.o)
                0x08005aa4                _read
 .text._sbrk    0x08005ab4       0x1c c:/program files (x86)/gnu arm embedded toolchain/10 2021.10/bin/../lib/gcc/arm-none-eabi/10.3.1/../../../../arm-none-eabi/lib/thumb/v7e-m+fp/hard\libnosys.a(sbrk.o)
                0x08005ab4                _sbrk
 *(.glue_7)
 .glue_7        0x08005ad0        0x0 linker stubs
 *(.glue_7t)
 .glue_7t       0x08005ad0        0x0 linker stubs
 *(.eh_frame)
 .eh_frame      0x08005ad0        0x0 c:/program files (x86)/gnu arm embedded toolchain/10 2021.10/bin/../lib/gcc/arm-none-eabi/10.3.1/thumb/v7e-m+fp/hard/crtbegin.o
 *(.init)
 .init          0x08005ad0        0x4 c:/program files (x86)/gnu arm embedded toolchain/10 2021.10/bin/../lib/gcc/arm-none-eabi/10.3.1/thumb/v7e-m+fp/hard/crti.o
                0x08005ad0                _init
 .init          0x08005ad4        0x8 c:/program files (x86)/gnu arm embedded toolchain/10 2021.10/bin/../lib/gcc/arm-none-eabi/10.3.1/thumb/v7e-m+fp/hard/crtn.o
 *(.fini)
 .fini          0x08005adc        0x4 c:/program files (x86)/gnu arm embedded toolchain/10 2021.10/bin/../lib/gcc/arm-none-eabi/10.3.1/thumb/v7e-m+fp/hard/crti.o
                0x08005adc                _fini
 .fini          0x08005ae0        0x8 c:/program files (x86)/gnu arm embedded toolchain/10 2021.10/bin/../lib/gcc/arm-none-eabi/10.3.1/thumb/v7e-m+fp/hard/crtn.o
                0x08005ae8                . = ALIGN (0x4)
                0x08005ae8                _etext = .

.vfp11_veneer   0x08005ae8        0x0
 .vfp11_veneer  0x08005ae8        0x0 linker stubs

.v4_bx          0x08005ae8        0x0
 .v4_bx         0x08005ae8        0x0 linker stubs

.iplt           0x08005ae8        0x0
 .iplt          0x08005ae8        0x0 c:/program files (x86)/gnu arm embedded toolchain/10 2021.10/bin/../lib/gcc/arm-none-eabi/10.3.1/thumb/v7e-m+fp/hard/crtbegin.o

.rodata         0x08005ae8      0x188
                0x08005ae8                . = ALIGN (0x4)
 *(.rodata)
 *(.rodata*)
 .rodata.main.str1.4
                0x08005ae8       0x15 build/main.o
 *fill*         0x08005afd        0x3 
 .rodata.MX_USB_DEVICE_Init.str1.4
                0x08005b00       0x14 build/usb_device.o
 .rodata.CDC_Receive_FS.str1.4
                0x08005b14        0xa build/usbd_cdc_if.o
 *fill*         0x08005b1e        0x2 
 .rodata.AHBPrescTable
                0x08005b20       0x10 build/system_stm32f4xx.o
                0x08005b20                AHBPrescTable
 .rodata.APBPrescTable
                0x08005b30        0x8 build/system_stm32f4xx.o
                0x08005b30                APBPrescTable
 .rodata.USBD_GetDescriptor.str1.4
                0x08005b38       0x14 build/usbd_ctlreq.o
 .rodata.USBD_CMPSIT_FS_ManufacturerStrDescriptor.str1.4
                0x08005b4c       0x10 build/usbd_composite.o
 .rodata.USBD_CMPSIT_FS_ProductStrDescriptor.str1.4
                0x08005b5c       0x18 build/usbd_composite.o
 .rodata.USBD_CMPSIT_FS_InterfaceStrDescriptor.str1.4
                0x08005b74       0x14 build/usbd_composite.o
 .rodata.USBD_CMPSIT_FS_ConfigStrDescriptor.str1.4
                0x08005b88       0x11 build/usbd_composite.o
 *fill*         0x08005b99        0x3 
 .rodata.USBD_UsrStrDescriptor.str1.4
                0x08005b9c       0x39 build/usbd_composite.o
 *fill*         0x08005bd5        0x3 
 .rodata._global_impure_ptr
                0x08005bd8        0x4 c:/program files (x86)/gnu arm embedded toolchain/10 2021.10/bin/../lib/gcc/arm-none-eabi/10.3.1/../../../../arm-none-eabi/lib/thumb/v7e-m+fp/hard\libc_nano.a(lib_a-impure.o)
                0x08005bd8                _global_impure_ptr
 .rodata.__sf_fake_stderr
                0x08005bdc       0x20 c:/program files (x86)/gnu arm embedded toolchain/10 2021.10/bin/../lib/gcc/arm-none-eabi/10.3.1/../../../../arm-none-eabi/lib/thumb/v7e-m+fp/hard\libc_nano.a(lib_a-findfp.o)
                0x08005bdc                __sf_fake_stderr
 .rodata.__sf_fake_stdin
                0x08005bfc       0x20 c:/program files (x86)/gnu arm embedded toolchain/10 2021.10/bin/../lib/gcc/arm-none-eabi/10.3.1/../../../../arm-none-eabi/lib/thumb/v7e-m+fp/hard\libc_nano.a(lib_a-findfp.o)
                0x08005bfc                __sf_fake_stdin
 .rodata.__sf_fake_stdout
                0x08005c1c       0x20 c:/program files (x86)/gnu arm embedded toolchain/10 2021.10/bin/../lib/gcc/arm-none-eabi/10.3.1/../../../../arm-none-eabi/lib/thumb/v7e-m+fp/hard\libc_nano.a(lib_a-findfp.o)
                0x08005c1c                __sf_fake_stdout
 .rodata._vfprintf_r.str1.1
                0x08005c3c       0x11 c:/program files (x86)/gnu arm embedded toolchain/10 2021.10/bin/../lib/gcc/arm-none-eabi/10.3.1/../../../../arm-none-eabi/lib/thumb/v7e-m+fp/hard\libc_nano.a(lib_a-nano-vfprintf.o)
 .rodata._printf_i.str1.1
                0x08005c4d       0x22 c:/program files (x86)/gnu arm embedded toolchain/10 2021.10/bin/../lib/gcc/arm-none-eabi/10.3.1/../../../../arm-none-eabi/lib/thumb/v7e-m+fp/hard\libc_nano.a(lib_a-nano-vfprintf_i.o)
                0x08005c70                . = ALIGN (0x4)
 *fill*         0x08005c6f        0x1 

.ARM.extab
 *(.ARM.extab* .gnu.linkonce.armextab.*)

.ARM            0x08005c70        0x8
                0x08005c70                __exidx_start = .
 *(.ARM.exidx*)
 .ARM.exidx     0x08005c70        0x8 c:/program files (x86)/gnu arm embedded toolchain/10 2021.10/bin/../lib/gcc/arm-none-eabi/10.3.1/thumb/v7e-m+fp/hard\libgcc.a(_udivmoddi4.o)
                0x08005c78                __exidx_end = .

.rel.dyn        0x08005c78        0x0
 .rel.iplt      0x08005c78        0x0 c:/program files (x86)/gnu arm embedded toolchain/10 2021.10/bin/../lib/gcc/arm-none-eabi/10.3.1/thumb/v7e-m+fp/hard/crtbegin.o

.preinit_array  0x08005c78        0x0
                0x08005c78                PROVIDE (__preinit_array_start = .)
 *(.preinit_array*)
                0x08005c78                PROVIDE (__preinit_array_end = .)

.init_array     0x08005c78        0x4
                0x08005c78                PROVIDE (__init_array_start = .)
 *(SORT_BY_NAME(.init_array.*))
 *(.init_array*)
 .init_array    0x08005c78        0x4 c:/program files (x86)/gnu arm embedded toolchain/10 2021.10/bin/../lib/gcc/arm-none-eabi/10.3.1/thumb/v7e-m+fp/hard/crtbegin.o
                0x08005c7c                PROVIDE (__init_array_end = .)

.fini_array     0x08005c7c        0x4
                [!provide]                PROVIDE (__fini_array_start = .)
 *(SORT_BY_NAME(.fini_array.*))
 *(.fini_array*)
 .fini_array    0x08005c7c        0x4 c:/program files (x86)/gnu arm embedded toolchain/10 2021.10/bin/../lib/gcc/arm-none-eabi/10.3.1/thumb/v7e-m+fp/hard/crtbegin.o
                [!provide]                PROVIDE (__fini_array_end = .)
                0x08005c80                _sidata = LOADADDR (.data)

.data           0x20000000      0x218 load address 0x08005c80
                0x20000000                . = ALIGN (0x4)
                0x20000000                _sdata = .
 *(.data)
 *(.data*)
 .data.USBD_Interface_fops_FS
                0x20000000       0x14 build/usbd_cdc_if.o
                0x20000000                USBD_Interface_fops_FS
 .data.uwTickFreq
                0x20000014        0x1 build/stm32f4xx_hal.o
                0x20000014                uwTickFreq
 *fill*         0x20000015        0x3 
 .data.uwTickPrio
                0x20000018        0x4 build/stm32f4xx_hal.o
                0x20000018                uwTickPrio
 .data.SystemCoreClock
                0x2000001c        0x4 build/system_stm32f4xx.o
                0x2000001c                SystemCoreClock
 .data.CDCCmdEpAdd
                0x20000020        0x1 build/usbd_cdc.o
 .data.CDCInEpAdd
                0x20000021        0x1 build/usbd_cdc.o
 .data.CDCOutEpAdd
                0x20000022        0x1 build/usbd_cdc.o
 *fill*         0x20000023        0x1 
 .data.USBD_CDC
                0x20000024       0x3c build/usbd_cdc.o
                0x20000024                USBD_CDC
 .data.USBD_WinUsb
                0x20000060       0x3c build/usbd_winUsb.o
                0x20000060                USBD_WinUsb
 .data.USBD_WinUsb_Interface_fops_FS
                0x2000009c       0x14 build/usbd_winUsb.o
                0x2000009c                USBD_WinUsb_Interface_fops_FS
 .data.USBD_CMPSIT
                0x200000b0       0x3c build/usbd_composite.o
                0x200000b0                USBD_CMPSIT
 .data.USBD_CMPSIT_CfgDesc
                0x200000ec       0x6a build/usbd_composite.o
 *fill*         0x20000156        0x2 
 .data.USBD_CMPSIT_DeviceQualifierDesc
                0x20000158        0xa build/usbd_composite.o
 *fill*         0x20000162        0x2 
 .data.USBD_CMPSIT_FS_DeviceDesc
                0x20000164       0x12 build/usbd_composite.o
                0x20000164                USBD_CMPSIT_FS_DeviceDesc
 *fill*         0x20000176        0x2 
 .data.USBD_CMPSIT_LangIDDesc
                0x20000178        0x4 build/usbd_composite.o
                0x20000178                USBD_CMPSIT_LangIDDesc
 .data.USBD_CMPSIT_StringSerial
                0x2000017c       0x1a build/usbd_composite.o
                0x2000017c                USBD_CMPSIT_StringSerial
 *fill*         0x20000196        0x2 
 .data.usbCmpsitFS_Desc
                0x20000198       0x1c build/usbd_composite.o
                0x20000198                usbCmpsitFS_Desc
 .data._impure_ptr
                0x200001b4        0x4 c:/program files (x86)/gnu arm embedded toolchain/10 2021.10/bin/../lib/gcc/arm-none-eabi/10.3.1/../../../../arm-none-eabi/lib/thumb/v7e-m+fp/hard\libc_nano.a(lib_a-impure.o)
                0x200001b4                _impure_ptr
 .data.impure_data
                0x200001b8       0x60 c:/program files (x86)/gnu arm embedded toolchain/10 2021.10/bin/../lib/gcc/arm-none-eabi/10.3.1/../../../../arm-none-eabi/lib/thumb/v7e-m+fp/hard\libc_nano.a(lib_a-impure.o)
                0x20000218                . = ALIGN (0x4)
                0x20000218                _edata = .
                0x08005e98                _siccmram = LOADADDR (.ccmram)

.igot.plt       0x20000218        0x0 load address 0x08005e98
 .igot.plt      0x20000218        0x0 c:/program files (x86)/gnu arm embedded toolchain/10 2021.10/bin/../lib/gcc/arm-none-eabi/10.3.1/thumb/v7e-m+fp/hard/crtbegin.o

.ccmram         0x10000000        0x0 load address 0x08005e98
                0x10000000                . = ALIGN (0x4)
                0x10000000                _sccmram = .
 *(.ccmram)
 *(.ccmram*)
                0x10000000                . = ALIGN (0x4)
                0x10000000                _eccmram = .
                0x10000000                . = ALIGN (0x4)

.bss            0x20000218     0x2b68
                0x20000218                _sbss = .
                0x20000218                __bss_start__ = _sbss
 *(.bss)
 .bss           0x20000218       0x1c c:/program files (x86)/gnu arm embedded toolchain/10 2021.10/bin/../lib/gcc/arm-none-eabi/10.3.1/thumb/v7e-m+fp/hard/crtbegin.o
 *(.bss*)
 .bss.huart4    0x20000234       0x44 build/usart.o
                0x20000234                huart4
 .bss.hUsbDeviceFS
                0x20000278      0x3e0 build/usb_device.o
                0x20000278                hUsbDeviceFS
 .bss.hpcd_USB_OTG_FS
                0x20000658      0x50c build/usbd_conf.o
                0x20000658                hpcd_USB_OTG_FS
 .bss.UserRxBufferFS
                0x20000b64      0x800 build/usbd_cdc_if.o
                0x20000b64                UserRxBufferFS
 .bss.UserTxBufferFS
                0x20001364      0x800 build/usbd_cdc_if.o
                0x20001364                UserTxBufferFS
 .bss.uwTick    0x20001b64        0x4 build/stm32f4xx_hal.o
                0x20001b64                uwTick
 .bss.cfgidx.0  0x20001b68        0x1 build/usbd_ctlreq.o
 *fill*         0x20001b69        0x3 
 .bss.WinUsbRxBufferFS
                0x20001b6c      0x800 build/usbd_winUsb.o
                0x20001b6c                WinUsbRxBufferFS
 .bss.WinUsbTxBufferFS
                0x2000236c      0x800 build/usbd_winUsb.o
                0x2000236c                WinUsbTxBufferFS
 .bss.USBD_CMPSIT_StrDesc
                0x20002b6c      0x200 build/usbd_composite.o
                0x20002b6c                USBD_CMPSIT_StrDesc
 .bss.__malloc_free_list
                0x20002d6c        0x4 c:/program files (x86)/gnu arm embedded toolchain/10 2021.10/bin/../lib/gcc/arm-none-eabi/10.3.1/../../../../arm-none-eabi/lib/thumb/v7e-m+fp/hard\libc_nano.a(lib_a-nano-mallocr.o)
                0x20002d6c                __malloc_free_list
 .bss.__malloc_sbrk_start
                0x20002d70        0x4 c:/program files (x86)/gnu arm embedded toolchain/10 2021.10/bin/../lib/gcc/arm-none-eabi/10.3.1/../../../../arm-none-eabi/lib/thumb/v7e-m+fp/hard\libc_nano.a(lib_a-nano-mallocr.o)
                0x20002d70                __malloc_sbrk_start
 .bss.__lock___malloc_recursive_mutex
                0x20002d74        0x1 c:/program files (x86)/gnu arm embedded toolchain/10 2021.10/bin/../lib/gcc/arm-none-eabi/10.3.1/../../../../arm-none-eabi/lib/thumb/v7e-m+fp/hard\libc_nano.a(lib_a-lock.o)
                0x20002d74                __lock___malloc_recursive_mutex
 .bss.__lock___sfp_recursive_mutex
                0x20002d75        0x1 c:/program files (x86)/gnu arm embedded toolchain/10 2021.10/bin/../lib/gcc/arm-none-eabi/10.3.1/../../../../arm-none-eabi/lib/thumb/v7e-m+fp/hard\libc_nano.a(lib_a-lock.o)
                0x20002d75                __lock___sfp_recursive_mutex
 .bss.__lock___sinit_recursive_mutex
                0x20002d76        0x1 c:/program files (x86)/gnu arm embedded toolchain/10 2021.10/bin/../lib/gcc/arm-none-eabi/10.3.1/../../../../arm-none-eabi/lib/thumb/v7e-m+fp/hard\libc_nano.a(lib_a-lock.o)
                0x20002d76                __lock___sinit_recursive_mutex
 *fill*         0x20002d77        0x1 
 .bss.errno     0x20002d78        0x4 c:/program files (x86)/gnu arm embedded toolchain/10 2021.10/bin/../lib/gcc/arm-none-eabi/10.3.1/../../../../arm-none-eabi/lib/thumb/v7e-m+fp/hard\libc_nano.a(lib_a-reent.o)
                0x20002d78                errno
 .bss.heap_end.0
                0x20002d7c        0x4 c:/program files (x86)/gnu arm embedded toolchain/10 2021.10/bin/../lib/gcc/arm-none-eabi/10.3.1/../../../../arm-none-eabi/lib/thumb/v7e-m+fp/hard\libnosys.a(sbrk.o)
 *(COMMON)
                0x20002d80                . = ALIGN (0x4)
                0x20002d80                _ebss = .
                0x20002d80                __bss_end__ = _ebss

._user_heap_stack
                0x20002d80     0x4400
                0x20002d80                . = ALIGN (0x8)
                0x20002d80                PROVIDE (end = .)
                [!provide]                PROVIDE (_end = .)
                0x20006980                . = (. + _Min_Heap_Size)
 *fill*         0x20002d80     0x3c00 
                0x20007180                . = (. + _Min_Stack_Size)
 *fill*         0x20006980      0x800 
                0x20007180                . = ALIGN (0x8)

/DISCARD/
 libc.a(*)
 libm.a(*)
 libgcc.a(*)

.ARM.attributes
                0x00000000       0x30
 *(.ARM.attributes)
 .ARM.attributes
                0x00000000       0x1e c:/program files (x86)/gnu arm embedded toolchain/10 2021.10/bin/../lib/gcc/arm-none-eabi/10.3.1/thumb/v7e-m+fp/hard/crti.o
 .ARM.attributes
                0x0000001e       0x34 c:/program files (x86)/gnu arm embedded toolchain/10 2021.10/bin/../lib/gcc/arm-none-eabi/10.3.1/thumb/v7e-m+fp/hard/crtbegin.o
 .ARM.attributes
                0x00000052       0x34 build/main.o
 .ARM.attributes
                0x00000086       0x34 build/gpio.o
 .ARM.attributes
                0x000000ba       0x34 build/usart.o
 .ARM.attributes
                0x000000ee       0x34 build/usb_device.o
 .ARM.attributes
                0x00000122       0x34 build/usbd_conf.o
 .ARM.attributes
                0x00000156       0x34 build/usbd_cdc_if.o
 .ARM.attributes
                0x0000018a       0x34 build/stm32f4xx_it.o
 .ARM.attributes
                0x000001be       0x34 build/stm32f4xx_hal_msp.o
 .ARM.attributes
                0x000001f2       0x34 build/stm32f4xx_hal_pcd.o
 .ARM.attributes
                0x00000226       0x34 build/stm32f4xx_hal_pcd_ex.o
 .ARM.attributes
                0x0000025a       0x34 build/stm32f4xx_ll_usb.o
 .ARM.attributes
                0x0000028e       0x34 build/stm32f4xx_hal_rcc.o
 .ARM.attributes
                0x000002c2       0x34 build/stm32f4xx_hal_gpio.o
 .ARM.attributes
                0x000002f6       0x34 build/stm32f4xx_hal_cortex.o
 .ARM.attributes
                0x0000032a       0x34 build/stm32f4xx_hal.o
 .ARM.attributes
                0x0000035e       0x34 build/stm32f4xx_hal_uart.o
 .ARM.attributes
                0x00000392       0x34 build/system_stm32f4xx.o
 .ARM.attributes
                0x000003c6       0x34 build/usbd_core.o
 .ARM.attributes
                0x000003fa       0x34 build/usbd_ctlreq.o
 .ARM.attributes
                0x0000042e       0x34 build/usbd_ioreq.o
 .ARM.attributes
                0x00000462       0x34 build/usbd_cdc.o
 .ARM.attributes
                0x00000496       0x34 build/usbd_winUsb.o
 .ARM.attributes
                0x000004ca       0x34 build/usbd_composite.o
 .ARM.attributes
                0x000004fe       0x21 build/startup_stm32f405xx.o
 .ARM.attributes
                0x0000051f       0x34 c:/program files (x86)/gnu arm embedded toolchain/10 2021.10/bin/../lib/gcc/arm-none-eabi/10.3.1/../../../../arm-none-eabi/lib/thumb/v7e-m+fp/hard\libc_nano.a(lib_a-impure.o)
 .ARM.attributes
                0x00000553       0x34 c:/program files (x86)/gnu arm embedded toolchain/10 2021.10/bin/../lib/gcc/arm-none-eabi/10.3.1/../../../../arm-none-eabi/lib/thumb/v7e-m+fp/hard\libc_nano.a(lib_a-init.o)
 .ARM.attributes
                0x00000587       0x34 c:/program files (x86)/gnu arm embedded toolchain/10 2021.10/bin/../lib/gcc/arm-none-eabi/10.3.1/../../../../arm-none-eabi/lib/thumb/v7e-m+fp/hard\libc_nano.a(lib_a-malloc.o)
 .ARM.attributes
                0x000005bb       0x34 c:/program files (x86)/gnu arm embedded toolchain/10 2021.10/bin/../lib/gcc/arm-none-eabi/10.3.1/../../../../arm-none-eabi/lib/thumb/v7e-m+fp/hard\libc_nano.a(lib_a-memset.o)
 .ARM.attributes
                0x000005ef       0x34 c:/program files (x86)/gnu arm embedded toolchain/10 2021.10/bin/../lib/gcc/arm-none-eabi/10.3.1/../../../../arm-none-eabi/lib/thumb/v7e-m+fp/hard\libc_nano.a(lib_a-nano-freer.o)
 .ARM.attributes
                0x00000623       0x34 c:/program files (x86)/gnu arm embedded toolchain/10 2021.10/bin/../lib/gcc/arm-none-eabi/10.3.1/../../../../arm-none-eabi/lib/thumb/v7e-m+fp/hard\libc_nano.a(lib_a-nano-mallocr.o)
 .ARM.attributes
                0x00000657       0x34 c:/program files (x86)/gnu arm embedded toolchain/10 2021.10/bin/../lib/gcc/arm-none-eabi/10.3.1/../../../../arm-none-eabi/lib/thumb/v7e-m+fp/hard\libc_nano.a(lib_a-printf.o)
 .ARM.attributes
                0x0000068b       0x34 c:/program files (x86)/gnu arm embedded toolchain/10 2021.10/bin/../lib/gcc/arm-none-eabi/10.3.1/../../../../arm-none-eabi/lib/thumb/v7e-m+fp/hard\libc_nano.a(lib_a-puts.o)
 .ARM.attributes
                0x000006bf       0x34 c:/program files (x86)/gnu arm embedded toolchain/10 2021.10/bin/../lib/gcc/arm-none-eabi/10.3.1/../../../../arm-none-eabi/lib/thumb/v7e-m+fp/hard\libc_nano.a(lib_a-sbrkr.o)
 .ARM.attributes
                0x000006f3       0x34 c:/program files (x86)/gnu arm embedded toolchain/10 2021.10/bin/../lib/gcc/arm-none-eabi/10.3.1/../../../../arm-none-eabi/lib/thumb/v7e-m+fp/hard\libc_nano.a(lib_a-wbuf.o)
 .ARM.attributes
                0x00000727       0x34 c:/program files (x86)/gnu arm embedded toolchain/10 2021.10/bin/../lib/gcc/arm-none-eabi/10.3.1/../../../../arm-none-eabi/lib/thumb/v7e-m+fp/hard\libc_nano.a(lib_a-wsetup.o)
 .ARM.attributes
                0x0000075b       0x34 c:/program files (x86)/gnu arm embedded toolchain/10 2021.10/bin/../lib/gcc/arm-none-eabi/10.3.1/../../../../arm-none-eabi/lib/thumb/v7e-m+fp/hard\libc_nano.a(lib_a-fflush.o)
 .ARM.attributes
                0x0000078f       0x34 c:/program files (x86)/gnu arm embedded toolchain/10 2021.10/bin/../lib/gcc/arm-none-eabi/10.3.1/../../../../arm-none-eabi/lib/thumb/v7e-m+fp/hard\libc_nano.a(lib_a-findfp.o)
 .ARM.attributes
                0x000007c3       0x34 c:/program files (x86)/gnu arm embedded toolchain/10 2021.10/bin/../lib/gcc/arm-none-eabi/10.3.1/../../../../arm-none-eabi/lib/thumb/v7e-m+fp/hard\libc_nano.a(lib_a-fwalk.o)
 .ARM.attributes
                0x000007f7       0x34 c:/program files (x86)/gnu arm embedded toolchain/10 2021.10/bin/../lib/gcc/arm-none-eabi/10.3.1/../../../../arm-none-eabi/lib/thumb/v7e-m+fp/hard\libc_nano.a(lib_a-lock.o)
 .ARM.attributes
                0x0000082b       0x34 c:/program files (x86)/gnu arm embedded toolchain/10 2021.10/bin/../lib/gcc/arm-none-eabi/10.3.1/../../../../arm-none-eabi/lib/thumb/v7e-m+fp/hard\libc_nano.a(lib_a-makebuf.o)
 .ARM.attributes
                0x0000085f       0x34 c:/program files (x86)/gnu arm embedded toolchain/10 2021.10/bin/../lib/gcc/arm-none-eabi/10.3.1/../../../../arm-none-eabi/lib/thumb/v7e-m+fp/hard\libc_nano.a(lib_a-mlock.o)
 .ARM.attributes
                0x00000893       0x34 c:/program files (x86)/gnu arm embedded toolchain/10 2021.10/bin/../lib/gcc/arm-none-eabi/10.3.1/../../../../arm-none-eabi/lib/thumb/v7e-m+fp/hard\libc_nano.a(lib_a-nano-vfprintf.o)
 .ARM.attributes
                0x000008c7       0x34 c:/program files (x86)/gnu arm embedded toolchain/10 2021.10/bin/../lib/gcc/arm-none-eabi/10.3.1/../../../../arm-none-eabi/lib/thumb/v7e-m+fp/hard\libc_nano.a(lib_a-nano-vfprintf_i.o)
 .ARM.attributes
                0x000008fb       0x34 c:/program files (x86)/gnu arm embedded toolchain/10 2021.10/bin/../lib/gcc/arm-none-eabi/10.3.1/../../../../arm-none-eabi/lib/thumb/v7e-m+fp/hard\libc_nano.a(lib_a-reent.o)
 .ARM.attributes
                0x0000092f       0x34 c:/program files (x86)/gnu arm embedded toolchain/10 2021.10/bin/../lib/gcc/arm-none-eabi/10.3.1/../../../../arm-none-eabi/lib/thumb/v7e-m+fp/hard\libc_nano.a(lib_a-stdio.o)
 .ARM.attributes
                0x00000963       0x34 c:/program files (x86)/gnu arm embedded toolchain/10 2021.10/bin/../lib/gcc/arm-none-eabi/10.3.1/../../../../arm-none-eabi/lib/thumb/v7e-m+fp/hard\libc_nano.a(lib_a-writer.o)
 .ARM.attributes
                0x00000997       0x34 c:/program files (x86)/gnu arm embedded toolchain/10 2021.10/bin/../lib/gcc/arm-none-eabi/10.3.1/../../../../arm-none-eabi/lib/thumb/v7e-m+fp/hard\libc_nano.a(lib_a-closer.o)
 .ARM.attributes
                0x000009cb       0x34 c:/program files (x86)/gnu arm embedded toolchain/10 2021.10/bin/../lib/gcc/arm-none-eabi/10.3.1/../../../../arm-none-eabi/lib/thumb/v7e-m+fp/hard\libc_nano.a(lib_a-fstatr.o)
 .ARM.attributes
                0x000009ff       0x34 c:/program files (x86)/gnu arm embedded toolchain/10 2021.10/bin/../lib/gcc/arm-none-eabi/10.3.1/../../../../arm-none-eabi/lib/thumb/v7e-m+fp/hard\libc_nano.a(lib_a-isattyr.o)
 .ARM.attributes
                0x00000a33       0x34 c:/program files (x86)/gnu arm embedded toolchain/10 2021.10/bin/../lib/gcc/arm-none-eabi/10.3.1/../../../../arm-none-eabi/lib/thumb/v7e-m+fp/hard\libc_nano.a(lib_a-lseekr.o)
 .ARM.attributes
                0x00000a67       0x1c c:/program files (x86)/gnu arm embedded toolchain/10 2021.10/bin/../lib/gcc/arm-none-eabi/10.3.1/../../../../arm-none-eabi/lib/thumb/v7e-m+fp/hard\libc_nano.a(lib_a-memchr.o)
 .ARM.attributes
                0x00000a83       0x34 c:/program files (x86)/gnu arm embedded toolchain/10 2021.10/bin/../lib/gcc/arm-none-eabi/10.3.1/../../../../arm-none-eabi/lib/thumb/v7e-m+fp/hard\libc_nano.a(lib_a-readr.o)
 .ARM.attributes
                0x00000ab7       0x34 c:/program files (x86)/gnu arm embedded toolchain/10 2021.10/bin/../lib/gcc/arm-none-eabi/10.3.1/../../../../arm-none-eabi/lib/thumb/v7e-m+fp/hard\libnosys.a(close.o)
 .ARM.attributes
                0x00000aeb       0x34 c:/program files (x86)/gnu arm embedded toolchain/10 2021.10/bin/../lib/gcc/arm-none-eabi/10.3.1/../../../../arm-none-eabi/lib/thumb/v7e-m+fp/hard\libnosys.a(fstat.o)
 .ARM.attributes
                0x00000b1f       0x34 c:/program files (x86)/gnu arm embedded toolchain/10 2021.10/bin/../lib/gcc/arm-none-eabi/10.3.1/../../../../arm-none-eabi/lib/thumb/v7e-m+fp/hard\libnosys.a(isatty.o)
 .ARM.attributes
                0x00000b53       0x34 c:/program files (x86)/gnu arm embedded toolchain/10 2021.10/bin/../lib/gcc/arm-none-eabi/10.3.1/../../../../arm-none-eabi/lib/thumb/v7e-m+fp/hard\libnosys.a(lseek.o)
 .ARM.attributes
                0x00000b87       0x34 c:/program files (x86)/gnu arm embedded toolchain/10 2021.10/bin/../lib/gcc/arm-none-eabi/10.3.1/../../../../arm-none-eabi/lib/thumb/v7e-m+fp/hard\libnosys.a(read.o)
 .ARM.attributes
                0x00000bbb       0x34 c:/program files (x86)/gnu arm embedded toolchain/10 2021.10/bin/../lib/gcc/arm-none-eabi/10.3.1/../../../../arm-none-eabi/lib/thumb/v7e-m+fp/hard\libnosys.a(sbrk.o)
 .ARM.attributes
                0x00000bef       0x1e c:/program files (x86)/gnu arm embedded toolchain/10 2021.10/bin/../lib/gcc/arm-none-eabi/10.3.1/thumb/v7e-m+fp/hard\libgcc.a(_aeabi_uldivmod.o)
 .ARM.attributes
                0x00000c0d       0x34 c:/program files (x86)/gnu arm embedded toolchain/10 2021.10/bin/../lib/gcc/arm-none-eabi/10.3.1/thumb/v7e-m+fp/hard\libgcc.a(_udivmoddi4.o)
 .ARM.attributes
                0x00000c41       0x1e c:/program files (x86)/gnu arm embedded toolchain/10 2021.10/bin/../lib/gcc/arm-none-eabi/10.3.1/thumb/v7e-m+fp/hard\libgcc.a(_dvmd_tls.o)
 .ARM.attributes
                0x00000c5f       0x1e c:/program files (x86)/gnu arm embedded toolchain/10 2021.10/bin/../lib/gcc/arm-none-eabi/10.3.1/thumb/v7e-m+fp/hard/crtn.o
OUTPUT(build/bootLoader.elf elf32-littlearm)
LOAD linker stubs
LOAD c:/program files (x86)/gnu arm embedded toolchain/10 2021.10/bin/../lib/gcc/arm-none-eabi/10.3.1/../../../../arm-none-eabi/lib/thumb/v7e-m+fp/hard\libc.a
LOAD c:/program files (x86)/gnu arm embedded toolchain/10 2021.10/bin/../lib/gcc/arm-none-eabi/10.3.1/../../../../arm-none-eabi/lib/thumb/v7e-m+fp/hard\libm.a
LOAD c:/program files (x86)/gnu arm embedded toolchain/10 2021.10/bin/../lib/gcc/arm-none-eabi/10.3.1/thumb/v7e-m+fp/hard\libgcc.a

.debug_info     0x00000000    0x1902b
 .debug_info    0x00000000      0xc38 build/main.o
 .debug_info    0x00000c38      0x2eb build/gpio.o
 .debug_info    0x00000f23      0xabe build/usart.o
 .debug_info    0x000019e1      0xb2e build/usb_device.o
 .debug_info    0x0000250f     0x2380 build/usbd_conf.o
 .debug_info    0x0000488f      0xcef build/usbd_cdc_if.o
 .debug_info    0x0000557e      0x70c build/stm32f4xx_it.o
 .debug_info    0x00005c8a      0x2eb build/stm32f4xx_hal_msp.o
 .debug_info    0x00005f75     0x1d1e build/stm32f4xx_hal_pcd.o
 .debug_info    0x00007c93      0x7b3 build/stm32f4xx_hal_pcd_ex.o
 .debug_info    0x00008446     0x2164 build/stm32f4xx_ll_usb.o
 .debug_info    0x0000a5aa      0xbe6 build/stm32f4xx_hal_rcc.o
 .debug_info    0x0000b190      0x848 build/stm32f4xx_hal_gpio.o
 .debug_info    0x0000b9d8     0x1162 build/stm32f4xx_hal_cortex.o
 .debug_info    0x0000cb3a      0xabd build/stm32f4xx_hal.o
 .debug_info    0x0000d5f7     0x43e7 build/stm32f4xx_hal_uart.o
 .debug_info    0x000119de      0x5b3 build/system_stm32f4xx.o
 .debug_info    0x00011f91     0x1864 build/usbd_core.o
 .debug_info    0x000137f5     0x1747 build/usbd_ctlreq.o
 .debug_info    0x00014f3c      0xb57 build/usbd_ioreq.o
 .debug_info    0x00015a93     0x17d3 build/usbd_cdc.o
 .debug_info    0x00017266      0xe8c build/usbd_winUsb.o
 .debug_info    0x000180f2      0xf17 build/usbd_composite.o
 .debug_info    0x00019009       0x22 build/startup_stm32f405xx.o

.debug_abbrev   0x00000000     0x35ec
 .debug_abbrev  0x00000000      0x242 build/main.o
 .debug_abbrev  0x00000242       0xd3 build/gpio.o
 .debug_abbrev  0x00000315      0x1de build/usart.o
 .debug_abbrev  0x000004f3      0x19a build/usb_device.o
 .debug_abbrev  0x0000068d      0x2ee build/usbd_conf.o
 .debug_abbrev  0x0000097b      0x2f5 build/usbd_cdc_if.o
 .debug_abbrev  0x00000c70      0x17c build/stm32f4xx_it.o
 .debug_abbrev  0x00000dec       0xd3 build/stm32f4xx_hal_msp.o
 .debug_abbrev  0x00000ebf      0x2d1 build/stm32f4xx_hal_pcd.o
 .debug_abbrev  0x00001190      0x1c5 build/stm32f4xx_hal_pcd_ex.o
 .debug_abbrev  0x00001355      0x2f9 build/stm32f4xx_ll_usb.o
 .debug_abbrev  0x0000164e      0x2aa build/stm32f4xx_hal_rcc.o
 .debug_abbrev  0x000018f8      0x22b build/stm32f4xx_hal_gpio.o
 .debug_abbrev  0x00001b23      0x382 build/stm32f4xx_hal_cortex.o
 .debug_abbrev  0x00001ea5      0x209 build/stm32f4xx_hal.o
 .debug_abbrev  0x000020ae      0x356 build/stm32f4xx_hal_uart.o
 .debug_abbrev  0x00002404      0x11b build/system_stm32f4xx.o
 .debug_abbrev  0x0000251f      0x2f7 build/usbd_core.o
 .debug_abbrev  0x00002816      0x391 build/usbd_ctlreq.o
 .debug_abbrev  0x00002ba7      0x176 build/usbd_ioreq.o
 .debug_abbrev  0x00002d1d      0x2d0 build/usbd_cdc.o
 .debug_abbrev  0x00002fed      0x2d8 build/usbd_winUsb.o
 .debug_abbrev  0x000032c5      0x315 build/usbd_composite.o
 .debug_abbrev  0x000035da       0x12 build/startup_stm32f405xx.o

.debug_loc      0x00000000    0x104f8
 .debug_loc     0x00000000       0xff build/main.o
 .debug_loc     0x000000ff       0x2c build/gpio.o
 .debug_loc     0x0000012b      0x108 build/usart.o
 .debug_loc     0x00000233       0x20 build/usb_device.o
 .debug_loc     0x00000253      0xf26 build/usbd_conf.o
 .debug_loc     0x00001179      0x23b build/usbd_cdc_if.o
 .debug_loc     0x000013b4       0x40 build/stm32f4xx_it.o
 .debug_loc     0x000013f4       0x2c build/stm32f4xx_hal_msp.o
 .debug_loc     0x00001420     0x1777 build/stm32f4xx_hal_pcd.o
 .debug_loc     0x00002b97      0x116 build/stm32f4xx_hal_pcd_ex.o
 .debug_loc     0x00002cad     0x2abe build/stm32f4xx_ll_usb.o
 .debug_loc     0x0000576b      0x6e4 build/stm32f4xx_hal_rcc.o
 .debug_loc     0x00005e4f      0x5e8 build/stm32f4xx_hal_gpio.o
 .debug_loc     0x00006437      0x7a4 build/stm32f4xx_hal_cortex.o
 .debug_loc     0x00006bdb      0x1e1 build/stm32f4xx_hal.o
 .debug_loc     0x00006dbc     0x4fef build/stm32f4xx_hal_uart.o
 .debug_loc     0x0000bdab      0x158 build/system_stm32f4xx.o
 .debug_loc     0x0000bf03     0x140d build/usbd_core.o
 .debug_loc     0x0000d310     0x1acc build/usbd_ctlreq.o
 .debug_loc     0x0000eddc      0x398 build/usbd_ioreq.o
 .debug_loc     0x0000f174      0x988 build/usbd_cdc.o
 .debug_loc     0x0000fafc      0x2da build/usbd_winUsb.o
 .debug_loc     0x0000fdd6      0x722 build/usbd_composite.o

.debug_aranges  0x00000000      0xdb0
 .debug_aranges
                0x00000000       0x38 build/main.o
 .debug_aranges
                0x00000038       0x20 build/gpio.o
 .debug_aranges
                0x00000058       0x30 build/usart.o
 .debug_aranges
                0x00000088       0x20 build/usb_device.o
 .debug_aranges
                0x000000a8      0x110 build/usbd_conf.o
 .debug_aranges
                0x000001b8       0x48 build/usbd_cdc_if.o
 .debug_aranges
                0x00000200       0x68 build/stm32f4xx_it.o
 .debug_aranges
                0x00000268       0x20 build/stm32f4xx_hal_msp.o
 .debug_aranges
                0x00000288      0x148 build/stm32f4xx_hal_pcd.o
 .debug_aranges
                0x000003d0       0x38 build/stm32f4xx_hal_pcd_ex.o
 .debug_aranges
                0x00000408      0x1a0 build/stm32f4xx_ll_usb.o
 .debug_aranges
                0x000005a8       0x88 build/stm32f4xx_hal_rcc.o
 .debug_aranges
                0x00000630       0x58 build/stm32f4xx_hal_gpio.o
 .debug_aranges
                0x00000688       0xa8 build/stm32f4xx_hal_cortex.o
 .debug_aranges
                0x00000730       0xf0 build/stm32f4xx_hal.o
 .debug_aranges
                0x00000820      0x200 build/stm32f4xx_hal_uart.o
 .debug_aranges
                0x00000a20       0x28 build/system_stm32f4xx.o
 .debug_aranges
                0x00000a48       0xf0 build/usbd_core.o
 .debug_aranges
                0x00000b38       0x88 build/usbd_ctlreq.o
 .debug_aranges
                0x00000bc0       0x50 build/usbd_ioreq.o
 .debug_aranges
                0x00000c10       0x70 build/usbd_cdc.o
 .debug_aranges
                0x00000c80       0x70 build/usbd_winUsb.o
 .debug_aranges
                0x00000cf0       0x98 build/usbd_composite.o
 .debug_aranges
                0x00000d88       0x28 build/startup_stm32f405xx.o

.debug_ranges   0x00000000      0xd40
 .debug_ranges  0x00000000       0x28 build/main.o
 .debug_ranges  0x00000028       0x10 build/gpio.o
 .debug_ranges  0x00000038       0x20 build/usart.o
 .debug_ranges  0x00000058       0x10 build/usb_device.o
 .debug_ranges  0x00000068      0x100 build/usbd_conf.o
 .debug_ranges  0x00000168       0x38 build/usbd_cdc_if.o
 .debug_ranges  0x000001a0       0x58 build/stm32f4xx_it.o
 .debug_ranges  0x000001f8       0x10 build/stm32f4xx_hal_msp.o
 .debug_ranges  0x00000208      0x138 build/stm32f4xx_hal_pcd.o
 .debug_ranges  0x00000340       0x28 build/stm32f4xx_hal_pcd_ex.o
 .debug_ranges  0x00000368      0x190 build/stm32f4xx_ll_usb.o
 .debug_ranges  0x000004f8       0x90 build/stm32f4xx_hal_rcc.o
 .debug_ranges  0x00000588       0x48 build/stm32f4xx_hal_gpio.o
 .debug_ranges  0x000005d0       0xf8 build/stm32f4xx_hal_cortex.o
 .debug_ranges  0x000006c8       0xe0 build/stm32f4xx_hal.o
 .debug_ranges  0x000007a8      0x208 build/stm32f4xx_hal_uart.o
 .debug_ranges  0x000009b0       0x18 build/system_stm32f4xx.o
 .debug_ranges  0x000009c8      0x158 build/usbd_core.o
 .debug_ranges  0x00000b20       0x78 build/usbd_ctlreq.o
 .debug_ranges  0x00000b98       0x40 build/usbd_ioreq.o
 .debug_ranges  0x00000bd8       0x60 build/usbd_cdc.o
 .debug_ranges  0x00000c38       0x60 build/usbd_winUsb.o
 .debug_ranges  0x00000c98       0x88 build/usbd_composite.o
 .debug_ranges  0x00000d20       0x20 build/startup_stm32f405xx.o

.debug_line     0x00000000     0xed1d
 .debug_line    0x00000000      0x377 build/main.o
 .debug_line    0x00000377      0x15c build/gpio.o
 .debug_line    0x000004d3      0x2cf build/usart.o
 .debug_line    0x000007a2      0x287 build/usb_device.o
 .debug_line    0x00000a29      0x81e build/usbd_conf.o
 .debug_line    0x00001247      0x357 build/usbd_cdc_if.o
 .debug_line    0x0000159e      0x2dd build/stm32f4xx_it.o
 .debug_line    0x0000187b      0x169 build/stm32f4xx_hal_msp.o
 .debug_line    0x000019e4     0x1570 build/stm32f4xx_hal_pcd.o
 .debug_line    0x00002f54      0x2c9 build/stm32f4xx_hal_pcd_ex.o
 .debug_line    0x0000321d     0x1e46 build/stm32f4xx_ll_usb.o
 .debug_line    0x00005063      0xb24 build/stm32f4xx_hal_rcc.o
 .debug_line    0x00005b87      0x6f5 build/stm32f4xx_hal_gpio.o
 .debug_line    0x0000627c      0x78c build/stm32f4xx_hal_cortex.o
 .debug_line    0x00006a08      0x579 build/stm32f4xx_hal.o
 .debug_line    0x00006f81     0x4602 build/stm32f4xx_hal_uart.o
 .debug_line    0x0000b583      0x25f build/system_stm32f4xx.o
 .debug_line    0x0000b7e2      0xfc4 build/usbd_core.o
 .debug_line    0x0000c7a6      0xe23 build/usbd_ctlreq.o
 .debug_line    0x0000d5c9      0x2be build/usbd_ioreq.o
 .debug_line    0x0000d887      0x97a build/usbd_cdc.o
 .debug_line    0x0000e201      0x4b5 build/usbd_winUsb.o
 .debug_line    0x0000e6b6      0x5f1 build/usbd_composite.o
 .debug_line    0x0000eca7       0x76 build/startup_stm32f405xx.o

.debug_str      0x00000000     0x447e
 .debug_str     0x00000000      0x84a build/main.o
                                0x8ec (size before relaxing)
 .debug_str     0x0000084a        0xb build/gpio.o
                                0x290 (size before relaxing)
 .debug_str     0x00000855       0xc9 build/usart.o
                                0x7d7 (size before relaxing)
 .debug_str     0x0000091e      0x60a build/usb_device.o
                                0x8ad (size before relaxing)
 .debug_str     0x00000f28      0xdac build/usbd_conf.o
                               0x16e4 (size before relaxing)
 .debug_str     0x00001cd4      0x13d build/usbd_cdc_if.o
                                0x913 (size before relaxing)
 .debug_str     0x00001e11       0xd4 build/stm32f4xx_it.o
                                0x626 (size before relaxing)
 .debug_str     0x00001ee5       0x24 build/stm32f4xx_hal_msp.o
                                0x29c (size before relaxing)
 .debug_str     0x00001f09      0x5cd build/stm32f4xx_hal_pcd.o
                                0xda8 (size before relaxing)
 .debug_str     0x000024d6      0x125 build/stm32f4xx_hal_pcd_ex.o
                                0x70c (size before relaxing)
 .debug_str     0x000025fb      0x440 build/stm32f4xx_ll_usb.o
                                0xc85 (size before relaxing)
 .debug_str     0x00002a3b      0x21b build/stm32f4xx_hal_rcc.o
                                0x6ec (size before relaxing)
 .debug_str     0x00002c56      0x136 build/stm32f4xx_hal_gpio.o
                                0x4c6 (size before relaxing)
 .debug_str     0x00002d8c      0x47a build/stm32f4xx_hal_cortex.o
                                0xbf1 (size before relaxing)
 .debug_str     0x00003206      0x295 build/stm32f4xx_hal.o
                                0xb1f (size before relaxing)
 .debug_str     0x0000349b      0x62e build/stm32f4xx_hal_uart.o
                                0xd3f (size before relaxing)
 .debug_str     0x00003ac9       0x42 build/system_stm32f4xx.o
                                0x356 (size before relaxing)
 .debug_str     0x00003b0b      0x313 build/usbd_core.o
                                0xbf0 (size before relaxing)
 .debug_str     0x00003e1e      0x118 build/usbd_ctlreq.o
                                0x992 (size before relaxing)
 .debug_str     0x00003f36       0x60 build/usbd_ioreq.o
                                0x847 (size before relaxing)
 .debug_str     0x00003f96       0xde build/usbd_cdc.o
                                0xdb3 (size before relaxing)
 .debug_str     0x00004074      0x165 build/usbd_winUsb.o
                                0x9fd (size before relaxing)
 .debug_str     0x000041d9      0x281 build/usbd_composite.o
                                0xa15 (size before relaxing)
 .debug_str     0x0000445a       0x24 build/startup_stm32f405xx.o
                                 0x50 (size before relaxing)

.comment        0x00000000       0x49
 .comment       0x00000000       0x49 build/main.o
                                 0x4a (size before relaxing)
 .comment       0x00000049       0x4a build/gpio.o
 .comment       0x00000049       0x4a build/usart.o
 .comment       0x00000049       0x4a build/usb_device.o
 .comment       0x00000049       0x4a build/usbd_conf.o
 .comment       0x00000049       0x4a build/usbd_cdc_if.o
 .comment       0x00000049       0x4a build/stm32f4xx_it.o
 .comment       0x00000049       0x4a build/stm32f4xx_hal_msp.o
 .comment       0x00000049       0x4a build/stm32f4xx_hal_pcd.o
 .comment       0x00000049       0x4a build/stm32f4xx_hal_pcd_ex.o
 .comment       0x00000049       0x4a build/stm32f4xx_ll_usb.o
 .comment       0x00000049       0x4a build/stm32f4xx_hal_rcc.o
 .comment       0x00000049       0x4a build/stm32f4xx_hal_gpio.o
 .comment       0x00000049       0x4a build/stm32f4xx_hal_cortex.o
 .comment       0x00000049       0x4a build/stm32f4xx_hal.o
 .comment       0x00000049       0x4a build/stm32f4xx_hal_uart.o
 .comment       0x00000049       0x4a build/system_stm32f4xx.o
 .comment       0x00000049       0x4a build/usbd_core.o
 .comment       0x00000049       0x4a build/usbd_ctlreq.o
 .comment       0x00000049       0x4a build/usbd_ioreq.o
 .comment       0x00000049       0x4a build/usbd_cdc.o
 .comment       0x00000049       0x4a build/usbd_winUsb.o
 .comment       0x00000049       0x4a build/usbd_composite.o

.debug_frame    0x00000000     0x2b9c
 .debug_frame   0x00000000       0x70 build/main.o
 .debug_frame   0x00000070       0x28 build/gpio.o
 .debug_frame   0x00000098       0x60 build/usart.o
 .debug_frame   0x000000f8       0x28 build/usb_device.o
 .debug_frame   0x00000120      0x2e4 build/usbd_conf.o
 .debug_frame   0x00000404       0x8c build/usbd_cdc_if.o
 .debug_frame   0x00000490       0xc0 build/stm32f4xx_it.o
 .debug_frame   0x00000550       0x28 build/stm32f4xx_hal_msp.o
 .debug_frame   0x00000578      0x388 build/stm32f4xx_hal_pcd.o
 .debug_frame   0x00000900       0x5c build/stm32f4xx_hal_pcd_ex.o
 .debug_frame   0x0000095c      0x4ac build/stm32f4xx_ll_usb.o
 .debug_frame   0x00000e08      0x16c build/stm32f4xx_hal_rcc.o
 .debug_frame   0x00000f74       0xd8 build/stm32f4xx_hal_gpio.o
 .debug_frame   0x0000104c      0x148 build/stm32f4xx_hal_cortex.o
 .debug_frame   0x00001194      0x1ec build/stm32f4xx_hal.o
 .debug_frame   0x00001380      0x5cc build/stm32f4xx_hal_uart.o
 .debug_frame   0x0000194c       0x30 build/system_stm32f4xx.o
 .debug_frame   0x0000197c      0x2bc build/usbd_core.o
 .debug_frame   0x00001c38      0x184 build/usbd_ctlreq.o
 .debug_frame   0x00001dbc       0xb8 build/usbd_ioreq.o
 .debug_frame   0x00001e74      0x13c build/usbd_cdc.o
 .debug_frame   0x00001fb0       0xec build/usbd_winUsb.o
 .debug_frame   0x0000209c      0x16c build/usbd_composite.o
 .debug_frame   0x00002208       0x2c c:/program files (x86)/gnu arm embedded toolchain/10 2021.10/bin/../lib/gcc/arm-none-eabi/10.3.1/../../../../arm-none-eabi/lib/thumb/v7e-m+fp/hard\libc_nano.a(lib_a-init.o)
 .debug_frame   0x00002234       0x30 c:/program files (x86)/gnu arm embedded toolchain/10 2021.10/bin/../lib/gcc/arm-none-eabi/10.3.1/../../../../arm-none-eabi/lib/thumb/v7e-m+fp/hard\libc_nano.a(lib_a-malloc.o)