Archive member included to satisfy reference by file (symbol)

c:/program files (x86)/gnu arm embedded toolchain/10 2021.10/bin/../lib/gcc/arm-none-eabi/10.3.1/../../../../arm-none-eabi/lib/thumb/v6-m/nofp\libc_nano.a(lib_a-errno.o)
                              build/syscalls.o (__errno)
c:/program files (x86)/gnu arm embedded toolchain/10 2021.10/bin/../lib/gcc/arm-none-eabi/10.3.1/../../../../arm-none-eabi/lib/thumb/v6-m/nofp\libc_nano.a(lib_a-exit.o)
                              c:/program files (x86)/gnu arm embedded toolchain/10 2021.10/bin/../lib/gcc/arm-none-eabi/10.3.1/../../../../arm-none-eabi/lib/thumb/v6-m/nofp/crt0.o (exit)
c:/program files (x86)/gnu arm embedded toolchain/10 2021.10/bin/../lib/gcc/arm-none-eabi/10.3.1/../../../../arm-none-eabi/lib/thumb/v6-m/nofp\libc_nano.a(lib_a-impure.o)
                              c:/program files (x86)/gnu arm embedded toolchain/10 2021.10/bin/../lib/gcc/arm-none-eabi/10.3.1/../../../../arm-none-eabi/lib/thumb/v6-m/nofp\libc_nano.a(lib_a-exit.o) (_global_impure_ptr)
c:/program files (x86)/gnu arm embedded toolchain/10 2021.10/bin/../lib/gcc/arm-none-eabi/10.3.1/../../../../arm-none-eabi/lib/thumb/v6-m/nofp\libc_nano.a(lib_a-init.o)
                              c:/program files (x86)/gnu arm embedded toolchain/10 2021.10/bin/../lib/gcc/arm-none-eabi/10.3.1/../../../../arm-none-eabi/lib/thumb/v6-m/nofp/crt0.o (__libc_init_array)
c:/program files (x86)/gnu arm embedded toolchain/10 2021.10/bin/../lib/gcc/arm-none-eabi/10.3.1/../../../../arm-none-eabi/lib/thumb/v6-m/nofp\libc_nano.a(lib_a-memcpy-stub.o)
                              build/random_flash_utils.o (memcpy)
c:/program files (x86)/gnu arm embedded toolchain/10 2021.10/bin/../lib/gcc/arm-none-eabi/10.3.1/../../../../arm-none-eabi/lib/thumb/v6-m/nofp\libc_nano.a(lib_a-memset.o)
                              c:/program files (x86)/gnu arm embedded toolchain/10 2021.10/bin/../lib/gcc/arm-none-eabi/10.3.1/../../../../arm-none-eabi/lib/thumb/v6-m/nofp/crt0.o (memset)
c:/program files (x86)/gnu arm embedded toolchain/10 2021.10/bin/../lib/gcc/arm-none-eabi/10.3.1/../../../../arm-none-eabi/lib/thumb/v6-m/nofp\libc_nano.a(lib_a-puts.o)
                              build/main.o (puts)
c:/program files (x86)/gnu arm embedded toolchain/10 2021.10/bin/../lib/gcc/arm-none-eabi/10.3.1/../../../../arm-none-eabi/lib/thumb/v6-m/nofp\libc_nano.a(lib_a-wbuf.o)
                              c:/program files (x86)/gnu arm embedded toolchain/10 2021.10/bin/../lib/gcc/arm-none-eabi/10.3.1/../../../../arm-none-eabi/lib/thumb/v6-m/nofp\libc_nano.a(lib_a-puts.o) (__swbuf_r)
c:/program files (x86)/gnu arm embedded toolchain/10 2021.10/bin/../lib/gcc/arm-none-eabi/10.3.1/../../../../arm-none-eabi/lib/thumb/v6-m/nofp\libc_nano.a(lib_a-wsetup.o)
                              c:/program files (x86)/gnu arm embedded toolchain/10 2021.10/bin/../lib/gcc/arm-none-eabi/10.3.1/../../../../arm-none-eabi/lib/thumb/v6-m/nofp\libc_nano.a(lib_a-puts.o) (__swsetup_r)
c:/program files (x86)/gnu arm embedded toolchain/10 2021.10/bin/../lib/gcc/arm-none-eabi/10.3.1/../../../../arm-none-eabi/lib/thumb/v6-m/nofp\libc_nano.a(lib_a-fflush.o)
                              c:/program files (x86)/gnu arm embedded toolchain/10 2021.10/bin/../lib/gcc/arm-none-eabi/10.3.1/../../../../arm-none-eabi/lib/thumb/v6-m/nofp\libc_nano.a(lib_a-wbuf.o) (_fflush_r)
c:/program files (x86)/gnu arm embedded toolchain/10 2021.10/bin/../lib/gcc/arm-none-eabi/10.3.1/../../../../arm-none-eabi/lib/thumb/v6-m/nofp\libc_nano.a(lib_a-findfp.o)
                              c:/program files (x86)/gnu arm embedded toolchain/10 2021.10/bin/../lib/gcc/arm-none-eabi/10.3.1/../../../../arm-none-eabi/lib/thumb/v6-m/nofp\libc_nano.a(lib_a-puts.o) (__sinit)
c:/program files (x86)/gnu arm embedded toolchain/10 2021.10/bin/../lib/gcc/arm-none-eabi/10.3.1/../../../../arm-none-eabi/lib/thumb/v6-m/nofp\libc_nano.a(lib_a-fwalk.o)
                              c:/program files (x86)/gnu arm embedded toolchain/10 2021.10/bin/../lib/gcc/arm-none-eabi/10.3.1/../../../../arm-none-eabi/lib/thumb/v6-m/nofp\libc_nano.a(lib_a-findfp.o) (_fwalk)
c:/program files (x86)/gnu arm embedded toolchain/10 2021.10/bin/../lib/gcc/arm-none-eabi/10.3.1/../../../../arm-none-eabi/lib/thumb/v6-m/nofp\libc_nano.a(lib_a-lock.o)
                              c:/program files (x86)/gnu arm embedded toolchain/10 2021.10/bin/../lib/gcc/arm-none-eabi/10.3.1/../../../../arm-none-eabi/lib/thumb/v6-m/nofp\libc_nano.a(lib_a-findfp.o) (__retarget_lock_init_recursive)
c:/program files (x86)/gnu arm embedded toolchain/10 2021.10/bin/../lib/gcc/arm-none-eabi/10.3.1/../../../../arm-none-eabi/lib/thumb/v6-m/nofp\libc_nano.a(lib_a-makebuf.o)
                              c:/program files (x86)/gnu arm embedded toolchain/10 2021.10/bin/../lib/gcc/arm-none-eabi/10.3.1/../../../../arm-none-eabi/lib/thumb/v6-m/nofp\libc_nano.a(lib_a-wsetup.o) (__smakebuf_r)
[...]
Memory Configuration

Name             Origin             Length             Attributes
RAM              0x20000000         0x00001800         xrw
FLASH            0x08000000         0x00008000         xr
*default*        0x00000000         0xffffffff

Linker script and memory map

LOAD c:/program files (x86)/gnu arm embedded toolchain/10 2021.10/bin/../lib/gcc/arm-none-eabi/10.3.1/thumb/v6-m/nofp/crti.o
LOAD c:/program files (x86)/gnu arm embedded toolchain/10 2021.10/bin/../lib/gcc/arm-none-eabi/10.3.1/thumb/v6-m/nofp/crtbegin.o
LOAD c:/program files (x86)/gnu arm embedded toolchain/10 2021.10/bin/../lib/gcc/arm-none-eabi/10.3.1/../../../../arm-none-eabi/lib/thumb/v6-m/nofp/crt0.o
LOAD build/main.o
LOAD build/gpio.o
LOAD build/adc.o
LOAD build/dma.o
LOAD build/tim.o
LOAD build/syscalls.o
LOAD build/stm32f0xx_it.o
LOAD build/stm32f0xx_ll_gpio.o
LOAD build/stm32f0xx_ll_dma.o
LOAD build/stm32f0xx_ll_rcc.o
LOAD build/stm32f0xx_ll_utils.o
LOAD build/stm32f0xx_ll_exti.o
LOAD build/stm32f0xx_ll_tim.o
LOAD build/system_stm32f0xx.o
LOAD build/i2c.o
LOAD build/usart.o
LOAD build/stm32f0xx_ll_flash.o
LOAD build/stm32f0xx_ll_i2c.o
LOAD build/stm32f0xx_ll_usart.o
LOAD build/stm32f0xx_ll_adc.o
LOAD build/stm32f0xx_ll_pwr.o
LOAD build/user.o
LOAD build/motor.o
LOAD build/random_flash_utils.o
LOAD build/startup_stm32f042x6.o
LOAD c:/program files (x86)/gnu arm embedded toolchain/10 2021.10/bin/../lib/gcc/arm-none-eabi/10.3.1/../../../../arm-none-eabi/lib/thumb/v6-m/nofp\libc_nano.a
LOAD c:/program files (x86)/gnu arm embedded toolchain/10 2021.10/bin/../lib/gcc/arm-none-eabi/10.3.1/../../../../arm-none-eabi/lib/thumb/v6-m/nofp\libm.a
LOAD c:/program files (x86)/gnu arm embedded toolchain/10 2021.10/bin/../lib/gcc/arm-none-eabi/10.3.1/../../../../arm-none-eabi/lib/thumb/v6-m/nofp\libnosys.a
START GROUP
LOAD c:/program files (x86)/gnu arm embedded toolchain/10 2021.10/bin/../lib/gcc/arm-none-eabi/10.3.1/thumb/v6-m/nofp\libgcc.a
LOAD c:/program files (x86)/gnu arm embedded toolchain/10 2021.10/bin/../lib/gcc/arm-none-eabi/10.3.1/../../../../arm-none-eabi/lib/thumb/v6-m/nofp\libc_nano.a
END GROUP
START GROUP
LOAD c:/program files (x86)/gnu arm embedded toolchain/10 2021.10/bin/../lib/gcc/arm-none-eabi/10.3.1/thumb/v6-m/nofp\libgcc.a
LOAD c:/program files (x86)/gnu arm embedded toolchain/10 2021.10/bin/../lib/gcc/arm-none-eabi/10.3.1/../../../../arm-none-eabi/lib/thumb/v6-m/nofp\libc_nano.a
END GROUP
LOAD c:/program files (x86)/gnu arm embedded toolchain/10 2021.10/bin/../lib/gcc/arm-none-eabi/10.3.1/thumb/v6-m/nofp/crtend.o
LOAD c:/program files (x86)/gnu arm embedded toolchain/10 2021.10/bin/../lib/gcc/arm-none-eabi/10.3.1/thumb/v6-m/nofp/crtn.o
                0x20001800                _estack = (ORIGIN (RAM) + LENGTH (RAM))
                0x00000200                _Min_Heap_Size = 0x200
                0x00000400                _Min_Stack_Size = 0x400

.isr_vector     0x08000000       0xc0
                0x08000000                . = ALIGN (0x4)
 *(.isr_vector)
 .isr_vector    0x08000000       0xc0 build/startup_stm32f042x6.o
                0x08000000                g_pfnVectors
                0x080000c0                . = ALIGN (0x4)

.text           0x080000c0     0x4260
                0x080000c0                . = ALIGN (0x4)
 *(.text)
 .text          0x080000c0       0x48 c:/program files (x86)/gnu arm embedded toolchain/10 2021.10/bin/../lib/gcc/arm-none-eabi/10.3.1/thumb/v6-m/nofp/crtbegin.o
 .text          0x08000108      0x114 c:/program files (x86)/gnu arm embedded toolchain/10 2021.10/bin/../lib/gcc/arm-none-eabi/10.3.1/thumb/v6-m/nofp\libgcc.a(_udivsi3.o)
                0x08000108                __aeabi_uidiv
                0x08000108                __udivsi3
                0x08000214                __aeabi_uidivmod
 .text          0x0800021c        0x4 c:/program files (x86)/gnu arm embedded toolchain/10 2021.10/bin/../lib/gcc/arm-none-eabi/10.3.1/thumb/v6-m/nofp\libgcc.a(_dvmd_tls.o)
                0x0800021c                __aeabi_idiv0
                0x0800021c                __aeabi_ldiv0
 .text          0x08000220       0x74 c:/program files (x86)/gnu arm embedded toolchain/10 2021.10/bin/../lib/gcc/arm-none-eabi/10.3.1/thumb/v6-m/nofp\libgcc.a(_arm_cmpsf2.o)
                0x08000220                __aeabi_cfrcmple
                0x08000228                __aeabi_cfcmpeq
                0x08000228                __aeabi_cfcmple
                0x08000238                __aeabi_fcmpeq
                0x08000244                __aeabi_fcmplt
                0x08000258                __aeabi_fcmple
                0x0800026c                __aeabi_fcmpgt
                0x08000280                __aeabi_fcmpge
 .text          0x08000294      0x33c c:/program files (x86)/gnu arm embedded toolchain/10 2021.10/bin/../lib/gcc/arm-none-eabi/10.3.1/thumb/v6-m/nofp\libgcc.a(addsf3.o)
                0x08000294                __aeabi_fadd
 .text          0x080005d0      0x230 c:/program files (x86)/gnu arm embedded toolchain/10 2021.10/bin/../lib/gcc/arm-none-eabi/10.3.1/thumb/v6-m/nofp\libgcc.a(divsf3.o)
                0x080005d0                __aeabi_fdiv
 .text          0x08000800       0x4c c:/program files (x86)/gnu arm embedded toolchain/10 2021.10/bin/../lib/gcc/arm-none-eabi/10.3.1/thumb/v6-m/nofp\libgcc.a(eqsf2.o)
                0x08000800                __eqsf2
                0x08000800                __nesf2
 .text          0x0800084c       0x8c c:/program files (x86)/gnu arm embedded toolchain/10 2021.10/bin/../lib/gcc/arm-none-eabi/10.3.1/thumb/v6-m/nofp\libgcc.a(gesf2.o)
                0x0800084c                __gesf2
                0x0800084c                __gtsf2
 .text          0x080008d8       0x88 c:/program files (x86)/gnu arm embedded toolchain/10 2021.10/bin/../lib/gcc/arm-none-eabi/10.3.1/thumb/v6-m/nofp\libgcc.a(lesf2.o)
                0x080008d8                __ltsf2
                0x080008d8                __lesf2
 .text          0x08000960      0x24c c:/program files (x86)/gnu arm embedded toolchain/10 2021.10/bin/../lib/gcc/arm-none-eabi/10.3.1/thumb/v6-m/nofp\libgcc.a(mulsf3.o)
                0x08000960                __aeabi_fmul
 .text          0x08000bac      0x35c c:/program files (x86)/gnu arm embedded toolchain/10 2021.10/bin/../lib/gcc/arm-none-eabi/10.3.1/thumb/v6-m/nofp\libgcc.a(subsf3.o)
                0x08000bac                __aeabi_fsub
 .text          0x08000f08       0x40 c:/program files (x86)/gnu arm embedded toolchain/10 2021.10/bin/../lib/gcc/arm-none-eabi/10.3.1/thumb/v6-m/nofp\libgcc.a(fixsfsi.o)
                0x08000f08                __aeabi_f2iz
 .text          0x08000f48       0x84 c:/program files (x86)/gnu arm embedded toolchain/10 2021.10/bin/../lib/gcc/arm-none-eabi/10.3.1/thumb/v6-m/nofp\libgcc.a(floatunsisf.o)
                0x08000f48                __aeabi_ui2f
 .text          0x08000fcc      0xa30 c:/program files (x86)/gnu arm embedded toolchain/10 2021.10/bin/../lib/gcc/arm-none-eabi/10.3.1/thumb/v6-m/nofp\libgcc.a(unwind-arm.o)
                0x08001298                _Unwind_GetCFA
                0x0800129c                __gnu_Unwind_RaiseException
                0x080012f0                __gnu_Unwind_ForcedUnwind
                0x08001304                __gnu_Unwind_Resume
                0x0800134c                __gnu_Unwind_Resume_or_Rethrow
                0x08001368                _Unwind_Complete
                0x0800136c                _Unwind_DeleteException
                0x0800137c                _Unwind_VRS_Get
                0x080013c8                _Unwind_VRS_Set
                0x08001414                __gnu_Unwind_Backtrace
                0x08001770                __aeabi_unwind_cpp_pr0
                0x0800177c                __aeabi_unwind_cpp_pr1
                0x08001788                __aeabi_unwind_cpp_pr2
                0x08001794                _Unwind_VRS_Pop
 .text          0x080019fc      0x144 c:/program files (x86)/gnu arm embedded toolchain/10 2021.10/bin/../lib/gcc/arm-none-eabi/10.3.1/thumb/v6-m/nofp\libgcc.a(libunwind.o)
                0x080019fc                __restore_core_regs
                0x080019fc                restore_core_regs
                0x08001a28                __gnu_Unwind_Restore_VFP
                0x08001a2c                __gnu_Unwind_Save_VFP
                0x08001a30                __gnu_Unwind_Restore_VFP_D
                0x08001a34                __gnu_Unwind_Save_VFP_D
                0x08001a38                __gnu_Unwind_Restore_VFP_D_16_to_31
                0x08001a3c                __gnu_Unwind_Save_VFP_D_16_to_31
                0x08001a40                __gnu_Unwind_Restore_WMMXD
                0x08001a44                __gnu_Unwind_Save_WMMXD
                0x08001a48                __gnu_Unwind_Restore_WMMXC
                0x08001a4c                __gnu_Unwind_Save_WMMXC
                0x08001a50                ___Unwind_RaiseException
                0x08001a50                _Unwind_RaiseException
                0x08001a80                _Unwind_Resume
                0x08001a80                ___Unwind_Resume
                0x08001ab0                _Unwind_Resume_or_Rethrow
                0x08001ab0                ___Unwind_Resume_or_Rethrow
                0x08001ae0                _Unwind_ForcedUnwind
                0x08001ae0                ___Unwind_ForcedUnwind
                0x08001b10                ___Unwind_Backtrace
                0x08001b10                _Unwind_Backtrace
 .text          0x08001b40      0x38c c:/program files (x86)/gnu arm embedded toolchain/10 2021.10/bin/../lib/gcc/arm-none-eabi/10.3.1/thumb/v6-m/nofp\libgcc.a(pr-support.o)
                0x08001b94                __gnu_unwind_execute
                0x08001e84                __gnu_unwind_frame
                0x08001eac                _Unwind_GetRegionStart
                0x08001eb8                _Unwind_GetLanguageSpecificData
 .text          0x08001ecc       0x3c c:/program files (x86)/gnu arm embedded toolchain/10 2021.10/bin/../lib/gcc/arm-none-eabi/10.3.1/thumb/v6-m/nofp\libgcc.a(_clzsi2.o)
                0x08001ecc                __clzsi2
 *(.text*)
 .text._write   0x08001f08       0x24 build/main.o
                0x08001f08                _write
 .text.SystemClock_Config
                0x08001f2c       0xe0 build/main.o
                0x08001f2c                SystemClock_Config
 .text.main     0x0800200c       0x6c build/main.o
                0x0800200c                main
 .text.MX_GPIO_Init
                0x08002078       0x20 build/gpio.o
                0x08002078                MX_GPIO_Init
 .text.MX_ADC_Init
                0x08002098      0x160 build/adc.o
                0x08002098                MX_ADC_Init
 .text.MX_DMA_Init
                0x080021f8       0x48 build/dma.o
                0x080021f8                MX_DMA_Init
 .text.MX_TIM3_Init
                0x08002240      0x114 build/tim.o
                0x08002240                MX_TIM3_Init
 .text.MX_TIM14_Init
                0x08002354       0x70 build/tim.o
                0x08002354                MX_TIM14_Init
 .text._getpid  0x080023c4        0x4 build/syscalls.o
                0x080023c4                _getpid
 .text._kill    0x080023c8       0x10 build/syscalls.o
                0x080023c8                _kill
 .text._exit    0x080023d8        0xc build/syscalls.o
                0x080023d8                _exit
 .text._read    0x080023e4       0x1c build/syscalls.o
                0x080023e4                _read
 .text._sbrk    0x08002400       0x3c build/syscalls.o
                0x08002400                _sbrk
 .text.NMI_Handler
                0x0800243c        0x2 build/stm32f0xx_it.o
                0x0800243c                NMI_Handler
 .text.HardFault_Handler
                0x0800243e        0x2 build/stm32f0xx_it.o
                0x0800243e                HardFault_Handler
 .text.SVC_Handler
                0x08002440        0x2 build/stm32f0xx_it.o
                0x08002440                SVC_Handler
 .text.PendSV_Handler
                0x08002442        0x2 build/stm32f0xx_it.o
                0x08002442                PendSV_Handler
 .text.SysTick_Handler
                0x08002444        0x2 build/stm32f0xx_it.o
                0x08002444                SysTick_Handler
 *fill*         0x08002446        0x2 
 .text.DMA1_Channel1_IRQHandler
                0x08002448        0xc build/stm32f0xx_it.o
                0x08002448                DMA1_Channel1_IRQHandler
 .text.DMA1_Channel2_3_IRQHandler
                0x08002454       0x38 build/stm32f0xx_it.o
                0x08002454                DMA1_Channel2_3_IRQHandler
 .text.TIM14_IRQHandler
                0x0800248c       0x14 build/stm32f0xx_it.o
                0x0800248c                TIM14_IRQHandler
 .text.I2C1_IRQHandler
                0x080024a0       0x30 build/stm32f0xx_it.o
                0x080024a0                I2C1_IRQHandler
 .text.LL_GPIO_Init
                0x080024d0       0xb0 build/stm32f0xx_ll_gpio.o
                0x080024d0                LL_GPIO_Init
 .text.RCC_GetHCLKClockFreq
                0x08002580       0x1c build/stm32f0xx_ll_rcc.o
                0x08002580                RCC_GetHCLKClockFreq
 .text.RCC_GetPCLK1ClockFreq
                0x0800259c       0x1c build/stm32f0xx_ll_rcc.o
                0x0800259c                RCC_GetPCLK1ClockFreq
 .text.RCC_PLL_GetFreqDomain_SYS
                0x080025b8       0x3c build/stm32f0xx_ll_rcc.o
                0x080025b8                RCC_PLL_GetFreqDomain_SYS
 .text.RCC_GetSystemClockFreq
                0x080025f4       0x2c build/stm32f0xx_ll_rcc.o
                0x080025f4                RCC_GetSystemClockFreq
 .text.LL_RCC_GetSystemClocksFreq
                0x08002620       0x18 build/stm32f0xx_ll_rcc.o
                0x08002620                LL_RCC_GetSystemClocksFreq
 .text.LL_RCC_GetUSARTClockFreq
                0x08002638       0x68 build/stm32f0xx_ll_rcc.o
                0x08002638                LL_RCC_GetUSARTClockFreq
 .text.LL_Init1msTick
                0x080026a0       0x20 build/stm32f0xx_ll_utils.o
                0x080026a0                LL_Init1msTick
 .text.LL_mDelay
                0x080026c0       0x28 build/stm32f0xx_ll_utils.o
                0x080026c0                LL_mDelay
 .text.LL_SetSystemCoreClock
                0x080026e8        0xc build/stm32f0xx_ll_utils.o
                0x080026e8                LL_SetSystemCoreClock
 .text.OC1Config
                0x080026f4       0x80 build/stm32f0xx_ll_tim.o
 .text.OC2Config
                0x08002774       0x8c build/stm32f0xx_ll_tim.o
 .text.OC3Config
                0x08002800       0x98 build/stm32f0xx_ll_tim.o
 .text.OC4Config
                0x08002898       0x74 build/stm32f0xx_ll_tim.o
 .text.LL_TIM_Init
                0x0800290c       0x90 build/stm32f0xx_ll_tim.o
                0x0800290c                LL_TIM_Init
 .text.LL_TIM_OC_Init
                0x0800299c       0x40 build/stm32f0xx_ll_tim.o
                0x0800299c                LL_TIM_OC_Init
 .text.SystemInit
                0x080029dc        0x2 build/system_stm32f0xx.o
                0x080029dc                SystemInit
 *fill*         0x080029de        0x2 
 .text.MY_I2C1_Init
                0x080029e0      0x1a0 build/i2c.o
                0x080029e0                MY_I2C1_Init
 .text.Set_ID   0x08002b80       0x28 build/i2c.o
                0x08002b80                Set_ID
 .text.Slave_Transmit
                0x08002ba8       0x74 build/i2c.o
                0x08002ba8                Slave_Transmit
 .text.MX_USART2_UART_Init
                0x08002c1c       0xcc build/usart.o
                0x08002c1c                MX_USART2_UART_Init
 .text.LL_FLASH_Program_TwoBtye
                0x08002ce8       0x14 build/stm32f0xx_ll_flash.o
 .text.LL_Flash_Unlock
                0x08002cfc       0x2c build/stm32f0xx_ll_flash.o
                0x08002cfc                LL_Flash_Unlock
 .text.LL_Flash_PageErase
                0x08002d28       0x64 build/stm32f0xx_ll_flash.o
                0x08002d28                LL_Flash_PageErase
 .text.LL_FLASH_Program
                0x08002d8c       0x88 build/stm32f0xx_ll_flash.o
                0x08002d8c                LL_FLASH_Program
 .text.LL_I2C_Init
                0x08002e14       0x78 build/stm32f0xx_ll_i2c.o
                0x08002e14                LL_I2C_Init
 .text.LL_USART_Init
                0x08002e8c       0xc8 build/stm32f0xx_ll_usart.o
                0x08002e8c                LL_USART_Init
 .text.LL_ADC_Init
                0x08002f54       0x34 build/stm32f0xx_ll_adc.o
                0x08002f54                LL_ADC_Init
 .text.LL_ADC_REG_Init
                0x08002f88       0x30 build/stm32f0xx_ll_adc.o
                0x08002f88                LL_ADC_REG_Init
 .text._Z41__static_initialization_and_destruction_0ii
                0x08002fb8       0x20 build/user.o
 .text.I2C_SlaveDMARxCpltCallback
                0x08002fd8      0x1f8 build/user.o
                0x08002fd8                I2C_SlaveDMARxCpltCallback
 .text.TIM14_PeriodElapsedCallback
                0x080031d0       0x94 build/user.o
                0x080031d0                TIM14_PeriodElapsedCallback
 .text._ZN6EEPROM3putI8Config_tEERKT_iS4_
                0x08003264       0x58 build/user.o
                0x08003264                Config_t const& EEPROM::put<Config_t>(int, Config_t const&)
 .text.Main     0x080032bc      0x188 build/user.o
                0x080032bc                Main
 .text._GLOBAL__sub_I_motor
                0x08003444       0x10 build/user.o
 .text._ZN5Motor13CalcDceOutputEff
                0x08003454      0x10a build/motor.o
                0x08003454                Motor::CalcDceOutput(float, float)
 *fill*         0x0800355e        0x2 
 .text._ZN5Motor6SetPwmEs
                0x08003560       0x50 build/motor.o
                0x08003560                Motor::SetPwm(short)
 .text._ZN5Motor14SetTorqueLimitEf
                0x080035b0       0x38 build/motor.o
                0x080035b0                Motor::SetTorqueLimit(float)
 .text._ZN5Motor9SetEnableEb
                0x080035e8        0x6 build/motor.o
                0x080035e8                Motor::SetEnable(bool)
 *fill*         0x080035ee        0x2 
 .text.eeprom_buffered_read_byte
                0x080035f0        0xc build/random_flash_utils.o
                0x080035f0                eeprom_buffered_read_byte
 .text.eeprom_buffered_write_byte
                0x080035fc        0xc build/random_flash_utils.o
                0x080035fc                eeprom_buffered_write_byte
 .text.eeprom_buffer_fill
                0x08003608       0x18 build/random_flash_utils.o
                0x08003608                eeprom_buffer_fill
 .text.eeprom_buffer_flush
                0x08003620       0x74 build/random_flash_utils.o
                0x08003620                eeprom_buffer_flush
 .text.Reset_Handler
                0x08003694       0x80 build/startup_stm32f042x6.o
                0x08003694                Reset_Handler
 .text.Default_Handler
                0x08003714        0x2 build/startup_stm32f042x6.o
                0x08003714                TIM1_CC_IRQHandler
                0x08003714                TSC_IRQHandler
                0x08003714                RCC_CRS_IRQHandler
                0x08003714                SPI1_IRQHandler
                0x08003714                EXTI2_3_IRQHandler
                0x08003714                ADC1_IRQHandler
                0x08003714                TIM17_IRQHandler
                0x08003714                CEC_CAN_IRQHandler
                0x08003714                RTC_IRQHandler
                0x08003714                PVD_VDDIO2_IRQHandler
                0x08003714                TIM16_IRQHandler
                0x08003714                TIM3_IRQHandler
                0x08003714                EXTI4_15_IRQHandler
                0x08003714                Default_Handler
                0x08003714                DMA1_Channel4_5_IRQHandler
                0x08003714                EXTI0_1_IRQHandler
                0x08003714                USB_IRQHandler
                0x08003714                SPI2_IRQHandler
                0x08003714                WWDG_IRQHandler
                0x08003714                TIM2_IRQHandler
                0x08003714                USART2_IRQHandler
                0x08003714                FLASH_IRQHandler
                0x08003714                USART1_IRQHandler
                0x08003714                TIM1_BRK_UP_TRG_COM_IRQHandler
 *fill*         0x08003716        0x2 
 .text.__errno  0x08003718        0xc c:/program files (x86)/gnu arm embedded toolchain/10 2021.10/bin/../lib/gcc/arm-none-eabi/10.3.1/../../../../arm-none-eabi/lib/thumb/v6-m/nofp\libc_nano.a(lib_a-errno.o)
                0x08003718                __errno
 .text.__libc_init_array
                0x08003724       0x48 c:/program files (x86)/gnu arm embedded toolchain/10 2021.10/bin/../lib/gcc/arm-none-eabi/10.3.1/../../../../arm-none-eabi/lib/thumb/v6-m/nofp\libc_nano.a(lib_a-init.o)
                0x08003724                __libc_init_array
 .text.memcpy   0x0800376c       0x12 c:/program files (x86)/gnu arm embedded toolchain/10 2021.10/bin/../lib/gcc/arm-none-eabi/10.3.1/../../../../arm-none-eabi/lib/thumb/v6-m/nofp\libc_nano.a(lib_a-memcpy-stub.o)
                0x0800376c                memcpy
 .text.memset   0x0800377e       0x10 c:/program files (x86)/gnu arm embedded toolchain/10 2021.10/bin/../lib/gcc/arm-none-eabi/10.3.1/../../../../arm-none-eabi/lib/thumb/v6-m/nofp\libc_nano.a(lib_a-memset.o)
                0x0800377e                memset
 *fill*         0x0800378e        0x2 
 .text._puts_r  0x08003790       0xe4 c:/program files (x86)/gnu arm embedded toolchain/10 2021.10/bin/../lib/gcc/arm-none-eabi/10.3.1/../../../../arm-none-eabi/lib/thumb/v6-m/nofp\libc_nano.a(lib_a-puts.o)
                0x08003790                _puts_r
 .text.puts     0x08003874       0x14 c:/program files (x86)/gnu arm embedded toolchain/10 2021.10/bin/../lib/gcc/arm-none-eabi/10.3.1/../../../../arm-none-eabi/lib/thumb/v6-m/nofp\libc_nano.a(lib_a-puts.o)
                0x08003874                puts
 .text.__swbuf_r
                0x08003888       0xac c:/program files (x86)/gnu arm embedded toolchain/10 2021.10/bin/../lib/gcc/arm-none-eabi/10.3.1/../../../../arm-none-eabi/lib/thumb/v6-m/nofp\libc_nano.a(lib_a-wbuf.o)
                0x08003888                __swbuf_r
 .text.__swsetup_r
                0x08003934       0xf0 c:/program files (x86)/gnu arm embedded toolchain/10 2021.10/bin/../lib/gcc/arm-none-eabi/10.3.1/../../../../arm-none-eabi/lib/thumb/v6-m/nofp\libc_nano.a(lib_a-wsetup.o)
                0x08003934                __swsetup_r
 .text.__sflush_r
                0x08003a24      0x118 c:/program files (x86)/gnu arm embedded toolchain/10 2021.10/bin/../lib/gcc/arm-none-eabi/10.3.1/../../../../arm-none-eabi/lib/thumb/v6-m/nofp\libc_nano.a(lib_a-fflush.o)
                0x08003a24                __sflush_r
 .text._fflush_r
                0x08003b3c       0x80 c:/program files (x86)/gnu arm embedded toolchain/10 2021.10/bin/../lib/gcc/arm-none-eabi/10.3.1/../../../../arm-none-eabi/lib/thumb/v6-m/nofp\libc_nano.a(lib_a-fflush.o)
                0x08003b3c                _fflush_r
 .text.std      0x08003bbc       0x48 c:/program files (x86)/gnu arm embedded toolchain/10 2021.10/bin/../lib/gcc/arm-none-eabi/10.3.1/../../../../arm-none-eabi/lib/thumb/v6-m/nofp\libc_nano.a(lib_a-findfp.o)
 .text._cleanup_r
                0x08003c04       0x10 c:/program files (x86)/gnu arm embedded toolchain/10 2021.10/bin/../lib/gcc/arm-none-eabi/10.3.1/../../../../arm-none-eabi/lib/thumb/v6-m/nofp\libc_nano.a(lib_a-findfp.o)
                0x08003c04                _cleanup_r
 .text.__sfmoreglue
                0x08003c14       0x2c c:/program files (x86)/gnu arm embedded toolchain/10 2021.10/bin/../lib/gcc/arm-none-eabi/10.3.1/../../../../arm-none-eabi/lib/thumb/v6-m/nofp\libc_nano.a(lib_a-findfp.o)
                0x08003c14                __sfmoreglue
 .text.__sfp_lock_acquire
                0x08003c40       0x10 c:/program files (x86)/gnu arm embedded toolchain/10 2021.10/bin/../lib/gcc/arm-none-eabi/10.3.1/../../../../arm-none-eabi/lib/thumb/v6-m/nofp\libc_nano.a(lib_a-findfp.o)
                0x08003c40                __sfp_lock_acquire
 .text.__sfp_lock_release
                0x08003c50       0x10 c:/program files (x86)/gnu arm embedded toolchain/10 2021.10/bin/../lib/gcc/arm-none-eabi/10.3.1/../../../../arm-none-eabi/lib/thumb/v6-m/nofp\libc_nano.a(lib_a-findfp.o)
                0x08003c50                __sfp_lock_release
 .text.__sinit_lock_acquire
                0x08003c60       0x10 c:/program files (x86)/gnu arm embedded toolchain/10 2021.10/bin/../lib/gcc/arm-none-eabi/10.3.1/../../../../arm-none-eabi/lib/thumb/v6-m/nofp\libc_nano.a(lib_a-findfp.o)
                0x08003c60                __sinit_lock_acquire
 .text.__sinit_lock_release
                0x08003c70       0x10 c:/program files (x86)/gnu arm embedded toolchain/10 2021.10/bin/../lib/gcc/arm-none-eabi/10.3.1/../../../../arm-none-eabi/lib/thumb/v6-m/nofp\libc_nano.a(lib_a-findfp.o)
                0x08003c70                __sinit_lock_release
 .text.__sinit  0x08003c80       0x70 c:/program files (x86)/gnu arm embedded toolchain/10 2021.10/bin/../lib/gcc/arm-none-eabi/10.3.1/../../../../arm-none-eabi/lib/thumb/v6-m/nofp\libc_nano.a(lib_a-findfp.o)
                0x08003c80                __sinit
 .text.__sfp    0x08003cf0       0x90 c:/program files (x86)/gnu arm embedded toolchain/10 2021.10/bin/../lib/gcc/arm-none-eabi/10.3.1/../../../../arm-none-eabi/lib/thumb/v6-m/nofp\libc_nano.a(lib_a-findfp.o)
                0x08003cf0                __sfp
 .text._fwalk_reent
                0x08003d80       0x40 c:/program files (x86)/gnu arm embedded toolchain/10 2021.10/bin/../lib/gcc/arm-none-eabi/10.3.1/../../../../arm-none-eabi/lib/thumb/v6-m/nofp\libc_nano.a(lib_a-fwalk.o)
                0x08003d80                _fwalk_reent
 .text.__retarget_lock_init_recursive
                0x08003dc0        0x2 c:/program files (x86)/gnu arm embedded toolchain/10 2021.10/bin/../lib/gcc/arm-none-eabi/10.3.1/../../../../arm-none-eabi/lib/thumb/v6-m/nofp\libc_nano.a(lib_a-lock.o)
                0x08003dc0                __retarget_lock_init_recursive
 .text.__retarget_lock_acquire_recursive
                0x08003dc2        0x2 c:/program files (x86)/gnu arm embedded toolchain/10 2021.10/bin/../lib/gcc/arm-none-eabi/10.3.1/../../../../arm-none-eabi/lib/thumb/v6-m/nofp\libc_nano.a(lib_a-lock.o)
                0x08003dc2                __retarget_lock_acquire_recursive
 .text.__retarget_lock_release_recursive
                0x08003dc4        0x2 c:/program files (x86)/gnu arm embedded toolchain/10 2021.10/bin/../lib/gcc/arm-none-eabi/10.3.1/../../../../arm-none-eabi/lib/thumb/v6-m/nofp\libc_nano.a(lib_a-lock.o)
                0x08003dc4                __retarget_lock_release_recursive
 *fill*         0x08003dc6        0x2 
 .text.__swhatbuf_r
                0x08003dc8       0x50 c:/program files (x86)/gnu arm embedded toolchain/10 2021.10/bin/../lib/gcc/arm-none-eabi/10.3.1/../../../../arm-none-eabi/lib/thumb/v6-m/nofp\libc_nano.a(lib_a-makebuf.o)
                0x08003dc8                __swhatbuf_r
 .text.__smakebuf_r
                0x08003e18       0x88 c:/program files (x86)/gnu arm embedded toolchain/10 2021.10/bin/../lib/gcc/arm-none-eabi/10.3.1/../../../../arm-none-eabi/lib/thumb/v6-m/nofp\libc_nano.a(lib_a-makebuf.o)
                0x08003e18                __smakebuf_r
 .text._free_r  0x08003ea0       0x94 c:/program files (x86)/gnu arm embedded toolchain/10 2021.10/bin/../lib/gcc/arm-none-eabi/10.3.1/../../../../arm-none-eabi/lib/thumb/v6-m/nofp\libc_nano.a(lib_a-nano-freer.o)
                0x08003ea0                _free_r
 .text.sbrk_aligned
                0x08003f34       0x44 c:/program files (x86)/gnu arm embedded toolchain/10 2021.10/bin/../lib/gcc/arm-none-eabi/10.3.1/../../../../arm-none-eabi/lib/thumb/v6-m/nofp\libc_nano.a(lib_a-nano-mallocr.o)
 .text._malloc_r
                0x08003f78       0xec c:/program files (x86)/gnu arm embedded toolchain/10 2021.10/bin/../lib/gcc/arm-none-eabi/10.3.1/../../../../arm-none-eabi/lib/thumb/v6-m/nofp\libc_nano.a(lib_a-nano-mallocr.o)
                0x08003f78                _malloc_r
 .text._sbrk_r  0x08004064       0x24 c:/program files (x86)/gnu arm embedded toolchain/10 2021.10/bin/../lib/gcc/arm-none-eabi/10.3.1/../../../../arm-none-eabi/lib/thumb/v6-m/nofp\libc_nano.a(lib_a-sbrkr.o)
                0x08004064                _sbrk_r
 .text.__sread  0x08004088       0x28 c:/program files (x86)/gnu arm embedded toolchain/10 2021.10/bin/../lib/gcc/arm-none-eabi/10.3.1/../../../../arm-none-eabi/lib/thumb/v6-m/nofp\libc_nano.a(lib_a-stdio.o)
                0x08004088                __sread
 .text.__swrite
                0x080040b0       0x38 c:/program files (x86)/gnu arm embedded toolchain/10 2021.10/bin/../lib/gcc/arm-none-eabi/10.3.1/../../../../arm-none-eabi/lib/thumb/v6-m/nofp\libc_nano.a(lib_a-stdio.o)
                0x080040b0                __swrite
 .text.__sseek  0x080040e8       0x2c c:/program files (x86)/gnu arm embedded toolchain/10 2021.10/bin/../lib/gcc/arm-none-eabi/10.3.1/../../../../arm-none-eabi/lib/thumb/v6-m/nofp\libc_nano.a(lib_a-stdio.o)
                0x080040e8                __sseek
 .text.__sclose
                0x08004114        0xc c:/program files (x86)/gnu arm embedded toolchain/10 2021.10/bin/../lib/gcc/arm-none-eabi/10.3.1/../../../../arm-none-eabi/lib/thumb/v6-m/nofp\libc_nano.a(lib_a-stdio.o)
                0x08004114                __sclose
 .text._write_r
                0x08004120       0x28 c:/program files (x86)/gnu arm embedded toolchain/10 2021.10/bin/../lib/gcc/arm-none-eabi/10.3.1/../../../../arm-none-eabi/lib/thumb/v6-m/nofp\libc_nano.a(lib_a-writer.o)
                0x08004120                _write_r
 .text._close_r
                0x08004148       0x24 c:/program files (x86)/gnu arm embedded toolchain/10 2021.10/bin/../lib/gcc/arm-none-eabi/10.3.1/../../../../arm-none-eabi/lib/thumb/v6-m/nofp\libc_nano.a(lib_a-closer.o)
                0x08004148                _close_r
 .text._fstat_r
                0x0800416c       0x24 c:/program files (x86)/gnu arm embedded toolchain/10 2021.10/bin/../lib/gcc/arm-none-eabi/10.3.1/../../../../arm-none-eabi/lib/thumb/v6-m/nofp\libc_nano.a(lib_a-fstatr.o)
                0x0800416c                _fstat_r
 .text._isatty_r
                0x08004190       0x24 c:/program files (x86)/gnu arm embedded toolchain/10 2021.10/bin/../lib/gcc/arm-none-eabi/10.3.1/../../../../arm-none-eabi/lib/thumb/v6-m/nofp\libc_nano.a(lib_a-isattyr.o)
                0x08004190                _isatty_r
 .text._lseek_r
                0x080041b4       0x28 c:/program files (x86)/gnu arm embedded toolchain/10 2021.10/bin/../lib/gcc/arm-none-eabi/10.3.1/../../../../arm-none-eabi/lib/thumb/v6-m/nofp\libc_nano.a(lib_a-lseekr.o)
                0x080041b4                _lseek_r
 .text.__malloc_lock
                0x080041dc       0x10 c:/program files (x86)/gnu arm embedded toolchain/10 2021.10/bin/../lib/gcc/arm-none-eabi/10.3.1/../../../../arm-none-eabi/lib/thumb/v6-m/nofp\libc_nano.a(lib_a-mlock.o)
                0x080041dc                __malloc_lock
 .text.__malloc_unlock
                0x080041ec       0x10 c:/program files (x86)/gnu arm embedded toolchain/10 2021.10/bin/../lib/gcc/arm-none-eabi/10.3.1/../../../../arm-none-eabi/lib/thumb/v6-m/nofp\libc_nano.a(lib_a-mlock.o)
                0x080041ec                __malloc_unlock
 .text._read_r  0x080041fc       0x28 c:/program files (x86)/gnu arm embedded toolchain/10 2021.10/bin/../lib/gcc/arm-none-eabi/10.3.1/../../../../arm-none-eabi/lib/thumb/v6-m/nofp\libc_nano.a(lib_a-readr.o)
                0x080041fc                _read_r
 .text._close   0x08004224       0x10 c:/program files (x86)/gnu arm embedded toolchain/10 2021.10/bin/../lib/gcc/arm-none-eabi/10.3.1/../../../../arm-none-eabi/lib/thumb/v6-m/nofp\libnosys.a(close.o)
                0x08004224                _close
 .text._fstat   0x08004234       0x10 c:/program files (x86)/gnu arm embedded toolchain/10 2021.10/bin/../lib/gcc/arm-none-eabi/10.3.1/../../../../arm-none-eabi/lib/thumb/v6-m/nofp\libnosys.a(fstat.o)
                0x08004234                _fstat
 .text._isatty  0x08004244       0x10 c:/program files (x86)/gnu arm embedded toolchain/10 2021.10/bin/../lib/gcc/arm-none-eabi/10.3.1/../../../../arm-none-eabi/lib/thumb/v6-m/nofp\libnosys.a(isatty.o)
                0x08004244                _isatty
 .text._lseek   0x08004254       0x10 c:/program files (x86)/gnu arm embedded toolchain/10 2021.10/bin/../lib/gcc/arm-none-eabi/10.3.1/../../../../arm-none-eabi/lib/thumb/v6-m/nofp\libnosys.a(lseek.o)
                0x08004254                _lseek
 .text.abort    0x08004264        0xe c:/program files (x86)/gnu arm embedded toolchain/10 2021.10/bin/../lib/gcc/arm-none-eabi/10.3.1/../../../../arm-none-eabi/lib/thumb/v6-m/nofp\libc_nano.a(lib_a-abort.o)
                0x08004264                abort
 .text._raise_r
                0x08004272       0x54 c:/program files (x86)/gnu arm embedded toolchain/10 2021.10/bin/../lib/gcc/arm-none-eabi/10.3.1/../../../../arm-none-eabi/lib/thumb/v6-m/nofp\libc_nano.a(lib_a-signal.o)
                0x08004272                _raise_r
 *fill*         0x080042c6        0x2 
 .text.raise    0x080042c8       0x14 c:/program files (x86)/gnu arm embedded toolchain/10 2021.10/bin/../lib/gcc/arm-none-eabi/10.3.1/../../../../arm-none-eabi/lib/thumb/v6-m/nofp\libc_nano.a(lib_a-signal.o)
                0x080042c8                raise
 .text._kill_r  0x080042dc       0x24 c:/program files (x86)/gnu arm embedded toolchain/10 2021.10/bin/../lib/gcc/arm-none-eabi/10.3.1/../../../../arm-none-eabi/lib/thumb/v6-m/nofp\libc_nano.a(lib_a-signalr.o)
                0x080042dc                _kill_r
 .text._getpid_r
                0x08004300        0x8 c:/program files (x86)/gnu arm embedded toolchain/10 2021.10/bin/../lib/gcc/arm-none-eabi/10.3.1/../../../../arm-none-eabi/lib/thumb/v6-m/nofp\libc_nano.a(lib_a-signalr.o)
                0x08004300                _getpid_r
 *(.glue_7)
 .glue_7        0x08004308        0x0 linker stubs
 *(.glue_7t)
 .glue_7t       0x08004308        0x0 linker stubs
 *(.eh_frame)
 .eh_frame      0x08004308        0x0 c:/program files (x86)/gnu arm embedded toolchain/10 2021.10/bin/../lib/gcc/arm-none-eabi/10.3.1/thumb/v6-m/nofp/crtbegin.o
 *(.init)
 .init          0x08004308        0x4 c:/program files (x86)/gnu arm embedded toolchain/10 2021.10/bin/../lib/gcc/arm-none-eabi/10.3.1/thumb/v6-m/nofp/crti.o
                0x08004308                _init
 .init          0x0800430c        0x8 c:/program files (x86)/gnu arm embedded toolchain/10 2021.10/bin/../lib/gcc/arm-none-eabi/10.3.1/thumb/v6-m/nofp/crtn.o
 *(.fini)
 .fini          0x08004314        0x4 c:/program files (x86)/gnu arm embedded toolchain/10 2021.10/bin/../lib/gcc/arm-none-eabi/10.3.1/thumb/v6-m/nofp/crti.o
                0x08004314                _fini
 .fini          0x08004318        0x8 c:/program files (x86)/gnu arm embedded toolchain/10 2021.10/bin/../lib/gcc/arm-none-eabi/10.3.1/thumb/v6-m/nofp/crtn.o
                0x08004320                . = ALIGN (0x4)
                0x08004320                _etext = .

.vfp11_veneer   0x08004320        0x0
 .vfp11_veneer  0x08004320        0x0 linker stubs

.v4_bx          0x08004320        0x0
 .v4_bx         0x08004320        0x0 linker stubs

.iplt           0x08004320        0x0
 .iplt          0x08004320        0x0 c:/program files (x86)/gnu arm embedded toolchain/10 2021.10/bin/../lib/gcc/arm-none-eabi/10.3.1/thumb/v6-m/nofp/crtbegin.o

.rodata         0x08004320      0x240
                0x08004320                . = ALIGN (0x4)
 *(.rodata)
 .rodata        0x08004320       0x30 build/user.o
 .rodata        0x08004350       0x80 c:/program files (x86)/gnu arm embedded toolchain/10 2021.10/bin/../lib/gcc/arm-none-eabi/10.3.1/thumb/v6-m/nofp\libgcc.a(divsf3.o)
 .rodata        0x080043d0       0x40 c:/program files (x86)/gnu arm embedded toolchain/10 2021.10/bin/../lib/gcc/arm-none-eabi/10.3.1/thumb/v6-m/nofp\libgcc.a(mulsf3.o)
 *(.rodata*)
 .rodata.main.str1.4
                0x08004410       0x1c build/main.o
 .rodata.AHBPrescTable
                0x0800442c       0x10 build/system_stm32f0xx.o
                0x0800442c                AHBPrescTable
 .rodata.APBPrescTable
                0x0800443c        0x8 build/system_stm32f0xx.o
                0x0800443c                APBPrescTable
 .rodata.I2C_SlaveDMARxCpltCallback
                0x08004444       0xa0 build/user.o
 .rodata.Main.str1.4
                0x080044e4       0x16 build/user.o
 *fill*         0x080044fa        0x2 
 .rodata._global_impure_ptr
                0x080044fc        0x4 c:/program files (x86)/gnu arm embedded toolchain/10 2021.10/bin/../lib/gcc/arm-none-eabi/10.3.1/../../../../arm-none-eabi/lib/thumb/v6-m/nofp\libc_nano.a(lib_a-impure.o)
                0x080044fc                _global_impure_ptr
 .rodata.__sf_fake_stderr
                0x08004500       0x20 c:/program files (x86)/gnu arm embedded toolchain/10 2021.10/bin/../lib/gcc/arm-none-eabi/10.3.1/../../../../arm-none-eabi/lib/thumb/v6-m/nofp\libc_nano.a(lib_a-findfp.o)
                0x08004500                __sf_fake_stderr
 .rodata.__sf_fake_stdin
                0x08004520       0x20 c:/program files (x86)/gnu arm embedded toolchain/10 2021.10/bin/../lib/gcc/arm-none-eabi/10.3.1/../../../../arm-none-eabi/lib/thumb/v6-m/nofp\libc_nano.a(lib_a-findfp.o)
                0x08004520                __sf_fake_stdin
 .rodata.__sf_fake_stdout
                0x08004540       0x20 c:/program files (x86)/gnu arm embedded toolchain/10 2021.10/bin/../lib/gcc/arm-none-eabi/10.3.1/../../../../arm-none-eabi/lib/thumb/v6-m/nofp\libc_nano.a(lib_a-findfp.o)
                0x08004540                __sf_fake_stdout
                0x08004560                . = ALIGN (0x4)

.ARM.extab      0x08004560       0x30
 *(.ARM.extab* .gnu.linkonce.armextab.*)
 .ARM.extab.text._ZN6EEPROM3putI8Config_tEERKT_iS4_
                0x08004560        0x0 build/user.o
 .ARM.extab     0x08004560       0x24 c:/program files (x86)/gnu arm embedded toolchain/10 2021.10/bin/../lib/gcc/arm-none-eabi/10.3.1/thumb/v6-m/nofp\libgcc.a(unwind-arm.o)
 .ARM.extab     0x08004584        0xc c:/program files (x86)/gnu arm embedded toolchain/10 2021.10/bin/../lib/gcc/arm-none-eabi/10.3.1/thumb/v6-m/nofp\libgcc.a(pr-support.o)

.ARM            0x08004590       0xf8
                0x08004590                __exidx_start = .
 *(.ARM.exidx*)
 .ARM.exidx.text._Z41__static_initialization_and_destruction_0ii
                0x08004658        0x0 build/user.o
                                  0x8 (size before relaxing)
 .ARM.exidx.text.I2C_SlaveDMARxCpltCallback
                0x08004658        0x8 build/user.o
 .ARM.exidx.text.TIM14_PeriodElapsedCallback
                0x08004660        0x8 build/user.o
 .ARM.exidx.text._ZN6EEPROM3putI8Config_tEERKT_iS4_
                0x08004668        0x8 build/user.o
 .ARM.exidx.text.Main
                0x08004670        0x0 build/user.o
                                  0x8 (size before relaxing)
 .ARM.exidx.text._GLOBAL__sub_I_motor
                0x08004670        0x8 build/user.o
 .ARM.exidx.text._ZN5Motor13CalcDceOutputEff
                0x08004678        0x0 build/motor.o
                                  0x8 (size before relaxing)
 .ARM.exidx.text._ZN5Motor6SetPwmEs
                0x08004678        0x0 build/motor.o
                                  0x8 (size before relaxing)
 .ARM.exidx.text._ZN5Motor14SetTorqueLimitEf
                0x08004678        0x0 build/motor.o
                                  0x8 (size before relaxing)
 .ARM.exidx.text._ZN5Motor9SetEnableEb
                0x08004678        0x0 build/motor.o
                                  0x8 (size before relaxing)
 .ARM.exidx.text.eeprom_buffered_read_byte
                0x08004678        0x0 build/random_flash_utils.o
                                  0x8 (size before relaxing)
 .ARM.exidx.text.eeprom_buffered_write_byte
                0x08004678        0x0 build/random_flash_utils.o
                                  0x8 (size before relaxing)
 .ARM.exidx.text.eeprom_buffer_fill
                0x08004678        0x0 build/random_flash_utils.o
                                  0x8 (size before relaxing)
 .ARM.exidx.text.eeprom_buffer_flush
                0x08004678       0x10 build/random_flash_utils.o
                                  0x8 (size before relaxing)
 .ARM.exidx     0x08004590       0x98 c:/program files (x86)/gnu arm embedded toolchain/10 2021.10/bin/../lib/gcc/arm-none-eabi/10.3.1/thumb/v6-m/nofp\libgcc.a(unwind-arm.o)
                                 0xd8 (size before relaxing)
 .ARM.exidx     0x08004628       0x30 c:/program files (x86)/gnu arm embedded toolchain/10 2021.10/bin/../lib/gcc/arm-none-eabi/10.3.1/thumb/v6-m/nofp\libgcc.a(pr-support.o)
                                 0x38 (size before relaxing)
                0x08004688                __exidx_end = .

.rel.dyn        0x08004688        0x0
 .rel.iplt      0x08004688        0x0 c:/program files (x86)/gnu arm embedded toolchain/10 2021.10/bin/../lib/gcc/arm-none-eabi/10.3.1/thumb/v6-m/nofp/crtbegin.o

.preinit_array  0x08004688        0x0
                0x08004688                PROVIDE (__preinit_array_start = .)
 *(.preinit_array*)
                0x08004688                PROVIDE (__preinit_array_end = .)

.init_array     0x08004688        0x8
                0x08004688                PROVIDE (__init_array_start = .)
 *(SORT_BY_NAME(.init_array.*))
 *(.init_array*)
 .init_array    0x08004688        0x4 c:/program files (x86)/gnu arm embedded toolchain/10 2021.10/bin/../lib/gcc/arm-none-eabi/10.3.1/thumb/v6-m/nofp/crtbegin.o
 .init_array    0x0800468c        0x4 build/user.o
                0x08004690                PROVIDE (__init_array_end = .)

.fini_array     0x08004690        0x4
                [!provide]                PROVIDE (__fini_array_start = .)
 *(SORT_BY_NAME(.fini_array.*))
 *(.fini_array*)
 .fini_array    0x08004690        0x4 c:/program files (x86)/gnu arm embedded toolchain/10 2021.10/bin/../lib/gcc/arm-none-eabi/10.3.1/thumb/v6-m/nofp/crtbegin.o
                [!provide]                PROVIDE (__fini_array_end = .)
                0x08004694                _sidata = LOADADDR (.data)

.data           0x20000000       0x68 load address 0x08004694
                0x20000000                . = ALIGN (0x4)
                0x20000000                _sdata = .
 *(.data)
 *(.data*)
 .data.SystemCoreClock
                0x20000000        0x4 build/system_stm32f0xx.o
                0x20000000                SystemCoreClock
 .data._impure_ptr
                0x20000004        0x4 c:/program files (x86)/gnu arm embedded toolchain/10 2021.10/bin/../lib/gcc/arm-none-eabi/10.3.1/../../../../arm-none-eabi/lib/thumb/v6-m/nofp\libc_nano.a(lib_a-impure.o)
                0x20000004                _impure_ptr
 .data.impure_data
                0x20000008       0x60 c:/program files (x86)/gnu arm embedded toolchain/10 2021.10/bin/../lib/gcc/arm-none-eabi/10.3.1/../../../../arm-none-eabi/lib/thumb/v6-m/nofp\libc_nano.a(lib_a-impure.o)
                0x20000068                . = ALIGN (0x4)
                0x20000068                _edata = .

.igot.plt       0x20000068        0x0 load address 0x080046fc
 .igot.plt      0x20000068        0x0 c:/program files (x86)/gnu arm embedded toolchain/10 2021.10/bin/../lib/gcc/arm-none-eabi/10.3.1/thumb/v6-m/nofp/crtbegin.o
                0x20000068                . = ALIGN (0x4)

.bss            0x20000068      0x4d0 load address 0x080046fc
                0x20000068                _sbss = .
                0x20000068                __bss_start__ = _sbss
 *(.bss)
 .bss           0x20000068       0x1c c:/program files (x86)/gnu arm embedded toolchain/10 2021.10/bin/../lib/gcc/arm-none-eabi/10.3.1/thumb/v6-m/nofp/crtbegin.o
 *(.bss*)
 .bss.adcData   0x20000084        0x8 build/adc.o
                0x20000084                adcData
 .bss.heap_end.0
                0x2000008c        0x4 build/syscalls.o
 .bss.i2cDataRx
                0x20000090        0x8 build/i2c.o
                0x20000090                i2cDataRx
 .bss.i2cDataTx
                0x20000098        0x8 build/i2c.o
                0x20000098                i2cDataTx
 .bss.boardConfig
                0x200000a0       0x30 build/user.o
                0x200000a0                boardConfig
 .bss.motor     0x200000d0       0x58 build/user.o
                0x200000d0                motor
 .bss._ZL13eeprom_buffer
                0x20000128      0x400 build/random_flash_utils.o
 .bss.__lock___malloc_recursive_mutex
                0x20000528        0x1 c:/program files (x86)/gnu arm embedded toolchain/10 2021.10/bin/../lib/gcc/arm-none-eabi/10.3.1/../../../../arm-none-eabi/lib/thumb/v6-m/nofp\libc_nano.a(lib_a-lock.o)
                0x20000528                __lock___malloc_recursive_mutex
 .bss.__lock___sfp_recursive_mutex
                0x20000529        0x1 c:/program files (x86)/gnu arm embedded toolchain/10 2021.10/bin/../lib/gcc/arm-none-eabi/10.3.1/../../../../arm-none-eabi/lib/thumb/v6-m/nofp\libc_nano.a(lib_a-lock.o)
                0x20000529                __lock___sfp_recursive_mutex
 .bss.__lock___sinit_recursive_mutex
                0x2000052a        0x1 c:/program files (x86)/gnu arm embedded toolchain/10 2021.10/bin/../lib/gcc/arm-none-eabi/10.3.1/../../../../arm-none-eabi/lib/thumb/v6-m/nofp\libc_nano.a(lib_a-lock.o)
                0x2000052a                __lock___sinit_recursive_mutex
 *fill*         0x2000052b        0x1 
 .bss.__malloc_free_list
                0x2000052c        0x4 c:/program files (x86)/gnu arm embedded toolchain/10 2021.10/bin/../lib/gcc/arm-none-eabi/10.3.1/../../../../arm-none-eabi/lib/thumb/v6-m/nofp\libc_nano.a(lib_a-nano-mallocr.o)
                0x2000052c                __malloc_free_list
 .bss.__malloc_sbrk_start
                0x20000530        0x4 c:/program files (x86)/gnu arm embedded toolchain/10 2021.10/bin/../lib/gcc/arm-none-eabi/10.3.1/../../../../arm-none-eabi/lib/thumb/v6-m/nofp\libc_nano.a(lib_a-nano-mallocr.o)
                0x20000530                __malloc_sbrk_start
 .bss.errno     0x20000534        0x4 c:/program files (x86)/gnu arm embedded toolchain/10 2021.10/bin/../lib/gcc/arm-none-eabi/10.3.1/../../../../arm-none-eabi/lib/thumb/v6-m/nofp\libc_nano.a(lib_a-reent.o)
                0x20000534                errno
 *(COMMON)
                0x20000538                . = ALIGN (0x4)
                0x20000538                _ebss = .
                0x20000538                __bss_end__ = _ebss

._user_heap_stack
                0x20000538      0x600 load address 0x080046fc
                0x20000538                . = ALIGN (0x8)
                0x20000538                PROVIDE (end = .)
                [!provide]                PROVIDE (_end = .)
                0x20000738                . = (. + _Min_Heap_Size)
 *fill*         0x20000538      0x200 
                0x20000b38                . = (. + _Min_Stack_Size)
 *fill*         0x20000738      0x400 
                0x20000b38                . = ALIGN (0x8)

/DISCARD/
 libc.a(*)
 libm.a(*)
 libgcc.a(*)

.ARM.attributes
                0x00000000       0x28
 *(.ARM.attributes)
 .ARM.attributes
                0x00000000       0x1e c:/program files (x86)/gnu arm embedded toolchain/10 2021.10/bin/../lib/gcc/arm-none-eabi/10.3.1/thumb/v6-m/nofp/crti.o
 .ARM.attributes
                0x0000001e       0x2c c:/program files (x86)/gnu arm embedded toolchain/10 2021.10/bin/../lib/gcc/arm-none-eabi/10.3.1/thumb/v6-m/nofp/crtbegin.o
 .ARM.attributes
                0x0000004a       0x2c build/main.o
 .ARM.attributes
                0x00000076       0x2c build/gpio.o
 .ARM.attributes
                0x000000a2       0x2c build/adc.o
 .ARM.attributes
                0x000000ce       0x2c build/dma.o
 .ARM.attributes
                0x000000fa       0x2c build/tim.o
 .ARM.attributes
                0x00000126       0x2c build/syscalls.o
 .ARM.attributes
                0x00000152       0x2c build/stm32f0xx_it.o
 .ARM.attributes
                0x0000017e       0x2c build/stm32f0xx_ll_gpio.o
 .ARM.attributes
                0x000001aa       0x2c build/stm32f0xx_ll_rcc.o
 .ARM.attributes
                0x000001d6       0x2c build/stm32f0xx_ll_utils.o
 .ARM.attributes
                0x00000202       0x2c build/stm32f0xx_ll_tim.o
 .ARM.attributes
                0x0000022e       0x2c build/system_stm32f0xx.o
 .ARM.attributes
                0x0000025a       0x2c build/i2c.o
 .ARM.attributes
                0x00000286       0x2c build/usart.o
 .ARM.attributes
                0x000002b2       0x2c build/stm32f0xx_ll_flash.o
 .ARM.attributes
                0x000002de       0x2c build/stm32f0xx_ll_i2c.o
 .ARM.attributes
                0x0000030a       0x2c build/stm32f0xx_ll_usart.o
 .ARM.attributes
                0x00000336       0x2c build/stm32f0xx_ll_adc.o
 .ARM.attributes
                0x00000362       0x2c build/user.o
 .ARM.attributes
                0x0000038e       0x2c build/motor.o
 .ARM.attributes
                0x000003ba       0x2c build/random_flash_utils.o
 .ARM.attributes
                0x000003e6       0x21 build/startup_stm32f042x6.o
 .ARM.attributes
                0x00000407       0x2c c:/program files (x86)/gnu arm embedded toolchain/10 2021.10/bin/../lib/gcc/arm-none-eabi/10.3.1/../../../../arm-none-eabi/lib/thumb/v6-m/nofp\libc_nano.a(lib_a-errno.o)
 .ARM.attributes
                0x00000433       0x2c c:/program files (x86)/gnu arm embedded toolchain/10 2021.10/bin/../lib/gcc/arm-none-eabi/10.3.1/../../../../arm-none-eabi/lib/thumb/v6-m/nofp\libc_nano.a(lib_a-impure.o)
 .ARM.attributes
                0x0000045f       0x2c c:/program files (x86)/gnu arm embedded toolchain/10 2021.10/bin/../lib/gcc/arm-none-eabi/10.3.1/../../../../arm-none-eabi/lib/thumb/v6-m/nofp\libc_nano.a(lib_a-init.o)
 .ARM.attributes
                0x0000048b       0x2c c:/program files (x86)/gnu arm embedded toolchain/10 2021.10/bin/../lib/gcc/arm-none-eabi/10.3.1/../../../../arm-none-eabi/lib/thumb/v6-m/nofp\libc_nano.a(lib_a-memcpy-stub.o)
 .ARM.attributes
                0x000004b7       0x2c c:/program files (x86)/gnu arm embedded toolchain/10 2021.10/bin/../lib/gcc/arm-none-eabi/10.3.1/../../../../arm-none-eabi/lib/thumb/v6-m/nofp\libc_nano.a(lib_a-memset.o)
 .ARM.attributes
                0x000004e3       0x2c c:/program files (x86)/gnu arm embedded toolchain/10 2021.10/bin/../lib/gcc/arm-none-eabi/10.3.1/../../../../arm-none-eabi/lib/thumb/v6-m/nofp\libc_nano.a(lib_a-puts.o)
 .ARM.attributes
                0x0000050f       0x2c c:/program files (x86)/gnu arm embedded toolchain/10 2021.10/bin/../lib/gcc/arm-none-eabi/10.3.1/../../../../arm-none-eabi/lib/thumb/v6-m/nofp\libc_nano.a(lib_a-wbuf.o)
 .ARM.attributes
                0x0000053b       0x2c c:/program files (x86)/gnu arm embedded toolchain/10 2021.10/bin/../lib/gcc/arm-none-eabi/10.3.1/../../../../arm-none-eabi/lib/thumb/v6-m/nofp\libc_nano.a(lib_a-wsetup.o)
 .ARM.attributes
                0x00000567       0x2c c:/program files (x86)/gnu arm embedded toolchain/10 2021.10/bin/../lib/gcc/arm-none-eabi/10.3.1/../../../../arm-none-eabi/lib/thumb/v6-m/nofp\libc_nano.a(lib_a-fflush.o)
 .ARM.attributes
                0x00000593       0x2c c:/program files (x86)/gnu arm embedded toolchain/10 2021.10/bin/../lib/gcc/arm-none-eabi/10.3.1/../../../../arm-none-eabi/lib/thumb/v6-m/nofp\libc_nano.a(lib_a-findfp.o)
 .ARM.attributes
                0x000005bf       0x2c c:/program files (x86)/gnu arm embedded toolchain/10 2021.10/bin/../lib/gcc/arm-none-eabi/10.3.1/../../../../arm-none-eabi/lib/thumb/v6-m/nofp\libc_nano.a(lib_a-fwalk.o)
 .ARM.attributes
                0x000005eb       0x2c c:/program files (x86)/gnu arm embedded toolchain/10 2021.10/bin/../lib/gcc/arm-none-eabi/10.3.1/../../../../arm-none-eabi/lib/thumb/v6-m/nofp\libc_nano.a(lib_a-lock.o)
 .ARM.attributes
                0x00000617       0x2c c:/program files (x86)/gnu arm embedded toolchain/10 2021.10/bin/../lib/gcc/arm-none-eabi/10.3.1/../../../../arm-none-eabi/lib/thumb/v6-m/nofp\libc_nano.a(lib_a-makebuf.o)
 .ARM.attributes
                0x00000643       0x2c c:/program files (x86)/gnu arm embedded toolchain/10 2021.10/bin/../lib/gcc/arm-none-eabi/10.3.1/../../../../arm-none-eabi/lib/thumb/v6-m/nofp\libc_nano.a(lib_a-nano-freer.o)
 .ARM.attributes
                0x0000066f       0x2c c:/program files (x86)/gnu arm embedded toolchain/10 2021.10/bin/../lib/gcc/arm-none-eabi/10.3.1/../../../../arm-none-eabi/lib/thumb/v6-m/nofp\libc_nano.a(lib_a-nano-mallocr.o)
 .ARM.attributes
                0x0000069b       0x2c c:/program files (x86)/gnu arm embedded toolchain/10 2021.10/bin/../lib/gcc/arm-none-eabi/10.3.1/../../../../arm-none-eabi/lib/thumb/v6-m/nofp\libc_nano.a(lib_a-sbrkr.o)
 .ARM.attributes
                0x000006c7       0x2c c:/program files (x86)/gnu arm embedded toolchain/10 2021.10/bin/../lib/gcc/arm-none-eabi/10.3.1/../../../../arm-none-eabi/lib/thumb/v6-m/nofp\libc_nano.a(lib_a-stdio.o)
 .ARM.attributes
                0x000006f3       0x2c c:/program files (x86)/gnu arm embedded toolchain/10 2021.10/bin/../lib/gcc/arm-none-eabi/10.3.1/../../../../arm-none-eabi/lib/thumb/v6-m/nofp\libc_nano.a(lib_a-writer.o)
 .ARM.attributes
                0x0000071f       0x2c c:/program files (x86)/gnu arm embedded toolchain/10 2021.10/bin/../lib/gcc/arm-none-eabi/10.3.1/../../../../arm-none-eabi/lib/thumb/v6-m/nofp\libc_nano.a(lib_a-closer.o)
 .ARM.attributes
                0x0000074b       0x2c c:/program files (x86)/gnu arm embedded toolchain/10 2021.10/bin/../lib/gcc/arm-none-eabi/10.3.1/../../../../arm-none-eabi/lib/thumb/v6-m/nofp\libc_nano.a(lib_a-fstatr.o)
 .ARM.attributes
                0x00000777       0x2c c:/program files (x86)/gnu arm embedded toolchain/10 2021.10/bin/../lib/gcc/arm-none-eabi/10.3.1/../../../../arm-none-eabi/lib/thumb/v6-m/nofp\libc_nano.a(lib_a-isattyr.o)
 .ARM.attributes
                0x000007a3       0x2c c:/program files (x86)/gnu arm embedded toolchain/10 2021.10/bin/../lib/gcc/arm-none-eabi/10.3.1/../../../../arm-none-eabi/lib/thumb/v6-m/nofp\libc_nano.a(lib_a-lseekr.o)
 .ARM.attributes
                0x000007cf       0x2c c:/program files (x86)/gnu arm embedded toolchain/10 2021.10/bin/../lib/gcc/arm-none-eabi/10.3.1/../../../../arm-none-eabi/lib/thumb/v6-m/nofp\libc_nano.a(lib_a-mlock.o)
 .ARM.attributes
                0x000007fb       0x2c c:/program files (x86)/gnu arm embedded toolchain/10 2021.10/bin/../lib/gcc/arm-none-eabi/10.3.1/../../../../arm-none-eabi/lib/thumb/v6-m/nofp\libc_nano.a(lib_a-readr.o)
 .ARM.attributes
                0x00000827       0x2c c:/program files (x86)/gnu arm embedded toolchain/10 2021.10/bin/../lib/gcc/arm-none-eabi/10.3.1/../../../../arm-none-eabi/lib/thumb/v6-m/nofp\libc_nano.a(lib_a-reent.o)
 .ARM.attributes
                0x00000853       0x2c c:/program files (x86)/gnu arm embedded toolchain/10 2021.10/bin/../lib/gcc/arm-none-eabi/10.3.1/../../../../arm-none-eabi/lib/thumb/v6-m/nofp\libnosys.a(close.o)
 .ARM.attributes
                0x0000087f       0x2c c:/program files (x86)/gnu arm embedded toolchain/10 2021.10/bin/../lib/gcc/arm-none-eabi/10.3.1/../../../../arm-none-eabi/lib/thumb/v6-m/nofp\libnosys.a(fstat.o)
 .ARM.attributes
                0x000008ab       0x2c c:/program files (x86)/gnu arm embedded toolchain/10 2021.10/bin/../lib/gcc/arm-none-eabi/10.3.1/../../../../arm-none-eabi/lib/thumb/v6-m/nofp\libnosys.a(isatty.o)
 .ARM.attributes
                0x000008d7       0x2c c:/program files (x86)/gnu arm embedded toolchain/10 2021.10/bin/../lib/gcc/arm-none-eabi/10.3.1/../../../../arm-none-eabi/lib/thumb/v6-m/nofp\libnosys.a(lseek.o)
 .ARM.attributes
                0x00000903       0x1e c:/program files (x86)/gnu arm embedded toolchain/10 2021.10/bin/../lib/gcc/arm-none-eabi/10.3.1/thumb/v6-m/nofp\libgcc.a(_udivsi3.o)
 .ARM.attributes
                0x00000921       0x1e c:/program files (x86)/gnu arm embedded toolchain/10 2021.10/bin/../lib/gcc/arm-none-eabi/10.3.1/thumb/v6-m/nofp\libgcc.a(_dvmd_tls.o)
 .ARM.attributes
                0x0000093f       0x1e c:/program files (x86)/gnu arm embedded toolchain/10 2021.10/bin/../lib/gcc/arm-none-eabi/10.3.1/thumb/v6-m/nofp\libgcc.a(_arm_cmpsf2.o)
 .ARM.attributes
                0x0000095d       0x2c c:/program files (x86)/gnu arm embedded toolchain/10 2021.10/bin/../lib/gcc/arm-none-eabi/10.3.1/thumb/v6-m/nofp\libgcc.a(addsf3.o)
 .ARM.attributes
                0x00000989       0x2c c:/program files (x86)/gnu arm embedded toolchain/10 2021.10/bin/../lib/gcc/arm-none-eabi/10.3.1/thumb/v6-m/nofp\libgcc.a(divsf3.o)
 .ARM.attributes
                0x000009b5       0x2c c:/program files (x86)/gnu arm embedded toolchain/10 2021.10/bin/../lib/gcc/arm-none-eabi/10.3.1/thumb/v6-m/nofp\libgcc.a(eqsf2.o)
 .ARM.attributes
                0x000009e1       0x2c c:/program files (x86)/gnu arm embedded toolchain/10 2021.10/bin/../lib/gcc/arm-none-eabi/10.3.1/thumb/v6-m/nofp\libgcc.a(gesf2.o)
 .ARM.attributes
                0x00000a0d       0x2c c:/program files (x86)/gnu arm embedded toolchain/10 2021.10/bin/../lib/gcc/arm-none-eabi/10.3.1/thumb/v6-m/nofp\libgcc.a(lesf2.o)
 .ARM.attributes
                0x00000a39       0x2c c:/program files (x86)/gnu arm embedded toolchain/10 2021.10/bin/../lib/gcc/arm-none-eabi/10.3.1/thumb/v6-m/nofp\libgcc.a(mulsf3.o)
 .ARM.attributes
                0x00000a65       0x2c c:/program files (x86)/gnu arm embedded toolchain/10 2021.10/bin/../lib/gcc/arm-none-eabi/10.3.1/thumb/v6-m/nofp\libgcc.a(subsf3.o)
 .ARM.attributes
                0x00000a91       0x2c c:/program files (x86)/gnu arm embedded toolchain/10 2021.10/bin/../lib/gcc/arm-none-eabi/10.3.1/thumb/v6-m/nofp\libgcc.a(fixsfsi.o)
 .ARM.attributes
                0x00000abd       0x2c c:/program files (x86)/gnu arm embedded toolchain/10 2021.10/bin/../lib/gcc/arm-none-eabi/10.3.1/thumb/v6-m/nofp\libgcc.a(floatunsisf.o)
 .ARM.attributes
                0x00000ae9       0x2c c:/program files (x86)/gnu arm embedded toolchain/10 2021.10/bin/../lib/gcc/arm-none-eabi/10.3.1/thumb/v6-m/nofp\libgcc.a(unwind-arm.o)
 .ARM.attributes
                0x00000b15       0x1e c:/program files (x86)/gnu arm embedded toolchain/10 2021.10/bin/../lib/gcc/arm-none-eabi/10.3.1/thumb/v6-m/nofp\libgcc.a(libunwind.o)
 .ARM.attributes
                0x00000b33       0x2c c:/program files (x86)/gnu arm embedded toolchain/10 2021.10/bin/../lib/gcc/arm-none-eabi/10.3.1/thumb/v6-m/nofp\libgcc.a(pr-support.o)
 .ARM.attributes
                0x00000b5f       0x1e c:/program files (x86)/gnu arm embedded toolchain/10 2021.10/bin/../lib/gcc/arm-none-eabi/10.3.1/thumb/v6-m/nofp\libgcc.a(_clzsi2.o)
 .ARM.attributes
                0x00000b7d       0x2c c:/program files (x86)/gnu arm embedded toolchain/10 2021.10/bin/../lib/gcc/arm-none-eabi/10.3.1/../../../../arm-none-eabi/lib/thumb/v6-m/nofp\libc_nano.a(lib_a-abort.o)
 .ARM.attributes
                0x00000ba9       0x2c c:/program files (x86)/gnu arm embedded toolchain/10 2021.10/bin/../lib/gcc/arm-none-eabi/10.3.1/../../../../arm-none-eabi/lib/thumb/v6-m/nofp\libc_nano.a(lib_a-signal.o)
 .ARM.attributes
                0x00000bd5       0x2c c:/program files (x86)/gnu arm embedded toolchain/10 2021.10/bin/../lib/gcc/arm-none-eabi/10.3.1/../../../../arm-none-eabi/lib/thumb/v6-m/nofp\libc_nano.a(lib_a-signalr.o)
 .ARM.attributes
                0x00000c01       0x1e c:/program files (x86)/gnu arm embedded toolchain/10 2021.10/bin/../lib/gcc/arm-none-eabi/10.3.1/thumb/v6-m/nofp/crtn.o
OUTPUT(build/ServoDrive_LL.elf elf32-littlearm)
LOAD linker stubs
LOAD c:/program files (x86)/gnu arm embedded toolchain/10 2021.10/bin/../lib/gcc/arm-none-eabi/10.3.1/../../../../arm-none-eabi/lib/thumb/v6-m/nofp\libc.a
LOAD c:/program files (x86)/gnu arm embedded toolchain/10 2021.10/bin/../lib/gcc/arm-none-eabi/10.3.1/../../../../arm-none-eabi/lib/thumb/v6-m/nofp\libm.a
LOAD c:/program files (x86)/gnu arm embedded toolchain/10 2021.10/bin/../lib/gcc/arm-none-eabi/10.3.1/thumb/v6-m/nofp\libgcc.a

.debug_info     0x00000000     0xea88
 .debug_info    0x00000000      0xdd5 build/main.o
 .debug_info    0x00000dd5      0x298 build/gpio.o
 .debug_info    0x0000106d      0xfc4 build/adc.o
 .debug_info    0x00002031      0x654 build/dma.o
 .debug_info    0x00002685      0xe82 build/tim.o
 .debug_info    0x00003507      0x7ce build/syscalls.o
 .debug_info    0x00003cd5      0x833 build/stm32f0xx_it.o
 .debug_info    0x00004508      0x7ec build/stm32f0xx_ll_gpio.o
 .debug_info    0x00004cf4      0x996 build/stm32f0xx_ll_rcc.o
 .debug_info    0x0000568a      0xc84 build/stm32f0xx_ll_utils.o
 .debug_info    0x0000630e     0x13bd build/stm32f0xx_ll_tim.o
 .debug_info    0x000076cb      0x2c7 build/system_stm32f0xx.o
 .debug_info    0x00007992     0x1b07 build/i2c.o
 .debug_info    0x00009499      0x839 build/usart.o
 .debug_info    0x00009cd2      0x832 build/stm32f0xx_ll_flash.o
 .debug_info    0x0000a504      0x744 build/stm32f0xx_ll_i2c.o
 .debug_info    0x0000ac48      0x8e4 build/stm32f0xx_ll_usart.o
 .debug_info    0x0000b52c      0x813 build/stm32f0xx_ll_adc.o
 .debug_info    0x0000bd3f     0x1b3c build/user.o
 .debug_info    0x0000d87b      0xc49 build/motor.o
 .debug_info    0x0000e4c4      0x5a2 build/random_flash_utils.o
 .debug_info    0x0000ea66       0x22 build/startup_stm32f042x6.o

.debug_abbrev   0x00000000     0x3251
 .debug_abbrev  0x00000000      0x2a1 build/main.o
 .debug_abbrev  0x000002a1      0x122 build/gpio.o
 .debug_abbrev  0x000003c3      0x223 build/adc.o
 .debug_abbrev  0x000005e6      0x1a3 build/dma.o
 .debug_abbrev  0x00000789      0x235 build/tim.o
 .debug_abbrev  0x000009be      0x1fc build/syscalls.o
 .debug_abbrev  0x00000bba      0x197 build/stm32f0xx_it.o
 .debug_abbrev  0x00000d51      0x231 build/stm32f0xx_ll_gpio.o
 .debug_abbrev  0x00000f82      0x2a6 build/stm32f0xx_ll_rcc.o
 .debug_abbrev  0x00001228      0x31e build/stm32f0xx_ll_utils.o
 .debug_abbrev  0x00001546      0x2c0 build/stm32f0xx_ll_tim.o
 .debug_abbrev  0x00001806      0x134 build/system_stm32f0xx.o
 .debug_abbrev  0x0000193a      0x33a build/i2c.o
 .debug_abbrev  0x00001c74      0x261 build/usart.o
 .debug_abbrev  0x00001ed5      0x23a build/stm32f0xx_ll_flash.o
 .debug_abbrev  0x0000210f      0x1e2 build/stm32f0xx_ll_i2c.o
 .debug_abbrev  0x000022f1      0x2f2 build/stm32f0xx_ll_usart.o
 .debug_abbrev  0x000025e3      0x26a build/stm32f0xx_ll_adc.o
 .debug_abbrev  0x0000284d      0x4b4 build/user.o
 .debug_abbrev  0x00002d01      0x294 build/motor.o
 .debug_abbrev  0x00002f95      0x2aa build/random_flash_utils.o
 .debug_abbrev  0x0000323f       0x12 build/startup_stm32f042x6.o

.debug_loc      0x00000000     0x6124
 .debug_loc     0x00000000      0x26b build/main.o
 .debug_loc     0x0000026b       0x38 build/gpio.o
 .debug_loc     0x000002a3      0x498 build/adc.o
 .debug_loc     0x0000073b       0xba build/dma.o
 .debug_loc     0x000007f5      0x293 build/tim.o
 .debug_loc     0x00000a88      0x50d build/syscalls.o
 .debug_loc     0x00000f95      0x19c build/stm32f0xx_it.o
 .debug_loc     0x00001131      0x3a9 build/stm32f0xx_ll_gpio.o
 .debug_loc     0x000014da      0x4f4 build/stm32f0xx_ll_rcc.o
 .debug_loc     0x000019ce      0x85e build/stm32f0xx_ll_utils.o
 .debug_loc     0x0000222c     0x1227 build/stm32f0xx_ll_tim.o
 .debug_loc     0x00003453      0x188 build/system_stm32f0xx.o
 .debug_loc     0x000035db      0xabf build/i2c.o
 .debug_loc     0x0000409a      0x100 build/usart.o
 .debug_loc     0x0000419a      0x3fc build/stm32f0xx_ll_flash.o
 .debug_loc     0x00004596      0x25c build/stm32f0xx_ll_i2c.o
 .debug_loc     0x000047f2      0x4f8 build/stm32f0xx_ll_usart.o
 .debug_loc     0x00004cea      0x348 build/stm32f0xx_ll_adc.o
 .debug_loc     0x00005032      0xb10 build/user.o
 .debug_loc     0x00005b42      0x3ee build/motor.o
 .debug_loc     0x00005f30      0x1f4 build/random_flash_utils.o

.debug_aranges  0x00000000      0x5d8
 .debug_aranges
                0x00000000       0x38 build/main.o
 .debug_aranges
                0x00000038       0x20 build/gpio.o
 .debug_aranges
                0x00000058       0x20 build/adc.o
 .debug_aranges
                0x00000078       0x20 build/dma.o
 .debug_aranges
                0x00000098       0x28 build/tim.o
 .debug_aranges
                0x000000c0       0x90 build/syscalls.o
 .debug_aranges
                0x00000150       0x60 build/stm32f0xx_it.o
 .debug_aranges
                0x000001b0       0x30 build/stm32f0xx_ll_gpio.o
 .debug_aranges
                0x000001e0       0x68 build/stm32f0xx_ll_rcc.o
 .debug_aranges
                0x00000248       0x68 build/stm32f0xx_ll_utils.o
 .debug_aranges
                0x000002b0       0xc0 build/stm32f0xx_ll_tim.o
 .debug_aranges
                0x00000370       0x28 build/system_stm32f0xx.o
 .debug_aranges
                0x00000398       0x38 build/i2c.o
 .debug_aranges
                0x000003d0       0x20 build/usart.o
 .debug_aranges
                0x000003f0       0x38 build/stm32f0xx_ll_flash.o
 .debug_aranges
                0x00000428       0x30 build/stm32f0xx_ll_i2c.o
 .debug_aranges
                0x00000458       0x40 build/stm32f0xx_ll_usart.o
 .debug_aranges
                0x00000498       0x48 build/stm32f0xx_ll_adc.o
 .debug_aranges
                0x000004e0       0x48 build/user.o
 .debug_aranges
                0x00000528       0x40 build/motor.o
 .debug_aranges
                0x00000568       0x48 build/random_flash_utils.o
 .debug_aranges
                0x000005b0       0x28 build/startup_stm32f042x6.o

.debug_ranges   0x00000000      0x630
 .debug_ranges  0x00000000       0x28 build/main.o
 .debug_ranges  0x00000028       0x10 build/gpio.o
 .debug_ranges  0x00000038       0x10 build/adc.o
 .debug_ranges  0x00000048       0x10 build/dma.o
 .debug_ranges  0x00000058       0x18 build/tim.o
 .debug_ranges  0x00000070       0x80 build/syscalls.o
 .debug_ranges  0x000000f0       0x50 build/stm32f0xx_it.o
 .debug_ranges  0x00000140       0x68 build/stm32f0xx_ll_gpio.o
 .debug_ranges  0x000001a8       0x58 build/stm32f0xx_ll_rcc.o
 .debug_ranges  0x00000200       0x58 build/stm32f0xx_ll_utils.o
 .debug_ranges  0x00000258      0x128 build/stm32f0xx_ll_tim.o
 .debug_ranges  0x00000380       0x18 build/system_stm32f0xx.o
 .debug_ranges  0x00000398       0x28 build/i2c.o
 .debug_ranges  0x000003c0       0x28 build/usart.o
 .debug_ranges  0x000003e8       0x28 build/stm32f0xx_ll_flash.o
 .debug_ranges  0x00000410       0x38 build/stm32f0xx_ll_i2c.o
 .debug_ranges  0x00000448       0x90 build/stm32f0xx_ll_usart.o
 .debug_ranges  0x000004d8       0x38 build/stm32f0xx_ll_adc.o
 .debug_ranges  0x00000510       0x98 build/user.o
 .debug_ranges  0x000005a8       0x30 build/motor.o
 .debug_ranges  0x000005d8       0x38 build/random_flash_utils.o
 .debug_ranges  0x00000610       0x20 build/startup_stm32f042x6.o

.debug_line     0x00000000     0x6da2
 .debug_line    0x00000000      0x5ef build/main.o
 .debug_line    0x000005ef      0x1d2 build/gpio.o
 .debug_line    0x000007c1      0x465 build/adc.o
 .debug_line    0x00000c26      0x26f build/dma.o
 .debug_line    0x00000e95      0x43d build/tim.o
 .debug_line    0x000012d2      0x414 build/syscalls.o
 .debug_line    0x000016e6      0x386 build/stm32f0xx_it.o
 .debug_line    0x00001a6c      0x431 build/stm32f0xx_ll_gpio.o
 .debug_line    0x00001e9d      0x6cf build/stm32f0xx_ll_rcc.o
 .debug_line    0x0000256c      0x7bc build/stm32f0xx_ll_utils.o
 .debug_line    0x00002d28      0xb57 build/stm32f0xx_ll_tim.o
 .debug_line    0x0000387f      0x23d build/system_stm32f0xx.o
 .debug_line    0x00003abc      0x8f8 build/i2c.o
 .debug_line    0x000043b4      0x371 build/usart.o
 .debug_line    0x00004725      0x4a5 build/stm32f0xx_ll_flash.o
 .debug_line    0x00004bca      0x34c build/stm32f0xx_ll_i2c.o
 .debug_line    0x00004f16      0x4b8 build/stm32f0xx_ll_usart.o
 .debug_line    0x000053ce      0x45d build/stm32f0xx_ll_adc.o
 .debug_line    0x0000582b      0xcb2 build/user.o
 .debug_line    0x000064dd      0x568 build/motor.o
 .debug_line    0x00006a45      0x2d4 build/random_flash_utils.o
 .debug_line    0x00006d19       0x89 build/startup_stm32f042x6.o

.debug_str      0x00000000     0x3028
 .debug_str     0x00000000      0x743 build/main.o
                                0x7ec (size before relaxing)
 .debug_str     0x00000743       0x24 build/gpio.o
                                0x263 (size before relaxing)
 .debug_str     0x00000767      0x409 build/adc.o
                                0x73c (size before relaxing)
 .debug_str     0x00000b70       0x1b build/dma.o
                                0x4c7 (size before relaxing)
 .debug_str     0x00000b8b      0x1c7 build/tim.o
                                0x790 (size before relaxing)
 .debug_str     0x00000d52      0x224 build/syscalls.o
                                0x3e6 (size before relaxing)
 .debug_str     0x00000f76      0x1de build/stm32f0xx_it.o
                                0x47c (size before relaxing)
 .debug_str     0x00001154      0x12f build/stm32f0xx_ll_gpio.o
                                0x389 (size before relaxing)
 .debug_str     0x00001283      0x378 build/stm32f0xx_ll_rcc.o
                                0x623 (size before relaxing)
 .debug_str     0x000015fb      0x259 build/stm32f0xx_ll_utils.o
                                0x637 (size before relaxing)
 .debug_str     0x00001854      0x4b1 build/stm32f0xx_ll_tim.o
                                0x85b (size before relaxing)
 .debug_str     0x00001d05       0x4d build/system_stm32f0xx.o
                                0x254 (size before relaxing)
 .debug_str     0x00001d52      0x268 build/i2c.o
                                0xaa6 (size before relaxing)
 .debug_str     0x00001fba       0xe7 build/usart.o
                                0x468 (size before relaxing)
 .debug_str     0x000020a1      0x235 build/stm32f0xx_ll_flash.o
                                0x4c1 (size before relaxing)
 .debug_str     0x000022d6       0xb3 build/stm32f0xx_ll_i2c.o
                                0x3d8 (size before relaxing)
 .debug_str     0x00002389      0x187 build/stm32f0xx_ll_usart.o
                                0x528 (size before relaxing)
 .debug_str     0x00002510      0x161 build/stm32f0xx_ll_adc.o
                                0x48e (size before relaxing)
 .debug_str     0x00002671      0x7ea build/user.o
                                0xc93 (size before relaxing)
 .debug_str     0x00002e5b       0x71 build/motor.o
                                0x70a (size before relaxing)
 .debug_str     0x00002ecc      0x138 build/random_flash_utils.o
                                0x4dc (size before relaxing)
 .debug_str     0x00003004       0x24 build/startup_stm32f042x6.o
                                 0x5a (size before relaxing)

.comment        0x00000000       0x49
 .comment       0x00000000       0x49 build/main.o
                                 0x4a (size before relaxing)
 .comment       0x00000049       0x4a build/gpio.o
 .comment       0x00000049       0x4a build/adc.o
 .comment       0x00000049       0x4a build/dma.o
 .comment       0x00000049       0x4a build/tim.o
 .comment       0x00000049       0x4a build/syscalls.o
 .comment       0x00000049       0x4a build/stm32f0xx_it.o
 .comment       0x00000049       0x4a build/stm32f0xx_ll_gpio.o
 .comment       0x00000049       0x4a build/stm32f0xx_ll_rcc.o
 .comment       0x00000049       0x4a build/stm32f0xx_ll_utils.o
 .comment       0x00000049       0x4a build/stm32f0xx_ll_tim.o
 .comment       0x00000049       0x4a build/system_stm32f0xx.o
 .comment       0x00000049       0x4a build/i2c.o
 .comment       0x00000049       0x4a build/usart.o
 .comment       0x00000049       0x4a build/stm32f0xx_ll_flash.o
 .comment       0x00000049       0x4a build/stm32f0xx_ll_i2c.o
 .comment       0x00000049       0x4a build/stm32f0xx_ll_usart.o
 .comment       0x00000049       0x4a build/stm32f0xx_ll_adc.o
 .comment       0x00000049       0x4a build/user.o
 .comment       0x00000049       0x4a build/motor.o
 .comment       0x00000049       0x4a build/random_flash_utils.o

.debug_frame    0x00000000     0x1a7c
 .debug_frame   0x00000000       0x6c build/main.o
 .debug_frame   0x0000006c       0x24 build/gpio.o
 .debug_frame   0x00000090       0x30 build/adc.o
 .debug_frame   0x000000c0       0x24 build/dma.o
 .debug_frame   0x000000e4       0x54 build/tim.o
 .debug_frame   0x00000138      0x15c build/syscalls.o
 .debug_frame   0x00000294       0xb0 build/stm32f0xx_it.o
 .debug_frame   0x00000344       0x50 build/stm32f0xx_ll_gpio.o
 .debug_frame   0x00000394       0xe8 build/stm32f0xx_ll_rcc.o
 .debug_frame   0x0000047c      0x100 build/stm32f0xx_ll_utils.o
 .debug_frame   0x0000057c      0x1e4 build/stm32f0xx_ll_tim.o
 .debug_frame   0x00000760       0x38 build/system_stm32f0xx.o
 .debug_frame   0x00000798       0x90 build/i2c.o
 .debug_frame   0x00000828       0x30 build/usart.o
 .debug_frame   0x00000858       0x78 build/stm32f0xx_ll_flash.o
 .debug_frame   0x000008d0       0x4c build/stm32f0xx_ll_i2c.o
 .debug_frame   0x0000091c       0x74 build/stm32f0xx_ll_usart.o
 .debug_frame   0x00000990       0x8c build/stm32f0xx_ll_adc.o
 .debug_frame   0x00000a1c       0xb4 build/user.o
 .debug_frame   0x00000ad0       0x90 build/motor.o
 .debug_frame   0x00000b60       0x94 build/random_flash_utils.o
 .debug_frame   0x00000bf4       0x20 c:/program files (x86)/gnu arm embedded toolchain/10 2021.10/bin/../lib/gcc/arm-none-eabi/10.3.1/../../../../arm-none-eabi/lib/thumb/v6-m/nofp\libc_nano.a(lib_a-errno.o)
 .debug_frame   0x00000c14       0x2c c:/program files (x86)/gnu arm embedded toolchain/10 2021.10/bin/../lib/gcc/arm-none-eabi/10.3.1/../../../../arm-none-eabi/lib/thumb/v6-m/nofp\libc_nano.a(lib_a-init.o)
 .debug_frame   0x00000c40       0x28 c:/program files (x86)/gnu arm embedded toolchain/10 2021.10/bin/../lib/gcc/arm-none-eabi/10.3.1/../../../../arm-none-eabi/lib/thumb/v6-m/nofp\libc_nano.a(lib_a-memcpy-stub.o)
 .debug_frame   0x00000c68       0x20 c:/program files (x86)/gnu arm embedded toolchain/10 2021.10/bin/../lib/gcc/arm-none-eabi/10.3.1/../../../../arm-none-eabi/lib/thumb/v6-m/nofp\libc_nano.a(lib_a-memset.o)
 .debug_frame   0x00000c88       0x44 c:/program files (x86)/gnu arm embedded toolchain/10 2021.10/bin/../lib/gcc/arm-none-eabi/10.3.1/../../../../arm-none-eabi/lib/thumb/v6-m/nofp\libc_nano.a(lib_a-puts.o)
 .debug_frame   0x00000ccc       0x48 c:/program files (x86)/gnu arm embedded toolchain/10 2021.10/bin/../lib/gcc/arm-none-eabi/10.3.1/../../../../arm-none-eabi/lib/thumb/v6-m/nofp\libc_nano.a(lib_a-wbuf.o)
 .debug_frame   0x00000d14       0x2c c:/program files (x86)/gnu arm embedded toolchain/10 2021.10/bin/../lib/gcc/arm-none-eabi/10.3.1/../../../../arm-none-eabi/lib/thumb/v6-m/nofp\libc_nano.a(lib_a-wsetup.o)
 .debug_frame   0x00000d40       0x68 c:/program files (x86)/gnu arm embedded toolchain/10 2021.10/bin/../lib/gcc/arm-none-eabi/10.3.1/../../../../arm-none-eabi/lib/thumb/v6-m/nofp\libc_nano.a(lib_a-fflush.o)
 .debug_frame   0x00000da8      0x170 c:/program files (x86)/gnu arm embedded toolchain/10 2021.10/bin/../lib/gcc/arm-none-eabi/10.3.1/../../../../arm-none-eabi/lib/thumb/v6-m/nofp\libc_nano.a(lib_a-findfp.o)
 .debug_frame   0x00000f18       0x58 c:/program files (x86)/gnu arm embedded toolchain/10 2021.10/bin/../lib/gcc/arm-none-eabi/10.3.1/../../../../arm-none-eabi/lib/thumb/v6-m/nofp\libc_nano.a(lib_a-fwalk.o)
 .debug_frame   0x00000f70       0xb0 c:/program files (x86)/gnu arm embedded toolchain/10 2021.10/bin/../lib/gcc/arm-none-eabi/10.3.1/../../../../arm-none-eabi/lib/thumb/v6-m/nofp\libc_nano.a(lib_a-lock.o)
 .debug_frame   0x00001020       0x54 c:/program files (x86)/gnu arm embedded toolchain/10 2021.10/bin/../lib/gcc/arm-none-eabi/10.3.1/../../../../arm-none-eabi/lib/thumb/v6-m/nofp\libc_nano.a(lib_a-makebuf.o)
 .debug_frame   0x00001074       0x2c c:/program files (x86)/gnu arm embedded toolchain/10 2021.10/bin/../lib/gcc/arm-none-eabi/10.3.1/../../../../arm-none-eabi/lib/thumb/v6-m/nofp\libc_nano.a(lib_a-nano-freer.o)
 .debug_frame   0x000010a0       0x50 c:/program files (x86)/gnu arm embedded toolchain/10 2021.10/bin/../lib/gcc/arm-none-eabi/10.3.1/../../../../arm-none-eabi/lib/thumb/v6-m/nofp\libc_nano.a(lib_a-nano-mallocr.o)
 .debug_frame   0x000010f0       0x2c c:/program files (x86)/gnu arm embedded toolchain/10 2021.10/bin/../lib/gcc/arm-none-eabi/10.3.1/../../../../arm-none-eabi/lib/thumb/v6-m/nofp\libc_nano.a(lib_a-sbrkr.o)
 .debug_frame   0x0000111c       0x90 c:/program files (x86)/gnu arm embedded toolchain/10 2021.10/bin/../lib/gcc/arm-none-eabi/10.3.1/../../../../arm-none-eabi/lib/thumb/v6-m/nofp\libc_nano.a(lib_a-stdio.o)
 .debug_frame   0x000011ac       0x2c c:/program files (x86)/gnu arm embedded toolchain/10 2021.10/bin/../lib/gcc/arm-none-eabi/10.3.1/../../../../arm-none-eabi/lib/thumb/v6-m/nofp\libc_nano.a(lib_a-writer.o)
 .debug_frame   0x000011d8       0x2c c:/program files (x86)/gnu arm embedded toolchain/10 2021.10/bin/../lib/gcc/arm-none-eabi/10.3.1/../../../../arm-none-eabi/lib/thumb/v6-m/nofp\libc_nano.a(lib_a-closer.o)
 .debug_frame   0x00001204       0x2c c:/program files (x86)/gnu arm embedded toolchain/10 2021.10/bin/../lib/gcc/arm-none-eabi/10.3.1/../../../../arm-none-eabi/lib/thumb/v6-m/nofp\libc_nano.a(lib_a-fstatr.o)
 .debug_frame   0x00001230       0x2c c:/program files (x86)/gnu arm embedded toolchain/10 2021.10/bin/../lib/gcc/arm-none-eabi/10.3.1/../../../../arm-none-eabi/lib/thumb/v6-m/nofp\libc_nano.a(lib_a-isattyr.o)
 .debug_frame   0x0000125c       0x2c c:/program files (x86)/gnu arm embedded toolchain/10 2021.10/bin/../lib/gcc/arm-none-eabi/10.3.1/../../../../arm-none-eabi/lib/thumb/v6-m/nofp\libc_nano.a(lib_a-lseekr.o)
 .debug_frame   0x00001288       0x40 c:/program files (x86)/gnu arm embedded toolchain/10 2021.10/bin/../lib/gcc/arm-none-eabi/10.3.1/../../../../arm-none-eabi/lib/thumb/v6-m/nofp\libc_nano.a(lib_a-mlock.o)
 .debug_frame   0x000012c8       0x2c c:/program files (x86)/gnu arm embedded toolchain/10 2021.10/bin/../lib/gcc/arm-none-eabi/10.3.1/../../../../arm-none-eabi/lib/thumb/v6-m/nofp\libc_nano.a(lib_a-readr.o)
 .debug_frame   0x000012f4       0x48 c:/program files (x86)/gnu arm embedded toolchain/10 2021.10/bin/../lib/gcc/arm-none-eabi/10.3.1/../../../../arm-none-eabi/lib/thumb/v6-m/nofp\libc_nano.a(lib_a-reent.o)
 .debug_frame   0x0000133c       0x20 c:/program files (x86)/gnu arm embedded toolchain/10 2021.10/bin/../lib/gcc/arm-none-eabi/10.3.1/../../../../arm-none-eabi/lib/thumb/v6-m/nofp\libnosys.a(close.o)
 .debug_frame   0x0000135c       0x20 c:/program files (x86)/gnu arm embedded toolchain/10 2021.10/bin/../lib/gcc/arm-none-eabi/10.3.1/../../../../arm-none-eabi/lib/thumb/v6-m/nofp\libnosys.a(fstat.o)
 .debug_frame   0x0000137c       0x20 c:/program files (x86)/gnu arm embedded toolchain/10 2021.10/bin/../lib/gcc/arm-none-eabi/10.3.1/../../../../arm-none-eabi/lib/thumb/v6-m/nofp\libnosys.a(isatty.o)
 .debug_frame   0x0000139c       0x20 c:/program files (x86)/gnu arm embedded toolchain/10 2021.10/bin/../lib/gcc/arm-none-eabi/10.3.1/../../../../arm-none-eabi/lib/thumb/v6-m/nofp\libnosys.a(lseek.o)
 .debug_frame   0x000013bc       0x20 c:/program files (x86)/gnu arm embedded toolchain/10 2021.10/bin/../lib/gcc/arm-none-eabi/10.3.1/thumb/v6-m/nofp\libgcc.a(_udivsi3.o)
 .debug_frame   0x000013dc       0x34 c:/program files (x86)/gnu arm embedded toolchain/10 2021.10/bin/../lib/gcc/arm-none-eabi/10.3.1/thumb/v6-m/nofp\libgcc.a(addsf3.o)
 .debug_frame   0x00001410       0x38 c:/program files (x86)/gnu arm embedded toolchain/10 2021.10/bin/../lib/gcc/arm-none-eabi/10.3.1/thumb/v6-m/nofp\libgcc.a(divsf3.o)
 .debug_frame   0x00001448       0x2c c:/program files (x86)/gnu arm embedded toolchain/10 2021.10/bin/../lib/gcc/arm-none-eabi/10.3.1/thumb/v6-m/nofp\libgcc.a(eqsf2.o)
 .debug_frame   0x00001474       0x2c c:/program files (x86)/gnu arm embedded toolchain/10 2021.10/bin/../lib/gcc/arm-none-eabi/10.3.1/thumb/v6-m/nofp\libgcc.a(gesf2.o)
 .debug_frame   0x000014a0       0x2c c:/program files (x86)/gnu arm embedded toolchain/10 2021.10/bin/../lib/gcc/arm-none-eabi/10.3.1/thumb/v6-m/nofp\libgcc.a(lesf2.o)
 .debug_frame   0x000014cc       0x38 c:/program files (x86)/gnu arm embedded toolchain/10 2021.10/bin/../lib/gcc/arm-none-eabi/10.3.1/thumb/v6-m/nofp\libgcc.a(mulsf3.o)
 .debug_frame   0x00001504       0x38 c:/program files (x86)/gnu arm embedded toolchain/10 2021.10/bin/../lib/gcc/arm-none-eabi/10.3.1/thumb/v6-m/nofp\libgcc.a(subsf3.o)
 .debug_frame   0x0000153c       0x20 c:/program files (x86)/gnu arm embedded toolchain/10 2021.10/bin/../lib/gcc/arm-none-eabi/10.3.1/thumb/v6-m/nofp\libgcc.a(fixsfsi.o)
 .debug_frame   0x0000155c       0x2c c:/program files (x86)/gnu arm embedded toolchain/10 2021.10/bin/../lib/gcc/arm-none-eabi/10.3.1/thumb/v6-m/nofp\libgcc.a(floatunsisf.o)
 .debug_frame   0x00001588      0x2b4 c:/program files (x86)/gnu arm embedded toolchain/10 2021.10/bin/../lib/gcc/arm-none-eabi/10.3.1/thumb/v6-m/nofp\libgcc.a(unwind-arm.o)
 .debug_frame   0x0000183c       0xf4 c:/program files (x86)/gnu arm embedded toolchain/10 2021.10/bin/../lib/gcc/arm-none-eabi/10.3.1/thumb/v6-m/nofp\libgcc.a(pr-support.o)
 .debug_frame   0x00001930       0x28 c:/program files (x86)/gnu arm embedded toolchain/10 2021.10/bin/../lib/gcc/arm-none-eabi/10.3.1/../../../../arm-none-eabi/lib/thumb/v6-m/nofp\libc_nano.a(lib_a-abort.o)
 .debug_frame   0x00001958       0xe0 c:/program files (x86)/gnu arm embedded toolchain/10 2021.10/bin/../lib/gcc/arm-none-eabi/10.3.1/../../../../arm-none-eabi/lib/thumb/v6-m/nofp\libc_nano.a(lib_a-signal.o)
 .debug_frame   0x00001a38       0x44 c:/program files (x86)/gnu arm embedded toolchain/10 2021.10/bin/../lib/gcc/arm-none-eabi/10.3.1/../../../../arm-none-eabi/lib/thumb/v6-m/nofp\libc_nano.a(lib_a-signalr.o)

.stab           0x00000000       0x6c
 .stab          0x00000000       0x24 c:/program files (x86)/gnu arm embedded toolchain/10 2021.10/bin/../lib/gcc/arm-none-eabi/10.3.1/../../../../arm-none-eabi/lib/thumb/v6-m/nofp\libnosys.a(close.o)
 .stab          0x00000024       0x18 c:/program files (x86)/gnu arm embedded toolchain/10 2021.10/bin/../lib/gcc/arm-none-eabi/10.3.1/../../../../arm-none-eabi/lib/thumb/v6-m/nofp\libnosys.a(fstat.o)
                                 0x24 (size before relaxing)
 .stab          0x0000003c       0x18 c:/program files (x86)/gnu arm embedded toolchain/10 2021.10/bin/../lib/gcc/arm-none-eabi/10.3.1/../../../../arm-none-eabi/lib/thumb/v6-m/nofp\libnosys.a(isatty.o)
                                 0x24 (size before relaxing)
 .stab          0x00000054       0x18 c:/program files (x86)/gnu arm embedded toolchain/10 2021.10/bin/../lib/gcc/arm-none-eabi/10.3.1/../../../../arm-none-eabi/lib/thumb/v6-m/nofp\libnosys.a(lseek.o)
                                 0x24 (size before relaxing)

.stabstr        0x00000000       0xe3
 .stabstr       0x00000000       0xe3 c:/program files (x86)/gnu arm embedded toolchain/10 2021.10/bin/../lib/gcc/arm-none-eabi/10.3.1/../../../../arm-none-eabi/lib/thumb/v6-m/nofp\libnosys.a(close.o)

Cross Reference Table

Symbol                                            File
ADC1_IRQHandler                                   build/startup_stm32f042x6.o
AHBPrescTable                                     build/system_stm32f0xx.o
                                                  build/stm32f0xx_ll_utils.o
                                                  build/stm32f0xx_ll_rcc.o
APBPrescTable                                     build/system_stm32f0xx.o
                                                  build/stm32f0xx_ll_rcc.o
CEC_CAN_IRQHandler                                build/startup_stm32f042x6.o
Config_t const& EEPROM::put<Config_t>(int, Config_t const&) build/user.o
DMA1_Channel1_IRQHandler                          build/stm32f0xx_it.o
DMA1_Channel2_3_IRQHandler                        build/stm32f0xx_it.o
DMA1_Channel4_5_IRQHandler                        build/startup_stm32f042x6.o
Default_Handler                                   build/startup_stm32f042x6.o
EXTI0_1_IRQHandler                                build/startup_stm32f042x6.o
EXTI2_3_IRQHandler                                build/startup_stm32f042x6.o
EXTI4_15_IRQHandler                               build/startup_stm32f042x6.o
Error_Handler                                     build/main.o
FLASH_IRQHandler                                  build/startup_stm32f042x6.o
HardFault_Handler                                 build/stm32f0xx_it.o
I2C1_IRQHandler                                   build/stm32f0xx_it.o
I2C_SlaveDMARxCpltCallback                        build/user.o
                                                  build/stm32f0xx_it.o
LL_ADC_CommonDeInit                               build/stm32f0xx_ll_adc.o
LL_ADC_DeInit                                     build/stm32f0xx_ll_adc.o
LL_ADC_Init                                       build/stm32f0xx_ll_adc.o
                                                  build/adc.o
LL_ADC_REG_Init                                   build/stm32f0xx_ll_adc.o
                                                  build/adc.o
LL_ADC_REG_StructInit                             build/stm32f0xx_ll_adc.o
LL_ADC_StructInit                                 build/stm32f0xx_ll_adc.o
LL_DMA_DeInit                                     build/stm32f0xx_ll_dma.o
LL_DMA_Init                                       build/stm32f0xx_ll_dma.o
LL_DMA_StructInit                                 build/stm32f0xx_ll_dma.o
LL_EXTI_DeInit                                    build/stm32f0xx_ll_exti.o
LL_EXTI_Init                                      build/stm32f0xx_ll_exti.o
LL_EXTI_StructInit                                build/stm32f0xx_ll_exti.o
LL_FLASH_Program                                  build/stm32f0xx_ll_flash.o
                                                  build/random_flash_utils.o
LL_Flash_PageErase                                build/stm32f0xx_ll_flash.o
                                                  build/random_flash_utils.o
LL_Flash_Unlock                                   build/stm32f0xx_ll_flash.o
                                                  build/random_flash_utils.o
LL_GPIO_DeInit                                    build/stm32f0xx_ll_gpio.o
LL_GPIO_Init                                      build/stm32f0xx_ll_gpio.o
                                                  build/usart.o
                                                  build/i2c.o
                                                  build/tim.o
                                                  build/adc.o
LL_GPIO_StructInit                                build/stm32f0xx_ll_gpio.o
LL_I2C_DeInit                                     build/stm32f0xx_ll_i2c.o
LL_I2C_Init                                       build/stm32f0xx_ll_i2c.o
                                                  build/i2c.o
LL_I2C_StructInit                                 build/stm32f0xx_ll_i2c.o
LL_Init1msTick                                    build/stm32f0xx_ll_utils.o
                                                  build/main.o
LL_PLL_ConfigSystemClock_HSE                      build/stm32f0xx_ll_utils.o
LL_PLL_ConfigSystemClock_HSI                      build/stm32f0xx_ll_utils.o
LL_PLL_ConfigSystemClock_HSI48                    build/stm32f0xx_ll_utils.o
LL_PWR_DeInit                                     build/stm32f0xx_ll_pwr.o
LL_RCC_DeInit                                     build/stm32f0xx_ll_rcc.o
LL_RCC_GetCECClockFreq                            build/stm32f0xx_ll_rcc.o
LL_RCC_GetI2CClockFreq                            build/stm32f0xx_ll_rcc.o
LL_RCC_GetSystemClocksFreq                        build/stm32f0xx_ll_rcc.o
                                                  build/stm32f0xx_ll_usart.o
LL_RCC_GetUSARTClockFreq                          build/stm32f0xx_ll_rcc.o
                                                  build/stm32f0xx_ll_usart.o
LL_RCC_GetUSBClockFreq                            build/stm32f0xx_ll_rcc.o
LL_SetFlashLatency                                build/stm32f0xx_ll_utils.o
LL_SetSystemCoreClock                             build/stm32f0xx_ll_utils.o
                                                  build/main.o
LL_TIM_BDTR_Init                                  build/stm32f0xx_ll_tim.o
LL_TIM_BDTR_StructInit                            build/stm32f0xx_ll_tim.o
LL_TIM_DeInit                                     build/stm32f0xx_ll_tim.o
LL_TIM_ENCODER_Init                               build/stm32f0xx_ll_tim.o
LL_TIM_ENCODER_StructInit                         build/stm32f0xx_ll_tim.o
LL_TIM_HALLSENSOR_Init                            build/stm32f0xx_ll_tim.o
LL_TIM_HALLSENSOR_StructInit                      build/stm32f0xx_ll_tim.o
LL_TIM_IC_Init                                    build/stm32f0xx_ll_tim.o
LL_TIM_IC_StructInit                              build/stm32f0xx_ll_tim.o
LL_TIM_Init                                       build/stm32f0xx_ll_tim.o
                                                  build/tim.o
LL_TIM_OC_Init                                    build/stm32f0xx_ll_tim.o
                                                  build/tim.o
LL_TIM_OC_StructInit                              build/stm32f0xx_ll_tim.o
LL_TIM_StructInit                                 build/stm32f0xx_ll_tim.o
LL_USART_ClockInit                                build/stm32f0xx_ll_usart.o
LL_USART_ClockStructInit                          build/stm32f0xx_ll_usart.o
LL_USART_DeInit                                   build/stm32f0xx_ll_usart.o
LL_USART_Init                                     build/stm32f0xx_ll_usart.o
                                                  build/usart.o
LL_USART_StructInit                               build/stm32f0xx_ll_usart.o
LL_mDelay                                         build/stm32f0xx_ll_utils.o
                                                  build/user.o
MX_ADC_Init                                       build/adc.o
                                                  build/main.o
MX_DMA_Init                                       build/dma.o
                                                  build/main.o
MX_GPIO_Init                                      build/gpio.o
                                                  build/main.o
MX_I2C1_Init                                      build/i2c.o
MX_TIM14_Init                                     build/tim.o
                                                  build/main.o
MX_TIM3_Init                                      build/tim.o
                                                  build/main.o
MX_USART2_UART_Init                               build/usart.o
                                                  build/main.o
MY_I2C1_Init                                      build/i2c.o
                                                  build/user.o
Main                                              build/user.o
                                                  build/main.o
Motor::CalcDceOutput(float, float)                build/motor.o
                                                  build/user.o
Motor::SetEnable(bool)                            build/motor.o
                                                  build/user.o
Motor::SetPwm(short)                              build/motor.o
                                                  build/user.o
Motor::SetTorqueLimit(float)                      build/motor.o
                                                  build/user.o
Motor::UpdateVelocity()                           build/motor.o
NMI_Handler                                       build/stm32f0xx_it.o
PVD_VDDIO2_IRQHandler                             build/startup_stm32f042x6.o
PendSV_Handler                                    build/stm32f0xx_it.o
RCC_CRS_IRQHandler                                build/startup_stm32f042x6.o
RCC_GetHCLKClockFreq                              build/stm32f0xx_ll_rcc.o
RCC_GetPCLK1ClockFreq                             build/stm32f0xx_ll_rcc.o
RCC_GetSystemClockFreq                            build/stm32f0xx_ll_rcc.o
RCC_PLL_GetFreqDomain_SYS                         build/stm32f0xx_ll_rcc.o
RTC_IRQHandler                                    build/startup_stm32f042x6.o
Reset_Handler                                     build/startup_stm32f042x6.o
SPI1_IRQHandler                                   build/startup_stm32f042x6.o
SPI2_IRQHandler                                   build/startup_stm32f042x6.o
SVC_Handler                                       build/stm32f0xx_it.o
Set_ID                                            build/i2c.o
                                                  build/user.o
Slave_Transmit                                    build/i2c.o
                                                  build/user.o