Archive member included to satisfy reference by file (symbol)

c:/program files (x86)/gnu arm embedded toolchain/10 2021.10/bin/../lib/gcc/arm-none-eabi/10.3.1/../../../../arm-none-eabi/lib/thumb/v6-m/nofp\libc_nano.a(lib_a-errno.o)
                              build/syscalls.o (__errno)
c:/program files (x86)/gnu arm embedded toolchain/10 2021.10/bin/../lib/gcc/arm-none-eabi/10.3.1/../../../../arm-none-eabi/lib/thumb/v6-m/nofp\libc_nano.a(lib_a-exit.o)
                              c:/program files (x86)/gnu arm embedded toolchain/10 2021.10/bin/../lib/gcc/arm-none-eabi/10.3.1/../../../../arm-none-eabi/lib/thumb/v6-m/nofp/crt0.o (exit)
c:/program files (x86)/gnu arm embedded toolchain/10 2021.10/bin/../lib/gcc/arm-none-eabi/10.3.1/../../../../arm-none-eabi/lib/thumb/v6-m/nofp\libc_nano.a(lib_a-impure.o)
                              c:/program files (x86)/gnu arm embedded toolchain/10 2021.10/bin/../lib/gcc/arm-none-eabi/10.3.1/../../../../arm-none-eabi/lib/thumb/v6-m/nofp\libc_nano.a(lib_a-exit.o) (_global_impure_ptr)
c:/program files (x86)/gnu arm embedded toolchain/10 2021.10/bin/../lib/gcc/arm-none-eabi/10.3.1/../../../../arm-none-eabi/lib/thumb/v6-m/nofp\libc_nano.a(lib_a-init.o)
                              c:/program files (x86)/gnu arm embedded toolchain/10 2021.10/bin/../lib/gcc/arm-none-eabi/10.3.1/../../../../arm-none-eabi/lib/thumb/v6-m/nofp/crt0.o (__libc_init_array)
c:/program files (x86)/gnu arm embedded toolchain/10 2021.10/bin/../lib/gcc/arm-none-eabi/10.3.1/../../../../arm-none-eabi/lib/thumb/v6-m/nofp\libc_nano.a(lib_a-memcpy-stub.o)
                              build/random_flash_utils.o (memcpy)
c:/program files (x86)/gnu arm embedded toolchain/10 2021.10/bin/../lib/gcc/arm-none-eabi/10.3.1/../../../../arm-none-eabi/lib/thumb/v6-m/nofp\libc_nano.a(lib_a-memset.o)
                              c:/program files (x86)/gnu arm embedded toolchain/10 2021.10/bin/../lib/gcc/arm-none-eabi/10.3.1/../../../../arm-none-eabi/lib/thumb/v6-m/nofp/crt0.o (memset)
c:/program files (x86)/gnu arm embedded toolchain/10 2021.10/bin/../lib/gcc/arm-none-eabi/10.3.1/../../../../arm-none-eabi/lib/thumb/v6-m/nofp\libc_nano.a(lib_a-printf.o)
                              build/random_flash_utils.o (printf)
c:/program files (x86)/gnu arm embedded toolchain/10 2021.10/bin/../lib/gcc/arm-none-eabi/10.3.1/../../../../arm-none-eabi/lib/thumb/v6-m/nofp\libc_nano.a(lib_a-puts.o)
                              build/main.o (puts)
c:/program files (x86)/gnu arm embedded toolchain/10 2021.10/bin/../lib/gcc/arm-none-eabi/10.3.1/../../../../arm-none-eabi/lib/thumb/v6-m/nofp\libc_nano.a(lib_a-wbuf.o)
                              c:/program files (x86)/gnu arm embedded toolchain/10 2021.10/bin/../lib/gcc/arm-none-eabi/10.3.1/../../../../arm-none-eabi/lib/thumb/v6-m/nofp\libc_nano.a(lib_a-puts.o) (__swbuf_r)
c:/program files (x86)/gnu arm embedded toolchain/10 2021.10/bin/../lib/gcc/arm-none-eabi/10.3.1/../../../../arm-none-eabi/lib/thumb/v6-m/nofp\libc_nano.a(lib_a-wsetup.o)
                              c:/program files (x86)/gnu arm embedded toolchain/10 2021.10/bin/../lib/gcc/arm-none-eabi/10.3.1/../../../../arm-none-eabi/lib/thumb/v6-m/nofp\libc_nano.a(lib_a-puts.o) (__swsetup_r)
c:/program files (x86)/gnu arm embedded toolchain/10 2021.10/bin/../lib/gcc/arm-none-eabi/10.3.1/../../../../arm-none-eabi/lib/thumb/v6-m/nofp\libc_nano.a(lib_a-fflush.o)
                              c:/program files (x86)/gnu arm embedded toolchain/10 2021.10/bin/../lib/gcc/arm-none-eabi/10.3.1/../../../../arm-none-eabi/lib/thumb/v6-m/nofp\libc_nano.a(lib_a-wbuf.o) (_fflush_r)
c:/program files (x86)/gnu arm embedded toolchain/10 2021.10/bin/../lib/gcc/arm-none-eabi/10.3.1/../../../../arm-none-eabi/lib/thumb/v6-m/nofp\libc_nano.a(lib_a-findfp.o)
                              c:/program files (x86)/gnu arm embedded toolchain/10 2021.10/bin/../lib/gcc/arm-none-eabi/10.3.1/../../../../arm-none-eabi/lib/thumb/v6-m/nofp\libc_nano.a(lib_a-printf.o) (__sinit)
c:/program files (x86)/gnu arm embedded toolchain/10 2021.10/bin/../lib/gcc/arm-none-eabi/10.3.1/../../../../arm-none-eabi/lib/thumb/v6-m/nofp\libc_nano.a(lib_a-fwalk.o)
                              c:/program files (x86)/gnu arm embedded toolchain/10 2021.10/bin/../lib/gcc/arm-none-eabi/10.3.1/../../../../arm-none-eabi/lib/thumb/v6-m/nofp\libc_nano.a(lib_a-findfp.o) (_fwalk)
c:/program files (x86)/gnu arm embedded toolchain/10 2021.10/bin/../lib/gcc/arm-none-eabi/10.3.1/../../../../arm-none-eabi/lib/thumb/v6-m/nofp\libc_nano.a(lib_a-lock.o)
                              c:/program files (x86)/gnu arm embedded toolchain/10 2021.10/bin/../lib/gcc/arm-none-eabi/10.3.1/../../../../arm-none-eabi/lib/thumb/v6-m/nofp\libc_nano.a(lib_a-findfp.o) (__retarget_lock_init_recursive)
c:/program files (x86)/gnu arm embedded toolchain/10 2021.10/bin/../lib/gcc/arm-none-eabi/10.3.1/../../../../arm-none-eabi/lib/thumb/v6-m/nofp\libc_nano.a(lib_a-makebuf.o)
[...]
Memory Configuration

Name             Origin             Length             Attributes
RAM              0x20000000         0x00001800         xrw
FLASH            0x08000000         0x00008000         xr
*default*        0x00000000         0xffffffff

Linker script and memory map

LOAD c:/program files (x86)/gnu arm embedded toolchain/10 2021.10/bin/../lib/gcc/arm-none-eabi/10.3.1/thumb/v6-m/nofp/crti.o
LOAD c:/program files (x86)/gnu arm embedded toolchain/10 2021.10/bin/../lib/gcc/arm-none-eabi/10.3.1/thumb/v6-m/nofp/crtbegin.o
LOAD c:/program files (x86)/gnu arm embedded toolchain/10 2021.10/bin/../lib/gcc/arm-none-eabi/10.3.1/../../../../arm-none-eabi/lib/thumb/v6-m/nofp/crt0.o
LOAD build/main.o
LOAD build/gpio.o
LOAD build/adc.o
LOAD build/dma.o
LOAD build/tim.o
LOAD build/syscalls.o
LOAD build/stm32f0xx_it.o
LOAD build/stm32f0xx_ll_gpio.o
LOAD build/stm32f0xx_ll_adc.o
LOAD build/stm32f0xx_ll_dma.o
LOAD build/stm32f0xx_ll_rcc.o
LOAD build/stm32f0xx_ll_utils.o
LOAD build/stm32f0xx_ll_exti.o
LOAD build/stm32f0xx_ll_tim.o
LOAD build/system_stm32f0xx.o
LOAD build/i2c.o
LOAD build/usart.o
LOAD build/stm32f0xx_ll_flash.o
LOAD build/stm32f0xx_ll_i2c.o
LOAD build/stm32f0xx_ll_usart.o
LOAD build/stm32f0xx_ll_pwr.o
LOAD build/user.o
LOAD build/motor.o
LOAD build/random_flash_utils.o
LOAD build/startup_stm32f042x6.o
LOAD c:/program files (x86)/gnu arm embedded toolchain/10 2021.10/bin/../lib/gcc/arm-none-eabi/10.3.1/../../../../arm-none-eabi/lib/thumb/v6-m/nofp\libc_nano.a
LOAD c:/program files (x86)/gnu arm embedded toolchain/10 2021.10/bin/../lib/gcc/arm-none-eabi/10.3.1/../../../../arm-none-eabi/lib/thumb/v6-m/nofp\libm.a
LOAD c:/program files (x86)/gnu arm embedded toolchain/10 2021.10/bin/../lib/gcc/arm-none-eabi/10.3.1/../../../../arm-none-eabi/lib/thumb/v6-m/nofp\libnosys.a
START GROUP
LOAD c:/program files (x86)/gnu arm embedded toolchain/10 2021.10/bin/../lib/gcc/arm-none-eabi/10.3.1/thumb/v6-m/nofp\libgcc.a
LOAD c:/program files (x86)/gnu arm embedded toolchain/10 2021.10/bin/../lib/gcc/arm-none-eabi/10.3.1/../../../../arm-none-eabi/lib/thumb/v6-m/nofp\libc_nano.a
END GROUP
START GROUP
LOAD c:/program files (x86)/gnu arm embedded toolchain/10 2021.10/bin/../lib/gcc/arm-none-eabi/10.3.1/thumb/v6-m/nofp\libgcc.a
LOAD c:/program files (x86)/gnu arm embedded toolchain/10 2021.10/bin/../lib/gcc/arm-none-eabi/10.3.1/../../../../arm-none-eabi/lib/thumb/v6-m/nofp\libc_nano.a
END GROUP
LOAD c:/program files (x86)/gnu arm embedded toolchain/10 2021.10/bin/../lib/gcc/arm-none-eabi/10.3.1/thumb/v6-m/nofp/crtend.o
LOAD c:/program files (x86)/gnu arm embedded toolchain/10 2021.10/bin/../lib/gcc/arm-none-eabi/10.3.1/thumb/v6-m/nofp/crtn.o
                0x20001800                _estack = (ORIGIN (RAM) + LENGTH (RAM))
                0x00000200                _Min_Heap_Size = 0x200
                0x00000400                _Min_Stack_Size = 0x400

.isr_vector     0x08000000       0xc0
                0x08000000                . = ALIGN (0x4)
 *(.isr_vector)
 .isr_vector    0x08000000       0xc0 build/startup_stm32f042x6.o
                0x08000000                g_pfnVectors
                0x080000c0                . = ALIGN (0x4)

.text           0x080000c0     0x36e4
                0x080000c0                . = ALIGN (0x4)
 *(.text)
 .text          0x080000c0       0x48 c:/program files (x86)/gnu arm embedded toolchain/10 2021.10/bin/../lib/gcc/arm-none-eabi/10.3.1/thumb/v6-m/nofp/crtbegin.o
 .text          0x08000108       0x14 c:/program files (x86)/gnu arm embedded toolchain/10 2021.10/bin/../lib/gcc/arm-none-eabi/10.3.1/thumb/v6-m/nofp\libgcc.a(_thumb1_case_shi.o)
                0x08000108                __gnu_thumb1_case_shi
 .text          0x0800011c      0x114 c:/program files (x86)/gnu arm embedded toolchain/10 2021.10/bin/../lib/gcc/arm-none-eabi/10.3.1/thumb/v6-m/nofp\libgcc.a(_udivsi3.o)
                0x0800011c                __aeabi_uidiv
                0x0800011c                __udivsi3
                0x08000228                __aeabi_uidivmod
 .text          0x08000230        0x4 c:/program files (x86)/gnu arm embedded toolchain/10 2021.10/bin/../lib/gcc/arm-none-eabi/10.3.1/thumb/v6-m/nofp\libgcc.a(_dvmd_tls.o)
                0x08000230                __aeabi_idiv0
                0x08000230                __aeabi_ldiv0
 .text          0x08000234       0x74 c:/program files (x86)/gnu arm embedded toolchain/10 2021.10/bin/../lib/gcc/arm-none-eabi/10.3.1/thumb/v6-m/nofp\libgcc.a(_arm_cmpsf2.o)
                0x08000234                __aeabi_cfrcmple
                0x0800023c                __aeabi_cfcmpeq
                0x0800023c                __aeabi_cfcmple
                0x0800024c                __aeabi_fcmpeq
                0x08000258                __aeabi_fcmplt
                0x0800026c                __aeabi_fcmple
                0x08000280                __aeabi_fcmpgt
                0x08000294                __aeabi_fcmpge
 .text          0x080002a8       0x4c c:/program files (x86)/gnu arm embedded toolchain/10 2021.10/bin/../lib/gcc/arm-none-eabi/10.3.1/thumb/v6-m/nofp\libgcc.a(eqsf2.o)
                0x080002a8                __eqsf2
                0x080002a8                __nesf2
 .text          0x080002f4       0x8c c:/program files (x86)/gnu arm embedded toolchain/10 2021.10/bin/../lib/gcc/arm-none-eabi/10.3.1/thumb/v6-m/nofp\libgcc.a(gesf2.o)
                0x080002f4                __gesf2
                0x080002f4                __gtsf2
 .text          0x08000380       0x88 c:/program files (x86)/gnu arm embedded toolchain/10 2021.10/bin/../lib/gcc/arm-none-eabi/10.3.1/thumb/v6-m/nofp\libgcc.a(lesf2.o)
                0x08000380                __ltsf2
                0x08000380                __lesf2
 .text          0x08000408      0x24c c:/program files (x86)/gnu arm embedded toolchain/10 2021.10/bin/../lib/gcc/arm-none-eabi/10.3.1/thumb/v6-m/nofp\libgcc.a(mulsf3.o)
                0x08000408                __aeabi_fmul
 .text          0x08000654      0xa30 c:/program files (x86)/gnu arm embedded toolchain/10 2021.10/bin/../lib/gcc/arm-none-eabi/10.3.1/thumb/v6-m/nofp\libgcc.a(unwind-arm.o)
                0x08000920                _Unwind_GetCFA
                0x08000924                __gnu_Unwind_RaiseException
                0x08000978                __gnu_Unwind_ForcedUnwind
                0x0800098c                __gnu_Unwind_Resume
                0x080009d4                __gnu_Unwind_Resume_or_Rethrow
                0x080009f0                _Unwind_Complete
                0x080009f4                _Unwind_DeleteException
                0x08000a04                _Unwind_VRS_Get
                0x08000a50                _Unwind_VRS_Set
                0x08000a9c                __gnu_Unwind_Backtrace
                0x08000df8                __aeabi_unwind_cpp_pr0
                0x08000e04                __aeabi_unwind_cpp_pr1
                0x08000e10                __aeabi_unwind_cpp_pr2
                0x08000e1c                _Unwind_VRS_Pop
 .text          0x08001084      0x144 c:/program files (x86)/gnu arm embedded toolchain/10 2021.10/bin/../lib/gcc/arm-none-eabi/10.3.1/thumb/v6-m/nofp\libgcc.a(libunwind.o)
                0x08001084                __restore_core_regs
                0x08001084                restore_core_regs
                0x080010b0                __gnu_Unwind_Restore_VFP
                0x080010b4                __gnu_Unwind_Save_VFP
                0x080010b8                __gnu_Unwind_Restore_VFP_D
                0x080010bc                __gnu_Unwind_Save_VFP_D
                0x080010c0                __gnu_Unwind_Restore_VFP_D_16_to_31
                0x080010c4                __gnu_Unwind_Save_VFP_D_16_to_31
                0x080010c8                __gnu_Unwind_Restore_WMMXD
                0x080010cc                __gnu_Unwind_Save_WMMXD
                0x080010d0                __gnu_Unwind_Restore_WMMXC
                0x080010d4                __gnu_Unwind_Save_WMMXC
                0x080010d8                ___Unwind_RaiseException
                0x080010d8                _Unwind_RaiseException
                0x08001108                _Unwind_Resume
                0x08001108                ___Unwind_Resume
                0x08001138                _Unwind_Resume_or_Rethrow
                0x08001138                ___Unwind_Resume_or_Rethrow
                0x08001168                _Unwind_ForcedUnwind
                0x08001168                ___Unwind_ForcedUnwind
                0x08001198                ___Unwind_Backtrace
                0x08001198                _Unwind_Backtrace
 .text          0x080011c8      0x38c c:/program files (x86)/gnu arm embedded toolchain/10 2021.10/bin/../lib/gcc/arm-none-eabi/10.3.1/thumb/v6-m/nofp\libgcc.a(pr-support.o)
                0x0800121c                __gnu_unwind_execute
                0x0800150c                __gnu_unwind_frame
                0x08001534                _Unwind_GetRegionStart
                0x08001540                _Unwind_GetLanguageSpecificData
 .text          0x08001554       0x3c c:/program files (x86)/gnu arm embedded toolchain/10 2021.10/bin/../lib/gcc/arm-none-eabi/10.3.1/thumb/v6-m/nofp\libgcc.a(_clzsi2.o)
                0x08001554                __clzsi2
 *(.text*)
 .text._write   0x08001590       0x24 build/main.o
                0x08001590                _write
 .text.SystemClock_Config
                0x080015b4       0xe0 build/main.o
                0x080015b4                SystemClock_Config
 .text.main     0x08001694       0x6c build/main.o
                0x08001694                main
 .text.MX_GPIO_Init
                0x08001700       0x20 build/gpio.o
                0x08001700                MX_GPIO_Init
 .text.MX_ADC_Init
                0x08001720      0x13c build/adc.o
                0x08001720                MX_ADC_Init
 .text.MX_DMA_Init
                0x0800185c       0x48 build/dma.o
                0x0800185c                MX_DMA_Init
 .text.MX_TIM3_Init
                0x080018a4      0x110 build/tim.o
                0x080018a4                MX_TIM3_Init
 .text.MX_TIM14_Init
                0x080019b4       0x6c build/tim.o
                0x080019b4                MX_TIM14_Init
 .text._getpid  0x08001a20        0x4 build/syscalls.o
                0x08001a20                _getpid
 .text._kill    0x08001a24       0x10 build/syscalls.o
                0x08001a24                _kill
 .text._exit    0x08001a34        0xc build/syscalls.o
                0x08001a34                _exit
 .text._read    0x08001a40       0x1c build/syscalls.o
                0x08001a40                _read
 .text._sbrk    0x08001a5c       0x3c build/syscalls.o
                0x08001a5c                _sbrk
 .text.NMI_Handler
                0x08001a98        0x2 build/stm32f0xx_it.o
                0x08001a98                NMI_Handler
 .text.HardFault_Handler
                0x08001a9a        0x2 build/stm32f0xx_it.o
                0x08001a9a                HardFault_Handler
 .text.SVC_Handler
                0x08001a9c        0x2 build/stm32f0xx_it.o
                0x08001a9c                SVC_Handler
 .text.PendSV_Handler
                0x08001a9e        0x2 build/stm32f0xx_it.o
                0x08001a9e                PendSV_Handler
 .text.SysTick_Handler
                0x08001aa0        0x2 build/stm32f0xx_it.o
                0x08001aa0                SysTick_Handler
 .text.DMA1_Channel1_IRQHandler
                0x08001aa2        0x2 build/stm32f0xx_it.o
                0x08001aa2                DMA1_Channel1_IRQHandler
 .text.DMA1_Channel2_3_IRQHandler
                0x08001aa4        0x2 build/stm32f0xx_it.o
                0x08001aa4                DMA1_Channel2_3_IRQHandler
 .text.TIM14_IRQHandler
                0x08001aa6        0x2 build/stm32f0xx_it.o
                0x08001aa6                TIM14_IRQHandler
 .text.I2C1_IRQHandler
                0x08001aa8        0x2 build/stm32f0xx_it.o
                0x08001aa8                I2C1_IRQHandler
 .text.LL_GPIO_Init
                0x08001aaa       0xb0 build/stm32f0xx_ll_gpio.o
                0x08001aaa                LL_GPIO_Init
 *fill*         0x08001b5a        0x2 
 .text.LL_ADC_Init
                0x08001b5c       0x34 build/stm32f0xx_ll_adc.o
                0x08001b5c                LL_ADC_Init
 .text.LL_ADC_REG_Init
                0x08001b90       0x30 build/stm32f0xx_ll_adc.o
                0x08001b90                LL_ADC_REG_Init
 .text.RCC_GetHCLKClockFreq
                0x08001bc0       0x1c build/stm32f0xx_ll_rcc.o
                0x08001bc0                RCC_GetHCLKClockFreq
 .text.RCC_GetPCLK1ClockFreq
                0x08001bdc       0x1c build/stm32f0xx_ll_rcc.o
                0x08001bdc                RCC_GetPCLK1ClockFreq
 .text.RCC_PLL_GetFreqDomain_SYS
                0x08001bf8       0x3c build/stm32f0xx_ll_rcc.o
                0x08001bf8                RCC_PLL_GetFreqDomain_SYS
 .text.RCC_GetSystemClockFreq
                0x08001c34       0x2c build/stm32f0xx_ll_rcc.o
                0x08001c34                RCC_GetSystemClockFreq
 .text.LL_RCC_GetSystemClocksFreq
                0x08001c60       0x18 build/stm32f0xx_ll_rcc.o
                0x08001c60                LL_RCC_GetSystemClocksFreq
 .text.LL_RCC_GetUSARTClockFreq
                0x08001c78       0x68 build/stm32f0xx_ll_rcc.o
                0x08001c78                LL_RCC_GetUSARTClockFreq
 .text.LL_Init1msTick
                0x08001ce0       0x20 build/stm32f0xx_ll_utils.o
                0x08001ce0                LL_Init1msTick
 .text.LL_SetSystemCoreClock
                0x08001d00        0xc build/stm32f0xx_ll_utils.o
                0x08001d00                LL_SetSystemCoreClock
 .text.OC1Config
                0x08001d0c       0x80 build/stm32f0xx_ll_tim.o
 .text.OC2Config
                0x08001d8c       0x8c build/stm32f0xx_ll_tim.o
 .text.OC3Config
                0x08001e18       0x98 build/stm32f0xx_ll_tim.o
 .text.OC4Config
                0x08001eb0       0x74 build/stm32f0xx_ll_tim.o
 .text.LL_TIM_Init
                0x08001f24       0x90 build/stm32f0xx_ll_tim.o
                0x08001f24                LL_TIM_Init
 .text.LL_TIM_OC_Init
                0x08001fb4       0x40 build/stm32f0xx_ll_tim.o
                0x08001fb4                LL_TIM_OC_Init
 .text.SystemInit
                0x08001ff4        0x2 build/system_stm32f0xx.o
                0x08001ff4                SystemInit
 *fill*         0x08001ff6        0x2 
 .text.MX_USART2_UART_Init
                0x08001ff8       0xcc build/usart.o
                0x08001ff8                MX_USART2_UART_Init
 .text.LL_FLASH_Program_TwoBtye
                0x080020c4       0x14 build/stm32f0xx_ll_flash.o
 .text.LL_Flash_Unlock
                0x080020d8       0x2c build/stm32f0xx_ll_flash.o
                0x080020d8                LL_Flash_Unlock
 .text.LL_Flash_PageErase
                0x08002104       0x64 build/stm32f0xx_ll_flash.o
                0x08002104                LL_Flash_PageErase
 .text.LL_FLASH_Program
                0x08002168       0x88 build/stm32f0xx_ll_flash.o
                0x08002168                LL_FLASH_Program
 .text.LL_USART_Init
                0x080021f0       0xc8 build/stm32f0xx_ll_usart.o
                0x080021f0                LL_USART_Init
 .text._Z41__static_initialization_and_destruction_0ii
                0x080022b8       0x20 build/user.o
 .text.Main     0x080022d8      0x12c build/user.o
                0x080022d8                Main
 .text._GLOBAL__sub_I_motor
                0x08002404       0x10 build/user.o
 .text._ZN5Motor14SetTorqueLimitEf
                0x08002414       0x38 build/motor.o
                0x08002414                Motor::SetTorqueLimit(float)
 .text._ZN5Motor9SetEnableEb
                0x0800244c        0x6 build/motor.o
                0x0800244c                Motor::SetEnable(bool)
 *fill*         0x08002452        0x2 
 .text.eeprom_buffered_read_byte
                0x08002454        0xc build/random_flash_utils.o
                0x08002454                eeprom_buffered_read_byte
 .text.eeprom_buffered_write_byte
                0x08002460        0xc build/random_flash_utils.o
                0x08002460                eeprom_buffered_write_byte
 .text.eeprom_buffer_fill
                0x0800246c       0x18 build/random_flash_utils.o
                0x0800246c                eeprom_buffer_fill
 .text.eeprom_buffer_flush
                0x08002484       0x80 build/random_flash_utils.o
                0x08002484                eeprom_buffer_flush
 .text.Reset_Handler
                0x08002504       0x80 build/startup_stm32f042x6.o
                0x08002504                Reset_Handler
 .text.Default_Handler
                0x08002584        0x2 build/startup_stm32f042x6.o
                0x08002584                TIM1_CC_IRQHandler
                0x08002584                TSC_IRQHandler
                0x08002584                RCC_CRS_IRQHandler
                0x08002584                SPI1_IRQHandler
                0x08002584                EXTI2_3_IRQHandler
                0x08002584                ADC1_IRQHandler
                0x08002584                TIM17_IRQHandler
                0x08002584                CEC_CAN_IRQHandler
                0x08002584                RTC_IRQHandler
                0x08002584                PVD_VDDIO2_IRQHandler
                0x08002584                TIM16_IRQHandler
                0x08002584                TIM3_IRQHandler
                0x08002584                EXTI4_15_IRQHandler
                0x08002584                Default_Handler
                0x08002584                DMA1_Channel4_5_IRQHandler
                0x08002584                EXTI0_1_IRQHandler
                0x08002584                USB_IRQHandler
                0x08002584                SPI2_IRQHandler
                0x08002584                WWDG_IRQHandler
                0x08002584                TIM2_IRQHandler
                0x08002584                USART2_IRQHandler
                0x08002584                FLASH_IRQHandler
                0x08002584                USART1_IRQHandler
                0x08002584                TIM1_BRK_UP_TRG_COM_IRQHandler
 *fill*         0x08002586        0x2 
 .text.__errno  0x08002588        0xc c:/program files (x86)/gnu arm embedded toolchain/10 2021.10/bin/../lib/gcc/arm-none-eabi/10.3.1/../../../../arm-none-eabi/lib/thumb/v6-m/nofp\libc_nano.a(lib_a-errno.o)
                0x08002588                __errno
 .text.__libc_init_array
                0x08002594       0x48 c:/program files (x86)/gnu arm embedded toolchain/10 2021.10/bin/../lib/gcc/arm-none-eabi/10.3.1/../../../../arm-none-eabi/lib/thumb/v6-m/nofp\libc_nano.a(lib_a-init.o)
                0x08002594                __libc_init_array
 .text.memcpy   0x080025dc       0x12 c:/program files (x86)/gnu arm embedded toolchain/10 2021.10/bin/../lib/gcc/arm-none-eabi/10.3.1/../../../../arm-none-eabi/lib/thumb/v6-m/nofp\libc_nano.a(lib_a-memcpy-stub.o)
                0x080025dc                memcpy
 .text.memset   0x080025ee       0x10 c:/program files (x86)/gnu arm embedded toolchain/10 2021.10/bin/../lib/gcc/arm-none-eabi/10.3.1/../../../../arm-none-eabi/lib/thumb/v6-m/nofp\libc_nano.a(lib_a-memset.o)
                0x080025ee                memset
 *fill*         0x080025fe        0x2 
 .text.printf   0x08002600       0x34 c:/program files (x86)/gnu arm embedded toolchain/10 2021.10/bin/../lib/gcc/arm-none-eabi/10.3.1/../../../../arm-none-eabi/lib/thumb/v6-m/nofp\libc_nano.a(lib_a-printf.o)
                0x08002600                iprintf
                0x08002600                printf
 .text._puts_r  0x08002634       0xe4 c:/program files (x86)/gnu arm embedded toolchain/10 2021.10/bin/../lib/gcc/arm-none-eabi/10.3.1/../../../../arm-none-eabi/lib/thumb/v6-m/nofp\libc_nano.a(lib_a-puts.o)
                0x08002634                _puts_r
 .text.puts     0x08002718       0x14 c:/program files (x86)/gnu arm embedded toolchain/10 2021.10/bin/../lib/gcc/arm-none-eabi/10.3.1/../../../../arm-none-eabi/lib/thumb/v6-m/nofp\libc_nano.a(lib_a-puts.o)
                0x08002718                puts
 .text.__swbuf_r
                0x0800272c       0xac c:/program files (x86)/gnu arm embedded toolchain/10 2021.10/bin/../lib/gcc/arm-none-eabi/10.3.1/../../../../arm-none-eabi/lib/thumb/v6-m/nofp\libc_nano.a(lib_a-wbuf.o)
                0x0800272c                __swbuf_r
 .text.__swsetup_r
                0x080027d8       0xf0 c:/program files (x86)/gnu arm embedded toolchain/10 2021.10/bin/../lib/gcc/arm-none-eabi/10.3.1/../../../../arm-none-eabi/lib/thumb/v6-m/nofp\libc_nano.a(lib_a-wsetup.o)
                0x080027d8                __swsetup_r
 .text.__sflush_r
                0x080028c8      0x118 c:/program files (x86)/gnu arm embedded toolchain/10 2021.10/bin/../lib/gcc/arm-none-eabi/10.3.1/../../../../arm-none-eabi/lib/thumb/v6-m/nofp\libc_nano.a(lib_a-fflush.o)
                0x080028c8                __sflush_r
 .text._fflush_r
                0x080029e0       0x80 c:/program files (x86)/gnu arm embedded toolchain/10 2021.10/bin/../lib/gcc/arm-none-eabi/10.3.1/../../../../arm-none-eabi/lib/thumb/v6-m/nofp\libc_nano.a(lib_a-fflush.o)
                0x080029e0                _fflush_r
 .text.std      0x08002a60       0x48 c:/program files (x86)/gnu arm embedded toolchain/10 2021.10/bin/../lib/gcc/arm-none-eabi/10.3.1/../../../../arm-none-eabi/lib/thumb/v6-m/nofp\libc_nano.a(lib_a-findfp.o)
 .text._cleanup_r
                0x08002aa8       0x10 c:/program files (x86)/gnu arm embedded toolchain/10 2021.10/bin/../lib/gcc/arm-none-eabi/10.3.1/../../../../arm-none-eabi/lib/thumb/v6-m/nofp\libc_nano.a(lib_a-findfp.o)
                0x08002aa8                _cleanup_r
 .text.__sfmoreglue
                0x08002ab8       0x2c c:/program files (x86)/gnu arm embedded toolchain/10 2021.10/bin/../lib/gcc/arm-none-eabi/10.3.1/../../../../arm-none-eabi/lib/thumb/v6-m/nofp\libc_nano.a(lib_a-findfp.o)
                0x08002ab8                __sfmoreglue
 .text.__sfp_lock_acquire
                0x08002ae4       0x10 c:/program files (x86)/gnu arm embedded toolchain/10 2021.10/bin/../lib/gcc/arm-none-eabi/10.3.1/../../../../arm-none-eabi/lib/thumb/v6-m/nofp\libc_nano.a(lib_a-findfp.o)
                0x08002ae4                __sfp_lock_acquire
 .text.__sfp_lock_release
                0x08002af4       0x10 c:/program files (x86)/gnu arm embedded toolchain/10 2021.10/bin/../lib/gcc/arm-none-eabi/10.3.1/../../../../arm-none-eabi/lib/thumb/v6-m/nofp\libc_nano.a(lib_a-findfp.o)
                0x08002af4                __sfp_lock_release
 .text.__sinit_lock_acquire
                0x08002b04       0x10 c:/program files (x86)/gnu arm embedded toolchain/10 2021.10/bin/../lib/gcc/arm-none-eabi/10.3.1/../../../../arm-none-eabi/lib/thumb/v6-m/nofp\libc_nano.a(lib_a-findfp.o)
                0x08002b04                __sinit_lock_acquire
 .text.__sinit_lock_release
                0x08002b14       0x10 c:/program files (x86)/gnu arm embedded toolchain/10 2021.10/bin/../lib/gcc/arm-none-eabi/10.3.1/../../../../arm-none-eabi/lib/thumb/v6-m/nofp\libc_nano.a(lib_a-findfp.o)
                0x08002b14                __sinit_lock_release
 .text.__sinit  0x08002b24       0x70 c:/program files (x86)/gnu arm embedded toolchain/10 2021.10/bin/../lib/gcc/arm-none-eabi/10.3.1/../../../../arm-none-eabi/lib/thumb/v6-m/nofp\libc_nano.a(lib_a-findfp.o)
                0x08002b24                __sinit
 .text.__sfp    0x08002b94       0x90 c:/program files (x86)/gnu arm embedded toolchain/10 2021.10/bin/../lib/gcc/arm-none-eabi/10.3.1/../../../../arm-none-eabi/lib/thumb/v6-m/nofp\libc_nano.a(lib_a-findfp.o)
                0x08002b94                __sfp
 .text._fwalk_reent
                0x08002c24       0x40 c:/program files (x86)/gnu arm embedded toolchain/10 2021.10/bin/../lib/gcc/arm-none-eabi/10.3.1/../../../../arm-none-eabi/lib/thumb/v6-m/nofp\libc_nano.a(lib_a-fwalk.o)
                0x08002c24                _fwalk_reent
 .text.__retarget_lock_init_recursive
                0x08002c64        0x2 c:/program files (x86)/gnu arm embedded toolchain/10 2021.10/bin/../lib/gcc/arm-none-eabi/10.3.1/../../../../arm-none-eabi/lib/thumb/v6-m/nofp\libc_nano.a(lib_a-lock.o)
                0x08002c64                __retarget_lock_init_recursive
 .text.__retarget_lock_acquire_recursive
                0x08002c66        0x2 c:/program files (x86)/gnu arm embedded toolchain/10 2021.10/bin/../lib/gcc/arm-none-eabi/10.3.1/../../../../arm-none-eabi/lib/thumb/v6-m/nofp\libc_nano.a(lib_a-lock.o)
                0x08002c66                __retarget_lock_acquire_recursive
 .text.__retarget_lock_release_recursive
                0x08002c68        0x2 c:/program files (x86)/gnu arm embedded toolchain/10 2021.10/bin/../lib/gcc/arm-none-eabi/10.3.1/../../../../arm-none-eabi/lib/thumb/v6-m/nofp\libc_nano.a(lib_a-lock.o)
                0x08002c68                __retarget_lock_release_recursive
 *fill*         0x08002c6a        0x2 
 .text.__swhatbuf_r
                0x08002c6c       0x50 c:/program files (x86)/gnu arm embedded toolchain/10 2021.10/bin/../lib/gcc/arm-none-eabi/10.3.1/../../../../arm-none-eabi/lib/thumb/v6-m/nofp\libc_nano.a(lib_a-makebuf.o)
                0x08002c6c                __swhatbuf_r
 .text.__smakebuf_r
                0x08002cbc       0x88 c:/program files (x86)/gnu arm embedded toolchain/10 2021.10/bin/../lib/gcc/arm-none-eabi/10.3.1/../../../../arm-none-eabi/lib/thumb/v6-m/nofp\libc_nano.a(lib_a-makebuf.o)
                0x08002cbc                __smakebuf_r
 .text._free_r  0x08002d44       0x94 c:/program files (x86)/gnu arm embedded toolchain/10 2021.10/bin/../lib/gcc/arm-none-eabi/10.3.1/../../../../arm-none-eabi/lib/thumb/v6-m/nofp\libc_nano.a(lib_a-nano-freer.o)
                0x08002d44                _free_r
 .text.sbrk_aligned
                0x08002dd8       0x44 c:/program files (x86)/gnu arm embedded toolchain/10 2021.10/bin/../lib/gcc/arm-none-eabi/10.3.1/../../../../arm-none-eabi/lib/thumb/v6-m/nofp\libc_nano.a(lib_a-nano-mallocr.o)
 .text._malloc_r
                0x08002e1c       0xec c:/program files (x86)/gnu arm embedded toolchain/10 2021.10/bin/../lib/gcc/arm-none-eabi/10.3.1/../../../../arm-none-eabi/lib/thumb/v6-m/nofp\libc_nano.a(lib_a-nano-mallocr.o)
                0x08002e1c                _malloc_r
 .text.__sfputc_r
                0x08002f08       0x2a c:/program files (x86)/gnu arm embedded toolchain/10 2021.10/bin/../lib/gcc/arm-none-eabi/10.3.1/../../../../arm-none-eabi/lib/thumb/v6-m/nofp\libc_nano.a(lib_a-nano-vfprintf.o)
 .text.__sfputs_r
                0x08002f32       0x24 c:/program files (x86)/gnu arm embedded toolchain/10 2021.10/bin/../lib/gcc/arm-none-eabi/10.3.1/../../../../arm-none-eabi/lib/thumb/v6-m/nofp\libc_nano.a(lib_a-nano-vfprintf.o)
                0x08002f32                __sfputs_r
 *fill*         0x08002f56        0x2 
 .text._vfprintf_r
                0x08002f58      0x274 c:/program files (x86)/gnu arm embedded toolchain/10 2021.10/bin/../lib/gcc/arm-none-eabi/10.3.1/../../../../arm-none-eabi/lib/thumb/v6-m/nofp\libc_nano.a(lib_a-nano-vfprintf.o)
                0x08002f58                _vfprintf_r
                0x08002f58                _vfiprintf_r
 .text._printf_common
                0x080031cc       0xde c:/program files (x86)/gnu arm embedded toolchain/10 2021.10/bin/../lib/gcc/arm-none-eabi/10.3.1/../../../../arm-none-eabi/lib/thumb/v6-m/nofp\libc_nano.a(lib_a-nano-vfprintf_i.o)
                0x080031cc                _printf_common
 *fill*         0x080032aa        0x2 
 .text._printf_i
                0x080032ac      0x224 c:/program files (x86)/gnu arm embedded toolchain/10 2021.10/bin/../lib/gcc/arm-none-eabi/10.3.1/../../../../arm-none-eabi/lib/thumb/v6-m/nofp\libc_nano.a(lib_a-nano-vfprintf_i.o)
                0x080032ac                _printf_i
 .text._sbrk_r  0x080034d0       0x24 c:/program files (x86)/gnu arm embedded toolchain/10 2021.10/bin/../lib/gcc/arm-none-eabi/10.3.1/../../../../arm-none-eabi/lib/thumb/v6-m/nofp\libc_nano.a(lib_a-sbrkr.o)
                0x080034d0                _sbrk_r
 .text.__sread  0x080034f4       0x28 c:/program files (x86)/gnu arm embedded toolchain/10 2021.10/bin/../lib/gcc/arm-none-eabi/10.3.1/../../../../arm-none-eabi/lib/thumb/v6-m/nofp\libc_nano.a(lib_a-stdio.o)
                0x080034f4                __sread
 .text.__swrite
                0x0800351c       0x38 c:/program files (x86)/gnu arm embedded toolchain/10 2021.10/bin/../lib/gcc/arm-none-eabi/10.3.1/../../../../arm-none-eabi/lib/thumb/v6-m/nofp\libc_nano.a(lib_a-stdio.o)
                0x0800351c                __swrite
 .text.__sseek  0x08003554       0x2c c:/program files (x86)/gnu arm embedded toolchain/10 2021.10/bin/../lib/gcc/arm-none-eabi/10.3.1/../../../../arm-none-eabi/lib/thumb/v6-m/nofp\libc_nano.a(lib_a-stdio.o)
                0x08003554                __sseek
 .text.__sclose
                0x08003580        0xc c:/program files (x86)/gnu arm embedded toolchain/10 2021.10/bin/../lib/gcc/arm-none-eabi/10.3.1/../../../../arm-none-eabi/lib/thumb/v6-m/nofp\libc_nano.a(lib_a-stdio.o)
                0x08003580                __sclose
 .text._write_r
                0x0800358c       0x28 c:/program files (x86)/gnu arm embedded toolchain/10 2021.10/bin/../lib/gcc/arm-none-eabi/10.3.1/../../../../arm-none-eabi/lib/thumb/v6-m/nofp\libc_nano.a(lib_a-writer.o)
                0x0800358c                _write_r
 .text._close_r
                0x080035b4       0x24 c:/program files (x86)/gnu arm embedded toolchain/10 2021.10/bin/../lib/gcc/arm-none-eabi/10.3.1/../../../../arm-none-eabi/lib/thumb/v6-m/nofp\libc_nano.a(lib_a-closer.o)
                0x080035b4                _close_r
 .text._fstat_r
                0x080035d8       0x24 c:/program files (x86)/gnu arm embedded toolchain/10 2021.10/bin/../lib/gcc/arm-none-eabi/10.3.1/../../../../arm-none-eabi/lib/thumb/v6-m/nofp\libc_nano.a(lib_a-fstatr.o)
                0x080035d8                _fstat_r
 .text._isatty_r
                0x080035fc       0x24 c:/program files (x86)/gnu arm embedded toolchain/10 2021.10/bin/../lib/gcc/arm-none-eabi/10.3.1/../../../../arm-none-eabi/lib/thumb/v6-m/nofp\libc_nano.a(lib_a-isattyr.o)
                0x080035fc                _isatty_r
 .text._lseek_r
                0x08003620       0x28 c:/program files (x86)/gnu arm embedded toolchain/10 2021.10/bin/../lib/gcc/arm-none-eabi/10.3.1/../../../../arm-none-eabi/lib/thumb/v6-m/nofp\libc_nano.a(lib_a-lseekr.o)
                0x08003620                _lseek_r
 .text.memchr   0x08003648       0x16 c:/program files (x86)/gnu arm embedded toolchain/10 2021.10/bin/../lib/gcc/arm-none-eabi/10.3.1/../../../../arm-none-eabi/lib/thumb/v6-m/nofp\libc_nano.a(lib_a-memchr-stub.o)
                0x08003648                memchr
 *fill*         0x0800365e        0x2 
 .text.__malloc_lock
                0x08003660       0x10 c:/program files (x86)/gnu arm embedded toolchain/10 2021.10/bin/../lib/gcc/arm-none-eabi/10.3.1/../../../../arm-none-eabi/lib/thumb/v6-m/nofp\libc_nano.a(lib_a-mlock.o)
                0x08003660                __malloc_lock
 .text.__malloc_unlock
                0x08003670       0x10 c:/program files (x86)/gnu arm embedded toolchain/10 2021.10/bin/../lib/gcc/arm-none-eabi/10.3.1/../../../../arm-none-eabi/lib/thumb/v6-m/nofp\libc_nano.a(lib_a-mlock.o)
                0x08003670                __malloc_unlock
 .text._read_r  0x08003680       0x28 c:/program files (x86)/gnu arm embedded toolchain/10 2021.10/bin/../lib/gcc/arm-none-eabi/10.3.1/../../../../arm-none-eabi/lib/thumb/v6-m/nofp\libc_nano.a(lib_a-readr.o)
                0x08003680                _read_r
 .text._close   0x080036a8       0x10 c:/program files (x86)/gnu arm embedded toolchain/10 2021.10/bin/../lib/gcc/arm-none-eabi/10.3.1/../../../../arm-none-eabi/lib/thumb/v6-m/nofp\libnosys.a(close.o)
                0x080036a8                _close
 .text._fstat   0x080036b8       0x10 c:/program files (x86)/gnu arm embedded toolchain/10 2021.10/bin/../lib/gcc/arm-none-eabi/10.3.1/../../../../arm-none-eabi/lib/thumb/v6-m/nofp\libnosys.a(fstat.o)
                0x080036b8                _fstat
 .text._isatty  0x080036c8       0x10 c:/program files (x86)/gnu arm embedded toolchain/10 2021.10/bin/../lib/gcc/arm-none-eabi/10.3.1/../../../../arm-none-eabi/lib/thumb/v6-m/nofp\libnosys.a(isatty.o)
                0x080036c8                _isatty
 .text._lseek   0x080036d8       0x10 c:/program files (x86)/gnu arm embedded toolchain/10 2021.10/bin/../lib/gcc/arm-none-eabi/10.3.1/../../../../arm-none-eabi/lib/thumb/v6-m/nofp\libnosys.a(lseek.o)
                0x080036d8                _lseek
 .text.abort    0x080036e8        0xe c:/program files (x86)/gnu arm embedded toolchain/10 2021.10/bin/../lib/gcc/arm-none-eabi/10.3.1/../../../../arm-none-eabi/lib/thumb/v6-m/nofp\libc_nano.a(lib_a-abort.o)
                0x080036e8                abort
 .text._raise_r
                0x080036f6       0x54 c:/program files (x86)/gnu arm embedded toolchain/10 2021.10/bin/../lib/gcc/arm-none-eabi/10.3.1/../../../../arm-none-eabi/lib/thumb/v6-m/nofp\libc_nano.a(lib_a-signal.o)
                0x080036f6                _raise_r
 *fill*         0x0800374a        0x2 
 .text.raise    0x0800374c       0x14 c:/program files (x86)/gnu arm embedded toolchain/10 2021.10/bin/../lib/gcc/arm-none-eabi/10.3.1/../../../../arm-none-eabi/lib/thumb/v6-m/nofp\libc_nano.a(lib_a-signal.o)
                0x0800374c                raise
 .text._kill_r  0x08003760       0x24 c:/program files (x86)/gnu arm embedded toolchain/10 2021.10/bin/../lib/gcc/arm-none-eabi/10.3.1/../../../../arm-none-eabi/lib/thumb/v6-m/nofp\libc_nano.a(lib_a-signalr.o)
                0x08003760                _kill_r
 .text._getpid_r
                0x08003784        0x8 c:/program files (x86)/gnu arm embedded toolchain/10 2021.10/bin/../lib/gcc/arm-none-eabi/10.3.1/../../../../arm-none-eabi/lib/thumb/v6-m/nofp\libc_nano.a(lib_a-signalr.o)
                0x08003784                _getpid_r
 *(.glue_7)
 .glue_7        0x0800378c        0x0 linker stubs
 *(.glue_7t)
 .glue_7t       0x0800378c        0x0 linker stubs
 *(.eh_frame)
 .eh_frame      0x0800378c        0x0 c:/program files (x86)/gnu arm embedded toolchain/10 2021.10/bin/../lib/gcc/arm-none-eabi/10.3.1/thumb/v6-m/nofp/crtbegin.o
 *(.init)
 .init          0x0800378c        0x4 c:/program files (x86)/gnu arm embedded toolchain/10 2021.10/bin/../lib/gcc/arm-none-eabi/10.3.1/thumb/v6-m/nofp/crti.o
                0x0800378c                _init
 .init          0x08003790        0x8 c:/program files (x86)/gnu arm embedded toolchain/10 2021.10/bin/../lib/gcc/arm-none-eabi/10.3.1/thumb/v6-m/nofp/crtn.o
 *(.fini)
 .fini          0x08003798        0x4 c:/program files (x86)/gnu arm embedded toolchain/10 2021.10/bin/../lib/gcc/arm-none-eabi/10.3.1/thumb/v6-m/nofp/crti.o
                0x08003798                _fini
 .fini          0x0800379c        0x8 c:/program files (x86)/gnu arm embedded toolchain/10 2021.10/bin/../lib/gcc/arm-none-eabi/10.3.1/thumb/v6-m/nofp/crtn.o
                0x080037a4                . = ALIGN (0x4)
                0x080037a4                _etext = .

.vfp11_veneer   0x080037a4        0x0
 .vfp11_veneer  0x080037a4        0x0 linker stubs

.v4_bx          0x080037a4        0x0
 .v4_bx         0x080037a4        0x0 linker stubs

.iplt           0x080037a4        0x0
 .iplt          0x080037a4        0x0 c:/program files (x86)/gnu arm embedded toolchain/10 2021.10/bin/../lib/gcc/arm-none-eabi/10.3.1/thumb/v6-m/nofp/crtbegin.o

.rodata         0x080037a4      0x178
                0x080037a4                . = ALIGN (0x4)
 *(.rodata)
 .rodata        0x080037a4       0x30 build/user.o
 .rodata        0x080037d4       0x40 c:/program files (x86)/gnu arm embedded toolchain/10 2021.10/bin/../lib/gcc/arm-none-eabi/10.3.1/thumb/v6-m/nofp\libgcc.a(mulsf3.o)
 *(.rodata*)
 .rodata.main.str1.4
                0x08003814       0x1c build/main.o
 .rodata.AHBPrescTable
                0x08003830       0x10 build/system_stm32f0xx.o
                0x08003830                AHBPrescTable
 .rodata.APBPrescTable
                0x08003840        0x8 build/system_stm32f0xx.o
                0x08003840                APBPrescTable
 .rodata.Main.str1.4
                0x08003848       0x16 build/user.o
 *fill*         0x0800385e        0x2 
 .rodata.eeprom_buffer_flush.str1.4
                0x08003860       0x21 build/random_flash_utils.o
 *fill*         0x08003881        0x3 
 .rodata._global_impure_ptr
                0x08003884        0x4 c:/program files (x86)/gnu arm embedded toolchain/10 2021.10/bin/../lib/gcc/arm-none-eabi/10.3.1/../../../../arm-none-eabi/lib/thumb/v6-m/nofp\libc_nano.a(lib_a-impure.o)
                0x08003884                _global_impure_ptr
 .rodata.__sf_fake_stderr
                0x08003888       0x20 c:/program files (x86)/gnu arm embedded toolchain/10 2021.10/bin/../lib/gcc/arm-none-eabi/10.3.1/../../../../arm-none-eabi/lib/thumb/v6-m/nofp\libc_nano.a(lib_a-findfp.o)
                0x08003888                __sf_fake_stderr
 .rodata.__sf_fake_stdin
                0x080038a8       0x20 c:/program files (x86)/gnu arm embedded toolchain/10 2021.10/bin/../lib/gcc/arm-none-eabi/10.3.1/../../../../arm-none-eabi/lib/thumb/v6-m/nofp\libc_nano.a(lib_a-findfp.o)
                0x080038a8                __sf_fake_stdin
 .rodata.__sf_fake_stdout
                0x080038c8       0x20 c:/program files (x86)/gnu arm embedded toolchain/10 2021.10/bin/../lib/gcc/arm-none-eabi/10.3.1/../../../../arm-none-eabi/lib/thumb/v6-m/nofp\libc_nano.a(lib_a-findfp.o)
                0x080038c8                __sf_fake_stdout
 .rodata._vfprintf_r.str1.1
                0x080038e8       0x11 c:/program files (x86)/gnu arm embedded toolchain/10 2021.10/bin/../lib/gcc/arm-none-eabi/10.3.1/../../../../arm-none-eabi/lib/thumb/v6-m/nofp\libc_nano.a(lib_a-nano-vfprintf.o)
 .rodata._printf_i.str1.1
                0x080038f9       0x22 c:/program files (x86)/gnu arm embedded toolchain/10 2021.10/bin/../lib/gcc/arm-none-eabi/10.3.1/../../../../arm-none-eabi/lib/thumb/v6-m/nofp\libc_nano.a(lib_a-nano-vfprintf_i.o)
                0x0800391c                . = ALIGN (0x4)
 *fill*         0x0800391b        0x1 

.ARM.extab      0x0800391c       0x30
 *(.ARM.extab* .gnu.linkonce.armextab.*)
 .ARM.extab     0x0800391c       0x24 c:/program files (x86)/gnu arm embedded toolchain/10 2021.10/bin/../lib/gcc/arm-none-eabi/10.3.1/thumb/v6-m/nofp\libgcc.a(unwind-arm.o)
 .ARM.extab     0x08003940        0xc c:/program files (x86)/gnu arm embedded toolchain/10 2021.10/bin/../lib/gcc/arm-none-eabi/10.3.1/thumb/v6-m/nofp\libgcc.a(pr-support.o)

.ARM            0x0800394c       0xe8
                0x0800394c                __exidx_start = .
 *(.ARM.exidx*)
 .ARM.exidx.text._Z41__static_initialization_and_destruction_0ii
                0x08003a14        0x0 build/user.o
                                  0x8 (size before relaxing)
 .ARM.exidx.text.Main
                0x08003a14        0x8 build/user.o
 .ARM.exidx.text._GLOBAL__sub_I_motor
                0x08003a1c        0x8 build/user.o
 .ARM.exidx.text._ZN5Motor14SetTorqueLimitEf
                0x08003a24        0x0 build/motor.o
                                  0x8 (size before relaxing)
 .ARM.exidx.text._ZN5Motor9SetEnableEb
                0x08003a24        0x0 build/motor.o
                                  0x8 (size before relaxing)
 .ARM.exidx.text.eeprom_buffered_read_byte
                0x08003a24        0x0 build/random_flash_utils.o
                                  0x8 (size before relaxing)
 .ARM.exidx.text.eeprom_buffered_write_byte
                0x08003a24        0x0 build/random_flash_utils.o
                                  0x8 (size before relaxing)
 .ARM.exidx.text.eeprom_buffer_fill
                0x08003a24        0x0 build/random_flash_utils.o
                                  0x8 (size before relaxing)
 .ARM.exidx.text.eeprom_buffer_flush
                0x08003a24       0x10 build/random_flash_utils.o
                                  0x8 (size before relaxing)
 .ARM.exidx     0x0800394c       0x98 c:/program files (x86)/gnu arm embedded toolchain/10 2021.10/bin/../lib/gcc/arm-none-eabi/10.3.1/thumb/v6-m/nofp\libgcc.a(unwind-arm.o)
                                 0xd8 (size before relaxing)
 .ARM.exidx     0x080039e4       0x30 c:/program files (x86)/gnu arm embedded toolchain/10 2021.10/bin/../lib/gcc/arm-none-eabi/10.3.1/thumb/v6-m/nofp\libgcc.a(pr-support.o)
                                 0x38 (size before relaxing)
                0x08003a34                __exidx_end = .

.rel.dyn        0x08003a34        0x0
 .rel.iplt      0x08003a34        0x0 c:/program files (x86)/gnu arm embedded toolchain/10 2021.10/bin/../lib/gcc/arm-none-eabi/10.3.1/thumb/v6-m/nofp/crtbegin.o

.preinit_array  0x08003a34        0x0
                0x08003a34                PROVIDE (__preinit_array_start = .)
 *(.preinit_array*)
                0x08003a34                PROVIDE (__preinit_array_end = .)

.init_array     0x08003a34        0x8
                0x08003a34                PROVIDE (__init_array_start = .)
 *(SORT_BY_NAME(.init_array.*))
 *(.init_array*)
 .init_array    0x08003a34        0x4 c:/program files (x86)/gnu arm embedded toolchain/10 2021.10/bin/../lib/gcc/arm-none-eabi/10.3.1/thumb/v6-m/nofp/crtbegin.o
 .init_array    0x08003a38        0x4 build/user.o
                0x08003a3c                PROVIDE (__init_array_end = .)

.fini_array     0x08003a3c        0x4
                [!provide]                PROVIDE (__fini_array_start = .)
 *(SORT_BY_NAME(.fini_array.*))
 *(.fini_array*)
 .fini_array    0x08003a3c        0x4 c:/program files (x86)/gnu arm embedded toolchain/10 2021.10/bin/../lib/gcc/arm-none-eabi/10.3.1/thumb/v6-m/nofp/crtbegin.o
                [!provide]                PROVIDE (__fini_array_end = .)
                0x08003a40                _sidata = LOADADDR (.data)

.data           0x20000000       0x68 load address 0x08003a40
                0x20000000                . = ALIGN (0x4)
                0x20000000                _sdata = .
 *(.data)
 *(.data*)
 .data.SystemCoreClock
                0x20000000        0x4 build/system_stm32f0xx.o
                0x20000000                SystemCoreClock
 .data._impure_ptr
                0x20000004        0x4 c:/program files (x86)/gnu arm embedded toolchain/10 2021.10/bin/../lib/gcc/arm-none-eabi/10.3.1/../../../../arm-none-eabi/lib/thumb/v6-m/nofp\libc_nano.a(lib_a-impure.o)
                0x20000004                _impure_ptr
 .data.impure_data
                0x20000008       0x60 c:/program files (x86)/gnu arm embedded toolchain/10 2021.10/bin/../lib/gcc/arm-none-eabi/10.3.1/../../../../arm-none-eabi/lib/thumb/v6-m/nofp\libc_nano.a(lib_a-impure.o)
                0x20000068                . = ALIGN (0x4)
                0x20000068                _edata = .

.igot.plt       0x20000068        0x0 load address 0x08003aa8
 .igot.plt      0x20000068        0x0 c:/program files (x86)/gnu arm embedded toolchain/10 2021.10/bin/../lib/gcc/arm-none-eabi/10.3.1/thumb/v6-m/nofp/crtbegin.o
                0x20000068                . = ALIGN (0x4)

.bss            0x20000068      0x4c0 load address 0x08003aa8
                0x20000068                _sbss = .
                0x20000068                __bss_start__ = _sbss
 *(.bss)
 .bss           0x20000068       0x1c c:/program files (x86)/gnu arm embedded toolchain/10 2021.10/bin/../lib/gcc/arm-none-eabi/10.3.1/thumb/v6-m/nofp/crtbegin.o
 *(.bss*)
 .bss.adcData   0x20000084        0x8 build/adc.o
                0x20000084                adcData
 .bss.heap_end.0
                0x2000008c        0x4 build/syscalls.o
 .bss.boardConfig
                0x20000090       0x30 build/user.o
                0x20000090                boardConfig
 .bss.motor     0x200000c0       0x58 build/user.o
                0x200000c0                motor
 .bss._ZL13eeprom_buffer
                0x20000118      0x400 build/random_flash_utils.o
 .bss.__lock___malloc_recursive_mutex
                0x20000518        0x1 c:/program files (x86)/gnu arm embedded toolchain/10 2021.10/bin/../lib/gcc/arm-none-eabi/10.3.1/../../../../arm-none-eabi/lib/thumb/v6-m/nofp\libc_nano.a(lib_a-lock.o)
                0x20000518                __lock___malloc_recursive_mutex
 .bss.__lock___sfp_recursive_mutex
                0x20000519        0x1 c:/program files (x86)/gnu arm embedded toolchain/10 2021.10/bin/../lib/gcc/arm-none-eabi/10.3.1/../../../../arm-none-eabi/lib/thumb/v6-m/nofp\libc_nano.a(lib_a-lock.o)
                0x20000519                __lock___sfp_recursive_mutex
 .bss.__lock___sinit_recursive_mutex
                0x2000051a        0x1 c:/program files (x86)/gnu arm embedded toolchain/10 2021.10/bin/../lib/gcc/arm-none-eabi/10.3.1/../../../../arm-none-eabi/lib/thumb/v6-m/nofp\libc_nano.a(lib_a-lock.o)
                0x2000051a                __lock___sinit_recursive_mutex
 *fill*         0x2000051b        0x1 
 .bss.__malloc_free_list
                0x2000051c        0x4 c:/program files (x86)/gnu arm embedded toolchain/10 2021.10/bin/../lib/gcc/arm-none-eabi/10.3.1/../../../../arm-none-eabi/lib/thumb/v6-m/nofp\libc_nano.a(lib_a-nano-mallocr.o)
                0x2000051c                __malloc_free_list
 .bss.__malloc_sbrk_start
                0x20000520        0x4 c:/program files (x86)/gnu arm embedded toolchain/10 2021.10/bin/../lib/gcc/arm-none-eabi/10.3.1/../../../../arm-none-eabi/lib/thumb/v6-m/nofp\libc_nano.a(lib_a-nano-mallocr.o)
                0x20000520                __malloc_sbrk_start
 .bss.errno     0x20000524        0x4 c:/program files (x86)/gnu arm embedded toolchain/10 2021.10/bin/../lib/gcc/arm-none-eabi/10.3.1/../../../../arm-none-eabi/lib/thumb/v6-m/nofp\libc_nano.a(lib_a-reent.o)
                0x20000524                errno
 *(COMMON)
                0x20000528                . = ALIGN (0x4)
                0x20000528                _ebss = .
                0x20000528                __bss_end__ = _ebss

._user_heap_stack
                0x20000528      0x600 load address 0x08003aa8
                0x20000528                . = ALIGN (0x8)
                0x20000528                PROVIDE (end = .)
                [!provide]                PROVIDE (_end = .)
                0x20000728                . = (. + _Min_Heap_Size)
 *fill*         0x20000528      0x200 
                0x20000b28                . = (. + _Min_Stack_Size)
 *fill*         0x20000728      0x400 
                0x20000b28                . = ALIGN (0x8)

/DISCARD/
 libc.a(*)
 libm.a(*)
 libgcc.a(*)

.ARM.attributes
                0x00000000       0x28
 *(.ARM.attributes)
 .ARM.attributes
                0x00000000       0x1e c:/program files (x86)/gnu arm embedded toolchain/10 2021.10/bin/../lib/gcc/arm-none-eabi/10.3.1/thumb/v6-m/nofp/crti.o
 .ARM.attributes
                0x0000001e       0x2c c:/program files (x86)/gnu arm embedded toolchain/10 2021.10/bin/../lib/gcc/arm-none-eabi/10.3.1/thumb/v6-m/nofp/crtbegin.o
 .ARM.attributes
                0x0000004a       0x2c build/main.o
 .ARM.attributes
                0x00000076       0x2c build/gpio.o
 .ARM.attributes
                0x000000a2       0x2c build/adc.o
 .ARM.attributes
                0x000000ce       0x2c build/dma.o
 .ARM.attributes
                0x000000fa       0x2c build/tim.o
 .ARM.attributes
                0x00000126       0x2c build/syscalls.o
 .ARM.attributes
                0x00000152       0x2c build/stm32f0xx_it.o
 .ARM.attributes
                0x0000017e       0x2c build/stm32f0xx_ll_gpio.o
 .ARM.attributes
                0x000001aa       0x2c build/stm32f0xx_ll_adc.o
 .ARM.attributes
                0x000001d6       0x2c build/stm32f0xx_ll_rcc.o
 .ARM.attributes
                0x00000202       0x2c build/stm32f0xx_ll_utils.o
 .ARM.attributes
                0x0000022e       0x2c build/stm32f0xx_ll_tim.o
 .ARM.attributes
                0x0000025a       0x2c build/system_stm32f0xx.o
 .ARM.attributes
                0x00000286       0x2c build/usart.o
 .ARM.attributes
                0x000002b2       0x2c build/stm32f0xx_ll_flash.o
 .ARM.attributes
                0x000002de       0x2c build/stm32f0xx_ll_usart.o
 .ARM.attributes
                0x0000030a       0x2c build/user.o
 .ARM.attributes
                0x00000336       0x2c build/motor.o
 .ARM.attributes
                0x00000362       0x2c build/random_flash_utils.o
 .ARM.attributes
                0x0000038e       0x21 build/startup_stm32f042x6.o
 .ARM.attributes
                0x000003af       0x2c c:/program files (x86)/gnu arm embedded toolchain/10 2021.10/bin/../lib/gcc/arm-none-eabi/10.3.1/../../../../arm-none-eabi/lib/thumb/v6-m/nofp\libc_nano.a(lib_a-errno.o)
 .ARM.attributes
                0x000003db       0x2c c:/program files (x86)/gnu arm embedded toolchain/10 2021.10/bin/../lib/gcc/arm-none-eabi/10.3.1/../../../../arm-none-eabi/lib/thumb/v6-m/nofp\libc_nano.a(lib_a-impure.o)
 .ARM.attributes
                0x00000407       0x2c c:/program files (x86)/gnu arm embedded toolchain/10 2021.10/bin/../lib/gcc/arm-none-eabi/10.3.1/../../../../arm-none-eabi/lib/thumb/v6-m/nofp\libc_nano.a(lib_a-init.o)
 .ARM.attributes
                0x00000433       0x2c c:/program files (x86)/gnu arm embedded toolchain/10 2021.10/bin/../lib/gcc/arm-none-eabi/10.3.1/../../../../arm-none-eabi/lib/thumb/v6-m/nofp\libc_nano.a(lib_a-memcpy-stub.o)
 .ARM.attributes
                0x0000045f       0x2c c:/program files (x86)/gnu arm embedded toolchain/10 2021.10/bin/../lib/gcc/arm-none-eabi/10.3.1/../../../../arm-none-eabi/lib/thumb/v6-m/nofp\libc_nano.a(lib_a-memset.o)
 .ARM.attributes
                0x0000048b       0x2c c:/program files (x86)/gnu arm embedded toolchain/10 2021.10/bin/../lib/gcc/arm-none-eabi/10.3.1/../../../../arm-none-eabi/lib/thumb/v6-m/nofp\libc_nano.a(lib_a-printf.o)
 .ARM.attributes
                0x000004b7       0x2c c:/program files (x86)/gnu arm embedded toolchain/10 2021.10/bin/../lib/gcc/arm-none-eabi/10.3.1/../../../../arm-none-eabi/lib/thumb/v6-m/nofp\libc_nano.a(lib_a-puts.o)
 .ARM.attributes
                0x000004e3       0x2c c:/program files (x86)/gnu arm embedded toolchain/10 2021.10/bin/../lib/gcc/arm-none-eabi/10.3.1/../../../../arm-none-eabi/lib/thumb/v6-m/nofp\libc_nano.a(lib_a-wbuf.o)
 .ARM.attributes
                0x0000050f       0x2c c:/program files (x86)/gnu arm embedded toolchain/10 2021.10/bin/../lib/gcc/arm-none-eabi/10.3.1/../../../../arm-none-eabi/lib/thumb/v6-m/nofp\libc_nano.a(lib_a-wsetup.o)
 .ARM.attributes
                0x0000053b       0x2c c:/program files (x86)/gnu arm embedded toolchain/10 2021.10/bin/../lib/gcc/arm-none-eabi/10.3.1/../../../../arm-none-eabi/lib/thumb/v6-m/nofp\libc_nano.a(lib_a-fflush.o)
 .ARM.attributes
                0x00000567       0x2c c:/program files (x86)/gnu arm embedded toolchain/10 2021.10/bin/../lib/gcc/arm-none-eabi/10.3.1/../../../../arm-none-eabi/lib/thumb/v6-m/nofp\libc_nano.a(lib_a-findfp.o)
 .ARM.attributes
                0x00000593       0x2c c:/program files (x86)/gnu arm embedded toolchain/10 2021.10/bin/../lib/gcc/arm-none-eabi/10.3.1/../../../../arm-none-eabi/lib/thumb/v6-m/nofp\libc_nano.a(lib_a-fwalk.o)
 .ARM.attributes
                0x000005bf       0x2c c:/program files (x86)/gnu arm embedded toolchain/10 2021.10/bin/../lib/gcc/arm-none-eabi/10.3.1/../../../../arm-none-eabi/lib/thumb/v6-m/nofp\libc_nano.a(lib_a-lock.o)
 .ARM.attributes
                0x000005eb       0x2c c:/program files (x86)/gnu arm embedded toolchain/10 2021.10/bin/../lib/gcc/arm-none-eabi/10.3.1/../../../../arm-none-eabi/lib/thumb/v6-m/nofp\libc_nano.a(lib_a-makebuf.o)
 .ARM.attributes
                0x00000617       0x2c c:/program files (x86)/gnu arm embedded toolchain/10 2021.10/bin/../lib/gcc/arm-none-eabi/10.3.1/../../../../arm-none-eabi/lib/thumb/v6-m/nofp\libc_nano.a(lib_a-nano-freer.o)
 .ARM.attributes
                0x00000643       0x2c c:/program files (x86)/gnu arm embedded toolchain/10 2021.10/bin/../lib/gcc/arm-none-eabi/10.3.1/../../../../arm-none-eabi/lib/thumb/v6-m/nofp\libc_nano.a(lib_a-nano-mallocr.o)
 .ARM.attributes
                0x0000066f       0x2c c:/program files (x86)/gnu arm embedded toolchain/10 2021.10/bin/../lib/gcc/arm-none-eabi/10.3.1/../../../../arm-none-eabi/lib/thumb/v6-m/nofp\libc_nano.a(lib_a-nano-vfprintf.o)
 .ARM.attributes
                0x0000069b       0x2c c:/program files (x86)/gnu arm embedded toolchain/10 2021.10/bin/../lib/gcc/arm-none-eabi/10.3.1/../../../../arm-none-eabi/lib/thumb/v6-m/nofp\libc_nano.a(lib_a-nano-vfprintf_i.o)
 .ARM.attributes
                0x000006c7       0x2c c:/program files (x86)/gnu arm embedded toolchain/10 2021.10/bin/../lib/gcc/arm-none-eabi/10.3.1/../../../../arm-none-eabi/lib/thumb/v6-m/nofp\libc_nano.a(lib_a-sbrkr.o)
 .ARM.attributes
                0x000006f3       0x2c c:/program files (x86)/gnu arm embedded toolchain/10 2021.10/bin/../lib/gcc/arm-none-eabi/10.3.1/../../../../arm-none-eabi/lib/thumb/v6-m/nofp\libc_nano.a(lib_a-stdio.o)
 .ARM.attributes
                0x0000071f       0x2c c:/program files (x86)/gnu arm embedded toolchain/10 2021.10/bin/../lib/gcc/arm-none-eabi/10.3.1/../../../../arm-none-eabi/lib/thumb/v6-m/nofp\libc_nano.a(lib_a-writer.o)
 .ARM.attributes
                0x0000074b       0x2c c:/program files (x86)/gnu arm embedded toolchain/10 2021.10/bin/../lib/gcc/arm-none-eabi/10.3.1/../../../../arm-none-eabi/lib/thumb/v6-m/nofp\libc_nano.a(lib_a-closer.o)
 .ARM.attributes
                0x00000777       0x2c c:/program files (x86)/gnu arm embedded toolchain/10 2021.10/bin/../lib/gcc/arm-none-eabi/10.3.1/../../../../arm-none-eabi/lib/thumb/v6-m/nofp\libc_nano.a(lib_a-fstatr.o)
 .ARM.attributes
                0x000007a3       0x2c c:/program files (x86)/gnu arm embedded toolchain/10 2021.10/bin/../lib/gcc/arm-none-eabi/10.3.1/../../../../arm-none-eabi/lib/thumb/v6-m/nofp\libc_nano.a(lib_a-isattyr.o)
 .ARM.attributes
                0x000007cf       0x2c c:/program files (x86)/gnu arm embedded toolchain/10 2021.10/bin/../lib/gcc/arm-none-eabi/10.3.1/../../../../arm-none-eabi/lib/thumb/v6-m/nofp\libc_nano.a(lib_a-lseekr.o)
 .ARM.attributes
                0x000007fb       0x2c c:/program files (x86)/gnu arm embedded toolchain/10 2021.10/bin/../lib/gcc/arm-none-eabi/10.3.1/../../../../arm-none-eabi/lib/thumb/v6-m/nofp\libc_nano.a(lib_a-memchr-stub.o)
 .ARM.attributes
                0x00000827       0x2c c:/program files (x86)/gnu arm embedded toolchain/10 2021.10/bin/../lib/gcc/arm-none-eabi/10.3.1/../../../../arm-none-eabi/lib/thumb/v6-m/nofp\libc_nano.a(lib_a-mlock.o)
 .ARM.attributes
                0x00000853       0x2c c:/program files (x86)/gnu arm embedded toolchain/10 2021.10/bin/../lib/gcc/arm-none-eabi/10.3.1/../../../../arm-none-eabi/lib/thumb/v6-m/nofp\libc_nano.a(lib_a-readr.o)
 .ARM.attributes
                0x0000087f       0x2c c:/program files (x86)/gnu arm embedded toolchain/10 2021.10/bin/../lib/gcc/arm-none-eabi/10.3.1/../../../../arm-none-eabi/lib/thumb/v6-m/nofp\libc_nano.a(lib_a-reent.o)
 .ARM.attributes
                0x000008ab       0x2c c:/program files (x86)/gnu arm embedded toolchain/10 2021.10/bin/../lib/gcc/arm-none-eabi/10.3.1/../../../../arm-none-eabi/lib/thumb/v6-m/nofp\libnosys.a(close.o)
 .ARM.attributes
                0x000008d7       0x2c c:/program files (x86)/gnu arm embedded toolchain/10 2021.10/bin/../lib/gcc/arm-none-eabi/10.3.1/../../../../arm-none-eabi/lib/thumb/v6-m/nofp\libnosys.a(fstat.o)
 .ARM.attributes
                0x00000903       0x2c c:/program files (x86)/gnu arm embedded toolchain/10 2021.10/bin/../lib/gcc/arm-none-eabi/10.3.1/../../../../arm-none-eabi/lib/thumb/v6-m/nofp\libnosys.a(isatty.o)
 .ARM.attributes
                0x0000092f       0x2c c:/program files (x86)/gnu arm embedded toolchain/10 2021.10/bin/../lib/gcc/arm-none-eabi/10.3.1/../../../../arm-none-eabi/lib/thumb/v6-m/nofp\libnosys.a(lseek.o)
 .ARM.attributes
                0x0000095b       0x1e c:/program files (x86)/gnu arm embedded toolchain/10 2021.10/bin/../lib/gcc/arm-none-eabi/10.3.1/thumb/v6-m/nofp\libgcc.a(_thumb1_case_shi.o)
 .ARM.attributes
                0x00000979       0x1e c:/program files (x86)/gnu arm embedded toolchain/10 2021.10/bin/../lib/gcc/arm-none-eabi/10.3.1/thumb/v6-m/nofp\libgcc.a(_udivsi3.o)
 .ARM.attributes
                0x00000997       0x1e c:/program files (x86)/gnu arm embedded toolchain/10 2021.10/bin/../lib/gcc/arm-none-eabi/10.3.1/thumb/v6-m/nofp\libgcc.a(_dvmd_tls.o)
 .ARM.attributes
                0x000009b5       0x1e c:/program files (x86)/gnu arm embedded toolchain/10 2021.10/bin/../lib/gcc/arm-none-eabi/10.3.1/thumb/v6-m/nofp\libgcc.a(_arm_cmpsf2.o)
 .ARM.attributes
                0x000009d3       0x2c c:/program files (x86)/gnu arm embedded toolchain/10 2021.10/bin/../lib/gcc/arm-none-eabi/10.3.1/thumb/v6-m/nofp\libgcc.a(eqsf2.o)
 .ARM.attributes
                0x000009ff       0x2c c:/program files (x86)/gnu arm embedded toolchain/10 2021.10/bin/../lib/gcc/arm-none-eabi/10.3.1/thumb/v6-m/nofp\libgcc.a(gesf2.o)
 .ARM.attributes
                0x00000a2b       0x2c c:/program files (x86)/gnu arm embedded toolchain/10 2021.10/bin/../lib/gcc/arm-none-eabi/10.3.1/thumb/v6-m/nofp\libgcc.a(lesf2.o)
 .ARM.attributes
                0x00000a57       0x2c c:/program files (x86)/gnu arm embedded toolchain/10 2021.10/bin/../lib/gcc/arm-none-eabi/10.3.1/thumb/v6-m/nofp\libgcc.a(mulsf3.o)
 .ARM.attributes
                0x00000a83       0x2c c:/program files (x86)/gnu arm embedded toolchain/10 2021.10/bin/../lib/gcc/arm-none-eabi/10.3.1/thumb/v6-m/nofp\libgcc.a(unwind-arm.o)
 .ARM.attributes
                0x00000aaf       0x1e c:/program files (x86)/gnu arm embedded toolchain/10 2021.10/bin/../lib/gcc/arm-none-eabi/10.3.1/thumb/v6-m/nofp\libgcc.a(libunwind.o)
 .ARM.attributes
                0x00000acd       0x2c c:/program files (x86)/gnu arm embedded toolchain/10 2021.10/bin/../lib/gcc/arm-none-eabi/10.3.1/thumb/v6-m/nofp\libgcc.a(pr-support.o)
 .ARM.attributes
                0x00000af9       0x1e c:/program files (x86)/gnu arm embedded toolchain/10 2021.10/bin/../lib/gcc/arm-none-eabi/10.3.1/thumb/v6-m/nofp\libgcc.a(_clzsi2.o)
 .ARM.attributes
                0x00000b17       0x2c c:/program files (x86)/gnu arm embedded toolchain/10 2021.10/bin/../lib/gcc/arm-none-eabi/10.3.1/../../../../arm-none-eabi/lib/thumb/v6-m/nofp\libc_nano.a(lib_a-abort.o)
 .ARM.attributes
                0x00000b43       0x2c c:/program files (x86)/gnu arm embedded toolchain/10 2021.10/bin/../lib/gcc/arm-none-eabi/10.3.1/../../../../arm-none-eabi/lib/thumb/v6-m/nofp\libc_nano.a(lib_a-signal.o)
 .ARM.attributes
                0x00000b6f       0x2c c:/program files (x86)/gnu arm embedded toolchain/10 2021.10/bin/../lib/gcc/arm-none-eabi/10.3.1/../../../../arm-none-eabi/lib/thumb/v6-m/nofp\libc_nano.a(lib_a-signalr.o)
 .ARM.attributes
                0x00000b9b       0x1e c:/program files (x86)/gnu arm embedded toolchain/10 2021.10/bin/../lib/gcc/arm-none-eabi/10.3.1/thumb/v6-m/nofp/crtn.o
OUTPUT(build/ServoDrive_LL.elf elf32-littlearm)
LOAD linker stubs
LOAD c:/program files (x86)/gnu arm embedded toolchain/10 2021.10/bin/../lib/gcc/arm-none-eabi/10.3.1/../../../../arm-none-eabi/lib/thumb/v6-m/nofp\libc.a
LOAD c:/program files (x86)/gnu arm embedded toolchain/10 2021.10/bin/../lib/gcc/arm-none-eabi/10.3.1/../../../../arm-none-eabi/lib/thumb/v6-m/nofp\libm.a
LOAD c:/program files (x86)/gnu arm embedded toolchain/10 2021.10/bin/../lib/gcc/arm-none-eabi/10.3.1/thumb/v6-m/nofp\libgcc.a

.debug_info     0x00000000     0xbe4a
 .debug_info    0x00000000      0xdd5 build/main.o
 .debug_info    0x00000dd5      0x298 build/gpio.o
 .debug_info    0x0000106d      0xeda build/adc.o
 .debug_info    0x00001f47      0x654 build/dma.o
 .debug_info    0x0000259b      0xe82 build/tim.o
 .debug_info    0x0000341d      0x7ce build/syscalls.o
 .debug_info    0x00003beb      0x1e0 build/stm32f0xx_it.o
 .debug_info    0x00003dcb      0x7ec build/stm32f0xx_ll_gpio.o
 .debug_info    0x000045b7      0x813 build/stm32f0xx_ll_adc.o
 .debug_info    0x00004dca      0x996 build/stm32f0xx_ll_rcc.o
 .debug_info    0x00005760      0xc84 build/stm32f0xx_ll_utils.o
 .debug_info    0x000063e4     0x13bd build/stm32f0xx_ll_tim.o
 .debug_info    0x000077a1      0x2c7 build/system_stm32f0xx.o
 .debug_info    0x00007a68      0x839 build/usart.o
 .debug_info    0x000082a1      0x832 build/stm32f0xx_ll_flash.o
 .debug_info    0x00008ad3      0x8e4 build/stm32f0xx_ll_usart.o
 .debug_info    0x000093b7     0x186f build/user.o
 .debug_info    0x0000ac26      0xc49 build/motor.o
 .debug_info    0x0000b86f      0x5b9 build/random_flash_utils.o
 .debug_info    0x0000be28       0x22 build/startup_stm32f042x6.o

.debug_abbrev   0x00000000     0x2bbb
 .debug_abbrev  0x00000000      0x2a1 build/main.o
 .debug_abbrev  0x000002a1      0x122 build/gpio.o
 .debug_abbrev  0x000003c3      0x223 build/adc.o
 .debug_abbrev  0x000005e6      0x1a3 build/dma.o
 .debug_abbrev  0x00000789      0x235 build/tim.o
 .debug_abbrev  0x000009be      0x1fc build/syscalls.o
 .debug_abbrev  0x00000bba       0x7f build/stm32f0xx_it.o
 .debug_abbrev  0x00000c39      0x231 build/stm32f0xx_ll_gpio.o
 .debug_abbrev  0x00000e6a      0x26a build/stm32f0xx_ll_adc.o
 .debug_abbrev  0x000010d4      0x2a6 build/stm32f0xx_ll_rcc.o
 .debug_abbrev  0x0000137a      0x31e build/stm32f0xx_ll_utils.o
 .debug_abbrev  0x00001698      0x2c0 build/stm32f0xx_ll_tim.o
 .debug_abbrev  0x00001958      0x134 build/system_stm32f0xx.o
 .debug_abbrev  0x00001a8c      0x261 build/usart.o
 .debug_abbrev  0x00001ced      0x23a build/stm32f0xx_ll_flash.o
 .debug_abbrev  0x00001f27      0x2f2 build/stm32f0xx_ll_usart.o
 .debug_abbrev  0x00002219      0x485 build/user.o
 .debug_abbrev  0x0000269e      0x294 build/motor.o
 .debug_abbrev  0x00002932      0x277 build/random_flash_utils.o
 .debug_abbrev  0x00002ba9       0x12 build/startup_stm32f042x6.o

.debug_loc      0x00000000     0x4f7a
 .debug_loc     0x00000000      0x26b build/main.o
 .debug_loc     0x0000026b       0x38 build/gpio.o
 .debug_loc     0x000002a3      0x434 build/adc.o
 .debug_loc     0x000006d7       0xba build/dma.o
 .debug_loc     0x00000791      0x293 build/tim.o
 .debug_loc     0x00000a24      0x50d build/syscalls.o
 .debug_loc     0x00000f31      0x3a9 build/stm32f0xx_ll_gpio.o
 .debug_loc     0x000012da      0x348 build/stm32f0xx_ll_adc.o
 .debug_loc     0x00001622      0x4f4 build/stm32f0xx_ll_rcc.o
 .debug_loc     0x00001b16      0x85e build/stm32f0xx_ll_utils.o
 .debug_loc     0x00002374     0x1227 build/stm32f0xx_ll_tim.o
 .debug_loc     0x0000359b      0x188 build/system_stm32f0xx.o
 .debug_loc     0x00003723      0x100 build/usart.o
 .debug_loc     0x00003823      0x3fc build/stm32f0xx_ll_flash.o
 .debug_loc     0x00003c1f      0x4f8 build/stm32f0xx_ll_usart.o
 .debug_loc     0x00004117      0x8fe build/user.o
 .debug_loc     0x00004a15      0x3ee build/motor.o
 .debug_loc     0x00004e03      0x177 build/random_flash_utils.o

.debug_aranges  0x00000000      0x568
 .debug_aranges
                0x00000000       0x38 build/main.o
 .debug_aranges
                0x00000038       0x20 build/gpio.o
 .debug_aranges
                0x00000058       0x20 build/adc.o
 .debug_aranges
                0x00000078       0x20 build/dma.o
 .debug_aranges
                0x00000098       0x28 build/tim.o
 .debug_aranges
                0x000000c0       0x90 build/syscalls.o
 .debug_aranges
                0x00000150       0x60 build/stm32f0xx_it.o
 .debug_aranges
                0x000001b0       0x30 build/stm32f0xx_ll_gpio.o
 .debug_aranges
                0x000001e0       0x48 build/stm32f0xx_ll_adc.o
 .debug_aranges
                0x00000228       0x68 build/stm32f0xx_ll_rcc.o
 .debug_aranges
                0x00000290       0x68 build/stm32f0xx_ll_utils.o
 .debug_aranges
                0x000002f8       0xc0 build/stm32f0xx_ll_tim.o
 .debug_aranges
                0x000003b8       0x28 build/system_stm32f0xx.o
 .debug_aranges
                0x000003e0       0x20 build/usart.o
 .debug_aranges
                0x00000400       0x38 build/stm32f0xx_ll_flash.o
 .debug_aranges
                0x00000438       0x40 build/stm32f0xx_ll_usart.o
 .debug_aranges
                0x00000478       0x40 build/user.o
 .debug_aranges
                0x000004b8       0x40 build/motor.o
 .debug_aranges
                0x000004f8       0x48 build/random_flash_utils.o
 .debug_aranges
                0x00000540       0x28 build/startup_stm32f042x6.o

.debug_ranges   0x00000000      0x5b0
 .debug_ranges  0x00000000       0x28 build/main.o
 .debug_ranges  0x00000028       0x10 build/gpio.o
 .debug_ranges  0x00000038       0x10 build/adc.o
 .debug_ranges  0x00000048       0x10 build/dma.o
 .debug_ranges  0x00000058       0x18 build/tim.o
 .debug_ranges  0x00000070       0x80 build/syscalls.o
 .debug_ranges  0x000000f0       0x50 build/stm32f0xx_it.o
 .debug_ranges  0x00000140       0x68 build/stm32f0xx_ll_gpio.o
 .debug_ranges  0x000001a8       0x38 build/stm32f0xx_ll_adc.o
 .debug_ranges  0x000001e0       0x58 build/stm32f0xx_ll_rcc.o
 .debug_ranges  0x00000238       0x58 build/stm32f0xx_ll_utils.o
 .debug_ranges  0x00000290      0x128 build/stm32f0xx_ll_tim.o
 .debug_ranges  0x000003b8       0x18 build/system_stm32f0xx.o
 .debug_ranges  0x000003d0       0x28 build/usart.o
 .debug_ranges  0x000003f8       0x28 build/stm32f0xx_ll_flash.o
 .debug_ranges  0x00000420       0x90 build/stm32f0xx_ll_usart.o
 .debug_ranges  0x000004b0       0x78 build/user.o
 .debug_ranges  0x00000528       0x30 build/motor.o
 .debug_ranges  0x00000558       0x38 build/random_flash_utils.o
 .debug_ranges  0x00000590       0x20 build/startup_stm32f042x6.o

.debug_line     0x00000000     0x5e65
 .debug_line    0x00000000      0x5ef build/main.o
 .debug_line    0x000005ef      0x1d2 build/gpio.o
 .debug_line    0x000007c1      0x400 build/adc.o
 .debug_line    0x00000bc1      0x26f build/dma.o
 .debug_line    0x00000e30      0x43a build/tim.o
 .debug_line    0x0000126a      0x414 build/syscalls.o
 .debug_line    0x0000167e      0x222 build/stm32f0xx_it.o
 .debug_line    0x000018a0      0x431 build/stm32f0xx_ll_gpio.o
 .debug_line    0x00001cd1      0x45d build/stm32f0xx_ll_adc.o
 .debug_line    0x0000212e      0x6cf build/stm32f0xx_ll_rcc.o
 .debug_line    0x000027fd      0x7bc build/stm32f0xx_ll_utils.o
 .debug_line    0x00002fb9      0xb57 build/stm32f0xx_ll_tim.o
 .debug_line    0x00003b10      0x23d build/system_stm32f0xx.o
 .debug_line    0x00003d4d      0x371 build/usart.o
 .debug_line    0x000040be      0x4a5 build/stm32f0xx_ll_flash.o
 .debug_line    0x00004563      0x4b8 build/stm32f0xx_ll_usart.o
 .debug_line    0x00004a1b      0xb40 build/user.o
 .debug_line    0x0000555b      0x568 build/motor.o
 .debug_line    0x00005ac3      0x319 build/random_flash_utils.o
 .debug_line    0x00005ddc       0x89 build/startup_stm32f042x6.o

.debug_str      0x00000000     0x2bd6
 .debug_str     0x00000000      0x745 build/main.o
                                0x7e5 (size before relaxing)
 .debug_str     0x00000745       0x24 build/gpio.o
                                0x25c (size before relaxing)
 .debug_str     0x00000769      0x3c0 build/adc.o
                                0x6ec (size before relaxing)
 .debug_str     0x00000b29       0x1b build/dma.o
                                0x4c0 (size before relaxing)
 .debug_str     0x00000b44      0x1c7 build/tim.o
                                0x789 (size before relaxing)
 .debug_str     0x00000d0b      0x224 build/syscalls.o
                                0x3df (size before relaxing)
 .debug_str     0x00000f2f       0xb1 build/stm32f0xx_it.o
                                0x266 (size before relaxing)
 .debug_str     0x00000fe0      0x12f build/stm32f0xx_ll_gpio.o
                                0x382 (size before relaxing)
 .debug_str     0x0000110f      0x193 build/stm32f0xx_ll_adc.o
                                0x487 (size before relaxing)
 .debug_str     0x000012a2      0x37d build/stm32f0xx_ll_rcc.o
                                0x61c (size before relaxing)
 .debug_str     0x0000161f      0x259 build/stm32f0xx_ll_utils.o
                                0x630 (size before relaxing)
 .debug_str     0x00001878      0x47f build/stm32f0xx_ll_tim.o
                                0x854 (size before relaxing)
 .debug_str     0x00001cf7       0x4d build/system_stm32f0xx.o
                                0x24d (size before relaxing)
 .debug_str     0x00001d44       0xe7 build/usart.o
                                0x461 (size before relaxing)
 .debug_str     0x00001e2b      0x23a build/stm32f0xx_ll_flash.o
                                0x4ba (size before relaxing)
 .debug_str     0x00002065      0x187 build/stm32f0xx_ll_usart.o
                                0x521 (size before relaxing)
 .debug_str     0x000021ec      0x832 build/user.o
                                0xc32 (size before relaxing)
 .debug_str     0x00002a1e       0x71 build/motor.o
                                0x703 (size before relaxing)
 .debug_str     0x00002a8f      0x123 build/random_flash_utils.o
                                0x4ac (size before relaxing)
 .debug_str     0x00002bb2       0x24 build/startup_stm32f042x6.o
                                 0x53 (size before relaxing)

.comment        0x00000000       0x49
 .comment       0x00000000       0x49 build/main.o
                                 0x4a (size before relaxing)
 .comment       0x00000049       0x4a build/gpio.o
 .comment       0x00000049       0x4a build/adc.o
 .comment       0x00000049       0x4a build/dma.o
 .comment       0x00000049       0x4a build/tim.o
 .comment       0x00000049       0x4a build/syscalls.o
 .comment       0x00000049       0x4a build/stm32f0xx_it.o
 .comment       0x00000049       0x4a build/stm32f0xx_ll_gpio.o
 .comment       0x00000049       0x4a build/stm32f0xx_ll_adc.o
 .comment       0x00000049       0x4a build/stm32f0xx_ll_rcc.o
 .comment       0x00000049       0x4a build/stm32f0xx_ll_utils.o
 .comment       0x00000049       0x4a build/stm32f0xx_ll_tim.o
 .comment       0x00000049       0x4a build/system_stm32f0xx.o
 .comment       0x00000049       0x4a build/usart.o
 .comment       0x00000049       0x4a build/stm32f0xx_ll_flash.o
 .comment       0x00000049       0x4a build/stm32f0xx_ll_usart.o
 .comment       0x00000049       0x4a build/user.o
 .comment       0x00000049       0x4a build/motor.o
 .comment       0x00000049       0x4a build/random_flash_utils.o

.debug_frame    0x00000000     0x19e0
 .debug_frame   0x00000000       0x6c build/main.o
 .debug_frame   0x0000006c       0x24 build/gpio.o
 .debug_frame   0x00000090       0x30 build/adc.o
 .debug_frame   0x000000c0       0x24 build/dma.o
 .debug_frame   0x000000e4       0x54 build/tim.o
 .debug_frame   0x00000138      0x15c build/syscalls.o
 .debug_frame   0x00000294       0xa0 build/stm32f0xx_it.o
 .debug_frame   0x00000334       0x50 build/stm32f0xx_ll_gpio.o
 .debug_frame   0x00000384       0x8c build/stm32f0xx_ll_adc.o
 .debug_frame   0x00000410       0xe8 build/stm32f0xx_ll_rcc.o
 .debug_frame   0x000004f8      0x100 build/stm32f0xx_ll_utils.o
 .debug_frame   0x000005f8      0x1e4 build/stm32f0xx_ll_tim.o
 .debug_frame   0x000007dc       0x38 build/system_stm32f0xx.o
 .debug_frame   0x00000814       0x30 build/usart.o
 .debug_frame   0x00000844       0x78 build/stm32f0xx_ll_flash.o
 .debug_frame   0x000008bc       0x74 build/stm32f0xx_ll_usart.o
 .debug_frame   0x00000930       0x94 build/user.o
 .debug_frame   0x000009c4       0x90 build/motor.o
 .debug_frame   0x00000a54       0x94 build/random_flash_utils.o
 .debug_frame   0x00000ae8       0x20 c:/program files (x86)/gnu arm embedded toolchain/10 2021.10/bin/../lib/gcc/arm-none-eabi/10.3.1/../../../../arm-none-eabi/lib/thumb/v6-m/nofp\libc_nano.a(lib_a-errno.o)
 .debug_frame   0x00000b08       0x2c c:/program files (x86)/gnu arm embedded toolchain/10 2021.10/bin/../lib/gcc/arm-none-eabi/10.3.1/../../../../arm-none-eabi/lib/thumb/v6-m/nofp\libc_nano.a(lib_a-init.o)
 .debug_frame   0x00000b34       0x28 c:/program files (x86)/gnu arm embedded toolchain/10 2021.10/bin/../lib/gcc/arm-none-eabi/10.3.1/../../../../arm-none-eabi/lib/thumb/v6-m/nofp\libc_nano.a(lib_a-memcpy-stub.o)
 .debug_frame   0x00000b5c       0x20 c:/program files (x86)/gnu arm embedded toolchain/10 2021.10/bin/../lib/gcc/arm-none-eabi/10.3.1/../../../../arm-none-eabi/lib/thumb/v6-m/nofp\libc_nano.a(lib_a-memset.o)
 .debug_frame   0x00000b7c       0x50 c:/program files (x86)/gnu arm embedded toolchain/10 2021.10/bin/../lib/gcc/arm-none-eabi/10.3.1/../../../../arm-none-eabi/lib/thumb/v6-m/nofp\libc_nano.a(lib_a-printf.o)
 .debug_frame   0x00000bcc       0x44 c:/program files (x86)/gnu arm embedded toolchain/10 2021.10/bin/../lib/gcc/arm-none-eabi/10.3.1/../../../../arm-none-eabi/lib/thumb/v6-m/nofp\libc_nano.a(lib_a-puts.o)
 .debug_frame   0x00000c10       0x48 c:/program files (x86)/gnu arm embedded toolchain/10 2021.10/bin/../lib/gcc/arm-none-eabi/10.3.1/../../../../arm-none-eabi/lib/thumb/v6-m/nofp\libc_nano.a(lib_a-wbuf.o)
 .debug_frame   0x00000c58       0x2c c:/program files (x86)/gnu arm embedded toolchain/10 2021.10/bin/../lib/gcc/arm-none-eabi/10.3.1/../../../../arm-none-eabi/lib/thumb/v6-m/nofp\libc_nano.a(lib_a-wsetup.o)
 .debug_frame   0x00000c84       0x68 c:/program files (x86)/gnu arm embedded toolchain/10 2021.10/bin/../lib/gcc/arm-none-eabi/10.3.1/../../../../arm-none-eabi/lib/thumb/v6-m/nofp\libc_nano.a(lib_a-fflush.o)
 .debug_frame   0x00000cec      0x170 c:/program files (x86)/gnu arm embedded toolchain/10 2021.10/bin/../lib/gcc/arm-none-eabi/10.3.1/../../../../arm-none-eabi/lib/thumb/v6-m/nofp\libc_nano.a(lib_a-findfp.o)
 .debug_frame   0x00000e5c       0x58 c:/program files (x86)/gnu arm embedded toolchain/10 2021.10/bin/../lib/gcc/arm-none-eabi/10.3.1/../../../../arm-none-eabi/lib/thumb/v6-m/nofp\libc_nano.a(lib_a-fwalk.o)
 .debug_frame   0x00000eb4       0xb0 c:/program files (x86)/gnu arm embedded toolchain/10 2021.10/bin/../lib/gcc/arm-none-eabi/10.3.1/../../../../arm-none-eabi/lib/thumb/v6-m/nofp\libc_nano.a(lib_a-lock.o)
 .debug_frame   0x00000f64       0x54 c:/program files (x86)/gnu arm embedded toolchain/10 2021.10/bin/../lib/gcc/arm-none-eabi/10.3.1/../../../../arm-none-eabi/lib/thumb/v6-m/nofp\libc_nano.a(lib_a-makebuf.o)
 .debug_frame   0x00000fb8       0x2c c:/program files (x86)/gnu arm embedded toolchain/10 2021.10/bin/../lib/gcc/arm-none-eabi/10.3.1/../../../../arm-none-eabi/lib/thumb/v6-m/nofp\libc_nano.a(lib_a-nano-freer.o)
 .debug_frame   0x00000fe4       0x50 c:/program files (x86)/gnu arm embedded toolchain/10 2021.10/bin/../lib/gcc/arm-none-eabi/10.3.1/../../../../arm-none-eabi/lib/thumb/v6-m/nofp\libc_nano.a(lib_a-nano-mallocr.o)
 .debug_frame   0x00001034       0x9c c:/program files (x86)/gnu arm embedded toolchain/10 2021.10/bin/../lib/gcc/arm-none-eabi/10.3.1/../../../../arm-none-eabi/lib/thumb/v6-m/nofp\libc_nano.a(lib_a-nano-vfprintf.o)
 .debug_frame   0x000010d0       0x54 c:/program files (x86)/gnu arm embedded toolchain/10 2021.10/bin/../lib/gcc/arm-none-eabi/10.3.1/../../../../arm-none-eabi/lib/thumb/v6-m/nofp\libc_nano.a(lib_a-nano-vfprintf_i.o)
 .debug_frame   0x00001124       0x2c c:/program files (x86)/gnu arm embedded toolchain/10 2021.10/bin/../lib/gcc/arm-none-eabi/10.3.1/../../../../arm-none-eabi/lib/thumb/v6-m/nofp\libc_nano.a(lib_a-sbrkr.o)
 .debug_frame   0x00001150       0x90 c:/program files (x86)/gnu arm embedded toolchain/10 2021.10/bin/../lib/gcc/arm-none-eabi/10.3.1/../../../../arm-none-eabi/lib/thumb/v6-m/nofp\libc_nano.a(lib_a-stdio.o)
 .debug_frame   0x000011e0       0x2c c:/program files (x86)/gnu arm embedded toolchain/10 2021.10/bin/../lib/gcc/arm-none-eabi/10.3.1/../../../../arm-none-eabi/lib/thumb/v6-m/nofp\libc_nano.a(lib_a-writer.o)
 .debug_frame   0x0000120c       0x2c c:/program files (x86)/gnu arm embedded toolchain/10 2021.10/bin/../lib/gcc/arm-none-eabi/10.3.1/../../../../arm-none-eabi/lib/thumb/v6-m/nofp\libc_nano.a(lib_a-closer.o)
 .debug_frame   0x00001238       0x2c c:/program files (x86)/gnu arm embedded toolchain/10 2021.10/bin/../lib/gcc/arm-none-eabi/10.3.1/../../../../arm-none-eabi/lib/thumb/v6-m/nofp\libc_nano.a(lib_a-fstatr.o)
 .debug_frame   0x00001264       0x2c c:/program files (x86)/gnu arm embedded toolchain/10 2021.10/bin/../lib/gcc/arm-none-eabi/10.3.1/../../../../arm-none-eabi/lib/thumb/v6-m/nofp\libc_nano.a(lib_a-isattyr.o)
 .debug_frame   0x00001290       0x2c c:/program files (x86)/gnu arm embedded toolchain/10 2021.10/bin/../lib/gcc/arm-none-eabi/10.3.1/../../../../arm-none-eabi/lib/thumb/v6-m/nofp\libc_nano.a(lib_a-lseekr.o)
 .debug_frame   0x000012bc       0x20 c:/program files (x86)/gnu arm embedded toolchain/10 2021.10/bin/../lib/gcc/arm-none-eabi/10.3.1/../../../../arm-none-eabi/lib/thumb/v6-m/nofp\libc_nano.a(lib_a-memchr-stub.o)
 .debug_frame   0x000012dc       0x40 c:/program files (x86)/gnu arm embedded toolchain/10 2021.10/bin/../lib/gcc/arm-none-eabi/10.3.1/../../../../arm-none-eabi/lib/thumb/v6-m/nofp\libc_nano.a(lib_a-mlock.o)
 .debug_frame   0x0000131c       0x2c c:/program files (x86)/gnu arm embedded toolchain/10 2021.10/bin/../lib/gcc/arm-none-eabi/10.3.1/../../../../arm-none-eabi/lib/thumb/v6-m/nofp\libc_nano.a(lib_a-readr.o)
 .debug_frame   0x00001348       0x48 c:/program files (x86)/gnu arm embedded toolchain/10 2021.10/bin/../lib/gcc/arm-none-eabi/10.3.1/../../../../arm-none-eabi/lib/thumb/v6-m/nofp\libc_nano.a(lib_a-reent.o)
 .debug_frame   0x00001390       0x20 c:/program files (x86)/gnu arm embedded toolchain/10 2021.10/bin/../lib/gcc/arm-none-eabi/10.3.1/../../../../arm-none-eabi/lib/thumb/v6-m/nofp\libnosys.a(close.o)
 .debug_frame   0x000013b0       0x20 c:/program files (x86)/gnu arm embedded toolchain/10 2021.10/bin/../lib/gcc/arm-none-eabi/10.3.1/../../../../arm-none-eabi/lib/thumb/v6-m/nofp\libnosys.a(fstat.o)
 .debug_frame   0x000013d0       0x20 c:/program files (x86)/gnu arm embedded toolchain/10 2021.10/bin/../lib/gcc/arm-none-eabi/10.3.1/../../../../arm-none-eabi/lib/thumb/v6-m/nofp\libnosys.a(isatty.o)
 .debug_frame   0x000013f0       0x20 c:/program files (x86)/gnu arm embedded toolchain/10 2021.10/bin/../lib/gcc/arm-none-eabi/10.3.1/../../../../arm-none-eabi/lib/thumb/v6-m/nofp\libnosys.a(lseek.o)
 .debug_frame   0x00001410       0x20 c:/program files (x86)/gnu arm embedded toolchain/10 2021.10/bin/../lib/gcc/arm-none-eabi/10.3.1/thumb/v6-m/nofp\libgcc.a(_udivsi3.o)
 .debug_frame   0x00001430       0x2c c:/program files (x86)/gnu arm embedded toolchain/10 2021.10/bin/../lib/gcc/arm-none-eabi/10.3.1/thumb/v6-m/nofp\libgcc.a(eqsf2.o)
 .debug_frame   0x0000145c       0x2c c:/program files (x86)/gnu arm embedded toolchain/10 2021.10/bin/../lib/gcc/arm-none-eabi/10.3.1/thumb/v6-m/nofp\libgcc.a(gesf2.o)
 .debug_frame   0x00001488       0x2c c:/program files (x86)/gnu arm embedded toolchain/10 2021.10/bin/../lib/gcc/arm-none-eabi/10.3.1/thumb/v6-m/nofp\libgcc.a(lesf2.o)
 .debug_frame   0x000014b4       0x38 c:/program files (x86)/gnu arm embedded toolchain/10 2021.10/bin/../lib/gcc/arm-none-eabi/10.3.1/thumb/v6-m/nofp\libgcc.a(mulsf3.o)
 .debug_frame   0x000014ec      0x2b4 c:/program files (x86)/gnu arm embedded toolchain/10 2021.10/bin/../lib/gcc/arm-none-eabi/10.3.1/thumb/v6-m/nofp\libgcc.a(unwind-arm.o)
 .debug_frame   0x000017a0       0xf4 c:/program files (x86)/gnu arm embedded toolchain/10 2021.10/bin/../lib/gcc/arm-none-eabi/10.3.1/thumb/v6-m/nofp\libgcc.a(pr-support.o)
 .debug_frame   0x00001894       0x28 c:/program files (x86)/gnu arm embedded toolchain/10 2021.10/bin/../lib/gcc/arm-none-eabi/10.3.1/../../../../arm-none-eabi/lib/thumb/v6-m/nofp\libc_nano.a(lib_a-abort.o)
 .debug_frame   0x000018bc       0xe0 c:/program files (x86)/gnu arm embedded toolchain/10 2021.10/bin/../lib/gcc/arm-none-eabi/10.3.1/../../../../arm-none-eabi/lib/thumb/v6-m/nofp\libc_nano.a(lib_a-signal.o)
 .debug_frame   0x0000199c       0x44 c:/program files (x86)/gnu arm embedded toolchain/10 2021.10/bin/../lib/gcc/arm-none-eabi/10.3.1/../../../../arm-none-eabi/lib/thumb/v6-m/nofp\libc_nano.a(lib_a-signalr.o)

.stab           0x00000000       0x6c
 .stab          0x00000000       0x24 c:/program files (x86)/gnu arm embedded toolchain/10 2021.10/bin/../lib/gcc/arm-none-eabi/10.3.1/../../../../arm-none-eabi/lib/thumb/v6-m/nofp\libnosys.a(close.o)
 .stab          0x00000024       0x18 c:/program files (x86)/gnu arm embedded toolchain/10 2021.10/bin/../lib/gcc/arm-none-eabi/10.3.1/../../../../arm-none-eabi/lib/thumb/v6-m/nofp\libnosys.a(fstat.o)
                                 0x24 (size before relaxing)
 .stab          0x0000003c       0x18 c:/program files (x86)/gnu arm embedded toolchain/10 2021.10/bin/../lib/gcc/arm-none-eabi/10.3.1/../../../../arm-none-eabi/lib/thumb/v6-m/nofp\libnosys.a(isatty.o)
                                 0x24 (size before relaxing)
 .stab          0x00000054       0x18 c:/program files (x86)/gnu arm embedded toolchain/10 2021.10/bin/../lib/gcc/arm-none-eabi/10.3.1/../../../../arm-none-eabi/lib/thumb/v6-m/nofp\libnosys.a(lseek.o)
                                 0x24 (size before relaxing)

.stabstr        0x00000000       0xe3
 .stabstr       0x00000000       0xe3 c:/program files (x86)/gnu arm embedded toolchain/10 2021.10/bin/../lib/gcc/arm-none-eabi/10.3.1/../../../../arm-none-eabi/lib/thumb/v6-m/nofp\libnosys.a(close.o)

Cross Reference Table

Symbol                                            File
ADC1_IRQHandler                                   build/startup_stm32f042x6.o
AHBPrescTable                                     build/system_stm32f0xx.o
                                                  build/stm32f0xx_ll_utils.o
                                                  build/stm32f0xx_ll_rcc.o
APBPrescTable                                     build/system_stm32f0xx.o
                                                  build/stm32f0xx_ll_rcc.o
CEC_CAN_IRQHandler                                build/startup_stm32f042x6.o
DMA1_Channel1_IRQHandler                          build/stm32f0xx_it.o
DMA1_Channel2_3_IRQHandler                        build/stm32f0xx_it.o
DMA1_Channel4_5_IRQHandler                        build/startup_stm32f042x6.o
Default_Handler                                   build/startup_stm32f042x6.o
EXTI0_1_IRQHandler                                build/startup_stm32f042x6.o
EXTI2_3_IRQHandler                                build/startup_stm32f042x6.o
EXTI4_15_IRQHandler                               build/startup_stm32f042x6.o
Error_Handler                                     build/main.o
FLASH_IRQHandler                                  build/startup_stm32f042x6.o
HardFault_Handler                                 build/stm32f0xx_it.o
I2C1_IRQHandler                                   build/stm32f0xx_it.o
I2C_SlaveDMARxCpltCallback                        build/user.o
LL_ADC_CommonDeInit                               build/stm32f0xx_ll_adc.o
LL_ADC_DeInit                                     build/stm32f0xx_ll_adc.o
LL_ADC_Init                                       build/stm32f0xx_ll_adc.o
                                                  build/adc.o
LL_ADC_REG_Init                                   build/stm32f0xx_ll_adc.o
                                                  build/adc.o
LL_ADC_REG_StructInit                             build/stm32f0xx_ll_adc.o
LL_ADC_StructInit                                 build/stm32f0xx_ll_adc.o
LL_DMA_DeInit                                     build/stm32f0xx_ll_dma.o
LL_DMA_Init                                       build/stm32f0xx_ll_dma.o
LL_DMA_StructInit                                 build/stm32f0xx_ll_dma.o
LL_EXTI_DeInit                                    build/stm32f0xx_ll_exti.o
LL_EXTI_Init                                      build/stm32f0xx_ll_exti.o
LL_EXTI_StructInit                                build/stm32f0xx_ll_exti.o
LL_FLASH_Program                                  build/stm32f0xx_ll_flash.o
                                                  build/random_flash_utils.o
LL_Flash_PageErase                                build/stm32f0xx_ll_flash.o
                                                  build/random_flash_utils.o
LL_Flash_Unlock                                   build/stm32f0xx_ll_flash.o
                                                  build/random_flash_utils.o
LL_GPIO_DeInit                                    build/stm32f0xx_ll_gpio.o
LL_GPIO_Init                                      build/stm32f0xx_ll_gpio.o
                                                  build/usart.o
                                                  build/i2c.o
                                                  build/tim.o
                                                  build/adc.o
LL_GPIO_StructInit                                build/stm32f0xx_ll_gpio.o
LL_I2C_DeInit                                     build/stm32f0xx_ll_i2c.o
LL_I2C_Init                                       build/stm32f0xx_ll_i2c.o
                                                  build/i2c.o
LL_I2C_StructInit                                 build/stm32f0xx_ll_i2c.o
LL_Init1msTick                                    build/stm32f0xx_ll_utils.o
                                                  build/main.o
LL_PLL_ConfigSystemClock_HSE                      build/stm32f0xx_ll_utils.o
LL_PLL_ConfigSystemClock_HSI                      build/stm32f0xx_ll_utils.o
LL_PLL_ConfigSystemClock_HSI48                    build/stm32f0xx_ll_utils.o
LL_PWR_DeInit                                     build/stm32f0xx_ll_pwr.o
LL_RCC_DeInit                                     build/stm32f0xx_ll_rcc.o
LL_RCC_GetCECClockFreq                            build/stm32f0xx_ll_rcc.o
LL_RCC_GetI2CClockFreq                            build/stm32f0xx_ll_rcc.o
LL_RCC_GetSystemClocksFreq                        build/stm32f0xx_ll_rcc.o
                                                  build/stm32f0xx_ll_usart.o
LL_RCC_GetUSARTClockFreq                          build/stm32f0xx_ll_rcc.o
                                                  build/stm32f0xx_ll_usart.o
LL_RCC_GetUSBClockFreq                            build/stm32f0xx_ll_rcc.o
LL_SetFlashLatency                                build/stm32f0xx_ll_utils.o
LL_SetSystemCoreClock                             build/stm32f0xx_ll_utils.o
                                                  build/main.o
LL_TIM_BDTR_Init                                  build/stm32f0xx_ll_tim.o
LL_TIM_BDTR_StructInit                            build/stm32f0xx_ll_tim.o
LL_TIM_DeInit                                     build/stm32f0xx_ll_tim.o
LL_TIM_ENCODER_Init                               build/stm32f0xx_ll_tim.o
LL_TIM_ENCODER_StructInit                         build/stm32f0xx_ll_tim.o
LL_TIM_HALLSENSOR_Init                            build/stm32f0xx_ll_tim.o
LL_TIM_HALLSENSOR_StructInit                      build/stm32f0xx_ll_tim.o
LL_TIM_IC_Init                                    build/stm32f0xx_ll_tim.o
LL_TIM_IC_StructInit                              build/stm32f0xx_ll_tim.o
LL_TIM_Init                                       build/stm32f0xx_ll_tim.o
                                                  build/tim.o
LL_TIM_OC_Init                                    build/stm32f0xx_ll_tim.o
                                                  build/tim.o
LL_TIM_OC_StructInit                              build/stm32f0xx_ll_tim.o
LL_TIM_StructInit                                 build/stm32f0xx_ll_tim.o
LL_USART_ClockInit                                build/stm32f0xx_ll_usart.o
LL_USART_ClockStructInit                          build/stm32f0xx_ll_usart.o
LL_USART_DeInit                                   build/stm32f0xx_ll_usart.o
LL_USART_Init                                     build/stm32f0xx_ll_usart.o
                                                  build/usart.o
LL_USART_StructInit                               build/stm32f0xx_ll_usart.o
LL_mDelay                                         build/stm32f0xx_ll_utils.o
MX_ADC_Init                                       build/adc.o
                                                  build/main.o
MX_DMA_Init                                       build/dma.o
                                                  build/main.o
MX_GPIO_Init                                      build/gpio.o
                                                  build/main.o
MX_TIM14_Init                                     build/tim.o
                                                  build/main.o
MX_TIM3_Init                                      build/tim.o
                                                  build/main.o
MX_USART2_UART_Init                               build/usart.o
                                                  build/main.o
MY_I2C1_Init                                      build/i2c.o
Main                                              build/user.o
                                                  build/main.o
Motor::CalcDceOutput(float, float)                build/motor.o
                                                  build/user.o
Motor::SetEnable(bool)                            build/motor.o
                                                  build/user.o
Motor::SetPwm(short)                              build/motor.o
                                                  build/user.o
Motor::SetTorqueLimit(float)                      build/motor.o
                                                  build/user.o
Motor::UpdateVelocity()                           build/motor.o
NMI_Handler                                       build/stm32f0xx_it.o
PVD_VDDIO2_IRQHandler                             build/startup_stm32f042x6.o
PendSV_Handler                                    build/stm32f0xx_it.o
RCC_CRS_IRQHandler                                build/startup_stm32f042x6.o
RCC_GetHCLKClockFreq                              build/stm32f0xx_ll_rcc.o
RCC_GetPCLK1ClockFreq                             build/stm32f0xx_ll_rcc.o
RCC_GetSystemClockFreq                            build/stm32f0xx_ll_rcc.o
RCC_PLL_GetFreqDomain_SYS                         build/stm32f0xx_ll_rcc.o
RTC_IRQHandler                                    build/startup_stm32f042x6.o
Reset_Handler                                     build/startup_stm32f042x6.o
SPI1_IRQHandler                                   build/startup_stm32f042x6.o
SPI2_IRQHandler                                   build/startup_stm32f042x6.o
SVC_Handler                                       build/stm32f0xx_it.o
Set_ID                                            build/i2c.o
                                                  build/user.o
Slave_Transmit                                    build/i2c.o
                                                  build/user.o
SysTick_Handler                                   build/stm32f0xx_it.o
SystemClock_Config                                build/main.o
SystemCoreClock                                   build/system_stm32f0xx.o
                                                  build/stm32f0xx_ll_utils.o
SystemCoreClockUpdate                             build/system_stm32f0xx.o
SystemInit                                        build/system_stm32f0xx.o
                                                  build/startup_stm32f042x6.o
TIM14_IRQHandler                                  build/stm32f0xx_it.o
TIM14_PeriodElapsedCallback()                     build/user.o
TIM16_IRQHandler                                  build/startup_stm32f042x6.o
TIM17_IRQHandler                                  build/startup_stm32f042x6.o
TIM1_BRK_UP_TRG_COM_IRQHandler                    build/startup_stm32f042x6.o
TIM1_CC_IRQHandler                                build/startup_stm32f042x6.o
TIM2_IRQHandler                                   build/startup_stm32f042x6.o
TIM3_IRQHandler                                   build/startup_stm32f042x6.o
TSC_IRQHandler                                    build/startup_stm32f042x6.o
USART1_IRQHandler                                 build/startup_stm32f042x6.o
USART2_IRQHandler                                 build/startup_stm32f042x6.o
USB_IRQHandler                                    build/startup_stm32f042x6.o
WWDG_IRQHandler                                   build/startup_stm32f042x6.o
_Unwind_Backtrace                                 c:/program files (x86)/gnu arm embedded toolchain/10 2021.10/bin/../lib/gcc/arm-none-eabi/10.3.1/thumb/v6-m/nofp\libgcc.a(libunwind.o)
_Unwind_Complete                                  c:/program files (x86)/gnu arm embedded toolchain/10 2021.10/bin/../lib/gcc/arm-none-eabi/10.3.1/thumb/v6-m/nofp\libgcc.a(unwind-arm.o)
_Unwind_DeleteException                           c:/program files (x86)/gnu arm embedded toolchain/10 2021.10/bin/../lib/gcc/arm-none-eabi/10.3.1/thumb/v6-m/nofp\libgcc.a(unwind-arm.o)
_Unwind_ForcedUnwind                              c:/program files (x86)/gnu arm embedded toolchain/10 2021.10/bin/../lib/gcc/arm-none-eabi/10.3.1/thumb/v6-m/nofp\libgcc.a(libunwind.o)